PRE-RELEASE DEPENDENCIES	Run test suite	∩╗┐2026-10-02T14:05:00.8903746Z ##[group]Run coverage run -m pytest -v --color=yes
PRE-RELEASE DEPENDENCIES	Run test suite	2026-10-02T14:05:00.8904154Z [36;1mcoverage run -m pytest -v --color=yes[0m
PRE-RELEASE DEPENDENCIES	Run test suite	2026-10-02T14:05:00.8967025Z shell: /usr/bin/bash -e {0}
PRE-RELEASE DEPENDENCIES	Run test suite	2026-10-02T14:05:00.8967272Z env:
PRE-RELEASE DEPENDENCIES	Run test suite	2026-10-02T14:05:00.8967460Z   OS: ubuntu-latest
PRE-RELEASE DEPENDENCIES	Run test suite	2026-10-02T14:05:00.8967672Z   PYTHON: 3.12
PRE-RELEASE DEPENDENCIES	Run test suite	2026-10-02T14:05:00.8967876Z   PYTHONUTF8: 1
PRE-RELEASE DEPENDENCIES	Run test suite	2026-10-02T14:05:00.8968090Z   PYTORCH_ENABLE_MPS_FALLBACK: 1
PRE-RELEASE DEPENDENCIES	Run test suite	2026-10-02T14:05:00.8968331Z   MPLBACKEND: agg
PRE-RELEASE DEPENDENCIES	Run test suite	2026-10-02T14:05:00.8968603Z   pythonLocation: /opt/hostedtoolcache/Python/3.12.14/x64
PRE-RELEASE DEPENDENCIES	Run test suite	2026-10-02T14:05:00.8969034Z   PKG_CONFIG_PATH: /opt/hostedtoolcache/Python/3.12.14/x64/lib/pkgconfig
PRE-RELEASE DEPENDENCIES	Run test suite	2026-10-02T14:05:00.8969690Z   Python_ROOT_DIR: /opt/hostedtoolcache/Python/3.12.14/x64
PRE-RELEASE DEPENDENCIES	Run test suite	2026-10-02T14:05:00.8970267Z   Python2_ROOT_DIR: /opt/hostedtoolcache/Python/3.12.14/x64
PRE-RELEASE DEPENDENCIES	Run test suite	2026-10-02T14:05:00.8970646Z   Python3_ROOT_DIR: /opt/hostedtoolcache/Python/3.12.14/x64
PRE-RELEASE DEPENDENCIES	Run test suite	2026-10-02T14:05:00.8971052Z   LD_LIBRARY_PATH: /opt/hostedtoolcache/Python/3.12.14/x64/lib
PRE-RELEASE DEPENDENCIES	Run test suite	2026-10-02T14:05:00.8971409Z ##[endgroup]
PRE-RELEASE DEPENDENCIES	Run test suite	2026-10-02T14:05:02.7854443Z [1m============================= test session starts ==============================[0m
PRE-RELEASE DEPENDENCIES	Run test suite	2026-10-02T14:05:02.7855630Z platform linux -- Python 3.12.14, pytest-9.1.1, pluggy-1.6.0 -- /opt/hostedtoolcache/Python/3.12.14/x64/bin/python
PRE-RELEASE DEPENDENCIES	Run test suite	2026-10-02T14:05:02.7856565Z cachedir: .pytest_cache
PRE-RELEASE DEPENDENCIES	Run test suite	2026-10-02T14:05:02.7857008Z rootdir: /home/runner/work/embpy/embpy
PRE-RELEASE DEPENDENCIES	Run test suite	2026-10-02T14:05:02.7857513Z configfile: pyproject.toml
PRE-RELEASE DEPENDENCIES	Run test suite	2026-10-02T14:05:02.7857928Z testpaths: tests
PRE-RELEASE DEPENDENCIES	Run test suite	2026-10-02T14:05:02.7858383Z plugins: platformdirs-4.12.2, zarr-3.4.0, mock-3.16.0
PRE-RELEASE DEPENDENCIES	Run test suite	2026-10-02T14:05:20.9125758Z [1mcollecting ... [0mcollected 1492 items / 3 skipped
PRE-RELEASE DEPENDENCIES	Run test suite	2026-10-02T14:05:20.9126279Z 
PRE-RELEASE DEPENDENCIES	Run test suite	2026-10-02T14:05:20.9282873Z tests/embpy/io/test_bioembedder_embed_standardized.py::test_embed_list_of_genes_to_table_uses_canonical_ids [32mPASSED[0m[32m [  0%][0m
PRE-RELEASE DEPENDENCIES	Run test suite	2026-10-02T14:05:20.9383167Z tests/embpy/io/test_bioembedder_embed_standardized.py::test_embed_list_of_genes_to_payload_includes_canonical_ids_and_model [32mPASSED[0m[32m [  0%][0m
PRE-RELEASE DEPENDENCIES	Run test suite	2026-10-02T14:05:20.9492341Z tests/embpy/io/test_bioembedder_embed_standardized.py::test_embed_list_of_genes_attach_to_uns [32mPASSED[0m[32m [  0%][0m
PRE-RELEASE DEPENDENCIES	Run test suite	2026-10-02T14:05:20.9653377Z tests/embpy/io/test_bioembedder_embed_standardized.py::test_embed_multi_model_to_anndata [32mPASSED[0m[32m [  0%][0m
PRE-RELEASE DEPENDENCIES	Run test suite	2026-10-02T14:05:20.9758721Z tests/embpy/io/test_bioembedder_embed_standardized.py::test_embed_gene_perturbations_to_anndata_obsm [32mPASSED[0m[33m [  0%][0m
PRE-RELEASE DEPENDENCIES	Run test suite	2026-10-02T14:05:20.9881378Z tests/embpy/io/test_bioembedder_embed_standardized.py::test_embed_gene_perturbations_align_to_symbol_obs_names [32mPASSED[0m[33m [  0%][0m
PRE-RELEASE DEPENDENCIES	Run test suite	2026-10-02T14:05:20.9961135Z tests/embpy/io/test_bioembedder_embed_standardized.py::test_embed_whole_genome_uses_ensembl_ids_and_prefetched_sequences [32mPASSED[0m[33m [  0%][0m
PRE-RELEASE DEPENDENCIES	Run test suite	2026-10-02T14:05:21.0064897Z tests/embpy/io/test_bioembedder_embed_standardized.py::test_embed_static_hf_gene_embeddings_to_table [32mPASSED[0m[33m [  0%][0m
PRE-RELEASE DEPENDENCIES	Run test suite	2026-10-02T14:05:21.0163885Z tests/embpy/io/test_bioembedder_embed_standardized.py::test_embed_static_hf_warns_and_drops_missing_genes [32mPASSED[0m[33m [  0%][0m
PRE-RELEASE DEPENDENCIES	Run test suite	2026-10-02T14:05:21.0268046Z tests/embpy/io/test_bioembedder_embed_standardized.py::test_embed_static_hf_gene_perturbations_to_obsm [32mPASSED[0m[33m [  0%][0m
PRE-RELEASE DEPENDENCIES	Run test suite	2026-10-02T14:05:21.0323649Z tests/embpy/io/test_bioembedder_output_contract.py::test_anndata_standalone_when_no_target [32mPASSED[0m[33m [  0%][0m
PRE-RELEASE DEPENDENCIES	Run test suite	2026-10-02T14:05:21.0375254Z tests/embpy/io/test_bioembedder_output_contract.py::test_anndata_attach_when_target_given [32mPASSED[0m[33m [  0%][0m
PRE-RELEASE DEPENDENCIES	Run test suite	2026-10-02T14:05:21.0409141Z tests/embpy/io/test_bioembedder_output_contract.py::test_table_output_returns_dataframe [32mPASSED[0m[33m [  0%][0m
PRE-RELEASE DEPENDENCIES	Run test suite	2026-10-02T14:05:21.0440589Z tests/embpy/io/test_bioembedder_output_contract.py::test_payload_output_returns_entity_aligned_metadata [32mPASSED[0m[33m [  0%][0m
PRE-RELEASE DEPENDENCIES	Run test suite	2026-10-02T14:05:21.0496809Z tests/embpy/io/test_bioembedder_output_contract.py::test_table_ignores_target_with_warning [32mPASSED[0m[33m [  1%][0m
PRE-RELEASE DEPENDENCIES	Run test suite	2026-10-02T14:05:21.0723433Z tests/embpy/io/test_bioembedder_output_contract.py::test_harmonize_dim_applied_before_export [32mPASSED[0m[33m [  1%][0m
PRE-RELEASE DEPENDENCIES	Run test suite	2026-10-02T14:05:21.0774583Z tests/embpy/io/test_bioembedder_output_contract.py::test_bad_output_raises [32mPASSED[0m[33m [  1%][0m
PRE-RELEASE DEPENDENCIES	Run test suite	2026-10-02T14:05:21.0838132Z tests/embpy/io/test_bioembedder_output_contract.py::test_table_written_to_path [32mPASSED[0m[33m [  1%][0m
PRE-RELEASE DEPENDENCIES	Run test suite	2026-10-02T14:05:22.4978473Z tests/embpy/io/test_bioembedder_output_contract.py::test_bioembedder_embed_supports_perturbation_morphology_payload [32mPASSED[0m[33m [  1%][0m
PRE-RELEASE DEPENDENCIES	Run test suite	2026-10-02T14:05:22.5007588Z tests/embpy/io/test_embedding_result.py::test_valid_construction_and_shapes [32mPASSED[0m[33m [  1%][0m
PRE-RELEASE DEPENDENCIES	Run test suite	2026-10-02T14:05:22.5037072Z tests/embpy/io/test_embedding_result.py::test_matrix_coerced_to_float32 [32mPASSED[0m[33m [  1%][0m
PRE-RELEASE DEPENDENCIES	Run test suite	2026-10-02T14:05:22.5074533Z tests/embpy/io/test_embedding_result.py::test_duplicate_ids_raise_naming_the_duplicate [32mPASSED[0m[33m [  1%][0m
PRE-RELEASE DEPENDENCIES	Run test suite	2026-10-02T14:05:22.5116597Z tests/embpy/io/test_embedding_result.py::test_length_mismatch_raises [32mPASSED[0m[33m [  1%][0m
PRE-RELEASE DEPENDENCIES	Run test suite	2026-10-02T14:05:22.5151046Z tests/embpy/io/test_embedding_result.py::test_non_2d_matrix_raises [32mPASSED[0m[33m [  1%][0m
PRE-RELEASE DEPENDENCIES	Run test suite	2026-10-02T14:05:22.5190341Z tests/embpy/io/test_embedding_result.py::test_nan_raises_naming_row [32mPASSED[0m[33m [  1%][0m
PRE-RELEASE DEPENDENCIES	Run test suite	2026-10-02T14:05:22.5224165Z tests/embpy/io/test_embedding_result.py::test_inf_raises [32mPASSED[0m[33m          [  1%][0m
PRE-RELEASE DEPENDENCIES	Run test suite	2026-10-02T14:05:22.5262201Z tests/embpy/io/test_embedding_result.py::test_alias_key_not_in_ids_raises [32mPASSED[0m[33m [  1%][0m
PRE-RELEASE DEPENDENCIES	Run test suite	2026-10-02T14:05:22.5291990Z tests/embpy/io/test_embedding_result.py::test_frozen_immutability [32mPASSED[0m[33m [  1%][0m
PRE-RELEASE DEPENDENCIES	Run test suite	2026-10-02T14:05:22.5357111Z tests/embpy/io/test_embedding_result.py::test_provenance_create_autofills [32mPASSED[0m[33m [  1%][0m
PRE-RELEASE DEPENDENCIES	Run test suite	2026-10-02T14:05:22.5416877Z tests/embpy/io/test_harmonize.py::test_two_widths_become_same_width [32mPASSED[0m[33m [  2%][0m
PRE-RELEASE DEPENDENCIES	Run test suite	2026-10-02T14:05:22.5459064Z tests/embpy/io/test_harmonize.py::test_provenance_records_variance_and_components [32mPASSED[0m[33m [  2%][0m
PRE-RELEASE DEPENDENCIES	Run test suite	2026-10-02T14:05:22.5498877Z tests/embpy/io/test_harmonize.py::test_ids_and_aliases_carried_over [32mPASSED[0m[33m [  2%][0m
PRE-RELEASE DEPENDENCIES	Run test suite	2026-10-02T14:05:22.5554811Z tests/embpy/io/test_harmonize.py::test_determinism [32mPASSED[0m[33m                [  2%][0m
PRE-RELEASE DEPENDENCIES	Run test suite	2026-10-02T14:05:22.5589609Z tests/embpy/io/test_input_normalize.py::test_list_numpy_series_inputs [32mPASSED[0m[33m [  2%][0m
PRE-RELEASE DEPENDENCIES	Run test suite	2026-10-02T14:05:22.5652341Z tests/embpy/io/test_input_normalize.py::test_dataframe_requires_identifier_column_when_ambiguous [32mPASSED[0m[33m [  2%][0m
PRE-RELEASE DEPENDENCIES	Run test suite	2026-10-02T14:05:22.6032431Z tests/embpy/io/test_input_normalize.py::test_file_paths_csv_tsv_parquet [32mPASSED[0m[33m [  2%][0m
PRE-RELEASE DEPENDENCIES	Run test suite	2026-10-02T14:05:22.6106820Z tests/embpy/io/test_input_normalize.py::test_invalid_path_and_suffix_errors [32mPASSED[0m[33m [  2%][0m
PRE-RELEASE DEPENDENCIES	Run test suite	2026-10-02T14:05:22.6158446Z tests/embpy/io/test_input_normalize.py::test_invalid_numpy_shape_and_dtype_errors [32mPASSED[0m[33m [  2%][0m
PRE-RELEASE DEPENDENCIES	Run test suite	2026-10-02T14:05:22.6220239Z tests/embpy/io/test_input_normalize.py::test_anndata_sources [32mPASSED[0m[33m      [  2%][0m
PRE-RELEASE DEPENDENCIES	Run test suite	2026-10-02T14:05:22.6243353Z tests/embpy/io/test_legacy_loader.py::test_genept_unnamed_ensembl_index [33mSKIPPED[0m[33m [  2%][0m
PRE-RELEASE DEPENDENCIES	Run test suite	2026-10-02T14:05:22.6265175Z tests/embpy/io/test_legacy_loader.py::test_molformer_unnamed_smiles_index [33mSKIPPED[0m[33m [  2%][0m
PRE-RELEASE DEPENDENCIES	Run test suite	2026-10-02T14:05:22.6286429Z tests/embpy/io/test_legacy_loader.py::test_morgan_smiles_column_detected [33mSKIPPED[0m[33m [  2%][0m
PRE-RELEASE DEPENDENCIES	Run test suite	2026-10-02T14:05:22.6307854Z tests/embpy/io/test_legacy_loader.py::test_rdkit_canonical_smiles_id_with_name_alias [33mSKIPPED[0m[33m [  2%][0m
PRE-RELEASE DEPENDENCIES	Run test suite	2026-10-02T14:05:22.6444829Z tests/embpy/io/test_legacy_loader.py::test_npz_ids_embeddings_layout [32mPASSED[0m[33m [  2%][0m
PRE-RELEASE DEPENDENCIES	Run test suite	2026-10-02T14:05:22.6497588Z tests/embpy/io/test_legacy_loader.py::test_unknown_entity_type_raises [32mPASSED[0m[33m [  3%][0m
PRE-RELEASE DEPENDENCIES	Run test suite	2026-10-02T14:05:22.6567126Z tests/embpy/io/test_multi_output.py::test_multi_table_returns_keyed_frames_and_rejects_single_file [32mPASSED[0m[33m [  3%][0m
PRE-RELEASE DEPENDENCIES	Run test suite	2026-10-02T14:05:22.6631917Z tests/embpy/io/test_multi_output.py::test_multi_table_writes_directory [32mPASSED[0m[33m [  3%][0m
PRE-RELEASE DEPENDENCIES	Run test suite	2026-10-02T14:05:22.6687015Z tests/embpy/io/test_multi_output.py::test_multi_anndata_standalone_stores_each_key_outside_x [32mPASSED[0m[33m [  3%][0m
PRE-RELEASE DEPENDENCIES	Run test suite	2026-10-02T14:05:22.7729283Z tests/embpy/io/test_to_anndata_attach.py::test_obs_aligned_goes_to_obsm [31mFAILED[0m[31m [  3%][0m
PRE-RELEASE DEPENDENCIES	Run test suite	2026-10-02T14:05:22.7779920Z tests/embpy/io/test_to_anndata_attach.py::test_var_aligned_goes_to_varm [32mPASSED[0m[31m [  3%][0m
PRE-RELEASE DEPENDENCIES	Run test suite	2026-10-02T14:05:22.7907102Z tests/embpy/io/test_to_anndata_attach.py::test_no_overlap_raises_with_counts [31mFAILED[0m[31m [  3%][0m
PRE-RELEASE DEPENDENCIES	Run test suite	2026-10-02T14:05:22.8024588Z tests/embpy/io/test_to_anndata_attach.py::test_both_axes_match_is_ambiguous_then_override [31mFAILED[0m[31m [  3%][0m
PRE-RELEASE DEPENDENCIES	Run test suite	2026-10-02T14:05:22.8280052Z tests/embpy/io/test_to_anndata_attach.py::test_missing_error_vs_nan [31mFAILED[0m[31m [  3%][0m
PRE-RELEASE DEPENDENCIES	Run test suite	2026-10-02T14:05:22.8768001Z tests/embpy/io/test_to_anndata_attach.py::test_custom_key [31mFAILED[0m[31m         [  3%][0m
PRE-RELEASE DEPENDENCIES	Run test suite	2026-10-02T14:05:22.8815408Z tests/embpy/io/test_to_anndata_attach.py::test_attach_to_uns_stores_entity_aligned_payload [32mPASSED[0m[31m [  3%][0m
PRE-RELEASE DEPENDENCIES	Run test suite	2026-10-02T14:05:22.8877316Z tests/embpy/io/test_to_anndata_attach.py::test_materialize_perturbation_obsm_from_uns_aliases [32mPASSED[0m[31m [  3%][0m
PRE-RELEASE DEPENDENCIES	Run test suite	2026-10-02T14:05:22.8937934Z tests/embpy/io/test_to_anndata_attach.py::test_materialize_perturbation_obsm_reads_legacy_embpy_namespace [32mPASSED[0m[31m [  3%][0m
PRE-RELEASE DEPENDENCIES	Run test suite	2026-10-02T14:05:22.8992669Z tests/embpy/io/test_to_anndata_standalone.py::test_gene_entities_are_vars_and_x_is_placeholder [32mPASSED[0m[31m [  3%][0m
PRE-RELEASE DEPENDENCIES	Run test suite	2026-10-02T14:05:22.9042497Z tests/embpy/io/test_to_anndata_standalone.py::test_uns_carries_provenance_and_scheme [32mPASSED[0m[31m [  3%][0m
PRE-RELEASE DEPENDENCIES	Run test suite	2026-10-02T14:05:22.9099806Z tests/embpy/io/test_to_anndata_standalone.py::test_gene_aliases_go_into_var_not_index [32mPASSED[0m[31m [  4%][0m
PRE-RELEASE DEPENDENCIES	Run test suite	2026-10-02T14:05:22.9151868Z tests/embpy/io/test_to_anndata_standalone.py::test_custom_key_standalone [32mPASSED[0m[31m [  4%][0m
PRE-RELEASE DEPENDENCIES	Run test suite	2026-10-02T14:05:22.9185270Z tests/embpy/io/test_to_table.py::test_index_name_and_dim_columns [32mPASSED[0m[31m  [  4%][0m
PRE-RELEASE DEPENDENCIES	Run test suite	2026-10-02T14:05:22.9227986Z tests/embpy/io/test_to_table.py::test_alias_columns_precede_dims_and_carry_values [32mPASSED[0m[31m [  4%][0m
PRE-RELEASE DEPENDENCIES	Run test suite	2026-10-02T14:05:22.9290211Z tests/embpy/io/test_to_table.py::test_npz_roundtrip_with_sidecar [32mPASSED[0m[31m  [  4%][0m
PRE-RELEASE DEPENDENCIES	Run test suite	2026-10-02T14:05:22.9606015Z tests/embpy/io/test_to_table.py::test_zarr_roundtrip [32mPASSED[0m[31m              [  4%][0m
PRE-RELEASE DEPENDENCIES	Run test suite	2026-10-02T14:05:22.9675591Z tests/embpy/io/test_to_table.py::test_csv_roundtrip [32mPASSED[0m[31m               [  4%][0m
PRE-RELEASE DEPENDENCIES	Run test suite	2026-10-02T14:05:22.9713091Z tests/embpy/io/test_to_table.py::test_bad_fmt_raises [32mPASSED[0m[31m              [  4%][0m
PRE-RELEASE DEPENDENCIES	Run test suite	2026-10-02T14:05:22.9745742Z tests/embpy/models/test_alphagenome_models.py::TestAlphaGenomeWrapperInit::test_init_defaults [32mPASSED[0m[31m [  4%][0m
PRE-RELEASE DEPENDENCIES	Run test suite	2026-10-02T14:05:22.9774062Z tests/embpy/models/test_alphagenome_models.py::TestAlphaGenomeWrapperInit::test_init_mouse_organism [32mPASSED[0m[31m [  4%][0m
PRE-RELEASE DEPENDENCIES	Run test suite	2026-10-02T14:05:22.9810247Z tests/embpy/models/test_alphagenome_models.py::TestAlphaGenomeWrapperInit::test_init_invalid_organism_raises [32mPASSED[0m[31m [  4%][0m
PRE-RELEASE DEPENDENCIES	Run test suite	2026-10-02T14:05:22.9838712Z tests/embpy/models/test_alphagenome_models.py::TestAlphaGenomeWrapperInit::test_init_custom_context_window [32mPASSED[0m[31m [  4%][0m
PRE-RELEASE DEPENDENCIES	Run test suite	2026-10-02T14:05:22.9875074Z tests/embpy/models/test_alphagenome_models.py::TestAlphaGenomeWrapperLoad::test_load_without_package_raises [32mPASSED[0m[31m [  4%][0m
PRE-RELEASE DEPENDENCIES	Run test suite	2026-10-02T14:05:22.9921104Z tests/embpy/models/test_alphagenome_models.py::TestAlphaGenomeWrapperLoad::test_load_without_api_key_raises [32mPASSED[0m[31m [  4%][0m
PRE-RELEASE DEPENDENCIES	Run test suite	2026-10-02T14:05:22.9959844Z tests/embpy/models/test_alphagenome_models.py::TestAlphaGenomeWrapperLoad::test_load_creates_client [32mPASSED[0m[31m [  4%][0m
PRE-RELEASE DEPENDENCIES	Run test suite	2026-10-02T14:05:22.9999167Z tests/embpy/models/test_alphagenome_models.py::TestAlphaGenomeWrapperLoad::test_load_resolves_model_version [32mPASSED[0m[31m [  5%][0m
PRE-RELEASE DEPENDENCIES	Run test suite	2026-10-02T14:05:23.0038607Z tests/embpy/models/test_alphagenome_models.py::TestAlphaGenomeWrapperLoad::test_load_already_initialized_is_noop [32mPASSED[0m[31m [  5%][0m
PRE-RELEASE DEPENDENCIES	Run test suite	2026-10-02T14:05:23.0075043Z tests/embpy/models/test_alphagenome_models.py::TestAlphaGenomeWrapperEmbed::test_embed_without_load_raises [32mPASSED[0m[31m [  5%][0m
PRE-RELEASE DEPENDENCIES	Run test suite	2026-10-02T14:05:23.0103821Z tests/embpy/models/test_alphagenome_models.py::TestAlphaGenomeWrapperEmbed::test_embed_batch_without_load_raises [32mPASSED[0m[31m [  5%][0m
PRE-RELEASE DEPENDENCIES	Run test suite	2026-10-02T14:05:23.0140672Z tests/embpy/models/test_alphagenome_models.py::TestAlphaGenomeWrapperEmbed::test_embed_invalid_pooling_raises [32mPASSED[0m[31m [  5%][0m
PRE-RELEASE DEPENDENCIES	Run test suite	2026-10-02T14:05:23.0185692Z tests/embpy/models/test_alphagenome_models.py::TestAlphaGenomeWrapperEmbed::test_embed_mean_pooling [32mPASSED[0m[31m [  5%][0m
PRE-RELEASE DEPENDENCIES	Run test suite	2026-10-02T14:05:23.0236160Z tests/embpy/models/test_alphagenome_models.py::TestAlphaGenomeWrapperEmbed::test_embed_max_pooling [32mPASSED[0m[31m [  5%][0m
PRE-RELEASE DEPENDENCIES	Run test suite	2026-10-02T14:05:23.0281054Z tests/embpy/models/test_alphagenome_models.py::TestAlphaGenomeWrapperEmbed::test_embed_none_pooling_returns_raw_array [32mPASSED[0m[31m [  5%][0m
PRE-RELEASE DEPENDENCIES	Run test suite	2026-10-02T14:05:23.0324435Z tests/embpy/models/test_alphagenome_models.py::TestAlphaGenomeWrapperEmbed::test_embed_passes_organism_enum [32mPASSED[0m[31m [  5%][0m
PRE-RELEASE DEPENDENCIES	Run test suite	2026-10-02T14:05:23.0368829Z tests/embpy/models/test_alphagenome_models.py::TestAlphaGenomeWrapperEmbed::test_embed_batch_calls_embed_per_sequence [32mPASSED[0m[31m [  5%][0m
PRE-RELEASE DEPENDENCIES	Run test suite	2026-10-02T14:05:23.0399710Z tests/embpy/models/test_alphagenome_models.py::TestAlphaGenomeWrapperEmbed::test_embed_batch_empty_returns_empty [32mPASSED[0m[31m [  5%][0m
PRE-RELEASE DEPENDENCIES	Run test suite	2026-10-02T14:05:23.0429150Z tests/embpy/models/test_alphagenome_models.py::TestAlphaGenomeWrapperTrackMetadata::test_get_track_metadata_without_load_raises [32mPASSED[0m[31m [  5%][0m
PRE-RELEASE DEPENDENCIES	Run test suite	2026-10-02T14:05:23.0471096Z tests/embpy/models/test_alphagenome_models.py::TestAlphaGenomeWrapperTrackMetadata::test_get_track_metadata_specific_output_type [32mPASSED[0m[31m [  5%][0m
PRE-RELEASE DEPENDENCIES	Run test suite	2026-10-02T14:05:23.0520924Z tests/embpy/models/test_alphagenome_models.py::TestAlphaGenomeWrapperTrackMetadata::test_get_track_metadata_concatenates_all [32mPASSED[0m[31m [  5%][0m
PRE-RELEASE DEPENDENCIES	Run test suite	2026-10-02T14:05:23.0550189Z tests/embpy/models/test_alphagenome_models.py::TestAlphaGenomeWrapperVariantEffect::test_predict_variant_effect_without_load_raises [32mPASSED[0m[31m [  5%][0m
PRE-RELEASE DEPENDENCIES	Run test suite	2026-10-02T14:05:23.0614696Z tests/embpy/models/test_alphagenome_models.py::TestAlphaGenomeWrapperVariantEffect::test_predict_variant_effect_default_interval [32mPASSED[0m[31m [  6%][0m
PRE-RELEASE DEPENDENCIES	Run test suite	2026-10-02T14:05:23.0676177Z tests/embpy/models/test_alphagenome_models.py::TestAlphaGenomeWrapperVariantEffect::test_predict_variant_effect_explicit_interval [32mPASSED[0m[31m [  6%][0m
PRE-RELEASE DEPENDENCIES	Run test suite	2026-10-02T14:05:23.0760523Z tests/embpy/models/test_alphagenome_models.py::TestAlphaGenomeWrapperVariantEffect::test_predict_variant_effect_ontology_filter [32mPASSED[0m[31m [  6%][0m
PRE-RELEASE DEPENDENCIES	Run test suite	2026-10-02T14:05:23.0788603Z tests/embpy/models/test_api_models.py::TestAPIEmbeddingWrapperInit::test_default_provider [32mPASSED[0m[31m [  6%][0m
PRE-RELEASE DEPENDENCIES	Run test suite	2026-10-02T14:05:23.0817058Z tests/embpy/models/test_api_models.py::TestAPIEmbeddingWrapperInit::test_custom_provider [32mPASSED[0m[31m [  6%][0m
PRE-RELEASE DEPENDENCIES	Run test suite	2026-10-02T14:05:23.0846085Z tests/embpy/models/test_api_models.py::TestAPIEmbeddingWrapperInit::test_model_type_is_text [32mPASSED[0m[31m [  6%][0m
PRE-RELEASE DEPENDENCIES	Run test suite	2026-10-02T14:05:23.0921409Z tests/embpy/models/test_api_models.py::TestAPIEmbeddingWrapperLoad::test_load_resolves_env_key [32mPASSED[0m[31m [  6%][0m
PRE-RELEASE DEPENDENCIES	Run test suite	2026-10-02T14:05:23.0970741Z tests/embpy/models/test_api_models.py::TestAPIEmbeddingWrapperLoad::test_load_raises_without_key [32mPASSED[0m[31m [  6%][0m
PRE-RELEASE DEPENDENCIES	Run test suite	2026-10-02T14:05:23.1014194Z tests/embpy/models/test_api_models.py::TestAPIEmbeddingWrapperLoad::test_load_fallback_key [32mPASSED[0m[31m [  6%][0m
PRE-RELEASE DEPENDENCIES	Run test suite	2026-10-02T14:05:23.1042655Z tests/embpy/models/test_api_models.py::TestAPIEmbeddingWrapperLoad::test_custom_base_url [32mPASSED[0m[31m [  6%][0m
PRE-RELEASE DEPENDENCIES	Run test suite	2026-10-02T14:05:23.1084645Z tests/embpy/models/test_api_models.py::TestAPIEmbeddingWrapperEmbed::test_embed_openai [32mPASSED[0m[31m [  6%][0m
PRE-RELEASE DEPENDENCIES	Run test suite	2026-10-02T14:05:23.1125073Z tests/embpy/models/test_api_models.py::TestAPIEmbeddingWrapperEmbed::test_embed_batch_openai [32mPASSED[0m[31m [  6%][0m
PRE-RELEASE DEPENDENCIES	Run test suite	2026-10-02T14:05:23.1154033Z tests/embpy/models/test_api_models.py::TestAPIEmbeddingWrapperEmbed::test_embed_raises_before_load [32mPASSED[0m[31m [  6%][0m
PRE-RELEASE DEPENDENCIES	Run test suite	2026-10-02T14:05:23.1191906Z tests/embpy/models/test_api_models.py::TestAPIEmbeddingWrapperCohere::test_cohere_embed [32mPASSED[0m[31m [  6%][0m
PRE-RELEASE DEPENDENCIES	Run test suite	2026-10-02T14:05:23.2234418Z tests/embpy/models/test_api_models.py::TestAPIEmbeddingWrapperGoogle::test_google_embed [32mPASSED[0m[31m [  6%][0m
PRE-RELEASE DEPENDENCIES	Run test suite	2026-10-02T14:05:23.2262943Z tests/embpy/models/test_api_models.py::TestLlamaEmbeddingWrapperInit::test_default_params [32mPASSED[0m[31m [  7%][0m
PRE-RELEASE DEPENDENCIES	Run test suite	2026-10-02T14:05:23.2291719Z tests/embpy/models/test_api_models.py::TestLlamaEmbeddingWrapperInit::test_pooling_strategies [32mPASSED[0m[31m [  7%][0m
PRE-RELEASE DEPENDENCIES	Run test suite	2026-10-02T14:05:23.2340347Z tests/embpy/models/test_api_models.py::TestLlamaEmbeddingWrapperEmbed::test_last_token_pooling [32mPASSED[0m[31m [  7%][0m
PRE-RELEASE DEPENDENCIES	Run test suite	2026-10-02T14:05:23.2380664Z tests/embpy/models/test_api_models.py::TestLlamaEmbeddingWrapperEmbed::test_mean_pooling [32mPASSED[0m[31m [  7%][0m
PRE-RELEASE DEPENDENCIES	Run test suite	2026-10-02T14:05:23.2423698Z tests/embpy/models/test_api_models.py::TestLlamaEmbeddingWrapperEmbed::test_max_pooling [32mPASSED[0m[31m [  7%][0m
PRE-RELEASE DEPENDENCIES	Run test suite	2026-10-02T14:05:23.2463926Z tests/embpy/models/test_api_models.py::TestLlamaEmbeddingWrapperEmbed::test_invalid_pooling_raises [32mPASSED[0m[31m [  7%][0m
PRE-RELEASE DEPENDENCIES	Run test suite	2026-10-02T14:05:23.2497157Z tests/embpy/models/test_base.py::TestApplyPooling::test_mean_pooling_2d [32mPASSED[0m[31m [  7%][0m
PRE-RELEASE DEPENDENCIES	Run test suite	2026-10-02T14:05:23.2528883Z tests/embpy/models/test_base.py::TestApplyPooling::test_max_pooling_2d [32mPASSED[0m[31m [  7%][0m
PRE-RELEASE DEPENDENCIES	Run test suite	2026-10-02T14:05:23.2560724Z tests/embpy/models/test_base.py::TestApplyPooling::test_cls_pooling_2d [32mPASSED[0m[31m [  7%][0m
PRE-RELEASE DEPENDENCIES	Run test suite	2026-10-02T14:05:23.2592447Z tests/embpy/models/test_base.py::TestApplyPooling::test_mean_pooling_3d [32mPASSED[0m[31m [  7%][0m
PRE-RELEASE DEPENDENCIES	Run test suite	2026-10-02T14:05:23.2623640Z tests/embpy/models/test_base.py::TestApplyPooling::test_max_pooling_3d [32mPASSED[0m[31m [  7%][0m
PRE-RELEASE DEPENDENCIES	Run test suite	2026-10-02T14:05:23.2655181Z tests/embpy/models/test_base.py::TestApplyPooling::test_cls_pooling_3d [32mPASSED[0m[31m [  7%][0m
PRE-RELEASE DEPENDENCIES	Run test suite	2026-10-02T14:05:23.2695655Z tests/embpy/models/test_base.py::TestApplyPooling::test_invalid_strategy_raises [32mPASSED[0m[31m [  7%][0m
PRE-RELEASE DEPENDENCIES	Run test suite	2026-10-02T14:05:23.2741091Z tests/embpy/models/test_base.py::TestApplyPooling::test_1d_tensor_raises [32mPASSED[0m[31m [  7%][0m
PRE-RELEASE DEPENDENCIES	Run test suite	2026-10-02T14:05:23.2769267Z tests/embpy/models/test_base.py::TestBaseModelWrapperInit::test_init_stores_model_name [32mPASSED[0m[31m [  7%][0m
PRE-RELEASE DEPENDENCIES	Run test suite	2026-10-02T14:05:23.2797648Z tests/embpy/models/test_base.py::TestBaseModelWrapperInit::test_init_defaults [32mPASSED[0m[31m [  8%][0m
PRE-RELEASE DEPENDENCIES	Run test suite	2026-10-02T14:05:23.2825955Z tests/embpy/models/test_base.py::TestBaseModelWrapperInit::test_init_kwargs [32mPASSED[0m[31m [  8%][0m
PRE-RELEASE DEPENDENCIES	Run test suite	2026-10-02T14:05:23.2860347Z tests/embpy/models/test_base.py::TestGetNumLayers::test_not_loaded_raises [32mPASSED[0m[31m [  8%][0m
PRE-RELEASE DEPENDENCIES	Run test suite	2026-10-02T14:05:23.2893710Z tests/embpy/models/test_base.py::TestGetNumLayers::test_hf_config_num_hidden_layers [32mPASSED[0m[31m [  8%][0m
PRE-RELEASE DEPENDENCIES	Run test suite	2026-10-02T14:05:23.2933179Z tests/embpy/models/test_base.py::TestGetNumLayers::test_hf_config_n_layer [32mPASSED[0m[31m [  8%][0m
PRE-RELEASE DEPENDENCIES	Run test suite	2026-10-02T14:05:23.2971628Z tests/embpy/models/test_base.py::TestGetNumLayers::test_blocks_module_list [32mPASSED[0m[31m [  8%][0m
PRE-RELEASE DEPENDENCIES	Run test suite	2026-10-02T14:05:23.3006654Z tests/embpy/models/test_base.py::TestGetNumLayers::test_encoder_layer_module_list [32mPASSED[0m[31m [  8%][0m
PRE-RELEASE DEPENDENCIES	Run test suite	2026-10-02T14:05:23.3046019Z tests/embpy/models/test_base.py::TestGetNumLayers::test_unknown_architecture_raises [32mPASSED[0m[31m [  8%][0m
PRE-RELEASE DEPENDENCIES	Run test suite	2026-10-02T14:05:23.3074836Z tests/embpy/models/test_base.py::TestGetLayerModules::test_not_loaded_raises [32mPASSED[0m[31m [  8%][0m
PRE-RELEASE DEPENDENCIES	Run test suite	2026-10-02T14:05:23.3108491Z tests/embpy/models/test_base.py::TestGetLayerModules::test_blocks_found [32mPASSED[0m[31m [  8%][0m
PRE-RELEASE DEPENDENCIES	Run test suite	2026-10-02T14:05:23.3144479Z tests/embpy/models/test_base.py::TestGetLayerModules::test_encoder_layer_found [32mPASSED[0m[31m [  8%][0m
PRE-RELEASE DEPENDENCIES	Run test suite	2026-10-02T14:05:23.3175385Z tests/embpy/models/test_base.py::TestGetLayerModules::test_unknown_structure_raises [32mPASSED[0m[31m [  8%][0m
PRE-RELEASE DEPENDENCIES	Run test suite	2026-10-02T14:05:23.3204136Z tests/embpy/models/test_base.py::TestIsHuggingfaceModel::test_no_model_returns_false [32mPASSED[0m[31m [  8%][0m
PRE-RELEASE DEPENDENCIES	Run test suite	2026-10-02T14:05:23.3236227Z tests/embpy/models/test_base.py::TestIsHuggingfaceModel::test_hf_model_returns_true [32mPASSED[0m[31m [  8%][0m
PRE-RELEASE DEPENDENCIES	Run test suite	2026-10-02T14:05:23.3266419Z tests/embpy/models/test_base.py::TestIsHuggingfaceModel::test_non_hf_model_returns_false [32mPASSED[0m[31m [  8%][0m
PRE-RELEASE DEPENDENCIES	Run test suite	2026-10-02T14:05:23.3303582Z tests/embpy/models/test_base.py::TestExtractHiddenStatesHF::test_extract_all_layers [32mPASSED[0m[31m [  9%][0m
PRE-RELEASE DEPENDENCIES	Run test suite	2026-10-02T14:05:23.3339656Z tests/embpy/models/test_base.py::TestExtractHiddenStatesHF::test_extract_specific_layers [32mPASSED[0m[31m [  9%][0m
PRE-RELEASE DEPENDENCIES	Run test suite	2026-10-02T14:05:23.3385115Z tests/embpy/models/test_base.py::TestExtractHiddenStatesHF::test_extract_negative_index [32mPASSED[0m[31m [  9%][0m
PRE-RELEASE DEPENDENCIES	Run test suite	2026-10-02T14:05:23.3426601Z tests/embpy/models/test_base.py::TestExtractHiddenStatesHF::test_extract_out_of_range_raises [32mPASSED[0m[31m [  9%][0m
PRE-RELEASE DEPENDENCIES	Run test suite	2026-10-02T14:05:23.3463333Z tests/embpy/models/test_base.py::TestExtractHiddenStatesHF::test_extract_negative_out_of_range_raises [32mPASSED[0m[31m [  9%][0m
PRE-RELEASE DEPENDENCIES	Run test suite	2026-10-02T14:05:23.3499154Z tests/embpy/models/test_base.py::TestExtractHiddenStatesHF::test_extract_with_attention_mask [32mPASSED[0m[31m [  9%][0m
PRE-RELEASE DEPENDENCIES	Run test suite	2026-10-02T14:05:23.3528945Z tests/embpy/models/test_base.py::TestExtractHiddenStatesHF::test_not_loaded_raises [32mPASSED[0m[31m [  9%][0m
PRE-RELEASE DEPENDENCIES	Run test suite	2026-10-02T14:05:23.3572294Z tests/embpy/models/test_base.py::TestExtractHiddenStatesHook::test_extract_all_layers_hook [32mPASSED[0m[31m [  9%][0m
PRE-RELEASE DEPENDENCIES	Run test suite	2026-10-02T14:05:23.3610231Z tests/embpy/models/test_base.py::TestExtractHiddenStatesHook::test_extract_specific_layers_hook [32mPASSED[0m[31m [  9%][0m
PRE-RELEASE DEPENDENCIES	Run test suite	2026-10-02T14:05:23.3648259Z tests/embpy/models/test_base.py::TestExtractHiddenStatesHook::test_extract_negative_index_hook [32mPASSED[0m[31m [  9%][0m
PRE-RELEASE DEPENDENCIES	Run test suite	2026-10-02T14:05:23.3684676Z tests/embpy/models/test_base.py::TestExtractHiddenStatesHook::test_extract_out_of_range_hook [32mPASSED[0m[31m [  9%][0m
PRE-RELEASE DEPENDENCIES	Run test suite	2026-10-02T14:05:23.3722599Z tests/embpy/models/test_base.py::TestExtractHiddenStatesHook::test_hook_captures_correct_layer [32mPASSED[0m[31m [  9%][0m
PRE-RELEASE DEPENDENCIES	Run test suite	2026-10-02T14:05:23.3760519Z tests/embpy/models/test_base.py::TestExtractHiddenStatesHook::test_hooks_are_removed [32mPASSED[0m[31m [  9%][0m
PRE-RELEASE DEPENDENCIES	Run test suite	2026-10-02T14:05:23.3796372Z tests/embpy/models/test_base.py::TestExtractHiddenStatesHook::test_tuple_output_captured [32mPASSED[0m[31m [  9%][0m
PRE-RELEASE DEPENDENCIES	Run test suite	2026-10-02T14:05:23.3831554Z tests/embpy/models/test_base.py::TestEmbedAllLayers::test_embed_all_layers_hf [32mPASSED[0m[31m [  9%][0m
PRE-RELEASE DEPENDENCIES	Run test suite	2026-10-02T14:05:23.3862490Z tests/embpy/models/test_base.py::TestEmbedAllLayers::test_embed_all_layers_invalid_pooling_raises [32mPASSED[0m[31m [ 10%][0m
PRE-RELEASE DEPENDENCIES	Run test suite	2026-10-02T14:05:23.3894055Z tests/embpy/models/test_base.py::TestEmbedFromLayer::test_embed_from_layer_delegates_to_embed [32mPASSED[0m[31m [ 10%][0m
PRE-RELEASE DEPENDENCIES	Run test suite	2026-10-02T14:05:23.3922943Z tests/embpy/models/test_dna_models.py::TestEnformerWrapper::test_init_defaults [32mPASSED[0m[31m [ 10%][0m
PRE-RELEASE DEPENDENCIES	Run test suite	2026-10-02T14:05:23.3950933Z tests/embpy/models/test_dna_models.py::TestEnformerWrapper::test_init_custom_name [32mPASSED[0m[31m [ 10%][0m
PRE-RELEASE DEPENDENCIES	Run test suite	2026-10-02T14:05:23.3979921Z tests/embpy/models/test_dna_models.py::TestEnformerWrapper::test_embed_without_load_raises [32mPASSED[0m[31m [ 10%][0m
PRE-RELEASE DEPENDENCIES	Run test suite	2026-10-02T14:05:23.4008946Z tests/embpy/models/test_dna_models.py::TestEnformerWrapper::test_embed_batch_without_load_raises [32mPASSED[0m[31m [ 10%][0m
PRE-RELEASE DEPENDENCIES	Run test suite	2026-10-02T14:05:23.4047149Z tests/embpy/models/test_dna_models.py::TestEnformerWrapper::test_embed_batch_empty_returns_empty [32mPASSED[0m[31m [ 10%][0m
PRE-RELEASE DEPENDENCIES	Run test suite	2026-10-02T14:05:23.4078105Z tests/embpy/models/test_dna_models.py::TestEnformerWrapper::test_invalid_pooling_strategy_raises [32mPASSED[0m[31m [ 10%][0m
PRE-RELEASE DEPENDENCIES	Run test suite	2026-10-02T14:05:23.4120653Z tests/embpy/models/test_dna_models.py::TestEnformerWrapper::test_preprocess_pads_short_sequence [32mPASSED[0m[31m [ 10%][0m
PRE-RELEASE DEPENDENCIES	Run test suite	2026-10-02T14:05:23.4608275Z tests/embpy/models/test_dna_models.py::TestEnformerWrapper::test_preprocess_truncates_long_sequence [32mPASSED[0m[31m [ 10%][0m
PRE-RELEASE DEPENDENCIES	Run test suite	2026-10-02T14:05:23.4782251Z tests/embpy/models/test_dna_models.py::TestEnformerWrapper::test_embed_with_mocked_model [32mPASSED[0m[31m [ 10%][0m
PRE-RELEASE DEPENDENCIES	Run test suite	2026-10-02T14:05:23.5031842Z tests/embpy/models/test_dna_models.py::TestEnformerWrapper::test_embed_max_pooling [32mPASSED[0m[31m [ 10%][0m
PRE-RELEASE DEPENDENCIES	Run test suite	2026-10-02T14:05:23.5061527Z tests/embpy/models/test_dna_models.py::TestBorzoiWrapper::test_init_defaults [32mPASSED[0m[31m [ 10%][0m
PRE-RELEASE DEPENDENCIES	Run test suite	2026-10-02T14:05:23.5090870Z tests/embpy/models/test_dna_models.py::TestBorzoiWrapper::test_embed_without_load_raises [32mPASSED[0m[31m [ 10%][0m
PRE-RELEASE DEPENDENCIES	Run test suite	2026-10-02T14:05:23.5120888Z tests/embpy/models/test_dna_models.py::TestBorzoiWrapper::test_embed_batch_without_load_raises [32mPASSED[0m[31m [ 10%][0m
PRE-RELEASE DEPENDENCIES	Run test suite	2026-10-02T14:05:23.5150968Z tests/embpy/models/test_dna_models.py::TestBorzoiWrapper::test_embed_batch_empty_returns_empty [32mPASSED[0m[31m [ 11%][0m
PRE-RELEASE DEPENDENCIES	Run test suite	2026-10-02T14:05:23.5181099Z tests/embpy/models/test_dna_models.py::TestBorzoiWrapper::test_invalid_pooling_raises [32mPASSED[0m[31m [ 11%][0m
PRE-RELEASE DEPENDENCIES	Run test suite	2026-10-02T14:05:23.5217360Z tests/embpy/models/test_dna_models.py::TestBorzoiWrapper::test_preprocess_short_sequence [32mPASSED[0m[31m [ 11%][0m
PRE-RELEASE DEPENDENCIES	Run test suite	2026-10-02T14:05:23.6613729Z tests/embpy/models/test_dna_models.py::TestBorzoiWrapper::test_preprocess_long_sequence [32mPASSED[0m[31m [ 11%][0m
PRE-RELEASE DEPENDENCIES	Run test suite	2026-10-02T14:05:23.8006143Z tests/embpy/models/test_dna_models.py::TestBorzoiWrapper::test_preprocess_exact_length [32mPASSED[0m[31m [ 11%][0m
PRE-RELEASE DEPENDENCIES	Run test suite	2026-10-02T14:05:23.8056690Z tests/embpy/models/test_dna_models.py::TestBorzoiWrapper::test_embed_with_mocked_model [32mPASSED[0m[31m [ 11%][0m
PRE-RELEASE DEPENDENCIES	Run test suite	2026-10-02T14:05:23.8086202Z tests/embpy/models/test_dna_models.py::TestBorzoiWrapper::test_predict_profile_without_load_raises [32mPASSED[0m[31m [ 11%][0m
PRE-RELEASE DEPENDENCIES	Run test suite	2026-10-02T14:05:23.8147800Z tests/embpy/models/test_dna_models.py::TestBorzoiWrapper::test_predict_profile_returns_tracks_by_bins [32mPASSED[0m[31m [ 11%][0m
PRE-RELEASE DEPENDENCIES	Run test suite	2026-10-02T14:05:23.8209702Z tests/embpy/models/test_dna_models.py::TestBorzoiWrapper::test_predict_profile_track_subset [32mPASSED[0m[31m [ 11%][0m
PRE-RELEASE DEPENDENCIES	Run test suite	2026-10-02T14:05:23.8272400Z tests/embpy/models/test_dna_models.py::TestBorzoiWrapper::test_predict_profile_undo_squashed_scale_without_package_raises [32mPASSED[0m[31m [ 11%][0m
PRE-RELEASE DEPENDENCIES	Run test suite	2026-10-02T14:05:23.8335369Z tests/embpy/models/test_dna_models.py::TestBorzoiWrapper::test_embed_return_profile_runs_second_forward [32mPASSED[0m[31m [ 11%][0m
PRE-RELEASE DEPENDENCIES	Run test suite	2026-10-02T14:05:23.8384291Z tests/embpy/models/test_dna_models.py::TestBorzoiWrapper::test_embed_default_does_not_call_forward [32mPASSED[0m[31m [ 11%][0m
PRE-RELEASE DEPENDENCIES	Run test suite	2026-10-02T14:05:23.8417695Z tests/embpy/models/test_dna_models.py::TestBorzoiWrapper::test_profile_offset_bp_computed_from_crop [32mPASSED[0m[31m [ 11%][0m
PRE-RELEASE DEPENDENCIES	Run test suite	2026-10-02T14:05:23.8448351Z tests/embpy/models/test_dna_models.py::TestBorzoiWrapper::test_profile_offset_bp_without_load_raises [32mPASSED[0m[31m [ 11%][0m
PRE-RELEASE DEPENDENCIES	Run test suite	2026-10-02T14:05:23.9228871Z tests/embpy/models/test_dna_models.py::TestBorzoiWrapper::test_get_track_metadata_returns_dataframe [31mFAILED[0m[31m [ 11%][0m
PRE-RELEASE DEPENDENCIES	Run test suite	2026-10-02T14:05:23.9324080Z tests/embpy/models/test_dna_models.py::TestBorzoiWrapper::test_get_track_categories_splits_rna_by_source_path [32mPASSED[0m[31m [ 12%][0m
PRE-RELEASE DEPENDENCIES	Run test suite	2026-10-02T14:05:23.9377758Z tests/embpy/models/test_dna_models.py::TestBorzoiWrapper::test_get_track_categories_raises_on_unmatched_rna_file_path [32mPASSED[0m[31m [ 12%][0m
PRE-RELEASE DEPENDENCIES	Run test suite	2026-10-02T14:05:24.0427698Z tests/embpy/models/test_dna_models.py::TestBorzoiWrapper::test_get_track_categories_defaults_to_bundled_metadata [31mFAILED[0m[31m [ 12%][0m
PRE-RELEASE DEPENDENCIES	Run test suite	2026-10-02T14:05:24.0457755Z tests/embpy/models/test_dna_models.py::TestEvo2Wrapper::test_import_available [32mPASSED[0m[31m [ 12%][0m
PRE-RELEASE DEPENDENCIES	Run test suite	2026-10-02T14:05:24.0487316Z tests/embpy/models/test_dna_models.py::TestEvo2Wrapper::test_init_defaults [32mPASSED[0m[31m [ 12%][0m
PRE-RELEASE DEPENDENCIES	Run test suite	2026-10-02T14:05:24.0517921Z tests/embpy/models/test_dna_models.py::TestEvo2Wrapper::test_init_custom_layer [32mPASSED[0m[31m [ 12%][0m
PRE-RELEASE DEPENDENCIES	Run test suite	2026-10-02T14:05:24.0547758Z tests/embpy/models/test_dna_models.py::TestEvo2Wrapper::test_layer_defaults_mapping [32mPASSED[0m[31m [ 12%][0m
PRE-RELEASE DEPENDENCIES	Run test suite	2026-10-02T14:05:24.0578228Z tests/embpy/models/test_dna_models.py::TestEvo2Wrapper::test_embed_without_load_raises [32mPASSED[0m[31m [ 12%][0m
PRE-RELEASE DEPENDENCIES	Run test suite	2026-10-02T14:05:24.0607811Z tests/embpy/models/test_dna_models.py::TestEvo2Wrapper::test_embed_batch_without_load_raises [32mPASSED[0m[31m [ 12%][0m
PRE-RELEASE DEPENDENCIES	Run test suite	2026-10-02T14:05:24.0637969Z tests/embpy/models/test_dna_models.py::TestEvo2Wrapper::test_embed_batch_empty_returns_empty [32mPASSED[0m[31m [ 12%][0m
PRE-RELEASE DEPENDENCIES	Run test suite	2026-10-02T14:05:24.0668555Z tests/embpy/models/test_dna_models.py::TestEvo2Wrapper::test_invalid_pooling_raises [32mPASSED[0m[31m [ 12%][0m
PRE-RELEASE DEPENDENCIES	Run test suite	2026-10-02T14:05:24.0711523Z tests/embpy/models/test_dna_models.py::TestEvo2Wrapper::test_load_without_evo2_raises [32mPASSED[0m[31m [ 12%][0m
PRE-RELEASE DEPENDENCIES	Run test suite	2026-10-02T14:05:24.0750913Z tests/embpy/models/test_dna_models.py::TestEvo2Wrapper::test_embed_with_mocked_evo2 [32mPASSED[0m[31m [ 12%][0m
PRE-RELEASE DEPENDENCIES	Run test suite	2026-10-02T14:05:24.0790198Z tests/embpy/models/test_dna_models.py::TestEvo2Wrapper::test_embed_cls_pooling [32mPASSED[0m[31m [ 12%][0m
PRE-RELEASE DEPENDENCIES	Run test suite	2026-10-02T14:05:24.0829302Z tests/embpy/models/test_dna_models.py::TestEvo2Wrapper::test_embed_max_pooling [32mPASSED[0m[31m [ 13%][0m
PRE-RELEASE DEPENDENCIES	Run test suite	2026-10-02T14:05:24.0874562Z tests/embpy/models/test_dna_models.py::TestEvo2Wrapper::test_embed_missing_layer_raises [32mPASSED[0m[31m [ 13%][0m
PRE-RELEASE DEPENDENCIES	Run test suite	2026-10-02T14:05:24.0920191Z tests/embpy/models/test_dna_models.py::TestEvo2Wrapper::test_embed_batch_with_mocked_evo2 [32mPASSED[0m[31m [ 13%][0m
PRE-RELEASE DEPENDENCIES	Run test suite	2026-10-02T14:05:24.0950395Z tests/embpy/models/test_dna_models.py::TestEvoWrapper::test_init_defaults [32mPASSED[0m[31m [ 13%][0m
PRE-RELEASE DEPENDENCIES	Run test suite	2026-10-02T14:05:24.0979962Z tests/embpy/models/test_dna_models.py::TestEvoWrapper::test_init_custom_name [32mPASSED[0m[31m [ 13%][0m
PRE-RELEASE DEPENDENCIES	Run test suite	2026-10-02T14:05:24.1009907Z tests/embpy/models/test_dna_models.py::TestEvoWrapper::test_init_custom_embedding_layer [32mPASSED[0m[31m [ 13%][0m
PRE-RELEASE DEPENDENCIES	Run test suite	2026-10-02T14:05:24.1039225Z tests/embpy/models/test_dna_models.py::TestEvoWrapper::test_available_models_list [32mPASSED[0m[31m [ 13%][0m
PRE-RELEASE DEPENDENCIES	Run test suite	2026-10-02T14:05:24.3681209Z tests/embpy/models/test_dna_models.py::TestEvoWrapper::test_pooling_strategies [31mFAILED[0m[31m [ 13%][0m
PRE-RELEASE DEPENDENCIES	Run test suite	2026-10-02T14:05:24.3712005Z tests/embpy/models/test_dna_models.py::TestEvoWrapper::test_embed_without_load_raises [32mPASSED[0m[31m [ 13%][0m
PRE-RELEASE DEPENDENCIES	Run test suite	2026-10-02T14:05:24.3741899Z tests/embpy/models/test_dna_models.py::TestEvoWrapper::test_embed_batch_without_load_raises [32mPASSED[0m[31m [ 13%][0m
PRE-RELEASE DEPENDENCIES	Run test suite	2026-10-02T14:05:24.3786375Z tests/embpy/models/test_dna_models.py::TestEvoWrapper::test_load_without_evo_raises [32mPASSED[0m[31m [ 13%][0m
PRE-RELEASE DEPENDENCIES	Run test suite	2026-10-02T14:05:26.3991406Z tests/embpy/models/test_dna_models.py::TestEvoWrapper::test_load_sets_default_embedding_layer [32mPASSED[0m[31m [ 13%][0m
PRE-RELEASE DEPENDENCIES	Run test suite	2026-10-02T14:05:26.4024238Z tests/embpy/models/test_dna_models.py::TestEvoWrapper::test_load_already_loaded_skips [32mPASSED[0m[31m [ 13%][0m
PRE-RELEASE DEPENDENCIES	Run test suite	2026-10-02T14:05:28.4252493Z tests/embpy/models/test_dna_models.py::TestEvoWrapper::test_load_invalid_embedding_layer_raises [32mPASSED[0m[31m [ 13%][0m
PRE-RELEASE DEPENDENCIES	Run test suite	2026-10-02T14:05:30.4485194Z tests/embpy/models/test_dna_models.py::TestEvoWrapper::test_load_negative_embedding_layer_raises [32mPASSED[0m[31m [ 13%][0m
PRE-RELEASE DEPENDENCIES	Run test suite	2026-10-02T14:05:32.4817603Z tests/embpy/models/test_dna_models.py::TestEvoWrapper::test_embed_mean_pooling [32mPASSED[0m[31m [ 14%][0m
PRE-RELEASE DEPENDENCIES	Run test suite	2026-10-02T14:05:34.7719049Z tests/embpy/models/test_dna_models.py::TestEvoWrapper::test_embed_max_pooling [32mPASSED[0m[31m [ 14%][0m
PRE-RELEASE DEPENDENCIES	Run test suite	2026-10-02T14:05:37.0134363Z tests/embpy/models/test_dna_models.py::TestEvoWrapper::test_embed_cls_pooling [32mPASSED[0m[31m [ 14%][0m
PRE-RELEASE DEPENDENCIES	Run test suite	2026-10-02T14:05:39.0765916Z tests/embpy/models/test_dna_models.py::TestEvoWrapper::test_embed_invalid_pooling_raises [32mPASSED[0m[31m [ 14%][0m
PRE-RELEASE DEPENDENCIES	Run test suite	2026-10-02T14:05:41.1042749Z tests/embpy/models/test_dna_models.py::TestEvoWrapper::test_embed_layer_override [32mPASSED[0m[31m [ 14%][0m
PRE-RELEASE DEPENDENCIES	Run test suite	2026-10-02T14:05:41.1329763Z tests/embpy/models/test_dna_models.py::TestEvoWrapper::test_embed_different_inputs_differ [32mPASSED[0m[31m [ 14%][0m
PRE-RELEASE DEPENDENCIES	Run test suite	2026-10-02T14:05:41.1359271Z tests/embpy/models/test_dna_models.py::TestEvoWrapper::test_embed_batch_empty_returns_empty [32mPASSED[0m[31m [ 14%][0m
PRE-RELEASE DEPENDENCIES	Run test suite	2026-10-02T14:05:43.1592488Z tests/embpy/models/test_dna_models.py::TestEvoWrapper::test_embed_batch_multiple [32mPASSED[0m[31m [ 14%][0m
PRE-RELEASE DEPENDENCIES	Run test suite	2026-10-02T14:05:45.2007225Z tests/embpy/models/test_dna_models.py::TestEvoWrapper::test_embed_batch_single [32mPASSED[0m[31m [ 14%][0m
PRE-RELEASE DEPENDENCIES	Run test suite	2026-10-02T14:05:47.2229869Z tests/embpy/models/test_dna_models.py::TestEvoWrapper::test_embed_batch_with_layer_override [32mPASSED[0m[31m [ 14%][0m
PRE-RELEASE DEPENDENCIES	Run test suite	2026-10-02T14:05:47.2268305Z tests/embpy/models/test_dna_models.py::TestEvoWrapper::test_extract_hidden_state_captures_output [32mPASSED[0m[31m [ 14%][0m
PRE-RELEASE DEPENDENCIES	Run test suite	2026-10-02T14:05:47.2296817Z tests/embpy/models/test_dna_models.py::TestGENALMWrapper::test_init_defaults [32mPASSED[0m[31m [ 14%][0m
PRE-RELEASE DEPENDENCIES	Run test suite	2026-10-02T14:05:47.2325792Z tests/embpy/models/test_dna_models.py::TestGENALMWrapper::test_init_custom_name [32mPASSED[0m[31m [ 14%][0m
PRE-RELEASE DEPENDENCIES	Run test suite	2026-10-02T14:05:47.2354838Z tests/embpy/models/test_dna_models.py::TestGENALMWrapper::test_available_pooling_strategies [32mPASSED[0m[31m [ 14%][0m
PRE-RELEASE DEPENDENCIES	Run test suite	2026-10-02T14:05:47.2383674Z tests/embpy/models/test_dna_models.py::TestGENALMWrapper::test_embed_without_load_raises [32mPASSED[0m[31m [ 14%][0m
PRE-RELEASE DEPENDENCIES	Run test suite	2026-10-02T14:05:47.2412088Z tests/embpy/models/test_dna_models.py::TestGENALMWrapper::test_embed_batch_without_load_raises [32mPASSED[0m[31m [ 15%][0m
PRE-RELEASE DEPENDENCIES	Run test suite	2026-10-02T14:05:47.3635463Z tests/embpy/models/test_dna_models.py::TestGENALMWrapper::test_embed_batch_empty_returns_empty [31mFAILED[0m[31m [ 15%][0m
PRE-RELEASE DEPENDENCIES	Run test suite	2026-10-02T14:05:47.3668620Z tests/embpy/models/test_dna_models.py::TestGENALMWrapper::test_invalid_pooling_raises [32mPASSED[0m[31m [ 15%][0m
PRE-RELEASE DEPENDENCIES	Run test suite	2026-10-02T14:05:47.3706678Z tests/embpy/models/test_dna_models.py::TestGENALMWrapper::test_load_without_transformers_raises [32mPASSED[0m[31m [ 15%][0m
PRE-RELEASE DEPENDENCIES	Run test suite	2026-10-02T14:05:47.4861956Z tests/embpy/models/test_dna_models.py::TestGENALMWrapper::test_embed_mean_returns_correct_shape [31mFAILED[0m[31m [ 15%][0m
PRE-RELEASE DEPENDENCIES	Run test suite	2026-10-02T14:05:47.5922440Z tests/embpy/models/test_dna_models.py::TestGENALMWrapper::test_embed_cls_returns_correct_shape [31mFAILED[0m[31m [ 15%][0m
PRE-RELEASE DEPENDENCIES	Run test suite	2026-10-02T14:05:47.6965724Z tests/embpy/models/test_dna_models.py::TestGENALMWrapper::test_embed_max_returns_correct_shape [31mFAILED[0m[31m [ 15%][0m
PRE-RELEASE DEPENDENCIES	Run test suite	2026-10-02T14:05:47.8037414Z tests/embpy/models/test_dna_models.py::TestGENALMWrapper::test_embed_uses_hidden_states_when_no_last_hidden_state [31mFAILED[0m[31m [ 15%][0m
PRE-RELEASE DEPENDENCIES	Run test suite	2026-10-02T14:05:47.9088184Z tests/embpy/models/test_dna_models.py::TestGENALMWrapper::test_embed_target_layer [31mFAILED[0m[31m [ 15%][0m
PRE-RELEASE DEPENDENCIES	Run test suite	2026-10-02T14:05:48.0135451Z tests/embpy/models/test_dna_models.py::TestGENALMWrapper::test_embed_batch_multiple [31mFAILED[0m[31m [ 15%][0m
PRE-RELEASE DEPENDENCIES	Run test suite	2026-10-02T14:05:48.1178772Z tests/embpy/models/test_dna_models.py::TestGENALMWrapper::test_embed_output_is_float32 [31mFAILED[0m[31m [ 15%][0m
PRE-RELEASE DEPENDENCIES	Run test suite	2026-10-02T14:05:48.1208533Z tests/embpy/models/test_dna_models.py::TestNucleotideTransformerWrapper::test_init_defaults [32mPASSED[0m[31m [ 15%][0m
PRE-RELEASE DEPENDENCIES	Run test suite	2026-10-02T14:05:48.1237381Z tests/embpy/models/test_dna_models.py::TestNucleotideTransformerWrapper::test_init_v2_name [32mPASSED[0m[31m [ 15%][0m
PRE-RELEASE DEPENDENCIES	Run test suite	2026-10-02T14:05:48.1265869Z tests/embpy/models/test_dna_models.py::TestNucleotideTransformerWrapper::test_init_v1_name [32mPASSED[0m[31m [ 15%][0m
PRE-RELEASE DEPENDENCIES	Run test suite	2026-10-02T14:05:48.1294451Z tests/embpy/models/test_dna_models.py::TestNucleotideTransformerWrapper::test_available_pooling_strategies [32mPASSED[0m[31m [ 15%][0m
PRE-RELEASE DEPENDENCIES	Run test suite	2026-10-02T14:05:48.1324199Z tests/embpy/models/test_dna_models.py::TestNucleotideTransformerWrapper::test_embed_without_load_raises [32mPASSED[0m[31m [ 16%][0m
PRE-RELEASE DEPENDENCIES	Run test suite	2026-10-02T14:05:48.1353227Z tests/embpy/models/test_dna_models.py::TestNucleotideTransformerWrapper::test_embed_batch_without_load_raises [32mPASSED[0m[31m [ 16%][0m
PRE-RELEASE DEPENDENCIES	Run test suite	2026-10-02T14:05:48.2107740Z tests/embpy/models/test_dna_models.py::TestNucleotideTransformerWrapper::test_embed_batch_empty_returns_empty [31mFAILED[0m[31m [ 16%][0m
PRE-RELEASE DEPENDENCIES	Run test suite	2026-10-02T14:05:48.2138856Z tests/embpy/models/test_dna_models.py::TestNucleotideTransformerWrapper::test_invalid_pooling_raises [32mPASSED[0m[31m [ 16%][0m
PRE-RELEASE DEPENDENCIES	Run test suite	2026-10-02T14:05:48.2169029Z tests/embpy/models/test_dna_models.py::TestNucleotideTransformerWrapper::test_load_without_transformers_raises [32mPASSED[0m[31m [ 16%][0m
PRE-RELEASE DEPENDENCIES	Run test suite	2026-10-02T14:05:48.2206747Z tests/embpy/models/test_dna_models.py::TestNucleotideTransformerWrapper::test_embed_mean_returns_correct_shape [32mPASSED[0m[31m [ 16%][0m
PRE-RELEASE DEPENDENCIES	Run test suite	2026-10-02T14:05:48.2251062Z tests/embpy/models/test_dna_models.py::TestNucleotideTransformerWrapper::test_embed_cls_returns_correct_shape [32mPASSED[0m[31m [ 16%][0m
PRE-RELEASE DEPENDENCIES	Run test suite	2026-10-02T14:05:48.2286475Z tests/embpy/models/test_dna_models.py::TestNucleotideTransformerWrapper::test_embed_max_returns_correct_shape [32mPASSED[0m[31m [ 16%][0m
PRE-RELEASE DEPENDENCIES	Run test suite	2026-10-02T14:05:48.2326235Z tests/embpy/models/test_dna_models.py::TestNucleotideTransformerWrapper::test_embed_uses_hidden_states_for_mlm_output [32mPASSED[0m[31m [ 16%][0m
PRE-RELEASE DEPENDENCIES	Run test suite	2026-10-02T14:05:48.2364962Z tests/embpy/models/test_dna_models.py::TestNucleotideTransformerWrapper::test_embed_target_layer [32mPASSED[0m[31m [ 16%][0m
PRE-RELEASE DEPENDENCIES	Run test suite	2026-10-02T14:05:48.3412414Z tests/embpy/models/test_dna_models.py::TestNucleotideTransformerWrapper::test_embed_batch_multiple [31mFAILED[0m[31m [ 16%][0m
PRE-RELEASE DEPENDENCIES	Run test suite	2026-10-02T14:05:48.3448613Z tests/embpy/models/test_dna_models.py::TestNucleotideTransformerWrapper::test_embed_output_is_float32 [32mPASSED[0m[31m [ 16%][0m
PRE-RELEASE DEPENDENCIES	Run test suite	2026-10-02T14:05:48.3486014Z tests/embpy/models/test_dna_models.py::TestNucleotideTransformerWrapper::test_mask_weighted_mean_excludes_padding [32mPASSED[0m[31m [ 16%][0m
PRE-RELEASE DEPENDENCIES	Run test suite	2026-10-02T14:05:48.3514683Z tests/embpy/models/test_dna_models.py::TestHyenaDNAWrapper::test_init_defaults [32mPASSED[0m[31m [ 16%][0m
PRE-RELEASE DEPENDENCIES	Run test suite	2026-10-02T14:05:48.3543583Z tests/embpy/models/test_dna_models.py::TestHyenaDNAWrapper::test_init_large_1m [32mPASSED[0m[31m [ 16%][0m
PRE-RELEASE DEPENDENCIES	Run test suite	2026-10-02T14:05:48.3572147Z tests/embpy/models/test_dna_models.py::TestHyenaDNAWrapper::test_available_pooling_strategies [32mPASSED[0m[31m [ 17%][0m
PRE-RELEASE DEPENDENCIES	Run test suite	2026-10-02T14:05:48.3601401Z tests/embpy/models/test_dna_models.py::TestHyenaDNAWrapper::test_embed_without_load_raises [32mPASSED[0m[31m [ 17%][0m
PRE-RELEASE DEPENDENCIES	Run test suite	2026-10-02T14:05:48.3630635Z tests/embpy/models/test_dna_models.py::TestHyenaDNAWrapper::test_embed_batch_without_load_raises [32mPASSED[0m[31m [ 17%][0m
PRE-RELEASE DEPENDENCIES	Run test suite	2026-10-02T14:05:48.4380438Z tests/embpy/models/test_dna_models.py::TestHyenaDNAWrapper::test_embed_batch_empty_returns_empty [31mFAILED[0m[31m [ 17%][0m
PRE-RELEASE DEPENDENCIES	Run test suite	2026-10-02T14:05:48.4411827Z tests/embpy/models/test_dna_models.py::TestHyenaDNAWrapper::test_invalid_pooling_raises [32mPASSED[0m[31m [ 17%][0m
PRE-RELEASE DEPENDENCIES	Run test suite	2026-10-02T14:05:48.4441899Z tests/embpy/models/test_dna_models.py::TestHyenaDNAWrapper::test_load_without_transformers_raises [32mPASSED[0m[31m [ 17%][0m
PRE-RELEASE DEPENDENCIES	Run test suite	2026-10-02T14:05:48.4477700Z tests/embpy/models/test_dna_models.py::TestHyenaDNAWrapper::test_embed_mean_returns_correct_shape [32mPASSED[0m[31m [ 17%][0m
PRE-RELEASE DEPENDENCIES	Run test suite	2026-10-02T14:05:48.4513010Z tests/embpy/models/test_dna_models.py::TestHyenaDNAWrapper::test_embed_cls_returns_correct_shape [32mPASSED[0m[31m [ 17%][0m
PRE-RELEASE DEPENDENCIES	Run test suite	2026-10-02T14:05:48.4547329Z tests/embpy/models/test_dna_models.py::TestHyenaDNAWrapper::test_embed_max_returns_correct_shape [32mPASSED[0m[31m [ 17%][0m
PRE-RELEASE DEPENDENCIES	Run test suite	2026-10-02T14:05:48.4581650Z tests/embpy/models/test_dna_models.py::TestHyenaDNAWrapper::test_embed_last_returns_correct_shape [32mPASSED[0m[31m [ 17%][0m
PRE-RELEASE DEPENDENCIES	Run test suite	2026-10-02T14:05:48.4617088Z tests/embpy/models/test_dna_models.py::TestHyenaDNAWrapper::test_embed_target_layer [32mPASSED[0m[31m [ 17%][0m
PRE-RELEASE DEPENDENCIES	Run test suite	2026-10-02T14:05:48.5673171Z tests/embpy/models/test_dna_models.py::TestHyenaDNAWrapper::test_embed_batch_multiple [31mFAILED[0m[31m [ 17%][0m
PRE-RELEASE DEPENDENCIES	Run test suite	2026-10-02T14:05:48.5708009Z tests/embpy/models/test_dna_models.py::TestHyenaDNAWrapper::test_embed_output_is_float32 [32mPASSED[0m[31m [ 17%][0m
PRE-RELEASE DEPENDENCIES	Run test suite	2026-10-02T14:05:48.5737449Z tests/embpy/models/test_dna_models.py::TestCaduceusWrapper::test_init_defaults [32mPASSED[0m[31m [ 17%][0m
PRE-RELEASE DEPENDENCIES	Run test suite	2026-10-02T14:05:48.5766319Z tests/embpy/models/test_dna_models.py::TestCaduceusWrapper::test_init_ps_variant [32mPASSED[0m[31m [ 17%][0m
PRE-RELEASE DEPENDENCIES	Run test suite	2026-10-02T14:05:48.5794881Z tests/embpy/models/test_dna_models.py::TestCaduceusWrapper::test_available_pooling_strategies [32mPASSED[0m[31m [ 18%][0m
PRE-RELEASE DEPENDENCIES	Run test suite	2026-10-02T14:05:48.5829275Z tests/embpy/models/test_dna_models.py::TestCaduceusWrapper::test_embed_without_load_raises [32mPASSED[0m[31m [ 18%][0m
PRE-RELEASE DEPENDENCIES	Run test suite	2026-10-02T14:05:48.5858496Z tests/embpy/models/test_dna_models.py::TestCaduceusWrapper::test_embed_batch_without_load_raises [32mPASSED[0m[31m [ 18%][0m
PRE-RELEASE DEPENDENCIES	Run test suite	2026-10-02T14:05:48.6614257Z tests/embpy/models/test_dna_models.py::TestCaduceusWrapper::test_embed_batch_empty_returns_empty [31mFAILED[0m[31m [ 18%][0m
PRE-RELEASE DEPENDENCIES	Run test suite	2026-10-02T14:05:48.6644973Z tests/embpy/models/test_dna_models.py::TestCaduceusWrapper::test_invalid_pooling_raises [32mPASSED[0m[31m [ 18%][0m
PRE-RELEASE DEPENDENCIES	Run test suite	2026-10-02T14:05:48.6675588Z tests/embpy/models/test_dna_models.py::TestCaduceusWrapper::test_load_without_transformers_raises [32mPASSED[0m[31m [ 18%][0m
PRE-RELEASE DEPENDENCIES	Run test suite	2026-10-02T14:05:48.6712160Z tests/embpy/models/test_dna_models.py::TestCaduceusWrapper::test_embed_mean_returns_correct_shape [32mPASSED[0m[31m [ 18%][0m
PRE-RELEASE DEPENDENCIES	Run test suite	2026-10-02T14:05:48.6748041Z tests/embpy/models/test_dna_models.py::TestCaduceusWrapper::test_embed_cls_returns_correct_shape [32mPASSED[0m[31m [ 18%][0m
PRE-RELEASE DEPENDENCIES	Run test suite	2026-10-02T14:05:48.6783273Z tests/embpy/models/test_dna_models.py::TestCaduceusWrapper::test_embed_max_returns_correct_shape [32mPASSED[0m[31m [ 18%][0m
PRE-RELEASE DEPENDENCIES	Run test suite	2026-10-02T14:05:48.6819197Z tests/embpy/models/test_dna_models.py::TestCaduceusWrapper::test_embed_target_layer [32mPASSED[0m[31m [ 18%][0m
PRE-RELEASE DEPENDENCIES	Run test suite	2026-10-02T14:05:48.7877005Z tests/embpy/models/test_dna_models.py::TestCaduceusWrapper::test_embed_batch_multiple [31mFAILED[0m[31m [ 18%][0m
PRE-RELEASE DEPENDENCIES	Run test suite	2026-10-02T14:05:48.7913038Z tests/embpy/models/test_dna_models.py::TestCaduceusWrapper::test_embed_output_is_float32 [32mPASSED[0m[31m [ 18%][0m
PRE-RELEASE DEPENDENCIES	Run test suite	2026-10-02T14:05:48.7943926Z tests/embpy/models/test_dna_models.py::TestCaduceusWrapper::test_ph_and_ps_both_constructable [32mPASSED[0m[31m [ 18%][0m
PRE-RELEASE DEPENDENCIES	Run test suite	2026-10-02T14:05:48.7972413Z tests/embpy/models/test_molecule_models.py::TestChembertaWrapper::test_init_defaults [32mPASSED[0m[31m [ 18%][0m
PRE-RELEASE DEPENDENCIES	Run test suite	2026-10-02T14:05:48.8006539Z tests/embpy/models/test_molecule_models.py::TestChembertaWrapper::test_embed_without_load_raises [32mPASSED[0m[31m [ 18%][0m
PRE-RELEASE DEPENDENCIES	Run test suite	2026-10-02T14:05:48.8035782Z tests/embpy/models/test_molecule_models.py::TestChembertaWrapper::test_preprocess_without_load_raises [32mPASSED[0m[31m [ 19%][0m
PRE-RELEASE DEPENDENCIES	Run test suite	2026-10-02T14:05:48.8075243Z tests/embpy/models/test_molecule_models.py::TestChembertaWrapper::test_invalid_pooling_raises [32mPASSED[0m[31m [ 19%][0m
PRE-RELEASE DEPENDENCIES	Run test suite	2026-10-02T14:05:48.8112631Z tests/embpy/models/test_molecule_models.py::TestChembertaWrapper::test_embed_with_mocked_model [32mPASSED[0m[31m [ 19%][0m
PRE-RELEASE DEPENDENCIES	Run test suite	2026-10-02T14:05:48.8151270Z tests/embpy/models/test_molecule_models.py::TestChembertaWrapper::test_embed_all_pooling_strategies[cls] [32mPASSED[0m[31m [ 19%][0m
PRE-RELEASE DEPENDENCIES	Run test suite	2026-10-02T14:05:48.8190468Z tests/embpy/models/test_molecule_models.py::TestChembertaWrapper::test_embed_all_pooling_strategies[mean] [32mPASSED[0m[31m [ 19%][0m
PRE-RELEASE DEPENDENCIES	Run test suite	2026-10-02T14:05:48.8233379Z tests/embpy/models/test_molecule_models.py::TestChembertaWrapper::test_embed_all_pooling_strategies[max] [32mPASSED[0m[31m [ 19%][0m
PRE-RELEASE DEPENDENCIES	Run test suite	2026-10-02T14:05:48.8270533Z tests/embpy/models/test_molecule_models.py::TestChembertaWrapper::test_skips_too_long_smiles [32mPASSED[0m[31m [ 19%][0m
PRE-RELEASE DEPENDENCIES	Run test suite	2026-10-02T14:05:48.8687777Z tests/embpy/models/test_molecule_models.py::TestChembertaWrapper::test_embed_batch [31mFAILED[0m[31m [ 19%][0m
PRE-RELEASE DEPENDENCIES	Run test suite	2026-10-02T14:05:48.8717423Z tests/embpy/models/test_molecule_models.py::TestMolformerWrapper::test_init_defaults [32mPASSED[0m[31m [ 19%][0m
PRE-RELEASE DEPENDENCIES	Run test suite	2026-10-02T14:05:48.8746392Z tests/embpy/models/test_molecule_models.py::TestMolformerWrapper::test_embed_without_load_raises [32mPASSED[0m[31m [ 19%][0m
PRE-RELEASE DEPENDENCIES	Run test suite	2026-10-02T14:05:48.8775488Z tests/embpy/models/test_molecule_models.py::TestMolformerWrapper::test_embed_batch_without_load_raises [32mPASSED[0m[31m [ 19%][0m
PRE-RELEASE DEPENDENCIES	Run test suite	2026-10-02T14:05:48.8805711Z tests/embpy/models/test_molecule_models.py::TestMolformerWrapper::test_invalid_pooling_raises [32mPASSED[0m[31m [ 19%][0m
PRE-RELEASE DEPENDENCIES	Run test suite	2026-10-02T14:05:48.8846133Z tests/embpy/models/test_molecule_models.py::TestMolformerWrapper::test_preprocess_without_tokenizer_raises [32mPASSED[0m[31m [ 19%][0m
PRE-RELEASE DEPENDENCIES	Run test suite	2026-10-02T14:05:48.8874953Z tests/embpy/models/test_molecule_models.py::TestRDKitWrapper::test_init_defaults [32mPASSED[0m[31m [ 19%][0m
PRE-RELEASE DEPENDENCIES	Run test suite	2026-10-02T14:05:48.8903422Z tests/embpy/models/test_molecule_models.py::TestRDKitWrapper::test_init_morgan [32mPASSED[0m[31m [ 19%][0m
PRE-RELEASE DEPENDENCIES	Run test suite	2026-10-02T14:05:48.8932326Z tests/embpy/models/test_molecule_models.py::TestRDKitWrapper::test_init_auto_detect_from_model_path [32mPASSED[0m[31m [ 20%][0m
PRE-RELEASE DEPENDENCIES	Run test suite	2026-10-02T14:05:48.8960525Z tests/embpy/models/test_molecule_models.py::TestRDKitWrapper::test_init_explicit_overrides_auto [32mPASSED[0m[31m [ 20%][0m
PRE-RELEASE DEPENDENCIES	Run test suite	2026-10-02T14:05:48.8989073Z tests/embpy/models/test_molecule_models.py::TestRDKitWrapper::test_init_maccs_forces_167_bits [32mPASSED[0m[31m [ 20%][0m
PRE-RELEASE DEPENDENCIES	Run test suite	2026-10-02T14:05:48.9029167Z tests/embpy/models/test_molecule_models.py::TestRDKitWrapper::test_unknown_fingerprint_type_raises [32mPASSED[0m[31m [ 20%][0m
PRE-RELEASE DEPENDENCIES	Run test suite	2026-10-02T14:05:48.9058232Z tests/embpy/models/test_molecule_models.py::TestRDKitWrapper::test_embed_without_load_raises [32mPASSED[0m[31m [ 20%][0m
PRE-RELEASE DEPENDENCIES	Run test suite	2026-10-02T14:05:48.9097422Z tests/embpy/models/test_molecule_models.py::TestRDKitWrapper::test_embed_invalid_smiles_raises [32mPASSED[0m[31m [ 20%][0m
PRE-RELEASE DEPENDENCIES	Run test suite	2026-10-02T14:05:48.9174605Z tests/embpy/models/test_molecule_models.py::TestRDKitWrapper::test_rdkit_binary [32mPASSED[0m[31m [ 20%][0m
PRE-RELEASE DEPENDENCIES	Run test suite	2026-10-02T14:05:48.9204948Z tests/embpy/models/test_molecule_models.py::TestRDKitWrapper::test_morgan_binary [32mPASSED[0m[31m [ 20%][0m
PRE-RELEASE DEPENDENCIES	Run test suite	2026-10-02T14:05:48.9268260Z tests/embpy/models/test_molecule_models.py::TestRDKitWrapper::test_maccs_binary [32mPASSED[0m[31m [ 20%][0m
PRE-RELEASE DEPENDENCIES	Run test suite	2026-10-02T14:05:48.9299048Z tests/embpy/models/test_molecule_models.py::TestRDKitWrapper::test_atom_pair_binary [32mPASSED[0m[31m [ 20%][0m
PRE-RELEASE DEPENDENCIES	Run test suite	2026-10-02T14:05:48.9329899Z tests/embpy/models/test_molecule_models.py::TestRDKitWrapper::test_topological_torsion_binary [32mPASSED[0m[31m [ 20%][0m
PRE-RELEASE DEPENDENCIES	Run test suite	2026-10-02T14:05:48.9362606Z tests/embpy/models/test_molecule_models.py::TestRDKitWrapper::test_morgan_count [32mPASSED[0m[31m [ 20%][0m
PRE-RELEASE DEPENDENCIES	Run test suite	2026-10-02T14:05:48.9393675Z tests/embpy/models/test_molecule_models.py::TestRDKitWrapper::test_atom_pair_count [32mPASSED[0m[31m [ 20%][0m
PRE-RELEASE DEPENDENCIES	Run test suite	2026-10-02T14:05:48.9424913Z tests/embpy/models/test_molecule_models.py::TestRDKitWrapper::test_topological_torsion_count [32mPASSED[0m[31m [ 20%][0m
PRE-RELEASE DEPENDENCIES	Run test suite	2026-10-02T14:05:48.9457711Z tests/embpy/models/test_molecule_models.py::TestRDKitWrapper::test_count_differs_from_binary [32mPASSED[0m[31m [ 20%][0m
PRE-RELEASE DEPENDENCIES	Run test suite	2026-10-02T14:05:48.9486704Z tests/embpy/models/test_molecule_models.py::TestRDKitWrapper::test_is_binary_property [32mPASSED[0m[31m [ 21%][0m
PRE-RELEASE DEPENDENCIES	Run test suite	2026-10-02T14:05:48.9515470Z tests/embpy/models/test_molecule_models.py::TestRDKitWrapper::test_is_count_property [32mPASSED[0m[31m [ 21%][0m
PRE-RELEASE DEPENDENCIES	Run test suite	2026-10-02T14:05:48.9547260Z tests/embpy/models/test_molecule_models.py::TestRDKitWrapper::test_embed_batch [32mPASSED[0m[31m [ 21%][0m
PRE-RELEASE DEPENDENCIES	Run test suite	2026-10-02T14:05:48.9578314Z tests/embpy/models/test_molecule_models.py::TestRDKitWrapper::test_different_molecules_different_fingerprints [32mPASSED[0m[31m [ 21%][0m
PRE-RELEASE DEPENDENCIES	Run test suite	2026-10-02T14:05:48.9610006Z tests/embpy/models/test_molecule_models.py::TestRDKitWrapper::test_same_molecule_same_fingerprint [32mPASSED[0m[31m [ 21%][0m
PRE-RELEASE DEPENDENCIES	Run test suite	2026-10-02T14:05:48.9643321Z tests/embpy/models/test_molecule_models.py::TestRDKitWrapper::test_all_fp_types_produce_correct_shape[morgan] [32mPASSED[0m[31m [ 21%][0m
PRE-RELEASE DEPENDENCIES	Run test suite	2026-10-02T14:05:48.9675770Z tests/embpy/models/test_molecule_models.py::TestRDKitWrapper::test_all_fp_types_produce_correct_shape[morgan_count] [32mPASSED[0m[31m [ 21%][0m
PRE-RELEASE DEPENDENCIES	Run test suite	2026-10-02T14:05:48.9708475Z tests/embpy/models/test_molecule_models.py::TestRDKitWrapper::test_all_fp_types_produce_correct_shape[rdkit] [32mPASSED[0m[31m [ 21%][0m
PRE-RELEASE DEPENDENCIES	Run test suite	2026-10-02T14:05:48.9743910Z tests/embpy/models/test_molecule_models.py::TestRDKitWrapper::test_all_fp_types_produce_correct_shape[maccs] [32mPASSED[0m[31m [ 21%][0m
PRE-RELEASE DEPENDENCIES	Run test suite	2026-10-02T14:05:48.9777838Z tests/embpy/models/test_molecule_models.py::TestRDKitWrapper::test_all_fp_types_produce_correct_shape[atom_pair] [32mPASSED[0m[31m [ 21%][0m
PRE-RELEASE DEPENDENCIES	Run test suite	2026-10-02T14:05:48.9810638Z tests/embpy/models/test_molecule_models.py::TestRDKitWrapper::test_all_fp_types_produce_correct_shape[atom_pair_count] [32mPASSED[0m[31m [ 21%][0m
PRE-RELEASE DEPENDENCIES	Run test suite	2026-10-02T14:05:48.9842580Z tests/embpy/models/test_molecule_models.py::TestRDKitWrapper::test_all_fp_types_produce_correct_shape[topological_torsion] [32mPASSED[0m[31m [ 21%][0m
PRE-RELEASE DEPENDENCIES	Run test suite	2026-10-02T14:05:48.9874425Z tests/embpy/models/test_molecule_models.py::TestRDKitWrapper::test_all_fp_types_produce_correct_shape[topological_torsion_count] [32mPASSED[0m[31m [ 21%][0m
PRE-RELEASE DEPENDENCIES	Run test suite	2026-10-02T14:05:48.9902679Z tests/embpy/models/test_molecule_models.py::TestMiniMolWrapper::test_init_defaults [32mPASSED[0m[31m [ 21%][0m
PRE-RELEASE DEPENDENCIES	Run test suite	2026-10-02T14:05:48.9931076Z tests/embpy/models/test_molecule_models.py::TestMiniMolWrapper::test_init_custom_batch_size [32mPASSED[0m[31m [ 21%][0m
PRE-RELEASE DEPENDENCIES	Run test suite	2026-10-02T14:05:48.9960139Z tests/embpy/models/test_molecule_models.py::TestMiniMolWrapper::test_embed_without_load_raises [32mPASSED[0m[31m [ 22%][0m
PRE-RELEASE DEPENDENCIES	Run test suite	2026-10-02T14:05:48.9989244Z tests/embpy/models/test_molecule_models.py::TestMiniMolWrapper::test_embed_batch_without_load_raises [32mPASSED[0m[31m [ 22%][0m
PRE-RELEASE DEPENDENCIES	Run test suite	2026-10-02T14:05:49.0038260Z tests/embpy/models/test_molecule_models.py::TestMiniMolWrapper::test_load_raises_when_minimol_not_installed [32mPASSED[0m[31m [ 22%][0m
PRE-RELEASE DEPENDENCIES	Run test suite	2026-10-02T14:05:49.0074841Z tests/embpy/models/test_molecule_models.py::TestMiniMolWrapper::test_load_creates_minimol_instance [32mPASSED[0m[31m [ 22%][0m
PRE-RELEASE DEPENDENCIES	Run test suite	2026-10-02T14:05:49.0110956Z tests/embpy/models/test_molecule_models.py::TestMiniMolWrapper::test_load_idempotent [32mPASSED[0m[31m [ 22%][0m
PRE-RELEASE DEPENDENCIES	Run test suite	2026-10-02T14:05:49.0143945Z tests/embpy/models/test_molecule_models.py::TestMiniMolWrapper::test_embed_single [32mPASSED[0m[31m [ 22%][0m
PRE-RELEASE DEPENDENCIES	Run test suite	2026-10-02T14:05:49.0179979Z tests/embpy/models/test_molecule_models.py::TestMiniMolWrapper::test_embed_raises_on_empty_results [32mPASSED[0m[31m [ 22%][0m
PRE-RELEASE DEPENDENCIES	Run test suite	2026-10-02T14:05:49.0211704Z tests/embpy/models/test_molecule_models.py::TestMiniMolWrapper::test_embed_batch [32mPASSED[0m[31m [ 22%][0m
PRE-RELEASE DEPENDENCIES	Run test suite	2026-10-02T14:05:49.0240332Z tests/embpy/models/test_molecule_models.py::TestMiniMolWrapper::test_pooling_strategies [32mPASSED[0m[31m [ 22%][0m
PRE-RELEASE DEPENDENCIES	Run test suite	2026-10-02T14:05:49.0268593Z tests/embpy/models/test_molecule_models.py::TestMiniMolWrapper::test_embedding_dim_constant [32mPASSED[0m[31m [ 22%][0m
PRE-RELEASE DEPENDENCIES	Run test suite	2026-10-02T14:05:49.0297135Z tests/embpy/models/test_molecule_models.py::TestMiniMolWrapper::test_model_type [32mPASSED[0m[31m [ 22%][0m
PRE-RELEASE DEPENDENCIES	Run test suite	2026-10-02T14:05:49.0325733Z tests/embpy/models/test_molecule_models.py::TestMHGGNNWrapper::test_init_defaults [32mPASSED[0m[31m [ 22%][0m
PRE-RELEASE DEPENDENCIES	Run test suite	2026-10-02T14:05:49.0355223Z tests/embpy/models/test_molecule_models.py::TestMHGGNNWrapper::test_embed_without_load_raises [32mPASSED[0m[31m [ 22%][0m
PRE-RELEASE DEPENDENCIES	Run test suite	2026-10-02T14:05:49.0384366Z tests/embpy/models/test_molecule_models.py::TestMHGGNNWrapper::test_embed_batch_without_load_raises [32mPASSED[0m[31m [ 22%][0m
PRE-RELEASE DEPENDENCIES	Run test suite	2026-10-02T14:05:49.0413642Z tests/embpy/models/test_molecule_models.py::TestMHGGNNWrapper::test_decode_without_load_raises [32mPASSED[0m[31m [ 22%][0m
PRE-RELEASE DEPENDENCIES	Run test suite	2026-10-02T14:05:49.0457849Z tests/embpy/models/test_molecule_models.py::TestMHGGNNWrapper::test_load_raises_when_not_installed [32mPASSED[0m[31m [ 23%][0m
PRE-RELEASE DEPENDENCIES	Run test suite	2026-10-02T14:05:49.0501021Z tests/embpy/models/test_molecule_models.py::TestMHGGNNWrapper::test_load_with_mocked_module [32mPASSED[0m[31m [ 23%][0m
PRE-RELEASE DEPENDENCIES	Run test suite	2026-10-02T14:05:49.0543715Z tests/embpy/models/test_molecule_models.py::TestMHGGNNWrapper::test_load_idempotent [32mPASSED[0m[31m [ 23%][0m
PRE-RELEASE DEPENDENCIES	Run test suite	2026-10-02T14:05:49.0577953Z tests/embpy/models/test_molecule_models.py::TestMHGGNNWrapper::test_embed_single [32mPASSED[0m[31m [ 23%][0m
PRE-RELEASE DEPENDENCIES	Run test suite	2026-10-02T14:05:49.0616910Z tests/embpy/models/test_molecule_models.py::TestMHGGNNWrapper::test_embed_raises_on_empty_results [32mPASSED[0m[31m [ 23%][0m
PRE-RELEASE DEPENDENCIES	Run test suite	2026-10-02T14:05:49.0650080Z tests/embpy/models/test_molecule_models.py::TestMHGGNNWrapper::test_embed_batch [32mPASSED[0m[31m [ 23%][0m
PRE-RELEASE DEPENDENCIES	Run test suite	2026-10-02T14:05:49.0684096Z tests/embpy/models/test_molecule_models.py::TestMHGGNNWrapper::test_decode [32mPASSED[0m[31m [ 23%][0m
PRE-RELEASE DEPENDENCIES	Run test suite	2026-10-02T14:05:49.0712797Z tests/embpy/models/test_molecule_models.py::TestMHGGNNWrapper::test_pooling_strategies [32mPASSED[0m[31m [ 23%][0m
PRE-RELEASE DEPENDENCIES	Run test suite	2026-10-02T14:05:49.0742528Z tests/embpy/models/test_molecule_models.py::TestMolEWrapper::test_init_defaults [32mPASSED[0m[31m [ 23%][0m
PRE-RELEASE DEPENDENCIES	Run test suite	2026-10-02T14:05:49.0770799Z tests/embpy/models/test_molecule_models.py::TestMolEWrapper::test_init_with_checkpoint [32mPASSED[0m[31m [ 23%][0m
PRE-RELEASE DEPENDENCIES	Run test suite	2026-10-02T14:05:49.0799926Z tests/embpy/models/test_molecule_models.py::TestMolEWrapper::test_embed_without_load_raises [32mPASSED[0m[31m [ 23%][0m
PRE-RELEASE DEPENDENCIES	Run test suite	2026-10-02T14:05:49.0829174Z tests/embpy/models/test_molecule_models.py::TestMolEWrapper::test_embed_batch_without_load_raises [32mPASSED[0m[31m [ 23%][0m
PRE-RELEASE DEPENDENCIES	Run test suite	2026-10-02T14:05:49.0870821Z tests/embpy/models/test_molecule_models.py::TestMolEWrapper::test_load_raises_when_not_installed [32mPASSED[0m[31m [ 23%][0m
PRE-RELEASE DEPENDENCIES	Run test suite	2026-10-02T14:05:49.0917938Z tests/embpy/models/test_molecule_models.py::TestMolEWrapper::test_load_raises_without_checkpoint [32mPASSED[0m[31m [ 23%][0m
PRE-RELEASE DEPENDENCIES	Run test suite	2026-10-02T14:05:49.0950335Z tests/embpy/models/test_molecule_models.py::TestMolEWrapper::test_load_success [32mPASSED[0m[31m [ 23%][0m
PRE-RELEASE DEPENDENCIES	Run test suite	2026-10-02T14:05:49.0984777Z tests/embpy/models/test_molecule_models.py::TestMolEWrapper::test_load_idempotent [32mPASSED[0m[31m [ 24%][0m
PRE-RELEASE DEPENDENCIES	Run test suite	2026-10-02T14:05:49.1017231Z tests/embpy/models/test_molecule_models.py::TestMolEWrapper::test_embed_single [32mPASSED[0m[31m [ 24%][0m
PRE-RELEASE DEPENDENCIES	Run test suite	2026-10-02T14:05:49.1050277Z tests/embpy/models/test_molecule_models.py::TestMolEWrapper::test_embed_batch [32mPASSED[0m[31m [ 24%][0m
PRE-RELEASE DEPENDENCIES	Run test suite	2026-10-02T14:05:49.1084438Z tests/embpy/models/test_molecule_models.py::TestMolEWrapper::test_embed_custom_batch_kwargs [32mPASSED[0m[31m [ 24%][0m
PRE-RELEASE DEPENDENCIES	Run test suite	2026-10-02T14:05:49.1113065Z tests/embpy/models/test_molecule_models.py::TestMolEWrapper::test_pooling_strategies [32mPASSED[0m[31m [ 24%][0m
PRE-RELEASE DEPENDENCIES	Run test suite	2026-10-02T14:05:49.1143696Z tests/embpy/models/test_molecule_models.py::TestMolEWrapper::test_model_type [32mPASSED[0m[31m [ 24%][0m
PRE-RELEASE DEPENDENCIES	Run test suite	2026-10-02T14:05:49.1265685Z tests/embpy/models/test_morphology_models.py::TestSubCellWrapperInit::test_default_params [31mFAILED[0m[31m [ 24%][0m
PRE-RELEASE DEPENDENCIES	Run test suite	2026-10-02T14:05:49.1378277Z tests/embpy/models/test_morphology_models.py::TestSubCellWrapperInit::test_custom_variant [31mFAILED[0m[31m [ 24%][0m
PRE-RELEASE DEPENDENCIES	Run test suite	2026-10-02T14:05:49.1407659Z tests/embpy/models/test_morphology_models.py::TestSubCellWrapperInit::test_pooling_strategies [32mPASSED[0m[31m [ 24%][0m
PRE-RELEASE DEPENDENCIES	Run test suite	2026-10-02T14:05:49.1500484Z tests/embpy/models/test_morphology_models.py::TestSubCellPreprocessing::test_numpy_hwc [32mPASSED[0m[31m [ 24%][0m
PRE-RELEASE DEPENDENCIES	Run test suite	2026-10-02T14:05:49.1552142Z tests/embpy/models/test_morphology_models.py::TestSubCellPreprocessing::test_numpy_chw [32mPASSED[0m[31m [ 24%][0m
PRE-RELEASE DEPENDENCIES	Run test suite	2026-10-02T14:05:49.1608163Z tests/embpy/models/test_morphology_models.py::TestSubCellPreprocessing::test_torch_tensor [32mPASSED[0m[31m [ 24%][0m
PRE-RELEASE DEPENDENCIES	Run test suite	2026-10-02T14:05:49.1728246Z tests/embpy/models/test_morphology_models.py::TestSubCellPreprocessing::test_wrong_channels_raises [31mFAILED[0m[31m [ 24%][0m
PRE-RELEASE DEPENDENCIES	Run test suite	2026-10-02T14:05:49.1822220Z tests/embpy/models/test_morphology_models.py::TestSubCellPreprocessing::test_already_correct_size [32mPASSED[0m[31m [ 24%][0m
PRE-RELEASE DEPENDENCIES	Run test suite	2026-10-02T14:05:49.1942512Z tests/embpy/models/test_morphology_models.py::TestSubCellEmbed::test_cls_pooling [32mPASSED[0m[31m [ 25%][0m
PRE-RELEASE DEPENDENCIES	Run test suite	2026-10-02T14:05:49.2062957Z tests/embpy/models/test_morphology_models.py::TestSubCellEmbed::test_mean_pooling [32mPASSED[0m[31m [ 25%][0m
PRE-RELEASE DEPENDENCIES	Run test suite	2026-10-02T14:05:49.2187251Z tests/embpy/models/test_morphology_models.py::TestSubCellEmbed::test_none_pooling [32mPASSED[0m[31m [ 25%][0m
PRE-RELEASE DEPENDENCIES	Run test suite	2026-10-02T14:05:49.2493681Z tests/embpy/models/test_morphology_models.py::TestSubCellEmbed::test_attention_pool_fallback [31mFAILED[0m[31m [ 25%][0m
PRE-RELEASE DEPENDENCIES	Run test suite	2026-10-02T14:05:49.2608314Z tests/embpy/models/test_morphology_models.py::TestSubCellEmbed::test_invalid_pooling_raises [32mPASSED[0m[31m [ 25%][0m
PRE-RELEASE DEPENDENCIES	Run test suite	2026-10-02T14:05:49.2679741Z tests/embpy/models/test_morphology_models.py::TestSubCellEmbed::test_not_loaded_raises [32mPASSED[0m[31m [ 25%][0m
PRE-RELEASE DEPENDENCIES	Run test suite	2026-10-02T14:05:49.2781913Z tests/embpy/models/test_morphology_models.py::TestSubCellBatch::test_batch_returns_list [32mPASSED[0m[31m [ 25%][0m
PRE-RELEASE DEPENDENCIES	Run test suite	2026-10-02T14:05:49.2931155Z tests/embpy/models/test_morphology_models.py::TestSubCellBatch::test_batch_none_pooling [32mPASSED[0m[31m [ 25%][0m
PRE-RELEASE DEPENDENCIES	Run test suite	2026-10-02T14:05:49.3044405Z tests/embpy/models/test_morphology_models.py::TestAttentionPooler::test_gated_attention_pooler [32mPASSED[0m[31m [ 25%][0m
PRE-RELEASE DEPENDENCIES	Run test suite	2026-10-02T14:05:49.3124812Z tests/embpy/models/test_ppi_models.py::TestConstruction::test_invalid_embedding_type [32mPASSED[0m[31m [ 25%][0m
PRE-RELEASE DEPENDENCIES	Run test suite	2026-10-02T14:05:49.3164789Z tests/embpy/models/test_ppi_models.py::TestConstruction::test_missing_data_dir_raises [32mPASSED[0m[31m [ 25%][0m
PRE-RELEASE DEPENDENCIES	Run test suite	2026-10-02T14:05:49.3208803Z tests/embpy/models/test_ppi_models.py::TestConstruction::test_missing_h5_file_raises [32mPASSED[0m[31m [ 25%][0m
PRE-RELEASE DEPENDENCIES	Run test suite	2026-10-02T14:05:49.3320608Z tests/embpy/models/test_ppi_models.py::TestLoad::test_loads_functional [32mPASSED[0m[31m [ 25%][0m
PRE-RELEASE DEPENDENCIES	Run test suite	2026-10-02T14:05:49.3418641Z tests/embpy/models/test_ppi_models.py::TestLoad::test_loads_node2vec [32mPASSED[0m[31m [ 25%][0m
PRE-RELEASE DEPENDENCIES	Run test suite	2026-10-02T14:05:49.3517810Z tests/embpy/models/test_ppi_models.py::TestLoad::test_gene_names_available [32mPASSED[0m[31m [ 25%][0m
PRE-RELEASE DEPENDENCIES	Run test suite	2026-10-02T14:05:49.3615428Z tests/embpy/models/test_ppi_models.py::TestLoad::test_protein_ids_available [32mPASSED[0m[31m [ 26%][0m
PRE-RELEASE DEPENDENCIES	Run test suite	2026-10-02T14:05:49.3714345Z tests/embpy/models/test_ppi_models.py::TestEmbed::test_embed_by_gene [32mPASSED[0m[31m [ 26%][0m
PRE-RELEASE DEPENDENCIES	Run test suite	2026-10-02T14:05:49.3811912Z tests/embpy/models/test_ppi_models.py::TestEmbed::test_embed_by_protein_id [32mPASSED[0m[31m [ 26%][0m
PRE-RELEASE DEPENDENCIES	Run test suite	2026-10-02T14:05:49.3915810Z tests/embpy/models/test_ppi_models.py::TestEmbed::test_embed_unknown_raises [32mPASSED[0m[31m [ 26%][0m
PRE-RELEASE DEPENDENCIES	Run test suite	2026-10-02T14:05:49.3975071Z tests/embpy/models/test_ppi_models.py::TestEmbed::test_embed_before_load_raises [32mPASSED[0m[31m [ 26%][0m
PRE-RELEASE DEPENDENCIES	Run test suite	2026-10-02T14:05:49.4073608Z tests/embpy/models/test_ppi_models.py::TestEmbed::test_different_genes_may_differ [32mPASSED[0m[31m [ 26%][0m
PRE-RELEASE DEPENDENCIES	Run test suite	2026-10-02T14:05:49.4171052Z tests/embpy/models/test_ppi_models.py::TestEmbedBatch::test_batch [32mPASSED[0m[31m [ 26%][0m
PRE-RELEASE DEPENDENCIES	Run test suite	2026-10-02T14:05:49.4272108Z tests/embpy/models/test_ppi_models.py::TestEmbedBatch::test_missing_gene_returns_zeros [32mPASSED[0m[31m [ 26%][0m
PRE-RELEASE DEPENDENCIES	Run test suite	2026-10-02T14:05:49.4331570Z tests/embpy/models/test_ppi_models.py::TestEmbedBatch::test_batch_before_load_raises [32mPASSED[0m[31m [ 26%][0m
PRE-RELEASE DEPENDENCIES	Run test suite	2026-10-02T14:05:49.4360028Z tests/embpy/models/test_ppi_models.py::TestProperties::test_embedding_dim_before_load [32mPASSED[0m[31m [ 26%][0m
PRE-RELEASE DEPENDENCIES	Run test suite	2026-10-02T14:05:49.4388575Z tests/embpy/models/test_ppi_models.py::TestProperties::test_num_proteins_before_load [32mPASSED[0m[31m [ 26%][0m
PRE-RELEASE DEPENDENCIES	Run test suite	2026-10-02T14:05:49.4488749Z tests/embpy/models/test_ppi_models.py::TestProperties::test_model_type [32mPASSED[0m[31m [ 26%][0m
PRE-RELEASE DEPENDENCIES	Run test suite	2026-10-02T14:05:49.4546470Z tests/embpy/models/test_ppi_models.py::TestFetchGeneNames::test_maps_accessions [32mPASSED[0m[31m [ 26%][0m
PRE-RELEASE DEPENDENCIES	Run test suite	2026-10-02T14:05:49.4675796Z tests/embpy/models/test_ppi_models.py::TestFetchGeneNames::test_batching [32mPASSED[0m[31m [ 26%][0m
PRE-RELEASE DEPENDENCIES	Run test suite	2026-10-02T14:05:49.4705830Z tests/embpy/models/test_protein_models.py::TestESM2Wrapper::test_init_defaults [32mPASSED[0m[31m [ 26%][0m
PRE-RELEASE DEPENDENCIES	Run test suite	2026-10-02T14:05:49.4735129Z tests/embpy/models/test_protein_models.py::TestESM2Wrapper::test_init_calls_super [32mPASSED[0m[31m [ 27%][0m
PRE-RELEASE DEPENDENCIES	Run test suite	2026-10-02T14:05:49.4765079Z tests/embpy/models/test_protein_models.py::TestESM2Wrapper::test_embed_without_load_raises [32mPASSED[0m[31m [ 27%][0m
PRE-RELEASE DEPENDENCIES	Run test suite	2026-10-02T14:05:49.4794932Z tests/embpy/models/test_protein_models.py::TestESM2Wrapper::test_embed_batch_without_load_raises [32mPASSED[0m[31m [ 27%][0m
PRE-RELEASE DEPENDENCIES	Run test suite	2026-10-02T14:05:49.5162128Z tests/embpy/models/test_protein_models.py::TestESM2Wrapper::test_embed_batch_empty_returns_empty [31mFAILED[0m[31m [ 27%][0m
PRE-RELEASE DEPENDENCIES	Run test suite	2026-10-02T14:05:49.5195178Z tests/embpy/models/test_protein_models.py::TestESM2Wrapper::test_invalid_pooling_raises [32mPASSED[0m[31m [ 27%][0m
PRE-RELEASE DEPENDENCIES	Run test suite	2026-10-02T14:05:49.5224903Z tests/embpy/models/test_protein_models.py::TestESM2Wrapper::test_preprocess_without_tokenizer_raises [32mPASSED[0m[31m [ 27%][0m
PRE-RELEASE DEPENDENCIES	Run test suite	2026-10-02T14:05:49.5263092Z tests/embpy/models/test_protein_models.py::TestESM2Wrapper::test_load_empty_name_raises [32mPASSED[0m[31m [ 27%][0m
PRE-RELEASE DEPENDENCIES	Run test suite	2026-10-02T14:05:49.5301917Z tests/embpy/models/test_protein_models.py::TestESM2Wrapper::test_embed_with_mocked_model [32mPASSED[0m[31m [ 27%][0m
PRE-RELEASE DEPENDENCIES	Run test suite	2026-10-02T14:05:49.5342339Z tests/embpy/models/test_protein_models.py::TestESM2Wrapper::test_embed_pooling_strategies[mean] [32mPASSED[0m[31m [ 27%][0m
PRE-RELEASE DEPENDENCIES	Run test suite	2026-10-02T14:05:49.5381764Z tests/embpy/models/test_protein_models.py::TestESM2Wrapper::test_embed_pooling_strategies[max] [32mPASSED[0m[31m [ 27%][0m
PRE-RELEASE DEPENDENCIES	Run test suite	2026-10-02T14:05:49.5421020Z tests/embpy/models/test_protein_models.py::TestESM2Wrapper::test_embed_pooling_strategies[cls] [32mPASSED[0m[31m [ 27%][0m
PRE-RELEASE DEPENDENCIES	Run test suite	2026-10-02T14:05:49.5458329Z tests/embpy/models/test_protein_models.py::TestESM2Wrapper::test_embed_with_target_layer [32mPASSED[0m[31m [ 27%][0m
PRE-RELEASE DEPENDENCIES	Run test suite	2026-10-02T14:05:49.5831122Z tests/embpy/models/test_protein_models.py::TestESM2Wrapper::test_embed_batch_returns_list [31mFAILED[0m[31m [ 27%][0m
PRE-RELEASE DEPENDENCIES	Run test suite	2026-10-02T14:05:49.5859103Z tests/embpy/models/test_protein_models.py::TestProtT5Wrapper::test_init_defaults [32mPASSED[0m[31m [ 27%][0m
PRE-RELEASE DEPENDENCIES	Run test suite	2026-10-02T14:05:49.5887491Z tests/embpy/models/test_protein_models.py::TestProtT5Wrapper::test_init_custom_name [32mPASSED[0m[31m [ 27%][0m
PRE-RELEASE DEPENDENCIES	Run test suite	2026-10-02T14:05:49.5916382Z tests/embpy/models/test_protein_models.py::TestProtT5Wrapper::test_embed_without_load_raises [32mPASSED[0m[31m [ 28%][0m
PRE-RELEASE DEPENDENCIES	Run test suite	2026-10-02T14:05:49.5944998Z tests/embpy/models/test_protein_models.py::TestProtT5Wrapper::test_embed_batch_without_load_raises [32mPASSED[0m[31m [ 28%][0m
PRE-RELEASE DEPENDENCIES	Run test suite	2026-10-02T14:05:49.6289924Z tests/embpy/models/test_protein_models.py::TestProtT5Wrapper::test_embed_batch_empty_returns_empty [31mFAILED[0m[31m [ 28%][0m
PRE-RELEASE DEPENDENCIES	Run test suite	2026-10-02T14:05:49.6319144Z tests/embpy/models/test_protein_models.py::TestProtT5Wrapper::test_load_empty_name_raises [32mPASSED[0m[31m [ 28%][0m
PRE-RELEASE DEPENDENCIES	Run test suite	2026-10-02T14:05:49.6351045Z tests/embpy/models/test_protein_models.py::TestProtT5Wrapper::test_invalid_pooling_raises [32mPASSED[0m[31m [ 28%][0m
PRE-RELEASE DEPENDENCIES	Run test suite	2026-10-02T14:05:49.6381126Z tests/embpy/models/test_protein_models.py::TestProtT5Wrapper::test_prepare_sequence [32mPASSED[0m[31m [ 28%][0m
PRE-RELEASE DEPENDENCIES	Run test suite	2026-10-02T14:05:49.6409165Z tests/embpy/models/test_protein_models.py::TestProtT5Wrapper::test_prepare_sequence_lowercase [32mPASSED[0m[31m [ 28%][0m
PRE-RELEASE DEPENDENCIES	Run test suite	2026-10-02T14:05:49.6445827Z tests/embpy/models/test_protein_models.py::TestProtT5Wrapper::test_embed_mean_pooling [32mPASSED[0m[31m [ 28%][0m
PRE-RELEASE DEPENDENCIES	Run test suite	2026-10-02T14:05:49.6482977Z tests/embpy/models/test_protein_models.py::TestProtT5Wrapper::test_embed_max_pooling [32mPASSED[0m[31m [ 28%][0m
PRE-RELEASE DEPENDENCIES	Run test suite	2026-10-02T14:05:49.6517926Z tests/embpy/models/test_protein_models.py::TestProtT5Wrapper::test_embed_cls_pooling [32mPASSED[0m[31m [ 28%][0m
PRE-RELEASE DEPENDENCIES	Run test suite	2026-10-02T14:05:49.6556305Z tests/embpy/models/test_protein_models.py::TestProtT5Wrapper::test_embed_all_pooling_strategies[mean] [32mPASSED[0m[31m [ 28%][0m
PRE-RELEASE DEPENDENCIES	Run test suite	2026-10-02T14:05:49.6599869Z tests/embpy/models/test_protein_models.py::TestProtT5Wrapper::test_embed_all_pooling_strategies[max] [32mPASSED[0m[31m [ 28%][0m
PRE-RELEASE DEPENDENCIES	Run test suite	2026-10-02T14:05:49.6637850Z tests/embpy/models/test_protein_models.py::TestProtT5Wrapper::test_embed_all_pooling_strategies[cls] [32mPASSED[0m[31m [ 28%][0m
PRE-RELEASE DEPENDENCIES	Run test suite	2026-10-02T14:05:49.6678034Z tests/embpy/models/test_protein_models.py::TestProtT5Wrapper::test_embed_with_target_layer [32mPASSED[0m[31m [ 28%][0m
PRE-RELEASE DEPENDENCIES	Run test suite	2026-10-02T14:05:49.6724776Z tests/embpy/models/test_protein_models.py::TestProtT5Wrapper::test_embed_target_layer_invalid_raises [32mPASSED[0m[31m [ 28%][0m
PRE-RELEASE DEPENDENCIES	Run test suite	2026-10-02T14:05:49.6895370Z tests/embpy/models/test_protein_models.py::TestProtT5Wrapper::test_embed_batch_returns_list [31mFAILED[0m[31m [ 29%][0m
PRE-RELEASE DEPENDENCIES	Run test suite	2026-10-02T14:05:49.6923968Z tests/embpy/models/test_protein_models.py::TestProtT5Wrapper::test_embedding_dim_constant [32mPASSED[0m[31m [ 29%][0m
PRE-RELEASE DEPENDENCIES	Run test suite	2026-10-02T14:05:49.6952223Z tests/embpy/models/test_protein_models.py::TestProtT5Wrapper::test_available_pooling_strategies [32mPASSED[0m[31m [ 29%][0m
PRE-RELEASE DEPENDENCIES	Run test suite	2026-10-02T14:05:49.6980351Z tests/embpy/models/test_protein_models.py::TestESMCWrapper::test_init [32mPASSED[0m[31m [ 29%][0m
PRE-RELEASE DEPENDENCIES	Run test suite	2026-10-02T14:05:49.7009284Z tests/embpy/models/test_protein_models.py::TestESMCWrapper::test_embed_without_load_raises [32mPASSED[0m[31m [ 29%][0m
PRE-RELEASE DEPENDENCIES	Run test suite	2026-10-02T14:05:49.7040263Z tests/embpy/models/test_protein_models.py::TestESMCWrapper::test_invalid_pooling_raises [32mPASSED[0m[31m [ 29%][0m
PRE-RELEASE DEPENDENCIES	Run test suite	2026-10-02T14:05:49.7068547Z tests/embpy/models/test_protein_models.py::TestESM3Wrapper::test_init_defaults [32mPASSED[0m[31m [ 29%][0m
PRE-RELEASE DEPENDENCIES	Run test suite	2026-10-02T14:05:49.7097257Z tests/embpy/models/test_protein_models.py::TestESM3Wrapper::test_init_custom_model [32mPASSED[0m[31m [ 29%][0m
PRE-RELEASE DEPENDENCIES	Run test suite	2026-10-02T14:05:49.7125672Z tests/embpy/models/test_protein_models.py::TestESM3Wrapper::test_embed_without_load_raises [32mPASSED[0m[31m [ 29%][0m
PRE-RELEASE DEPENDENCIES	Run test suite	2026-10-02T14:05:49.7478742Z tests/embpy/models/test_protein_models.py::TestESM3Wrapper::test_embed_with_mock [31mFAILED[0m[31m [ 29%][0m
PRE-RELEASE DEPENDENCIES	Run test suite	2026-10-02T14:05:49.7962181Z tests/embpy/models/test_protein_models.py::TestESM3Wrapper::test_embed_batch [31mFAILED[0m[31m [ 29%][0m
PRE-RELEASE DEPENDENCIES	Run test suite	2026-10-02T14:05:49.7995575Z tests/embpy/models/test_protein_models.py::TestESM3Wrapper::test_invalid_pooling_raises [32mPASSED[0m[31m [ 29%][0m
PRE-RELEASE DEPENDENCIES	Run test suite	2026-10-02T14:05:49.8026798Z tests/embpy/models/test_scooby_models.py::TestScoobyWrapperInit::test_init_defaults_resolve_onek1k_checkpoint [32mPASSED[0m[31m [ 29%][0m
PRE-RELEASE DEPENDENCIES	Run test suite	2026-10-02T14:05:49.8058499Z tests/embpy/models/test_scooby_models.py::TestScoobyWrapperInit::test_init_neurips_checkpoint [32mPASSED[0m[31m [ 29%][0m
PRE-RELEASE DEPENDENCIES	Run test suite	2026-10-02T14:05:49.8088411Z tests/embpy/models/test_scooby_models.py::TestScoobyWrapperInit::test_init_epicardioids_checkpoint [32mPASSED[0m[31m [ 29%][0m
PRE-RELEASE DEPENDENCIES	Run test suite	2026-10-02T14:05:49.8127834Z tests/embpy/models/test_scooby_models.py::TestScoobyWrapperInit::test_init_unknown_checkpoint_without_hparams_raises [32mPASSED[0m[31m [ 30%][0m
PRE-RELEASE DEPENDENCIES	Run test suite	2026-10-02T14:05:49.8157564Z tests/embpy/models/test_scooby_models.py::TestScoobyWrapperInit::test_init_unknown_checkpoint_with_explicit_hparams [32mPASSED[0m[31m [ 30%][0m
PRE-RELEASE DEPENDENCIES	Run test suite	2026-10-02T14:05:49.8187562Z tests/embpy/models/test_scooby_models.py::TestScoobyWrapperInit::test_init_explicit_hparams_override_known_checkpoint [32mPASSED[0m[31m [ 30%][0m
PRE-RELEASE DEPENDENCIES	Run test suite	2026-10-02T14:05:49.8217209Z tests/embpy/models/test_scooby_models.py::TestScoobyWrapperInit::test_track_names_two_tracks [32mPASSED[0m[31m [ 30%][0m
PRE-RELEASE DEPENDENCIES	Run test suite	2026-10-02T14:05:49.8248072Z tests/embpy/models/test_scooby_models.py::TestScoobyWrapperInit::test_track_names_three_tracks [32mPASSED[0m[31m [ 30%][0m
PRE-RELEASE DEPENDENCIES	Run test suite	2026-10-02T14:05:49.8279880Z tests/embpy/models/test_scooby_models.py::TestScoobyWrapperInit::test_track_names_generic_fallback [32mPASSED[0m[31m [ 30%][0m
PRE-RELEASE DEPENDENCIES	Run test suite	2026-10-02T14:05:49.8317236Z tests/embpy/models/test_scooby_models.py::TestScoobyWrapperInit::test_get_track_metadata [32mPASSED[0m[31m [ 30%][0m
PRE-RELEASE DEPENDENCIES	Run test suite	2026-10-02T14:05:49.8347105Z tests/embpy/models/test_scooby_models.py::TestScoobyWrapperLoad::test_load_without_package_raises [32mPASSED[0m[31m [ 30%][0m
PRE-RELEASE DEPENDENCIES	Run test suite	2026-10-02T14:05:49.8382327Z tests/embpy/models/test_scooby_models.py::TestScoobyWrapperLoad::test_load_already_loaded_is_noop [32mPASSED[0m[31m [ 30%][0m
PRE-RELEASE DEPENDENCIES	Run test suite	2026-10-02T14:05:49.8425611Z tests/embpy/models/test_scooby_models.py::TestScoobyWrapperLoad::test_load_success [32mPASSED[0m[31m [ 30%][0m
PRE-RELEASE DEPENDENCIES	Run test suite	2026-10-02T14:05:49.8470346Z tests/embpy/models/test_scooby_models.py::TestScoobyWrapperLoad::test_load_failure_wraps_in_runtime_error [32mPASSED[0m[31m [ 30%][0m
PRE-RELEASE DEPENDENCIES	Run test suite	2026-10-02T14:05:49.8514992Z tests/embpy/models/test_scooby_models.py::TestScoobyWrapperPreprocess::test_preprocess_pads_short_sequence [32mPASSED[0m[31m [ 30%][0m
PRE-RELEASE DEPENDENCIES	Run test suite	2026-10-02T14:05:49.9728951Z tests/embpy/models/test_scooby_models.py::TestScoobyWrapperPreprocess::test_preprocess_truncates_long_sequence [32mPASSED[0m[31m [ 30%][0m
PRE-RELEASE DEPENDENCIES	Run test suite	2026-10-02T14:05:50.0985164Z tests/embpy/models/test_scooby_models.py::TestScoobyWrapperPreprocess::test_preprocess_exact_length [32mPASSED[0m[31m [ 30%][0m
PRE-RELEASE DEPENDENCIES	Run test suite	2026-10-02T14:05:50.1014625Z tests/embpy/models/test_scooby_models.py::TestScoobyWrapperCellEmbeddings::test_prepare_single_embedding_is_unsqueezed [32mPASSED[0m[31m [ 30%][0m
PRE-RELEASE DEPENDENCIES	Run test suite	2026-10-02T14:05:50.1043860Z tests/embpy/models/test_scooby_models.py::TestScoobyWrapperCellEmbeddings::test_prepare_multi_cell_embeddings [32mPASSED[0m[31m [ 31%][0m
PRE-RELEASE DEPENDENCIES	Run test suite	2026-10-02T14:05:50.1086749Z tests/embpy/models/test_scooby_models.py::TestScoobyWrapperCellEmbeddings::test_prepare_wrong_dim_raises [32mPASSED[0m[31m [ 31%][0m
PRE-RELEASE DEPENDENCIES	Run test suite	2026-10-02T14:05:50.1115471Z tests/embpy/models/test_scooby_models.py::TestScoobyWrapperProfileOffset::test_profile_offset_bp_without_load_raises [32mPASSED[0m[31m [ 31%][0m
PRE-RELEASE DEPENDENCIES	Run test suite	2026-10-02T14:05:50.1147437Z tests/embpy/models/test_scooby_models.py::TestScoobyWrapperProfileOffset::test_profile_offset_bp_computed_from_crop [32mPASSED[0m[31m [ 31%][0m
PRE-RELEASE DEPENDENCIES	Run test suite	2026-10-02T14:05:50.1176186Z tests/embpy/models/test_scooby_models.py::TestScoobyWrapperPredictProfile::test_without_load_raises [32mPASSED[0m[31m [ 31%][0m
PRE-RELEASE DEPENDENCIES	Run test suite	2026-10-02T14:05:50.1227499Z tests/embpy/models/test_scooby_models.py::TestScoobyWrapperPredictProfile::test_single_cell_returns_tracks_by_bins [32mPASSED[0m[31m [ 31%][0m
PRE-RELEASE DEPENDENCIES	Run test suite	2026-10-02T14:05:50.1282148Z tests/embpy/models/test_scooby_models.py::TestScoobyWrapperPredictProfile::test_pseudobulk_aggregation_sums_across_cells [32mPASSED[0m[31m [ 31%][0m
PRE-RELEASE DEPENDENCIES	Run test suite	2026-10-02T14:05:50.1325930Z tests/embpy/models/test_scooby_models.py::TestScoobyWrapperPredictProfile::test_aggregate_none_returns_per_cell [32mPASSED[0m[31m [ 31%][0m
PRE-RELEASE DEPENDENCIES	Run test suite	2026-10-02T14:05:50.1375666Z tests/embpy/models/test_scooby_models.py::TestScoobyWrapperPredictProfile::test_invalid_aggregate_raises [32mPASSED[0m[31m [ 31%][0m
PRE-RELEASE DEPENDENCIES	Run test suite	2026-10-02T14:05:50.1419360Z tests/embpy/models/test_scooby_models.py::TestScoobyWrapperPredictProfile::test_track_indices_subsets_output [32mPASSED[0m[31m [ 31%][0m
PRE-RELEASE DEPENDENCIES	Run test suite	2026-10-02T14:05:50.1461942Z tests/embpy/models/test_scooby_models.py::TestScoobyWrapperPredictProfile::test_undo_squashed_scale_false_skips_transform [32mPASSED[0m[31m [ 31%][0m
PRE-RELEASE DEPENDENCIES	Run test suite	2026-10-02T14:05:50.1507393Z tests/embpy/models/test_scooby_models.py::TestScoobyWrapperPredictProfile::test_undo_squashed_scale_without_package_raises [32mPASSED[0m[31m [ 31%][0m
PRE-RELEASE DEPENDENCIES	Run test suite	2026-10-02T14:05:50.1563091Z tests/embpy/models/test_scooby_models.py::TestScoobyWrapperPredictProfile::test_unexpected_output_shape_raises [32mPASSED[0m[31m [ 31%][0m
PRE-RELEASE DEPENDENCIES	Run test suite	2026-10-02T14:05:50.1592327Z tests/embpy/models/test_scooby_models.py::TestScoobyWrapperEmbed::test_embed_without_load_raises [32mPASSED[0m[31m [ 31%][0m
PRE-RELEASE DEPENDENCIES	Run test suite	2026-10-02T14:05:50.1622116Z tests/embpy/models/test_scooby_models.py::TestScoobyWrapperEmbed::test_embed_batch_without_load_raises [32mPASSED[0m[31m [ 31%][0m
PRE-RELEASE DEPENDENCIES	Run test suite	2026-10-02T14:05:50.1653465Z tests/embpy/models/test_scooby_models.py::TestScoobyWrapperEmbed::test_embed_invalid_pooling_raises [32mPASSED[0m[31m [ 32%][0m
PRE-RELEASE DEPENDENCIES	Run test suite	2026-10-02T14:05:50.1695160Z tests/embpy/models/test_scooby_models.py::TestScoobyWrapperEmbed::test_embed_mean_pooling [32mPASSED[0m[31m [ 32%][0m
PRE-RELEASE DEPENDENCIES	Run test suite	2026-10-02T14:05:50.1734925Z tests/embpy/models/test_scooby_models.py::TestScoobyWrapperEmbed::test_embed_max_pooling [32mPASSED[0m[31m [ 32%][0m
PRE-RELEASE DEPENDENCIES	Run test suite	2026-10-02T14:05:50.1772819Z tests/embpy/models/test_scooby_models.py::TestScoobyWrapperEmbed::test_embed_median_pooling [32mPASSED[0m[31m [ 32%][0m
PRE-RELEASE DEPENDENCIES	Run test suite	2026-10-02T14:05:50.1808281Z tests/embpy/models/test_scooby_models.py::TestScoobyWrapperEmbed::test_embed_none_pooling_returns_per_bin [32mPASSED[0m[31m [ 32%][0m
PRE-RELEASE DEPENDENCIES	Run test suite	2026-10-02T14:05:50.1863773Z tests/embpy/models/test_scooby_models.py::TestScoobyWrapperEmbed::test_embed_unexpected_trunk_shape_raises [32mPASSED[0m[31m [ 32%][0m
PRE-RELEASE DEPENDENCIES	Run test suite	2026-10-02T14:05:50.1912731Z tests/embpy/models/test_scooby_models.py::TestScoobyWrapperEmbed::test_embed_batch_calls_embed_per_sequence [32mPASSED[0m[31m [ 32%][0m
PRE-RELEASE DEPENDENCIES	Run test suite	2026-10-02T14:05:50.1949564Z tests/embpy/models/test_scooby_models.py::TestScoobyWrapperEmbed::test_embed_batch_empty_returns_empty [32mPASSED[0m[31m [ 32%][0m
PRE-RELEASE DEPENDENCIES	Run test suite	2026-10-02T14:05:50.1977739Z tests/embpy/models/test_singlecell_models.py::TestRegistry::test_list_models_returns_list [32mPASSED[0m[31m [ 32%][0m
PRE-RELEASE DEPENDENCIES	Run test suite	2026-10-02T14:05:50.2006269Z tests/embpy/models/test_singlecell_models.py::TestRegistry::test_known_keys_present [32mPASSED[0m[31m [ 32%][0m
PRE-RELEASE DEPENDENCIES	Run test suite	2026-10-02T14:05:50.2035030Z tests/embpy/models/test_singlecell_models.py::TestRegistry::test_singlecell_info_valid [32mPASSED[0m[31m [ 32%][0m
PRE-RELEASE DEPENDENCIES	Run test suite	2026-10-02T14:05:50.2075290Z tests/embpy/models/test_singlecell_models.py::TestRegistry::test_singlecell_info_invalid [32mPASSED[0m[31m [ 32%][0m
PRE-RELEASE DEPENDENCIES	Run test suite	2026-10-02T14:05:50.2103861Z tests/embpy/models/test_singlecell_models.py::TestRegistry::test_all_cards_have_description [32mPASSED[0m[31m [ 32%][0m
PRE-RELEASE DEPENDENCIES	Run test suite	2026-10-02T14:05:50.2132869Z tests/embpy/models/test_singlecell_models.py::TestRegistry::test_all_cards_have_wrapper_class [32mPASSED[0m[31m [ 32%][0m
PRE-RELEASE DEPENDENCIES	Run test suite	2026-10-02T14:05:50.2161097Z tests/embpy/models/test_singlecell_models.py::TestRegistry::test_preprocessing_policy_metadata [32mPASSED[0m[31m [ 32%][0m
PRE-RELEASE DEPENDENCIES	Run test suite	2026-10-02T14:05:50.2190137Z tests/embpy/models/test_singlecell_models.py::TestRegistry::test_resolve_singlecell_preprocessing_auto [32mPASSED[0m[31m [ 33%][0m
PRE-RELEASE DEPENDENCIES	Run test suite	2026-10-02T14:05:50.2218184Z tests/embpy/models/test_singlecell_models.py::TestFactory::test_get_wrapper_returns_correct_type [32mPASSED[0m[31m [ 33%][0m
PRE-RELEASE DEPENDENCIES	Run test suite	2026-10-02T14:05:50.2246950Z tests/embpy/models/test_singlecell_models.py::TestFactory::test_get_wrapper_geneformer [32mPASSED[0m[31m [ 33%][0m
PRE-RELEASE DEPENDENCIES	Run test suite	2026-10-02T14:05:50.2275017Z tests/embpy/models/test_singlecell_models.py::TestFactory::test_get_wrapper_uce [32mPASSED[0m[31m [ 33%][0m
PRE-RELEASE DEPENDENCIES	Run test suite	2026-10-02T14:05:50.2303306Z tests/embpy/models/test_singlecell_models.py::TestFactory::test_get_wrapper_transcriptformer [32mPASSED[0m[31m [ 33%][0m
PRE-RELEASE DEPENDENCIES	Run test suite	2026-10-02T14:05:50.2331356Z tests/embpy/models/test_singlecell_models.py::TestFactory::test_get_wrapper_tahoe [32mPASSED[0m[31m [ 33%][0m
PRE-RELEASE DEPENDENCIES	Run test suite	2026-10-02T14:05:50.2359213Z tests/embpy/models/test_singlecell_models.py::TestFactory::test_get_wrapper_cell2sentence [32mPASSED[0m[31m [ 33%][0m
PRE-RELEASE DEPENDENCIES	Run test suite	2026-10-02T14:05:50.2387862Z tests/embpy/models/test_singlecell_models.py::TestFactory::test_factory_invalid_key [32mPASSED[0m[31m [ 33%][0m
PRE-RELEASE DEPENDENCIES	Run test suite	2026-10-02T14:05:50.2416265Z tests/embpy/models/test_singlecell_models.py::TestFactory::test_factory_passes_batch_size [32mPASSED[0m[31m [ 33%][0m
PRE-RELEASE DEPENDENCIES	Run test suite	2026-10-02T14:05:50.2444963Z tests/embpy/models/test_singlecell_models.py::TestSingleCellWrapperABC::test_cannot_instantiate [32mPASSED[0m[31m [ 33%][0m
PRE-RELEASE DEPENDENCIES	Run test suite	2026-10-02T14:05:50.2473136Z tests/embpy/models/test_singlecell_models.py::TestSingleCellWrapperABC::test_repr [32mPASSED[0m[31m [ 33%][0m
PRE-RELEASE DEPENDENCIES	Run test suite	2026-10-02T14:05:50.2501867Z tests/embpy/models/test_singlecell_models.py::TestSingleCellWrapperABC::test_embedding_dim_before_load [32mPASSED[0m[31m [ 33%][0m
PRE-RELEASE DEPENDENCIES	Run test suite	2026-10-02T14:05:50.2530408Z tests/embpy/models/test_singlecell_models.py::TestSingleCellWrapperABC::test_model_type [32mPASSED[0m[31m [ 33%][0m
PRE-RELEASE DEPENDENCIES	Run test suite	2026-10-02T14:05:50.2573962Z tests/embpy/models/test_singlecell_models.py::TestScGPT::test_load_and_embed [32mPASSED[0m[31m [ 33%][0m
PRE-RELEASE DEPENDENCIES	Run test suite	2026-10-02T14:05:50.2604475Z tests/embpy/models/test_singlecell_models.py::TestScGPT::test_embed_before_load_raises [32mPASSED[0m[31m [ 33%][0m
PRE-RELEASE DEPENDENCIES	Run test suite	2026-10-02T14:05:50.2634749Z tests/embpy/models/test_singlecell_models.py::TestScGPT::test_embedding_dim_after_mock_load [32mPASSED[0m[31m [ 34%][0m
PRE-RELEASE DEPENDENCIES	Run test suite	2026-10-02T14:05:50.2672034Z tests/embpy/models/test_singlecell_models.py::TestGeneformer::test_embed_with_mock [32mPASSED[0m[31m [ 34%][0m
PRE-RELEASE DEPENDENCIES	Run test suite	2026-10-02T14:05:50.2702639Z tests/embpy/models/test_singlecell_models.py::TestGeneformer::test_embed_before_load_raises [32mPASSED[0m[31m [ 34%][0m
PRE-RELEASE DEPENDENCIES	Run test suite	2026-10-02T14:05:50.2742565Z tests/embpy/models/test_singlecell_models.py::TestUCE::test_embed_with_mock [32mPASSED[0m[31m [ 34%][0m
PRE-RELEASE DEPENDENCIES	Run test suite	2026-10-02T14:05:50.2772335Z tests/embpy/models/test_singlecell_models.py::TestUCE::test_embedding_dim [32mPASSED[0m[31m [ 34%][0m
PRE-RELEASE DEPENDENCIES	Run test suite	2026-10-02T14:05:50.2802630Z tests/embpy/models/test_singlecell_models.py::TestUCE::test_embed_before_load_raises [32mPASSED[0m[31m [ 34%][0m
PRE-RELEASE DEPENDENCIES	Run test suite	2026-10-02T14:05:50.2840177Z tests/embpy/models/test_singlecell_models.py::TestTranscriptFormer::test_embed_with_mock [32mPASSED[0m[31m [ 34%][0m
PRE-RELEASE DEPENDENCIES	Run test suite	2026-10-02T14:05:50.2870839Z tests/embpy/models/test_singlecell_models.py::TestTranscriptFormer::test_embed_before_load_raises [32mPASSED[0m[31m [ 34%][0m
PRE-RELEASE DEPENDENCIES	Run test suite	2026-10-02T14:05:50.2907241Z tests/embpy/models/test_singlecell_models.py::TestTahoe::test_embed_with_mock [32mPASSED[0m[31m [ 34%][0m
PRE-RELEASE DEPENDENCIES	Run test suite	2026-10-02T14:05:50.2939139Z tests/embpy/models/test_singlecell_models.py::TestTahoe::test_embed_before_load_raises [32mPASSED[0m[31m [ 34%][0m
PRE-RELEASE DEPENDENCIES	Run test suite	2026-10-02T14:05:50.2975415Z tests/embpy/models/test_singlecell_models.py::TestCell2Sentence::test_embed_with_mock [32mPASSED[0m[31m [ 34%][0m
PRE-RELEASE DEPENDENCIES	Run test suite	2026-10-02T14:05:50.3006437Z tests/embpy/models/test_singlecell_models.py::TestCell2Sentence::test_embed_before_load_raises [32mPASSED[0m[31m [ 34%][0m
PRE-RELEASE DEPENDENCIES	Run test suite	2026-10-02T14:05:50.3042673Z tests/embpy/models/test_singlecell_models.py::TestRequireHelical::test_import_error_message [32mPASSED[0m[31m [ 34%][0m
PRE-RELEASE DEPENDENCIES	Run test suite	2026-10-02T14:05:50.3071478Z tests/embpy/models/test_singlecell_models.py::TestPCAEmbedding::test_init_defaults [32mPASSED[0m[31m [ 34%][0m
PRE-RELEASE DEPENDENCIES	Run test suite	2026-10-02T14:05:50.3100052Z tests/embpy/models/test_singlecell_models.py::TestPCAEmbedding::test_load_is_noop [32mPASSED[0m[31m [ 34%][0m
PRE-RELEASE DEPENDENCIES	Run test suite	2026-10-02T14:05:50.3202057Z tests/embpy/models/test_singlecell_models.py::TestPCAEmbedding::test_embed_cells_shape [32mPASSED[0m[31m [ 35%][0m
PRE-RELEASE DEPENDENCIES	Run test suite	2026-10-02T14:05:50.3283611Z tests/embpy/models/test_singlecell_models.py::TestPCAEmbedding::test_embed_cells_with_hvg [32mPASSED[0m[31m [ 35%][0m
PRE-RELEASE DEPENDENCIES	Run test suite	2026-10-02T14:05:50.3358692Z tests/embpy/models/test_singlecell_models.py::TestPCAEmbedding::test_embed_cells_without_hvg [32mPASSED[0m[31m [ 35%][0m
PRE-RELEASE DEPENDENCIES	Run test suite	2026-10-02T14:05:50.3434708Z tests/embpy/models/test_singlecell_models.py::TestPCAEmbedding::test_embed_cells_from_x [32mPASSED[0m[31m [ 35%][0m
PRE-RELEASE DEPENDENCIES	Run test suite	2026-10-02T14:05:50.3462864Z tests/embpy/models/test_singlecell_models.py::TestPCAEmbedding::test_embedding_dim_property [32mPASSED[0m[31m [ 35%][0m
PRE-RELEASE DEPENDENCIES	Run test suite	2026-10-02T14:05:50.3491364Z tests/embpy/models/test_singlecell_models.py::TestPCAEmbedding::test_registry_entry [32mPASSED[0m[31m [ 35%][0m
PRE-RELEASE DEPENDENCIES	Run test suite	2026-10-02T14:05:50.3519816Z tests/embpy/models/test_singlecell_models.py::TestPCAEmbedding::test_factory [32mPASSED[0m[31m [ 35%][0m
PRE-RELEASE DEPENDENCIES	Run test suite	2026-10-02T14:05:50.3548220Z tests/embpy/models/test_singlecell_models.py::TestScVIToolsWrapper::test_init_defaults [32mPASSED[0m[31m [ 35%][0m
PRE-RELEASE DEPENDENCIES	Run test suite	2026-10-02T14:05:50.3576315Z tests/embpy/models/test_singlecell_models.py::TestScVIToolsWrapper::test_init_custom_params [32mPASSED[0m[31m [ 35%][0m
PRE-RELEASE DEPENDENCIES	Run test suite	2026-10-02T14:05:50.3604256Z tests/embpy/models/test_singlecell_models.py::TestScVIToolsWrapper::test_load_is_noop [32mPASSED[0m[31m [ 35%][0m
PRE-RELEASE DEPENDENCIES	Run test suite	2026-10-02T14:05:50.3632659Z tests/embpy/models/test_singlecell_models.py::TestScVIToolsWrapper::test_embedding_dim_property [32mPASSED[0m[31m [ 35%][0m
PRE-RELEASE DEPENDENCIES	Run test suite	2026-10-02T14:05:50.3666050Z tests/embpy/models/test_singlecell_models.py::TestScVIToolsWrapper::test_invalid_model_class [32mPASSED[0m[31m [ 35%][0m
PRE-RELEASE DEPENDENCIES	Run test suite	2026-10-02T14:05:50.3694114Z tests/embpy/models/test_singlecell_models.py::TestScVIToolsWrapper::test_registry_entries [32mPASSED[0m[31m [ 35%][0m
PRE-RELEASE DEPENDENCIES	Run test suite	2026-10-02T14:05:50.3722655Z tests/embpy/models/test_singlecell_models.py::TestScVIToolsWrapper::test_factory_scvi [32mPASSED[0m[31m [ 35%][0m
PRE-RELEASE DEPENDENCIES	Run test suite	2026-10-02T14:05:50.3750698Z tests/embpy/models/test_singlecell_models.py::TestScVIToolsWrapper::test_factory_scanvi [32mPASSED[0m[31m [ 35%][0m
PRE-RELEASE DEPENDENCIES	Run test suite	2026-10-02T14:05:50.3779015Z tests/embpy/models/test_singlecell_models.py::TestStateEmbeddingWrapper::test_init_defaults [32mPASSED[0m[31m [ 36%][0m
PRE-RELEASE DEPENDENCIES	Run test suite	2026-10-02T14:05:50.3807106Z tests/embpy/models/test_singlecell_models.py::TestStateEmbeddingWrapper::test_init_with_checkpoint [32mPASSED[0m[31m [ 36%][0m
PRE-RELEASE DEPENDENCIES	Run test suite	2026-10-02T14:05:50.3837718Z tests/embpy/models/test_singlecell_models.py::TestStateEmbeddingWrapper::test_embed_before_load_raises [32mPASSED[0m[31m [ 36%][0m
PRE-RELEASE DEPENDENCIES	Run test suite	2026-10-02T14:05:50.3873869Z tests/embpy/models/test_singlecell_models.py::TestStateEmbeddingWrapper::test_load_missing_package_raises [32mPASSED[0m[31m [ 36%][0m
PRE-RELEASE DEPENDENCIES	Run test suite	2026-10-02T14:05:50.3917654Z tests/embpy/models/test_singlecell_models.py::TestStateEmbeddingWrapper::test_load_no_checkpoint_raises [32mPASSED[0m[31m [ 36%][0m
PRE-RELEASE DEPENDENCIES	Run test suite	2026-10-02T14:05:50.3965797Z tests/embpy/models/test_singlecell_models.py::TestStateEmbeddingWrapper::test_embed_with_mock_inferer [32mPASSED[0m[31m [ 36%][0m
PRE-RELEASE DEPENDENCIES	Run test suite	2026-10-02T14:05:50.3994127Z tests/embpy/models/test_singlecell_models.py::TestStateEmbeddingWrapper::test_registry_entry [32mPASSED[0m[31m [ 36%][0m
PRE-RELEASE DEPENDENCIES	Run test suite	2026-10-02T14:05:50.4022537Z tests/embpy/models/test_singlecell_models.py::TestStateEmbeddingWrapper::test_registry_card [32mPASSED[0m[31m [ 36%][0m
PRE-RELEASE DEPENDENCIES	Run test suite	2026-10-02T14:05:50.4050747Z tests/embpy/models/test_singlecell_models.py::TestStateEmbeddingWrapper::test_factory [32mPASSED[0m[31m [ 36%][0m
PRE-RELEASE DEPENDENCIES	Run test suite	2026-10-02T14:05:50.4078869Z tests/embpy/models/test_singlecell_models.py::TestStateEmbeddingWrapper::test_repr [32mPASSED[0m[31m [ 36%][0m
PRE-RELEASE DEPENDENCIES	Run test suite	2026-10-02T14:05:50.4107589Z tests/embpy/models/test_singlecell_models.py::TestStackWrapper::test_init_defaults [32mPASSED[0m[31m [ 36%][0m
PRE-RELEASE DEPENDENCIES	Run test suite	2026-10-02T14:05:50.4135996Z tests/embpy/models/test_singlecell_models.py::TestStackWrapper::test_init_with_paths [32mPASSED[0m[31m [ 36%][0m
PRE-RELEASE DEPENDENCIES	Run test suite	2026-10-02T14:05:50.4166601Z tests/embpy/models/test_singlecell_models.py::TestStackWrapper::test_embed_before_load_raises [32mPASSED[0m[31m [ 36%][0m
PRE-RELEASE DEPENDENCIES	Run test suite	2026-10-02T14:05:50.4202525Z tests/embpy/models/test_singlecell_models.py::TestStackWrapper::test_load_missing_package_raises [32mPASSED[0m[31m [ 36%][0m
PRE-RELEASE DEPENDENCIES	Run test suite	2026-10-02T14:05:50.4234561Z tests/embpy/models/test_singlecell_models.py::TestStackWrapper::test_load_missing_checkpoint_raises [32mPASSED[0m[31m [ 36%][0m
PRE-RELEASE DEPENDENCIES	Run test suite	2026-10-02T14:05:50.4265980Z tests/embpy/models/test_singlecell_models.py::TestStackWrapper::test_load_missing_genelist_raises [32mPASSED[0m[31m [ 37%][0m
PRE-RELEASE DEPENDENCIES	Run test suite	2026-10-02T14:05:50.4306162Z tests/embpy/models/test_singlecell_models.py::TestStackWrapper::test_embed_with_mock [32mPASSED[0m[31m [ 37%][0m
PRE-RELEASE DEPENDENCIES	Run test suite	2026-10-02T14:05:50.4334729Z tests/embpy/models/test_singlecell_models.py::TestStackWrapper::test_registry_entry [32mPASSED[0m[31m [ 37%][0m
PRE-RELEASE DEPENDENCIES	Run test suite	2026-10-02T14:05:50.4362945Z tests/embpy/models/test_singlecell_models.py::TestStackWrapper::test_registry_card [32mPASSED[0m[31m [ 37%][0m
PRE-RELEASE DEPENDENCIES	Run test suite	2026-10-02T14:05:50.4391107Z tests/embpy/models/test_singlecell_models.py::TestStackWrapper::test_factory [32mPASSED[0m[31m [ 37%][0m
PRE-RELEASE DEPENDENCIES	Run test suite	2026-10-02T14:05:50.4420380Z tests/embpy/models/test_singlecell_models.py::TestStackWrapper::test_factory_passes_kwargs [32mPASSED[0m[31m [ 37%][0m
PRE-RELEASE DEPENDENCIES	Run test suite	2026-10-02T14:05:50.4450177Z tests/embpy/models/test_singlecell_models.py::TestStackWrapper::test_repr [32mPASSED[0m[31m [ 37%][0m
PRE-RELEASE DEPENDENCIES	Run test suite	2026-10-02T14:05:50.4480365Z tests/embpy/models/test_singlecell_models.py::TestCapabilityFlags::test_card_flags_encoder_decoders [32mPASSED[0m[31m [ 37%][0m
PRE-RELEASE DEPENDENCIES	Run test suite	2026-10-02T14:05:50.4510292Z tests/embpy/models/test_singlecell_models.py::TestCapabilityFlags::test_card_flags_stack [32mPASSED[0m[31m [ 37%][0m
PRE-RELEASE DEPENDENCIES	Run test suite	2026-10-02T14:05:50.4540411Z tests/embpy/models/test_singlecell_models.py::TestCapabilityFlags::test_card_flags_encoder_only [32mPASSED[0m[31m [ 37%][0m
PRE-RELEASE DEPENDENCIES	Run test suite	2026-10-02T14:05:50.4570791Z tests/embpy/models/test_singlecell_models.py::TestCapabilityFlags::test_card_and_wrapper_flags_agree [32mPASSED[0m[31m [ 37%][0m
PRE-RELEASE DEPENDENCIES	Run test suite	2026-10-02T14:05:50.4642690Z tests/embpy/models/test_singlecell_models.py::TestBaseStubs::test_encoder_only_wrapper_decode_raises [32mPASSED[0m[31m [ 37%][0m
PRE-RELEASE DEPENDENCIES	Run test suite	2026-10-02T14:05:50.4673127Z tests/embpy/models/test_singlecell_models.py::TestBaseStubs::test_encoder_only_wrapper_generate_raises [32mPASSED[0m[31m [ 37%][0m
PRE-RELEASE DEPENDENCIES	Run test suite	2026-10-02T14:05:50.4707709Z tests/embpy/models/test_singlecell_models.py::TestBaseStubs::test_pca_does_not_generate [32mPASSED[0m[31m [ 37%][0m
PRE-RELEASE DEPENDENCIES	Run test suite	2026-10-02T14:05:50.4737803Z tests/embpy/models/test_singlecell_models.py::TestBaseStubs::test_stack_does_not_decode [32mPASSED[0m[31m [ 38%][0m
PRE-RELEASE DEPENDENCIES	Run test suite	2026-10-02T14:05:50.4773488Z tests/embpy/models/test_singlecell_models.py::TestPCADecode::test_decode_before_embed_raises [32mPASSED[0m[31m [ 38%][0m
PRE-RELEASE DEPENDENCIES	Run test suite	2026-10-02T14:05:50.4866736Z tests/embpy/models/test_singlecell_models.py::TestPCADecode::test_roundtrip_shape_full_gene_panel [32mPASSED[0m[31m [ 38%][0m
PRE-RELEASE DEPENDENCIES	Run test suite	2026-10-02T14:05:50.4953830Z tests/embpy/models/test_singlecell_models.py::TestPCADecode::test_roundtrip_non_hvg_columns_are_zero [32mPASSED[0m[31m [ 38%][0m
PRE-RELEASE DEPENDENCIES	Run test suite	2026-10-02T14:05:50.5032507Z tests/embpy/models/test_singlecell_models.py::TestPCADecode::test_roundtrip_no_hvg_full_reconstruction [32mPASSED[0m[31m [ 38%][0m
PRE-RELEASE DEPENDENCIES	Run test suite	2026-10-02T14:05:50.5120025Z tests/embpy/models/test_singlecell_models.py::TestPCADecode::test_decode_caches_ignore_unused_args [32mPASSED[0m[31m [ 38%][0m
PRE-RELEASE DEPENDENCIES	Run test suite	2026-10-02T14:05:50.5182550Z tests/embpy/models/test_singlecell_models.py::TestPCADecode::test_reconstruction_approaches_identity_when_rank_matches [32mPASSED[0m[31m [ 38%][0m
PRE-RELEASE DEPENDENCIES	Run test suite	2026-10-02T14:05:50.5212914Z tests/embpy/models/test_singlecell_models.py::TestScVIDecode::test_decode_before_train_raises [32mPASSED[0m[31m [ 38%][0m
PRE-RELEASE DEPENDENCIES	Run test suite	2026-10-02T14:05:50.5258271Z tests/embpy/models/test_singlecell_models.py::TestScVIDecode::test_decode_routes_through_generative_module [32mPASSED[0m[31m [ 38%][0m
PRE-RELEASE DEPENDENCIES	Run test suite	2026-10-02T14:05:50.5299859Z tests/embpy/models/test_singlecell_models.py::TestScVIDecode::test_decode_scanvi_adds_y_label [32mPASSED[0m[31m [ 38%][0m
PRE-RELEASE DEPENDENCIES	Run test suite	2026-10-02T14:05:50.5341687Z tests/embpy/models/test_singlecell_models.py::TestScVIDecode::test_decode_unwraps_distribution [32mPASSED[0m[31m [ 38%][0m
PRE-RELEASE DEPENDENCIES	Run test suite	2026-10-02T14:05:50.5386888Z tests/embpy/models/test_singlecell_models.py::TestScVIDecode::test_decode_missing_output_key_raises [32mPASSED[0m[31m [ 38%][0m
PRE-RELEASE DEPENDENCIES	Run test suite	2026-10-02T14:05:50.5417167Z tests/embpy/models/test_singlecell_models.py::TestStateDecode::test_decode_before_load_raises [32mPASSED[0m[31m [ 38%][0m
PRE-RELEASE DEPENDENCIES	Run test suite	2026-10-02T14:05:50.5453828Z tests/embpy/models/test_singlecell_models.py::TestStateDecode::test_decode_requires_gene_names [32mPASSED[0m[31m [ 38%][0m
PRE-RELEASE DEPENDENCIES	Run test suite	2026-10-02T14:05:50.5509819Z tests/embpy/models/test_singlecell_models.py::TestStateDecode::test_decode_routes_through_inferer [32mPASSED[0m[31m [ 38%][0m
PRE-RELEASE DEPENDENCIES	Run test suite	2026-10-02T14:05:50.5578462Z tests/embpy/models/test_singlecell_models.py::TestStateDecode::test_decode_uses_adata_var_names_fallback [32mPASSED[0m[31m [ 39%][0m
PRE-RELEASE DEPENDENCIES	Run test suite	2026-10-02T14:05:50.5627805Z tests/embpy/models/test_singlecell_models.py::TestStateDecode::test_decode_handles_trailing_singleton_dim [32mPASSED[0m[31m [ 39%][0m
PRE-RELEASE DEPENDENCIES	Run test suite	2026-10-02T14:05:50.5665546Z tests/embpy/models/test_singlecell_models.py::TestStackGenerate::test_generate_requires_checkpoint_and_genelist [32mPASSED[0m[31m [ 39%][0m
PRE-RELEASE DEPENDENCIES	Run test suite	2026-10-02T14:05:50.5701064Z tests/embpy/models/test_singlecell_models.py::TestStackGenerate::test_generate_import_error_propagates [32mPASSED[0m[31m [ 39%][0m
PRE-RELEASE DEPENDENCIES	Run test suite	2026-10-02T14:05:50.6110552Z tests/embpy/models/test_singlecell_models.py::TestStackGenerate::test_generate_routes_through_generate [32mPASSED[0m[31m [ 39%][0m
PRE-RELEASE DEPENDENCIES	Run test suite	2026-10-02T14:05:50.6740982Z tests/embpy/models/test_singlecell_models.py::TestStackGenerate::test_generate_auto_single_donor_shortcut [32mPASSED[0m[31m [ 39%][0m
PRE-RELEASE DEPENDENCIES	Run test suite	2026-10-02T14:05:52.0157695Z tests/embpy/models/test_singlecell_models.py::TestBioEmbedderDecode::test_decode_unknown_model_raises [32mPASSED[0m[31m [ 39%][0m
PRE-RELEASE DEPENDENCIES	Run test suite	2026-10-02T14:05:53.3481716Z tests/embpy/models/test_singlecell_models.py::TestBioEmbedderDecode::test_decode_non_decoder_model_raises [32mPASSED[0m[31m [ 39%][0m
PRE-RELEASE DEPENDENCIES	Run test suite	2026-10-02T14:05:54.6730742Z tests/embpy/models/test_singlecell_models.py::TestBioEmbedderDecode::test_decode_without_latent_or_adata_raises [32mPASSED[0m[31m [ 39%][0m
PRE-RELEASE DEPENDENCIES	Run test suite	2026-10-02T14:05:55.9951280Z tests/embpy/models/test_singlecell_models.py::TestBioEmbedderDecode::test_decode_missing_obsm_key_raises [32mPASSED[0m[31m [ 39%][0m
PRE-RELEASE DEPENDENCIES	Run test suite	2026-10-02T14:05:57.3165617Z tests/embpy/models/test_singlecell_models.py::TestBioEmbedderDecode::test_decode_no_cached_wrapper_raises [32mPASSED[0m[31m [ 39%][0m
PRE-RELEASE DEPENDENCIES	Run test suite	2026-10-02T14:05:58.9438917Z tests/embpy/models/test_singlecell_models.py::TestBioEmbedderDecode::test_embed_then_decode_pca_roundtrip [32mPASSED[0m[31m [ 39%][0m
PRE-RELEASE DEPENDENCIES	Run test suite	2026-10-02T14:06:00.0835821Z tests/embpy/models/test_singlecell_models.py::TestBioEmbedderDecode::test_decode_writes_to_layer [32mPASSED[0m[31m [ 39%][0m
PRE-RELEASE DEPENDENCIES	Run test suite	2026-10-02T14:06:01.2136700Z tests/embpy/models/test_singlecell_models.py::TestBioEmbedderDecode::test_generate_non_generator_model_raises [32mPASSED[0m[31m [ 39%][0m
PRE-RELEASE DEPENDENCIES	Run test suite	2026-10-02T14:06:02.3506455Z tests/embpy/models/test_singlecell_models.py::TestBioEmbedderDecode::test_generate_without_wrapper_raises [32mPASSED[0m[31m [ 39%][0m
PRE-RELEASE DEPENDENCIES	Run test suite	2026-10-02T14:06:03.7083919Z tests/embpy/models/test_singlecell_models.py::TestBioEmbedderDecode::test_generate_uses_user_wrapper [32mPASSED[0m[31m [ 40%][0m
PRE-RELEASE DEPENDENCIES	Run test suite	2026-10-02T14:06:03.7114121Z tests/embpy/models/test_text_models.py::TestTextLLMWrapper::test_init_defaults [32mPASSED[0m[31m [ 40%][0m
PRE-RELEASE DEPENDENCIES	Run test suite	2026-10-02T14:06:03.7142728Z tests/embpy/models/test_text_models.py::TestTextLLMWrapper::test_init_custom [32mPASSED[0m[31m [ 40%][0m
PRE-RELEASE DEPENDENCIES	Run test suite	2026-10-02T14:06:03.7173436Z tests/embpy/models/test_text_models.py::TestTextLLMWrapper::test_embed_without_load_raises [32mPASSED[0m[31m [ 40%][0m
PRE-RELEASE DEPENDENCIES	Run test suite	2026-10-02T14:06:03.7202683Z tests/embpy/models/test_text_models.py::TestTextLLMWrapper::test_embed_batch_without_load_raises [32mPASSED[0m[31m [ 40%][0m
PRE-RELEASE DEPENDENCIES	Run test suite	2026-10-02T14:06:03.7233132Z tests/embpy/models/test_text_models.py::TestTextLLMWrapper::test_embed_batch_empty_returns_empty [32mPASSED[0m[31m [ 40%][0m
PRE-RELEASE DEPENDENCIES	Run test suite	2026-10-02T14:06:03.7263831Z tests/embpy/models/test_text_models.py::TestTextLLMWrapper::test_invalid_pooling_raises [32mPASSED[0m[31m [ 40%][0m
PRE-RELEASE DEPENDENCIES	Run test suite	2026-10-02T14:06:03.7293436Z tests/embpy/models/test_text_models.py::TestTextLLMWrapper::test_load_with_none_name_raises [32mPASSED[0m[31m [ 40%][0m
PRE-RELEASE DEPENDENCIES	Run test suite	2026-10-02T14:06:03.7322330Z tests/embpy/models/test_text_models.py::TestTextLLMWrapper::test_preprocess_without_tokenizer_raises [32mPASSED[0m[31m [ 40%][0m
PRE-RELEASE DEPENDENCIES	Run test suite	2026-10-02T14:06:03.7365360Z tests/embpy/models/test_text_models.py::TestTextLLMWrapper::test_embed_with_mocked_model [32mPASSED[0m[31m [ 40%][0m
PRE-RELEASE DEPENDENCIES	Run test suite	2026-10-02T14:06:03.7406293Z tests/embpy/models/test_text_models.py::TestTextLLMWrapper::test_embed_all_pooling_strategies[mean] [32mPASSED[0m[31m [ 40%][0m
PRE-RELEASE DEPENDENCIES	Run test suite	2026-10-02T14:06:03.7445762Z tests/embpy/models/test_text_models.py::TestTextLLMWrapper::test_embed_all_pooling_strategies[max] [32mPASSED[0m[31m [ 40%][0m
PRE-RELEASE DEPENDENCIES	Run test suite	2026-10-02T14:06:03.7487045Z tests/embpy/models/test_text_models.py::TestTextLLMWrapper::test_embed_all_pooling_strategies[cls] [32mPASSED[0m[31m [ 40%][0m
PRE-RELEASE DEPENDENCIES	Run test suite	2026-10-02T14:06:03.7526302Z tests/embpy/models/test_text_models.py::TestTextLLMWrapper::test_embed_with_target_layer [32mPASSED[0m[31m [ 40%][0m
PRE-RELEASE DEPENDENCIES	Run test suite	2026-10-02T14:06:03.7565766Z tests/embpy/models/test_text_models.py::TestTextLLMWrapper::test_embed_batch_with_mocked_model [32mPASSED[0m[31m [ 40%][0m
PRE-RELEASE DEPENDENCIES	Run test suite	2026-10-02T14:06:03.7604582Z tests/embpy/models/test_text_models.py::TestTextLLMWrapper::test_embed_batch_with_batch_size [32mPASSED[0m[31m [ 41%][0m
PRE-RELEASE DEPENDENCIES	Run test suite	2026-10-02T14:06:03.7633905Z tests/embpy/models/test_text_models.py::TestTextLLMWrapper::test_get_cls_embedding_2d [32mPASSED[0m[31m [ 41%][0m
PRE-RELEASE DEPENDENCIES	Run test suite	2026-10-02T14:06:03.7662788Z tests/embpy/models/test_text_models.py::TestTextLLMWrapper::test_get_cls_embedding_3d [32mPASSED[0m[31m [ 41%][0m
PRE-RELEASE DEPENDENCIES	Run test suite	2026-10-02T14:06:03.7696466Z tests/embpy/models/test_text_models.py::TestTextLLMWrapper::test_last_token_pool_right_padding [32mPASSED[0m[31m [ 41%][0m
PRE-RELEASE DEPENDENCIES	Run test suite	2026-10-02T14:06:03.7727123Z tests/embpy/pl/test_cell_painting.py::TestMonoCmap::test_returns_colormap [32mPASSED[0m[31m [ 41%][0m
PRE-RELEASE DEPENDENCIES	Run test suite	2026-10-02T14:06:03.7769151Z tests/embpy/pl/test_cell_painting.py::TestMonoCmap::test_black_at_zero [32mPASSED[0m[31m [ 41%][0m
PRE-RELEASE DEPENDENCIES	Run test suite	2026-10-02T14:06:03.7806311Z tests/embpy/pl/test_cell_painting.py::TestMonoCmap::test_color_at_one [32mPASSED[0m[31m [ 41%][0m
PRE-RELEASE DEPENDENCIES	Run test suite	2026-10-02T14:06:03.9647675Z tests/embpy/pl/test_cell_painting.py::TestPlotCellPainting::test_returns_figure [32mPASSED[0m[31m [ 41%][0m
PRE-RELEASE DEPENDENCIES	Run test suite	2026-10-02T14:06:04.1340208Z tests/embpy/pl/test_cell_painting.py::TestPlotCellPainting::test_panel_count_with_composite [32mPASSED[0m[31m [ 41%][0m
PRE-RELEASE DEPENDENCIES	Run test suite	2026-10-02T14:06:04.6627879Z tests/embpy/pl/test_cell_painting.py::TestPlotCellPainting::test_panel_count_without_composite [32mPASSED[0m[31m [ 41%][0m
PRE-RELEASE DEPENDENCIES	Run test suite	2026-10-02T14:06:04.8345637Z tests/embpy/pl/test_cell_painting.py::TestPlotCellPainting::test_title [32mPASSED[0m[31m [ 41%][0m
PRE-RELEASE DEPENDENCIES	Run test suite	2026-10-02T14:06:05.0157354Z tests/embpy/pl/test_cell_painting.py::TestPlotCellPainting::test_array_input [32mPASSED[0m[31m [ 41%][0m
PRE-RELEASE DEPENDENCIES	Run test suite	2026-10-02T14:06:05.1851922Z tests/embpy/pl/test_cell_painting.py::TestPlotCellPainting::test_custom_figsize [32mPASSED[0m[31m [ 41%][0m
PRE-RELEASE DEPENDENCIES	Run test suite	2026-10-02T14:06:05.2781605Z tests/embpy/pl/test_cell_painting.py::TestPlotCellPainting::test_subset_channels [32mPASSED[0m[31m [ 41%][0m
PRE-RELEASE DEPENDENCIES	Run test suite	2026-10-02T14:06:05.3531739Z tests/embpy/pl/test_diagnostics.py::TestWithinVsBetweenSimilarity::test_returns_expected_keys [32mPASSED[0m[31m [ 41%][0m
PRE-RELEASE DEPENDENCIES	Run test suite	2026-10-02T14:06:05.4219825Z tests/embpy/pl/test_diagnostics.py::TestWithinVsBetweenSimilarity::test_within_higher_than_between_for_clusters [32mPASSED[0m[31m [ 42%][0m
PRE-RELEASE DEPENDENCIES	Run test suite	2026-10-02T14:06:05.4851106Z tests/embpy/pl/test_diagnostics.py::TestWithinVsBetweenSimilarity::test_within_close_to_between_for_random [32mPASSED[0m[31m [ 42%][0m
PRE-RELEASE DEPENDENCIES	Run test suite	2026-10-02T14:06:05.5551446Z tests/embpy/pl/test_diagnostics.py::TestWithinVsBetweenSimilarity::test_counts_match_pair_combinatorics [32mPASSED[0m[31m [ 42%][0m
PRE-RELEASE DEPENDENCIES	Run test suite	2026-10-02T14:06:05.5824229Z tests/embpy/pl/test_diagnostics.py::TestWithinVsBetweenSimilarity::test_uses_provided_axes [32mPASSED[0m[31m [ 42%][0m
PRE-RELEASE DEPENDENCIES	Run test suite	2026-10-02T14:06:05.5880194Z tests/embpy/pl/test_diagnostics.py::TestWithinVsBetweenSimilarity::test_invalid_metric_raises [32mPASSED[0m[31m [ 42%][0m
PRE-RELEASE DEPENDENCIES	Run test suite	2026-10-02T14:06:05.6565794Z tests/embpy/pl/test_diagnostics.py::TestWithinVsBetweenSimilarity::test_handles_nan_labels [32mPASSED[0m[31m [ 42%][0m
PRE-RELEASE DEPENDENCIES	Run test suite	2026-10-02T14:06:05.6618543Z tests/embpy/pl/test_diagnostics.py::TestWithinVsBetweenSimilarity::test_missing_label_raises [32mPASSED[0m[31m [ 42%][0m
PRE-RELEASE DEPENDENCIES	Run test suite	2026-10-02T14:06:05.6672041Z tests/embpy/pl/test_diagnostics.py::TestWithinVsBetweenSimilarity::test_missing_obsm_raises [32mPASSED[0m[31m [ 42%][0m
PRE-RELEASE DEPENDENCIES	Run test suite	2026-10-02T14:06:05.7870839Z tests/embpy/pl/test_diagnostics.py::TestCategoryCentroidSimilarity::test_returns_dataframe [32mPASSED[0m[31m [ 42%][0m
PRE-RELEASE DEPENDENCIES	Run test suite	2026-10-02T14:06:05.9010422Z tests/embpy/pl/test_diagnostics.py::TestCategoryCentroidSimilarity::test_diagonal_is_one [32mPASSED[0m[31m [ 42%][0m
PRE-RELEASE DEPENDENCIES	Run test suite	2026-10-02T14:06:06.0141981Z tests/embpy/pl/test_diagnostics.py::TestCategoryCentroidSimilarity::test_symmetric [32mPASSED[0m[31m [ 42%][0m
PRE-RELEASE DEPENDENCIES	Run test suite	2026-10-02T14:06:06.1172880Z tests/embpy/pl/test_diagnostics.py::TestCategoryCentroidSimilarity::test_uses_provided_axes [32mPASSED[0m[31m [ 42%][0m
PRE-RELEASE DEPENDENCIES	Run test suite	2026-10-02T14:06:06.1226883Z tests/embpy/pl/test_diagnostics.py::TestCategoryCentroidSimilarity::test_no_labels_raises [32mPASSED[0m[31m [ 42%][0m
PRE-RELEASE DEPENDENCIES	Run test suite	2026-10-02T14:06:06.1927884Z tests/embpy/pl/test_diagnostics.py::TestKnnLabelPurity::test_returns_summary_keys [32mPASSED[0m[31m [ 42%][0m
PRE-RELEASE DEPENDENCIES	Run test suite	2026-10-02T14:06:06.2542907Z tests/embpy/pl/test_diagnostics.py::TestKnnLabelPurity::test_high_purity_for_separated_clusters [32mPASSED[0m[31m [ 42%][0m
PRE-RELEASE DEPENDENCIES	Run test suite	2026-10-02T14:06:06.3176424Z tests/embpy/pl/test_diagnostics.py::TestKnnLabelPurity::test_purity_close_to_baseline_for_random [32mPASSED[0m[31m [ 43%][0m
PRE-RELEASE DEPENDENCIES	Run test suite	2026-10-02T14:06:06.3790816Z tests/embpy/pl/test_diagnostics.py::TestKnnLabelPurity::test_per_category_keys_present [32mPASSED[0m[31m [ 43%][0m
PRE-RELEASE DEPENDENCIES	Run test suite	2026-10-02T14:06:06.3841114Z tests/embpy/pl/test_diagnostics.py::TestKnnLabelPurity::test_too_few_rows_raises [32mPASSED[0m[31m [ 43%][0m
PRE-RELEASE DEPENDENCIES	Run test suite	2026-10-02T14:06:06.4120048Z tests/embpy/pl/test_diagnostics.py::TestKnnLabelPurity::test_uses_provided_axes [32mPASSED[0m[31m [ 43%][0m
PRE-RELEASE DEPENDENCIES	Run test suite	2026-10-02T14:06:06.4151280Z tests/embpy/pp/test_morphology_preprocessing.py::TestMaxProjectionZ::test_max [32mPASSED[0m[31m [ 43%][0m
PRE-RELEASE DEPENDENCIES	Run test suite	2026-10-02T14:06:06.4182599Z tests/embpy/pp/test_morphology_preprocessing.py::TestMaxProjectionZ::test_mean [32mPASSED[0m[31m [ 43%][0m
PRE-RELEASE DEPENDENCIES	Run test suite	2026-10-02T14:06:06.4213557Z tests/embpy/pp/test_morphology_preprocessing.py::TestMaxProjectionZ::test_sum [32mPASSED[0m[31m [ 43%][0m
PRE-RELEASE DEPENDENCIES	Run test suite	2026-10-02T14:06:06.4246098Z tests/embpy/pp/test_morphology_preprocessing.py::TestMaxProjectionZ::test_rejects_2d [32mPASSED[0m[31m [ 43%][0m
PRE-RELEASE DEPENDENCIES	Run test suite	2026-10-02T14:06:06.4284008Z tests/embpy/pp/test_morphology_preprocessing.py::TestMaxProjectionZ::test_rejects_bad_projection [32mPASSED[0m[31m [ 43%][0m
PRE-RELEASE DEPENDENCIES	Run test suite	2026-10-02T14:06:06.4315427Z tests/embpy/pp/test_morphology_preprocessing.py::TestMaxProjectionZMultichannel::test_default_axes [32mPASSED[0m[31m [ 43%][0m
PRE-RELEASE DEPENDENCIES	Run test suite	2026-10-02T14:06:06.4347406Z tests/embpy/pp/test_morphology_preprocessing.py::TestMaxProjectionZMultichannel::test_rejects_3d [32mPASSED[0m[31m [ 43%][0m
PRE-RELEASE DEPENDENCIES	Run test suite	2026-10-02T14:06:06.4384349Z tests/embpy/pp/test_morphology_preprocessing.py::TestCellPaintingToSubcell::test_channel_first [32mPASSED[0m[31m [ 43%][0m
PRE-RELEASE DEPENDENCIES	Run test suite	2026-10-02T14:06:06.4417931Z tests/embpy/pp/test_morphology_preprocessing.py::TestCellPaintingToSubcell::test_channel_last [32mPASSED[0m[31m [ 43%][0m
PRE-RELEASE DEPENDENCIES	Run test suite	2026-10-02T14:06:06.4450878Z tests/embpy/pp/test_morphology_preprocessing.py::TestCellPaintingToSubcell::test_rejects_wrong_channel_count [32mPASSED[0m[31m [ 43%][0m
PRE-RELEASE DEPENDENCIES	Run test suite	2026-10-02T14:06:06.4481812Z tests/embpy/pp/test_morphology_preprocessing.py::TestCellPaintingToSubcell::test_constants [32mPASSED[0m[31m [ 43%][0m
PRE-RELEASE DEPENDENCIES	Run test suite	2026-10-02T14:06:06.4515553Z tests/embpy/pp/test_morphology_preprocessing.py::TestRescaleToTargetNmPerPixel::test_2x_nm_doubles_spatial [32mPASSED[0m[31m [ 44%][0m
PRE-RELEASE DEPENDENCIES	Run test suite	2026-10-02T14:06:06.4547227Z tests/embpy/pp/test_morphology_preprocessing.py::TestRescaleToTargetNmPerPixel::test_anisotropic_nm [32mPASSED[0m[31m [ 44%][0m
PRE-RELEASE DEPENDENCIES	Run test suite	2026-10-02T14:06:06.4578339Z tests/embpy/pp/test_morphology_preprocessing.py::TestRescaleToTargetNmPerPixel::test_preserves_dtype [32mPASSED[0m[31m [ 44%][0m
PRE-RELEASE DEPENDENCIES	Run test suite	2026-10-02T14:06:06.4610938Z tests/embpy/pp/test_morphology_preprocessing.py::TestRescaleToTargetNmPerPixel::test_channel_last [32mPASSED[0m[31m [ 44%][0m
PRE-RELEASE DEPENDENCIES	Run test suite	2026-10-02T14:06:06.5222202Z tests/embpy/pp/test_morphology_preprocessing.py::TestResizeToCanvas::test_output_shape [32mPASSED[0m[31m [ 44%][0m
PRE-RELEASE DEPENDENCIES	Run test suite	2026-10-02T14:06:06.5313236Z tests/embpy/pp/test_morphology_preprocessing.py::TestResizeToCanvas::test_noop_when_already_correct [32mPASSED[0m[31m [ 44%][0m
PRE-RELEASE DEPENDENCIES	Run test suite	2026-10-02T14:06:06.6100888Z tests/embpy/pp/test_morphology_preprocessing.py::TestResizeToCanvas::test_channel_last [32mPASSED[0m[31m [ 44%][0m
PRE-RELEASE DEPENDENCIES	Run test suite	2026-10-02T14:06:06.6132095Z tests/embpy/pp/test_morphology_preprocessing.py::TestBboxFromMask::test_basic [32mPASSED[0m[31m [ 44%][0m
PRE-RELEASE DEPENDENCIES	Run test suite	2026-10-02T14:06:06.6162710Z tests/embpy/pp/test_morphology_preprocessing.py::TestBboxFromMask::test_single_pixel [32mPASSED[0m[31m [ 44%][0m
PRE-RELEASE DEPENDENCIES	Run test suite	2026-10-02T14:06:06.6200102Z tests/embpy/pp/test_morphology_preprocessing.py::TestBboxFromMask::test_empty_mask_raises [32mPASSED[0m[31m [ 44%][0m
PRE-RELEASE DEPENDENCIES	Run test suite	2026-10-02T14:06:06.6231548Z tests/embpy/pp/test_morphology_preprocessing.py::TestBboxFromMask::test_3d_raises [32mPASSED[0m[31m [ 44%][0m
PRE-RELEASE DEPENDENCIES	Run test suite	2026-10-02T14:06:06.6262970Z tests/embpy/pp/test_morphology_preprocessing.py::TestCropSpatial::test_tuple_range [32mPASSED[0m[31m [ 44%][0m
PRE-RELEASE DEPENDENCIES	Run test suite	2026-10-02T14:06:06.6292171Z tests/embpy/pp/test_morphology_preprocessing.py::TestCropSpatial::test_slice_range [32mPASSED[0m[31m [ 44%][0m
PRE-RELEASE DEPENDENCIES	Run test suite	2026-10-02T14:06:06.6324260Z tests/embpy/pp/test_morphology_preprocessing.py::TestCropSpatial::test_channel_last [32mPASSED[0m[31m [ 44%][0m
PRE-RELEASE DEPENDENCIES	Run test suite	2026-10-02T14:06:06.6354006Z tests/embpy/pp/test_morphology_preprocessing.py::TestCropToMask::test_tight_crop [32mPASSED[0m[31m [ 44%][0m
PRE-RELEASE DEPENDENCIES	Run test suite	2026-10-02T14:06:06.6383733Z tests/embpy/pp/test_morphology_preprocessing.py::TestCropToMask::test_with_padding [32mPASSED[0m[31m [ 45%][0m
PRE-RELEASE DEPENDENCIES	Run test suite	2026-10-02T14:06:06.6413443Z tests/embpy/pp/test_morphology_preprocessing.py::TestCropToMask::test_padding_clamped_to_boundary [32mPASSED[0m[31m [ 45%][0m
PRE-RELEASE DEPENDENCIES	Run test suite	2026-10-02T14:06:06.7187948Z tests/embpy/pp/test_morphology_preprocessing.py::TestPrepareSubcellCanvas::test_output_shape [32mPASSED[0m[31m [ 45%][0m
PRE-RELEASE DEPENDENCIES	Run test suite	2026-10-02T14:06:06.7632751Z tests/embpy/pp/test_morphology_preprocessing.py::TestPrepareSubcellCanvas::test_channel_last [32mPASSED[0m[31m [ 45%][0m
PRE-RELEASE DEPENDENCIES	Run test suite	2026-10-02T14:06:06.7709398Z tests/embpy/pp/test_morphology_preprocessing.py::TestPngIO::test_roundtrip [32mPASSED[0m[31m [ 45%][0m
PRE-RELEASE DEPENDENCIES	Run test suite	2026-10-02T14:06:06.7755660Z tests/embpy/pp/test_morphology_preprocessing.py::TestPngIO::test_custom_channel_names [32mPASSED[0m[31m [ 45%][0m
PRE-RELEASE DEPENDENCIES	Run test suite	2026-10-02T14:06:06.7810536Z tests/embpy/pp/test_morphology_preprocessing.py::TestPngIO::test_channel_last_roundtrip [32mPASSED[0m[31m [ 45%][0m
PRE-RELEASE DEPENDENCIES	Run test suite	2026-10-02T14:06:06.7839465Z tests/embpy/pp/test_morphology_preprocessing.py::TestCellPaintingColors::test_all_channels_have_colors [32mPASSED[0m[31m [ 45%][0m
PRE-RELEASE DEPENDENCIES	Run test suite	2026-10-02T14:06:06.7869496Z tests/embpy/pp/test_morphology_preprocessing.py::TestCellPaintingColors::test_color_values_are_rgb_tuples [32mPASSED[0m[31m [ 45%][0m
PRE-RELEASE DEPENDENCIES	Run test suite	2026-10-02T14:06:06.7900293Z tests/embpy/pp/test_morphology_preprocessing.py::TestNormalizeChannels::test_dict_input [32mPASSED[0m[31m [ 45%][0m
PRE-RELEASE DEPENDENCIES	Run test suite	2026-10-02T14:06:06.7931613Z tests/embpy/pp/test_morphology_preprocessing.py::TestNormalizeChannels::test_array_input [32mPASSED[0m[31m [ 45%][0m
PRE-RELEASE DEPENDENCIES	Run test suite	2026-10-02T14:06:06.7972744Z tests/embpy/pp/test_morphology_preprocessing.py::TestNormalizeChannels::test_array_requires_channels [32mPASSED[0m[31m [ 45%][0m
PRE-RELEASE DEPENDENCIES	Run test suite	2026-10-02T14:06:06.8012175Z tests/embpy/pp/test_morphology_preprocessing.py::TestNormalizeChannels::test_array_shape_mismatch [32mPASSED[0m[31m [ 45%][0m
PRE-RELEASE DEPENDENCIES	Run test suite	2026-10-02T14:06:06.8042548Z tests/embpy/pp/test_morphology_preprocessing.py::TestNormalizeChannels::test_constant_channel [32mPASSED[0m[31m [ 45%][0m
PRE-RELEASE DEPENDENCIES	Run test suite	2026-10-02T14:06:06.8075436Z tests/embpy/pp/test_morphology_preprocessing.py::TestNormalizeChannels::test_clip_percentile [32mPASSED[0m[31m [ 45%][0m
PRE-RELEASE DEPENDENCIES	Run test suite	2026-10-02T14:06:06.8107836Z tests/embpy/pp/test_morphology_preprocessing.py::TestCompositeCellPainting::test_output_shape_and_range [32mPASSED[0m[31m [ 46%][0m
PRE-RELEASE DEPENDENCIES	Run test suite	2026-10-02T14:06:06.8138764Z tests/embpy/pp/test_morphology_preprocessing.py::TestCompositeCellPainting::test_array_input [32mPASSED[0m[31m [ 46%][0m
PRE-RELEASE DEPENDENCIES	Run test suite	2026-10-02T14:06:06.8172229Z tests/embpy/pp/test_morphology_preprocessing.py::TestCompositeCellPainting::test_single_channel_matches_color [32mPASSED[0m[31m [ 46%][0m
PRE-RELEASE DEPENDENCIES	Run test suite	2026-10-02T14:06:06.8203329Z tests/embpy/pp/test_morphology_preprocessing.py::TestCompositeCellPainting::test_custom_colors [32mPASSED[0m[31m [ 46%][0m
PRE-RELEASE DEPENDENCIES	Run test suite	2026-10-02T14:06:06.8237984Z tests/embpy/pp/test_morphology_preprocessing.py::TestCompositeCellPainting::test_empty_raises [32mPASSED[0m[31m [ 46%][0m
PRE-RELEASE DEPENDENCIES	Run test suite	2026-10-02T14:06:06.8272077Z tests/embpy/pp/test_morphology_preprocessing.py::TestCompositeCellPainting::test_additive_blend [32mPASSED[0m[31m [ 46%][0m
PRE-RELEASE DEPENDENCIES	Run test suite	2026-10-02T14:06:06.8302697Z tests/embpy/test_basic.py::test_package_has_version [32mPASSED[0m[31m               [ 46%][0m
PRE-RELEASE DEPENDENCIES	Run test suite	2026-10-02T14:06:07.1948802Z tests/embpy/test_benchmark.py::TestBenchmarkScalarTarget::test_all_models [31mFAILED[0m[31m [ 46%][0m
PRE-RELEASE DEPENDENCIES	Run test suite	2026-10-02T14:06:07.4834001Z tests/embpy/test_benchmark.py::TestBenchmarkScalarTarget::test_stored_in_uns [31mFAILED[0m[31m [ 46%][0m
PRE-RELEASE DEPENDENCIES	Run test suite	2026-10-02T14:06:07.7656891Z tests/embpy/test_benchmark.py::TestBenchmarkScalarTarget::test_no_delta_l2_for_scalar [31mFAILED[0m[31m [ 46%][0m
PRE-RELEASE DEPENDENCIES	Run test suite	2026-10-02T14:06:08.2044213Z tests/embpy/test_benchmark.py::TestBenchmarkExpressionTarget::test_expression_metrics [31mFAILED[0m[31m [ 46%][0m
PRE-RELEASE DEPENDENCIES	Run test suite	2026-10-02T14:06:08.6304475Z tests/embpy/test_benchmark.py::TestBenchmarkWithControls::test_delta_l2_computed [31mFAILED[0m[31m [ 46%][0m
PRE-RELEASE DEPENDENCIES	Run test suite	2026-10-02T14:06:09.0967052Z tests/embpy/test_benchmark.py::TestBenchmarkNoControlsNoDelta::test_no_controls [31mFAILED[0m[31m [ 46%][0m
PRE-RELEASE DEPENDENCIES	Run test suite	2026-10-02T14:06:09.4199616Z tests/embpy/test_benchmark.py::TestBenchmarkWithDimReduction::test_pca_applied [31mFAILED[0m[31m [ 46%][0m
PRE-RELEASE DEPENDENCIES	Run test suite	2026-10-02T14:06:09.4391505Z tests/embpy/test_benchmark.py::TestBenchmarkSelectedModels::test_subset [32mPASSED[0m[31m [ 46%][0m
PRE-RELEASE DEPENDENCIES	Run test suite	2026-10-02T14:06:09.4451834Z tests/embpy/test_benchmark.py::TestBenchmarkInvalidTarget::test_bad_target [32mPASSED[0m[31m [ 47%][0m
PRE-RELEASE DEPENDENCIES	Run test suite	2026-10-02T14:06:09.4912374Z tests/embpy/test_benchmark.py::TestBenchmarkInvalidModel::test_bad_model [31mFAILED[0m[31m [ 47%][0m
PRE-RELEASE DEPENDENCIES	Run test suite	2026-10-02T14:06:09.5044357Z tests/embpy/test_benchmark.py::TestBenchmarkObsNames::test_obs_names [32mPASSED[0m[31m [ 47%][0m
PRE-RELEASE DEPENDENCIES	Run test suite	2026-10-02T14:06:12.0741327Z tests/embpy/test_benchmark.py::TestRigorousMode::test_rigorous_columns [32mPASSED[0m[31m [ 47%][0m
PRE-RELEASE DEPENDENCIES	Run test suite	2026-10-02T14:06:12.1616034Z tests/embpy/test_benchmark.py::TestRigorousMode::test_rigorous_std_positive [32mPASSED[0m[31m [ 47%][0m
PRE-RELEASE DEPENDENCIES	Run test suite	2026-10-02T14:06:12.2376764Z tests/embpy/test_benchmark.py::TestPlotBenchmark::test_plot_quick [32mPASSED[0m[31m [ 47%][0m
PRE-RELEASE DEPENDENCIES	Run test suite	2026-10-02T14:06:12.5724429Z tests/embpy/test_benchmark.py::TestPlotBenchmark::test_plot_rigorous [32mPASSED[0m[31m [ 47%][0m
PRE-RELEASE DEPENDENCIES	Run test suite	2026-10-02T14:06:12.7184978Z tests/embpy/test_benchmark.py::TestPlotBenchmark::test_plot_comparison [32mPASSED[0m[31m [ 47%][0m
PRE-RELEASE DEPENDENCIES	Run test suite	2026-10-02T14:06:12.7220929Z tests/embpy/test_cellline_annotator.py::TestIdentifierHelpers::test_cellosaurus_id [32mPASSED[0m[31m [ 47%][0m
PRE-RELEASE DEPENDENCIES	Run test suite	2026-10-02T14:06:12.7254846Z tests/embpy/test_cellline_annotator.py::TestIdentifierHelpers::test_depmap_id [32mPASSED[0m[31m [ 47%][0m
PRE-RELEASE DEPENDENCIES	Run test suite	2026-10-02T14:06:12.9473085Z tests/embpy/test_cellline_annotator.py::TestCellosaurusSource::test_get_cellosaurus_info [31mFAILED[0m[31m [ 47%][0m
PRE-RELEASE DEPENDENCIES	Run test suite	2026-10-02T14:06:13.1507842Z tests/embpy/test_cellline_annotator.py::TestCellosaurusSource::test_cellosaurus_not_found [31mFAILED[0m[31m [ 47%][0m
PRE-RELEASE DEPENDENCIES	Run test suite	2026-10-02T14:06:13.3516839Z tests/embpy/test_cellline_annotator.py::TestDepMapSource::test_get_depmap_info [31mFAILED[0m[31m [ 47%][0m
PRE-RELEASE DEPENDENCIES	Run test suite	2026-10-02T14:06:13.5490128Z tests/embpy/test_cellline_annotator.py::TestDepMapSource::test_depmap_not_found [31mFAILED[0m[31m [ 47%][0m
PRE-RELEASE DEPENDENCIES	Run test suite	2026-10-02T14:06:13.7483235Z tests/embpy/test_cellline_annotator.py::TestPassportsSource::test_get_passports_info [31mFAILED[0m[31m [ 47%][0m
PRE-RELEASE DEPENDENCIES	Run test suite	2026-10-02T14:06:13.9468200Z tests/embpy/test_cellline_annotator.py::TestPassportsSource::test_passports_not_found [31mFAILED[0m[31m [ 48%][0m
PRE-RELEASE DEPENDENCIES	Run test suite	2026-10-02T14:06:14.1470075Z tests/embpy/test_cellline_annotator.py::TestAnnotateCombined::test_annotate_all_sources [31mFAILED[0m[31m [ 48%][0m
PRE-RELEASE DEPENDENCIES	Run test suite	2026-10-02T14:06:14.3491905Z tests/embpy/test_cellline_annotator.py::TestAnnotateCombined::test_annotate_single_source [31mFAILED[0m[31m [ 48%][0m
PRE-RELEASE DEPENDENCIES	Run test suite	2026-10-02T14:06:14.5561500Z tests/embpy/test_cellline_annotator.py::TestAnnotateAdata::test_annotate_adata [31mFAILED[0m[31m [ 48%][0m
PRE-RELEASE DEPENDENCIES	Run test suite	2026-10-02T14:06:14.7567486Z tests/embpy/test_cellline_annotator.py::TestWikipediaSource::test_get_wikipedia_info [31mFAILED[0m[31m [ 48%][0m
PRE-RELEASE DEPENDENCIES	Run test suite	2026-10-02T14:06:14.9558409Z tests/embpy/test_cellline_annotator.py::TestWikipediaSource::test_wikipedia_fallback_cell_line_suffix [31mFAILED[0m[31m [ 48%][0m
PRE-RELEASE DEPENDENCIES	Run test suite	2026-10-02T14:06:15.1555585Z tests/embpy/test_cellline_annotator.py::TestWikipediaSource::test_wikipedia_not_found [31mFAILED[0m[31m [ 48%][0m
PRE-RELEASE DEPENDENCIES	Run test suite	2026-10-02T14:06:15.3541166Z tests/embpy/test_cellline_annotator.py::TestTextDescription::test_get_text_description [31mFAILED[0m[31m [ 48%][0m
PRE-RELEASE DEPENDENCIES	Run test suite	2026-10-02T14:06:15.3572104Z tests/embpy/test_cellline_annotator.py::TestTextResolverCellLine::test_detect_depmap_id [32mPASSED[0m[31m [ 48%][0m
PRE-RELEASE DEPENDENCIES	Run test suite	2026-10-02T14:06:15.3602335Z tests/embpy/test_cellline_annotator.py::TestTextResolverCellLine::test_detect_cellosaurus_id [32mPASSED[0m[31m [ 48%][0m
PRE-RELEASE DEPENDENCIES	Run test suite	2026-10-02T14:06:15.3652474Z tests/embpy/test_cellline_annotator.py::TestTextResolverCellLine::test_gene_not_cellline [32mPASSED[0m[31m [ 48%][0m
PRE-RELEASE DEPENDENCIES	Run test suite	2026-10-02T14:06:15.3759030Z tests/embpy/test_control_policy.py::test_default_patterns_match_known_controls[non-targeting] [32mPASSED[0m[31m [ 48%][0m
PRE-RELEASE DEPENDENCIES	Run test suite	2026-10-02T14:06:15.3791345Z tests/embpy/test_control_policy.py::test_default_patterns_match_known_controls[non_targeting] [32mPASSED[0m[31m [ 48%][0m
PRE-RELEASE DEPENDENCIES	Run test suite	2026-10-02T14:06:15.3823596Z tests/embpy/test_control_policy.py::test_default_patterns_match_known_controls[nontargeting] [32mPASSED[0m[31m [ 48%][0m
PRE-RELEASE DEPENDENCIES	Run test suite	2026-10-02T14:06:15.3855494Z tests/embpy/test_control_policy.py::test_default_patterns_match_known_controls[non-targeting_1] [32mPASSED[0m[31m [ 48%][0m
PRE-RELEASE DEPENDENCIES	Run test suite	2026-10-02T14:06:15.3887144Z tests/embpy/test_control_policy.py::test_default_patterns_match_known_controls[non-targeting_g1] [32mPASSED[0m[31m [ 49%][0m
PRE-RELEASE DEPENDENCIES	Run test suite	2026-10-02T14:06:15.3919257Z tests/embpy/test_control_policy.py::test_default_patterns_match_known_controls[Non-Targeting] [32mPASSED[0m[31m [ 49%][0m
PRE-RELEASE DEPENDENCIES	Run test suite	2026-10-02T14:06:15.3953058Z tests/embpy/test_control_policy.py::test_default_patterns_match_known_controls[NON-TARGETING_42] [32mPASSED[0m[31m [ 49%][0m
PRE-RELEASE DEPENDENCIES	Run test suite	2026-10-02T14:06:15.3984152Z tests/embpy/test_control_policy.py::test_default_patterns_match_known_controls[NTC] [32mPASSED[0m[31m [ 49%][0m
PRE-RELEASE DEPENDENCIES	Run test suite	2026-10-02T14:06:15.4014513Z tests/embpy/test_control_policy.py::test_default_patterns_match_known_controls[NTC-1] [32mPASSED[0m[31m [ 49%][0m
PRE-RELEASE DEPENDENCIES	Run test suite	2026-10-02T14:06:15.4045152Z tests/embpy/test_control_policy.py::test_default_patterns_match_known_controls[NTC_a] [32mPASSED[0m[31m [ 49%][0m
PRE-RELEASE DEPENDENCIES	Run test suite	2026-10-02T14:06:15.4075782Z tests/embpy/test_control_policy.py::test_default_patterns_match_known_controls[NT1] [32mPASSED[0m[31m [ 49%][0m
PRE-RELEASE DEPENDENCIES	Run test suite	2026-10-02T14:06:15.4106023Z tests/embpy/test_control_policy.py::test_default_patterns_match_known_controls[NT12] [32mPASSED[0m[31m [ 49%][0m
PRE-RELEASE DEPENDENCIES	Run test suite	2026-10-02T14:06:15.4136925Z tests/embpy/test_control_policy.py::test_default_patterns_match_known_controls[control] [32mPASSED[0m[31m [ 49%][0m
PRE-RELEASE DEPENDENCIES	Run test suite	2026-10-02T14:06:15.4166985Z tests/embpy/test_control_policy.py::test_default_patterns_match_known_controls[Control] [32mPASSED[0m[31m [ 49%][0m
PRE-RELEASE DEPENDENCIES	Run test suite	2026-10-02T14:06:15.4197306Z tests/embpy/test_control_policy.py::test_default_patterns_match_known_controls[CONTROL_GROUP_1] [32mPASSED[0m[31m [ 49%][0m
PRE-RELEASE DEPENDENCIES	Run test suite	2026-10-02T14:06:15.4227730Z tests/embpy/test_control_policy.py::test_default_patterns_match_known_controls[ctrl] [32mPASSED[0m[31m [ 49%][0m
PRE-RELEASE DEPENDENCIES	Run test suite	2026-10-02T14:06:15.4258049Z tests/embpy/test_control_policy.py::test_default_patterns_match_known_controls[CTRL_a] [32mPASSED[0m[31m [ 49%][0m
PRE-RELEASE DEPENDENCIES	Run test suite	2026-10-02T14:06:15.4290133Z tests/embpy/test_control_policy.py::test_default_patterns_match_known_controls[safe-harbor] [32mPASSED[0m[31m [ 49%][0m
PRE-RELEASE DEPENDENCIES	Run test suite	2026-10-02T14:06:15.4320863Z tests/embpy/test_control_policy.py::test_default_patterns_match_known_controls[safe_harbor] [32mPASSED[0m[31m [ 50%][0m
PRE-RELEASE DEPENDENCIES	Run test suite	2026-10-02T14:06:15.4350879Z tests/embpy/test_control_policy.py::test_default_patterns_match_known_controls[SAFE-HARBOR_x] [32mPASSED[0m[31m [ 50%][0m
PRE-RELEASE DEPENDENCIES	Run test suite	2026-10-02T14:06:15.4380805Z tests/embpy/test_control_policy.py::test_default_patterns_match_known_controls[AAVS1] [32mPASSED[0m[31m [ 50%][0m
PRE-RELEASE DEPENDENCIES	Run test suite	2026-10-02T14:06:15.4411169Z tests/embpy/test_control_policy.py::test_default_patterns_match_known_controls[AAVS1_2] [32mPASSED[0m[31m [ 50%][0m
PRE-RELEASE DEPENDENCIES	Run test suite	2026-10-02T14:06:15.4442586Z tests/embpy/test_control_policy.py::test_default_patterns_match_known_controls[scrambled] [32mPASSED[0m[31m [ 50%][0m
PRE-RELEASE DEPENDENCIES	Run test suite	2026-10-02T14:06:15.4472807Z tests/embpy/test_control_policy.py::test_default_patterns_match_known_controls[scramble] [32mPASSED[0m[31m [ 50%][0m
PRE-RELEASE DEPENDENCIES	Run test suite	2026-10-02T14:06:15.4503575Z tests/embpy/test_control_policy.py::test_default_patterns_match_known_controls[scramble_3] [32mPASSED[0m[31m [ 50%][0m
PRE-RELEASE DEPENDENCIES	Run test suite	2026-10-02T14:06:15.4534059Z tests/embpy/test_control_policy.py::test_default_patterns_match_known_controls[empty-vector] [32mPASSED[0m[31m [ 50%][0m
PRE-RELEASE DEPENDENCIES	Run test suite	2026-10-02T14:06:15.4565375Z tests/embpy/test_control_policy.py::test_default_patterns_match_known_controls[empty_vector] [32mPASSED[0m[31m [ 50%][0m
PRE-RELEASE DEPENDENCIES	Run test suite	2026-10-02T14:06:15.4595737Z tests/embpy/test_control_policy.py::test_default_patterns_do_not_match_real_genes[NTRK1] [32mPASSED[0m[31m [ 50%][0m
PRE-RELEASE DEPENDENCIES	Run test suite	2026-10-02T14:06:15.4626010Z tests/embpy/test_control_policy.py::test_default_patterns_do_not_match_real_genes[NT5C2] [32mPASSED[0m[31m [ 50%][0m
PRE-RELEASE DEPENDENCIES	Run test suite	2026-10-02T14:06:15.4656404Z tests/embpy/test_control_policy.py::test_default_patterns_do_not_match_real_genes[NT5C3A] [32mPASSED[0m[31m [ 50%][0m
PRE-RELEASE DEPENDENCIES	Run test suite	2026-10-02T14:06:15.4687394Z tests/embpy/test_control_policy.py::test_default_patterns_do_not_match_real_genes[CTRL2] [32mPASSED[0m[31m [ 50%][0m
PRE-RELEASE DEPENDENCIES	Run test suite	2026-10-02T14:06:15.4771369Z tests/embpy/test_control_policy.py::test_default_patterns_do_not_match_real_genes[CONTROL_GENE_X] [31mFAILED[0m[31m [ 50%][0m
PRE-RELEASE DEPENDENCIES	Run test suite	2026-10-02T14:06:15.4801748Z tests/embpy/test_control_policy.py::test_default_patterns_do_not_match_real_genes[TP53] [32mPASSED[0m[31m [ 50%][0m
PRE-RELEASE DEPENDENCIES	Run test suite	2026-10-02T14:06:15.4832577Z tests/embpy/test_control_policy.py::test_default_patterns_do_not_match_real_genes[MYC] [32mPASSED[0m[31m [ 51%][0m
PRE-RELEASE DEPENDENCIES	Run test suite	2026-10-02T14:06:15.4862733Z tests/embpy/test_control_policy.py::test_default_patterns_do_not_match_real_genes[BRCA1] [32mPASSED[0m[31m [ 51%][0m
PRE-RELEASE DEPENDENCIES	Run test suite	2026-10-02T14:06:15.4892917Z tests/embpy/test_control_policy.py::test_default_patterns_do_not_match_real_genes[AARS1] [32mPASSED[0m[31m [ 51%][0m
PRE-RELEASE DEPENDENCIES	Run test suite	2026-10-02T14:06:15.4923198Z tests/embpy/test_control_policy.py::test_default_patterns_do_not_match_real_genes[NTCRELATEDGENE] [32mPASSED[0m[31m [ 51%][0m
PRE-RELEASE DEPENDENCIES	Run test suite	2026-10-02T14:06:15.4951445Z tests/embpy/test_control_policy.py::test_empty_and_none_are_control [32mPASSED[0m[31m [ 51%][0m
PRE-RELEASE DEPENDENCIES	Run test suite	2026-10-02T14:06:15.4980128Z tests/embpy/test_control_policy.py::test_extra_labels_allowlist [32mPASSED[0m[31m   [ 51%][0m
PRE-RELEASE DEPENDENCIES	Run test suite	2026-10-02T14:06:15.5009862Z tests/embpy/test_control_policy.py::test_extra_labels_do_not_match_real_genes [32mPASSED[0m[31m [ 51%][0m
PRE-RELEASE DEPENDENCIES	Run test suite	2026-10-02T14:06:15.5040656Z tests/embpy/test_control_policy.py::test_split_combo_handles_all_separators [32mPASSED[0m[31m [ 51%][0m
PRE-RELEASE DEPENDENCIES	Run test suite	2026-10-02T14:06:15.5070378Z tests/embpy/test_control_policy.py::test_classify_pure_control [32mPASSED[0m[31m    [ 51%][0m
PRE-RELEASE DEPENDENCIES	Run test suite	2026-10-02T14:06:15.5099025Z tests/embpy/test_control_policy.py::test_classify_pure_gene [32mPASSED[0m[31m       [ 51%][0m
PRE-RELEASE DEPENDENCIES	Run test suite	2026-10-02T14:06:15.5128053Z tests/embpy/test_control_policy.py::test_classify_mixed_label [32mPASSED[0m[31m     [ 51%][0m
PRE-RELEASE DEPENDENCIES	Run test suite	2026-10-02T14:06:15.5160954Z tests/embpy/test_control_policy.py::test_classify_strict_raises_on_mixed [32mPASSED[0m[31m [ 51%][0m
PRE-RELEASE DEPENDENCIES	Run test suite	2026-10-02T14:06:15.5189056Z tests/embpy/test_control_policy.py::test_default_patterns_constant_is_tuple_for_immutability [32mPASSED[0m[31m [ 51%][0m
PRE-RELEASE DEPENDENCIES	Run test suite	2026-10-02T14:06:15.5229840Z tests/embpy/test_control_policy.py::test_classify_returns_components_in_input_order [32mPASSED[0m[31m [ 51%][0m
PRE-RELEASE DEPENDENCIES	Run test suite	2026-10-02T14:06:15.5534254Z tests/embpy/test_drug_resolver.py::TestNameToSmiles::test_direct_pubchem_hit [32mPASSED[0m[31m [ 51%][0m
PRE-RELEASE DEPENDENCIES	Run test suite	2026-10-02T14:06:15.7363755Z tests/embpy/test_drug_resolver.py::TestNameToSmiles::test_fallback_to_cid [31mFAILED[0m[31m [ 52%][0m
PRE-RELEASE DEPENDENCIES	Run test suite	2026-10-02T14:06:15.9210544Z tests/embpy/test_drug_resolver.py::TestNameToSmiles::test_returns_none_on_failure [31mFAILED[0m[31m [ 52%][0m
PRE-RELEASE DEPENDENCIES	Run test suite	2026-10-02T14:06:16.2383110Z tests/embpy/test_drug_resolver.py::TestSmilesToNames::test_smiles_to_names_success [32mPASSED[0m[31m [ 52%][0m
PRE-RELEASE DEPENDENCIES	Run test suite	2026-10-02T14:06:16.2429718Z tests/embpy/test_drug_resolver.py::TestSmilesToNames::test_smiles_to_names_no_cid [32mPASSED[0m[31m [ 52%][0m
PRE-RELEASE DEPENDENCIES	Run test suite	2026-10-02T14:06:16.2462342Z tests/embpy/test_drug_resolver.py::TestSmilesToPrimaryName::test_returns_first_name [32mPASSED[0m[31m [ 52%][0m
PRE-RELEASE DEPENDENCIES	Run test suite	2026-10-02T14:06:16.2494303Z tests/embpy/test_drug_resolver.py::TestSmilesToPrimaryName::test_returns_none_when_empty [32mPASSED[0m[31m [ 52%][0m
PRE-RELEASE DEPENDENCIES	Run test suite	2026-10-02T14:06:16.2546584Z tests/embpy/test_drug_resolver.py::TestCidToNames::test_cid_to_names [32mPASSED[0m[31m [ 52%][0m
PRE-RELEASE DEPENDENCIES	Run test suite	2026-10-02T14:06:16.2575306Z tests/embpy/test_drug_resolver.py::TestCleanName::test_strips_salt_suffix [32mPASSED[0m[31m [ 52%][0m
PRE-RELEASE DEPENDENCIES	Run test suite	2026-10-02T14:06:16.2603716Z tests/embpy/test_drug_resolver.py::TestCleanName::test_strips_complex_salt [32mPASSED[0m[31m [ 52%][0m
PRE-RELEASE DEPENDENCIES	Run test suite	2026-10-02T14:06:16.2632298Z tests/embpy/test_drug_resolver.py::TestCleanName::test_preserves_leading_paren [32mPASSED[0m[31m [ 52%][0m
PRE-RELEASE DEPENDENCIES	Run test suite	2026-10-02T14:06:16.2660435Z tests/embpy/test_drug_resolver.py::TestCleanName::test_no_change_without_salt [32mPASSED[0m[31m [ 52%][0m
PRE-RELEASE DEPENDENCIES	Run test suite	2026-10-02T14:06:16.2688903Z tests/embpy/test_drug_resolver.py::TestCleanName::test_no_change_for_compound_codes [32mPASSED[0m[31m [ 52%][0m
PRE-RELEASE DEPENDENCIES	Run test suite	2026-10-02T14:06:16.2717505Z tests/embpy/test_drug_resolver.py::TestClassifyName::test_control_terms [32mPASSED[0m[31m [ 52%][0m
PRE-RELEASE DEPENDENCIES	Run test suite	2026-10-02T14:06:16.2746134Z tests/embpy/test_drug_resolver.py::TestClassifyName::test_target_descriptions [32mPASSED[0m[31m [ 52%][0m
PRE-RELEASE DEPENDENCIES	Run test suite	2026-10-02T14:06:16.2774523Z tests/embpy/test_drug_resolver.py::TestClassifyName::test_ambiguous_short_names [32mPASSED[0m[31m [ 52%][0m
PRE-RELEASE DEPENDENCIES	Run test suite	2026-10-02T14:06:16.2803044Z tests/embpy/test_drug_resolver.py::TestClassifyName::test_drug_names [32mPASSED[0m[31m [ 53%][0m
PRE-RELEASE DEPENDENCIES	Run test suite	2026-10-02T14:06:16.2831549Z tests/embpy/test_drug_resolver.py::TestClassifyName::test_empty_string_is_control [32mPASSED[0m[31m [ 53%][0m
PRE-RELEASE DEPENDENCIES	Run test suite	2026-10-02T14:06:16.2860057Z tests/embpy/test_drug_resolver.py::TestNameVariants::test_original_always_first [32mPASSED[0m[31m [ 53%][0m
PRE-RELEASE DEPENDENCIES	Run test suite	2026-10-02T14:06:16.2888762Z tests/embpy/test_drug_resolver.py::TestNameVariants::test_no_duplicates [32mPASSED[0m[31m [ 53%][0m
PRE-RELEASE DEPENDENCIES	Run test suite	2026-10-02T14:06:16.2918056Z tests/embpy/test_drug_resolver.py::TestNameVariants::test_parenthesised_salt [32mPASSED[0m[31m [ 53%][0m
PRE-RELEASE DEPENDENCIES	Run test suite	2026-10-02T14:06:16.2946557Z tests/embpy/test_drug_resolver.py::TestNameVariants::test_non_parenthesised_salt [32mPASSED[0m[31m [ 53%][0m
PRE-RELEASE DEPENDENCIES	Run test suite	2026-10-02T14:06:16.2975185Z tests/embpy/test_drug_resolver.py::TestNameVariants::test_dimesylate [32mPASSED[0m[31m [ 53%][0m
PRE-RELEASE DEPENDENCIES	Run test suite	2026-10-02T14:06:16.3003920Z tests/embpy/test_drug_resolver.py::TestNameVariants::test_sodium_suffix [32mPASSED[0m[31m [ 53%][0m
PRE-RELEASE DEPENDENCIES	Run test suite	2026-10-02T14:06:16.3032816Z tests/embpy/test_drug_resolver.py::TestNameVariants::test_stereo_prefix_preserved [32mPASSED[0m[31m [ 53%][0m
PRE-RELEASE DEPENDENCIES	Run test suite	2026-10-02T14:06:16.3061546Z tests/embpy/test_drug_resolver.py::TestNameVariants::test_greek_beta [32mPASSED[0m[31m [ 53%][0m
PRE-RELEASE DEPENDENCIES	Run test suite	2026-10-02T14:06:16.3091527Z tests/embpy/test_drug_resolver.py::TestNameVariants::test_greek_gamma [32mPASSED[0m[31m [ 53%][0m
PRE-RELEASE DEPENDENCIES	Run test suite	2026-10-02T14:06:16.3120006Z tests/embpy/test_drug_resolver.py::TestNameVariants::test_hyphen_removal_compound_code [32mPASSED[0m[31m [ 53%][0m
PRE-RELEASE DEPENDENCIES	Run test suite	2026-10-02T14:06:16.3148692Z tests/embpy/test_drug_resolver.py::TestNameVariants::test_no_hyphen_removal_for_regular_names [32mPASSED[0m[31m [ 53%][0m
PRE-RELEASE DEPENDENCIES	Run test suite	2026-10-02T14:06:16.3177228Z tests/embpy/test_drug_resolver.py::TestNameVariants::test_question_mark_cleanup [32mPASSED[0m[31m [ 53%][0m
PRE-RELEASE DEPENDENCIES	Run test suite	2026-10-02T14:06:16.3205744Z tests/embpy/test_drug_resolver.py::TestNameVariants::test_plain_name_single_variant [32mPASSED[0m[31m [ 53%][0m
PRE-RELEASE DEPENDENCIES	Run test suite	2026-10-02T14:06:16.3239830Z tests/embpy/test_drug_resolver.py::TestNameToSmilesClassification::test_skips_control [32mPASSED[0m[31m [ 54%][0m
PRE-RELEASE DEPENDENCIES	Run test suite	2026-10-02T14:06:16.3273444Z tests/embpy/test_drug_resolver.py::TestNameToSmilesClassification::test_skips_target_description [32mPASSED[0m[31m [ 54%][0m
PRE-RELEASE DEPENDENCIES	Run test suite	2026-10-02T14:06:16.3306272Z tests/embpy/test_drug_resolver.py::TestNameToSmilesClassification::test_skips_vehicle [32mPASSED[0m[31m [ 54%][0m
PRE-RELEASE DEPENDENCIES	Run test suite	2026-10-02T14:06:16.5150520Z tests/embpy/test_drug_resolver.py::TestNameToSmilesSaltFallback::test_falls_back_to_cleaned_name [31mFAILED[0m[31m [ 54%][0m
PRE-RELEASE DEPENDENCIES	Run test suite	2026-10-02T14:06:16.6288758Z tests/embpy/test_drug_resolver.py::TestCirpyFallback::test_cirpy_resolves_when_others_fail [31mFAILED[0m[31m [ 54%][0m
PRE-RELEASE DEPENDENCIES	Run test suite	2026-10-02T14:06:16.8031788Z tests/embpy/test_drug_resolver.py::TestCirpyFallback::test_skipped_when_unavailable [31mFAILED[0m[31m [ 54%][0m
PRE-RELEASE DEPENDENCIES	Run test suite	2026-10-02T14:06:16.8182700Z tests/embpy/test_drug_resolver.py::TestCleanAndCanonicaliseSMILES::test_valid_smiles_returns_canonical [32mPASSED[0m[31m [ 54%][0m
PRE-RELEASE DEPENDENCIES	Run test suite	2026-10-02T14:06:16.8215733Z tests/embpy/test_drug_resolver.py::TestCleanAndCanonicaliseSMILES::test_invalid_smiles_returns_none [32mPASSED[0m[31m [ 54%][0m
PRE-RELEASE DEPENDENCIES	Run test suite	2026-10-02T14:06:16.8248021Z tests/embpy/test_drug_resolver.py::TestCleanAndCanonicaliseSMILES::test_returns_smiles_without_rdkit [32mPASSED[0m[31m [ 54%][0m
PRE-RELEASE DEPENDENCIES	Run test suite	2026-10-02T14:06:16.8320031Z tests/embpy/test_drug_resolver.py::TestCleanAndCanonicaliseSMILES::test_kekulized_and_aromatic_benzene_are_identical [32mPASSED[0m[31m [ 54%][0m
PRE-RELEASE DEPENDENCIES	Run test suite	2026-10-02T14:06:16.8392438Z tests/embpy/test_drug_resolver.py::TestCleanAndCanonicaliseSMILES::test_aspirin_different_atom_orderings_are_identical [32mPASSED[0m[31m [ 54%][0m
PRE-RELEASE DEPENDENCIES	Run test suite	2026-10-02T14:06:16.8457200Z tests/embpy/test_drug_resolver.py::TestCleanAndCanonicaliseSMILES::test_ethanol_different_orderings_are_identical [32mPASSED[0m[31m [ 54%][0m
PRE-RELEASE DEPENDENCIES	Run test suite	2026-10-02T14:06:16.8526227Z tests/embpy/test_drug_resolver.py::TestCleanAndCanonicaliseSMILES::test_salt_stripping_removes_counterions [32mPASSED[0m[31m [ 54%][0m
PRE-RELEASE DEPENDENCIES	Run test suite	2026-10-02T14:06:16.8592230Z tests/embpy/test_drug_resolver.py::TestCleanAndCanonicaliseSMILES::test_charge_neutralization [32mPASSED[0m[31m [ 54%][0m
PRE-RELEASE DEPENDENCIES	Run test suite	2026-10-02T14:06:16.8657194Z tests/embpy/test_drug_resolver.py::TestCleanAndCanonicaliseSMILES::test_isotope_labels_are_stripped [32mPASSED[0m[31m [ 54%][0m
PRE-RELEASE DEPENDENCIES	Run test suite	2026-10-02T14:06:16.8725981Z tests/embpy/test_drug_resolver.py::TestCleanAndCanonicaliseSMILES::test_stereoisomers_are_kept_distinct [32mPASSED[0m[31m [ 55%][0m
PRE-RELEASE DEPENDENCIES	Run test suite	2026-10-02T14:06:16.8801008Z tests/embpy/test_drug_resolver.py::TestCleanAndCanonicaliseSMILES::test_largest_fragment_kept_in_mixture [32mPASSED[0m[31m [ 55%][0m
PRE-RELEASE DEPENDENCIES	Run test suite	2026-10-02T14:06:16.8834322Z tests/embpy/test_drug_resolver.py::TestCleanAndCanonicaliseSMILES::test_empty_string_returns_none [32mPASSED[0m[31m [ 55%][0m
PRE-RELEASE DEPENDENCIES	Run test suite	2026-10-02T14:06:16.8873605Z tests/embpy/test_embedder.py::TestBioEmbedderInit::test_init_auto_device [32mPASSED[0m[31m [ 55%][0m
PRE-RELEASE DEPENDENCIES	Run test suite	2026-10-02T14:06:16.8911440Z tests/embpy/test_embedder.py::TestBioEmbedderInit::test_init_cpu_device [32mPASSED[0m[31m [ 55%][0m
PRE-RELEASE DEPENDENCIES	Run test suite	2026-10-02T14:06:16.8948436Z tests/embpy/test_embedder.py::TestBioEmbedderInit::test_init_torch_device [32mPASSED[0m[31m [ 55%][0m
PRE-RELEASE DEPENDENCIES	Run test suite	2026-10-02T14:06:16.8988823Z tests/embpy/test_embedder.py::TestBioEmbedderInit::test_init_invalid_device_raises [32mPASSED[0m[31m [ 55%][0m
PRE-RELEASE DEPENDENCIES	Run test suite	2026-10-02T14:06:16.9025946Z tests/embpy/test_embedder.py::TestBioEmbedderInit::test_init_local_backend_requires_paths [32mPASSED[0m[31m [ 55%][0m
PRE-RELEASE DEPENDENCIES	Run test suite	2026-10-02T14:06:16.9063611Z tests/embpy/test_embedder.py::TestBioEmbedderInit::test_list_available_models [32mPASSED[0m[31m [ 55%][0m
PRE-RELEASE DEPENDENCIES	Run test suite	2026-10-02T14:06:16.9108285Z tests/embpy/test_embedder.py::TestBioEmbedderEmbedGene::test_embed_gene_dna_model [32mPASSED[0m[31m [ 55%][0m
PRE-RELEASE DEPENDENCIES	Run test suite	2026-10-02T14:06:17.9084906Z tests/embpy/test_embedder.py::TestBioEmbedderEmbedGene::test_embed_gene_protein_model [32mPASSED[0m[31m [ 55%][0m
PRE-RELEASE DEPENDENCIES	Run test suite	2026-10-02T14:06:17.9129727Z tests/embpy/test_embedder.py::TestBioEmbedderEmbedGene::test_embed_gene_text_model [32mPASSED[0m[31m [ 55%][0m
PRE-RELEASE DEPENDENCIES	Run test suite	2026-10-02T14:06:17.9178919Z tests/embpy/test_embedder.py::TestBioEmbedderEmbedGene::test_embed_gene_dna_not_found_raises [32mPASSED[0m[31m [ 55%][0m
PRE-RELEASE DEPENDENCIES	Run test suite	2026-10-02T14:06:17.9229183Z tests/embpy/test_embedder.py::TestBioEmbedderEmbedGene::test_embed_gene_unsupported_model_type [32mPASSED[0m[31m [ 55%][0m
PRE-RELEASE DEPENDENCIES	Run test suite	2026-10-02T14:06:17.9272108Z tests/embpy/test_embedder.py::TestBioEmbedderEmbedMolecule::test_embed_molecule_valid_smiles [32mPASSED[0m[31m [ 55%][0m
PRE-RELEASE DEPENDENCIES	Run test suite	2026-10-02T14:06:17.9320981Z tests/embpy/test_embedder.py::TestBioEmbedderEmbedMolecule::test_embed_molecule_invalid_smiles_raises [32mPASSED[0m[31m [ 56%][0m
PRE-RELEASE DEPENDENCIES	Run test suite	2026-10-02T14:06:17.9369877Z tests/embpy/test_embedder.py::TestBioEmbedderEmbedMolecule::test_embed_molecule_wrong_model_type_raises [32mPASSED[0m[31m [ 56%][0m
PRE-RELEASE DEPENDENCIES	Run test suite	2026-10-02T14:06:17.9413365Z tests/embpy/test_embedder.py::TestBioEmbedderEmbedMolecule::test_embed_molecules_batch [32mPASSED[0m[31m [ 56%][0m
PRE-RELEASE DEPENDENCIES	Run test suite	2026-10-02T14:06:17.9461756Z tests/embpy/test_embedder.py::TestBioEmbedderEmbedText::test_embed_text [32mPASSED[0m[31m [ 56%][0m
PRE-RELEASE DEPENDENCIES	Run test suite	2026-10-02T14:06:17.9509648Z tests/embpy/test_embedder.py::TestBioEmbedderEmbedText::test_embed_text_wrong_model_type_raises [32mPASSED[0m[31m [ 56%][0m
PRE-RELEASE DEPENDENCIES	Run test suite	2026-10-02T14:06:17.9552101Z tests/embpy/test_embedder.py::TestBioEmbedderEmbedText::test_embed_texts_batch [32mPASSED[0m[31m [ 56%][0m
PRE-RELEASE DEPENDENCIES	Run test suite	2026-10-02T14:06:17.9589814Z tests/embpy/test_embedder.py::TestBioEmbedderGetModel::test_model_cache_hit [32mPASSED[0m[31m [ 56%][0m
PRE-RELEASE DEPENDENCIES	Run test suite	2026-10-02T14:06:18.0369004Z tests/embpy/test_embedder.py::TestBioEmbedderGetModel::test_unknown_model_raises [32mPASSED[0m[31m [ 56%][0m
PRE-RELEASE DEPENDENCIES	Run test suite	2026-10-02T14:06:18.0413979Z tests/embpy/test_embedder.py::TestEmbedProtein::test_embed_protein_canonical [32mPASSED[0m[31m [ 56%][0m
PRE-RELEASE DEPENDENCIES	Run test suite	2026-10-02T14:06:18.0457001Z tests/embpy/test_embedder.py::TestEmbedProtein::test_embed_protein_all_isoforms [32mPASSED[0m[31m [ 56%][0m
PRE-RELEASE DEPENDENCIES	Run test suite	2026-10-02T14:06:18.0499224Z tests/embpy/test_embedder.py::TestEmbedProtein::test_embed_protein_sequence_direct [32mPASSED[0m[31m [ 56%][0m
PRE-RELEASE DEPENDENCIES	Run test suite	2026-10-02T14:06:18.0549239Z tests/embpy/test_embedder.py::TestEmbedProtein::test_embed_protein_wrong_model_type_raises [32mPASSED[0m[31m [ 56%][0m
PRE-RELEASE DEPENDENCIES	Run test suite	2026-10-02T14:06:18.0590391Z tests/embpy/test_embedder.py::TestEmbedProtein::test_embed_protein_not_found_raises [32mPASSED[0m[31m [ 56%][0m
PRE-RELEASE DEPENDENCIES	Run test suite	2026-10-02T14:06:18.0635075Z tests/embpy/test_embedder.py::TestEmbedProteinsBatch::test_batch_canonical [32mPASSED[0m[31m [ 56%][0m
PRE-RELEASE DEPENDENCIES	Run test suite	2026-10-02T14:06:18.0679687Z tests/embpy/test_embedder.py::TestEmbedProteinsBatch::test_batch_all_isoforms [32mPASSED[0m[31m [ 56%][0m
PRE-RELEASE DEPENDENCIES	Run test suite	2026-10-02T14:06:18.2062802Z tests/embpy/test_embedder.py::TestEmbedCells::test_embed_cells_pca [31mFAILED[0m[31m [ 57%][0m
PRE-RELEASE DEPENDENCIES	Run test suite	2026-10-02T14:06:18.2210614Z tests/embpy/test_embedder.py::TestEmbedCells::test_embed_cells_no_preprocessing [32mPASSED[0m[31m [ 57%][0m
PRE-RELEASE DEPENDENCIES	Run test suite	2026-10-02T14:06:18.2290689Z tests/embpy/test_embedder.py::TestEmbedCells::test_embed_cells_unknown_model_raises [32mPASSED[0m[31m [ 57%][0m
PRE-RELEASE DEPENDENCIES	Run test suite	2026-10-02T14:06:18.3925505Z tests/embpy/test_embedder.py::TestEmbedCells::test_embed_cells_metadata [31mFAILED[0m[31m [ 57%][0m
PRE-RELEASE DEPENDENCIES	Run test suite	2026-10-02T14:06:18.4050420Z tests/embpy/test_embedder.py::TestEmbedCells::test_embed_cells_auto_preprocessing_for_pca [32mPASSED[0m[31m [ 57%][0m
PRE-RELEASE DEPENDENCIES	Run test suite	2026-10-02T14:06:18.4143975Z tests/embpy/test_embedder.py::TestEmbedCells::test_embed_cells_auto_preprocessing_for_raw_count_model [32mPASSED[0m[31m [ 57%][0m
PRE-RELEASE DEPENDENCIES	Run test suite	2026-10-02T14:06:18.5493222Z tests/embpy/test_embedder.py::TestEmbedCells::test_embed_cells_copy [31mFAILED[0m[31m [ 57%][0m
PRE-RELEASE DEPENDENCIES	Run test suite	2026-10-02T14:06:18.5627477Z tests/embpy/test_embedder.py::TestEmbedCells::test_embed_routes_cell_anndata_output [32mPASSED[0m[31m [ 57%][0m
PRE-RELEASE DEPENDENCIES	Run test suite	2026-10-02T14:06:18.5738196Z tests/embpy/test_embedder.py::TestEmbedCells::test_embed_routes_cell_payload_output [32mPASSED[0m[31m [ 57%][0m
PRE-RELEASE DEPENDENCIES	Run test suite	2026-10-02T14:06:18.7936105Z tests/embpy/test_embedder.py::TestEmbedAdata::test_cell_models_only [31mFAILED[0m[31m [ 57%][0m
PRE-RELEASE DEPENDENCIES	Run test suite	2026-10-02T14:06:18.8086790Z tests/embpy/test_embedder.py::TestEmbedAdata::test_perturbation_models_only [32mPASSED[0m[31m [ 57%][0m
PRE-RELEASE DEPENDENCIES	Run test suite	2026-10-02T14:06:18.8178324Z tests/embpy/test_embedder.py::TestEmbedAdata::test_missing_perturbation_column_raises [32mPASSED[0m[31m [ 57%][0m
PRE-RELEASE DEPENDENCIES	Run test suite	2026-10-02T14:06:18.8265015Z tests/embpy/test_embedder.py::TestEmbedAdata::test_wrong_column_name_raises [32mPASSED[0m[31m [ 57%][0m
PRE-RELEASE DEPENDENCIES	Run test suite	2026-10-02T14:06:19.0241459Z tests/embpy/test_embedder.py::TestEmbedAdata::test_combined_cell_and_perturbation [31mFAILED[0m[31m [ 57%][0m
PRE-RELEASE DEPENDENCIES	Run test suite	2026-10-02T14:06:19.0389758Z tests/embpy/test_embedder.py::TestEmbedAdata::test_metadata_structure [32mPASSED[0m[31m [ 57%][0m
PRE-RELEASE DEPENDENCIES	Run test suite	2026-10-02T14:06:19.0440082Z tests/embpy/test_embedder_text.py::TestEmbedDescription::test_calls_text_resolver_then_embed_text [32mPASSED[0m[31m [ 58%][0m
PRE-RELEASE DEPENDENCIES	Run test suite	2026-10-02T14:06:19.0488889Z tests/embpy/test_embedder_text.py::TestEmbedDescription::test_entity_type_passed_through [32mPASSED[0m[31m [ 58%][0m
PRE-RELEASE DEPENDENCIES	Run test suite	2026-10-02T14:06:19.0538737Z tests/embpy/test_embedder_text.py::TestEmbedDescription::test_sources_passed_through [32mPASSED[0m[31m [ 58%][0m
PRE-RELEASE DEPENDENCIES	Run test suite	2026-10-02T14:06:19.0588013Z tests/embpy/test_embedder_text.py::TestEmbedDescriptionsBatch::test_batch_returns_list [32mPASSED[0m[31m [ 58%][0m
PRE-RELEASE DEPENDENCIES	Run test suite	2026-10-02T14:06:19.0641015Z tests/embpy/test_embedder_text.py::TestEmbedDescriptionsBatch::test_batch_handles_failures [32mPASSED[0m[31m [ 58%][0m
PRE-RELEASE DEPENDENCIES	Run test suite	2026-10-02T14:06:19.0670820Z tests/embpy/test_errors.py::TestConfigError::test_default_message [32mPASSED[0m[31m [ 58%][0m
PRE-RELEASE DEPENDENCIES	Run test suite	2026-10-02T14:06:19.0752284Z tests/embpy/test_errors.py::TestConfigError::test_custom_message [31mFAILED[0m[31m  [ 58%][0m
PRE-RELEASE DEPENDENCIES	Run test suite	2026-10-02T14:06:19.0782980Z tests/embpy/test_errors.py::TestConfigError::test_is_exception [32mPASSED[0m[31m    [ 58%][0m
PRE-RELEASE DEPENDENCIES	Run test suite	2026-10-02T14:06:19.0843949Z tests/embpy/test_errors.py::TestIdentifierError::test_default_message [31mFAILED[0m[31m [ 58%][0m
PRE-RELEASE DEPENDENCIES	Run test suite	2026-10-02T14:06:19.0873577Z tests/embpy/test_errors.py::TestIdentifierError::test_custom_message [32mPASSED[0m[31m [ 58%][0m
PRE-RELEASE DEPENDENCIES	Run test suite	2026-10-02T14:06:19.0903366Z tests/embpy/test_errors.py::TestIdentifierError::test_is_exception [32mPASSED[0m[31m [ 58%][0m
PRE-RELEASE DEPENDENCIES	Run test suite	2026-10-02T14:06:19.0933213Z tests/embpy/test_errors.py::TestModelNotFoundError::test_default_message [32mPASSED[0m[31m [ 58%][0m
PRE-RELEASE DEPENDENCIES	Run test suite	2026-10-02T14:06:19.0962558Z tests/embpy/test_errors.py::TestModelNotFoundError::test_custom_message [32mPASSED[0m[31m [ 58%][0m
PRE-RELEASE DEPENDENCIES	Run test suite	2026-10-02T14:06:19.0994139Z tests/embpy/test_errors.py::TestModelNotFoundError::test_is_exception [32mPASSED[0m[31m [ 58%][0m
PRE-RELEASE DEPENDENCIES	Run test suite	2026-10-02T14:06:19.1043532Z tests/embpy/test_gene_annotator.py::TestPathways::test_get_pathways [32mPASSED[0m[31m [ 58%][0m
PRE-RELEASE DEPENDENCIES	Run test suite	2026-10-02T14:06:19.1077052Z tests/embpy/test_gene_annotator.py::TestPathways::test_no_pathways [32mPASSED[0m[31m [ 59%][0m
PRE-RELEASE DEPENDENCIES	Run test suite	2026-10-02T14:06:19.1111410Z tests/embpy/test_gene_annotator.py::TestTissueExpression::test_get_tissue_expression [32mPASSED[0m[31m [ 59%][0m
PRE-RELEASE DEPENDENCIES	Run test suite	2026-10-02T14:06:19.1157925Z tests/embpy/test_gene_annotator.py::TestTissueExpression::test_unresolvable_gene [32mPASSED[0m[31m [ 59%][0m
PRE-RELEASE DEPENDENCIES	Run test suite	2026-10-02T14:06:19.1194397Z tests/embpy/test_gene_annotator.py::TestProteinInteractions::test_get_ppi [32mPASSED[0m[31m [ 59%][0m
PRE-RELEASE DEPENDENCIES	Run test suite	2026-10-02T14:06:19.1230728Z tests/embpy/test_gene_annotator.py::TestProteinInteractions::test_get_ppi_accepts_decimal_string_scores [32mPASSED[0m[31m [ 59%][0m
PRE-RELEASE DEPENDENCIES	Run test suite	2026-10-02T14:06:19.1266747Z tests/embpy/test_gene_annotator.py::TestDiseaseAssociations::test_get_diseases [32mPASSED[0m[31m [ 59%][0m
PRE-RELEASE DEPENDENCIES	Run test suite	2026-10-02T14:06:19.1302389Z tests/embpy/test_gene_annotator.py::TestAnnotate::test_pathways_only [32mPASSED[0m[31m [ 59%][0m
PRE-RELEASE DEPENDENCIES	Run test suite	2026-10-02T14:06:19.1335939Z tests/embpy/test_gene_annotator.py::TestAnnotate::test_ensembl_id_resolution [32mPASSED[0m[31m [ 59%][0m
PRE-RELEASE DEPENDENCIES	Run test suite	2026-10-02T14:06:19.1430715Z tests/embpy/test_gene_annotator.py::TestAnnotateAdata::test_annotate_adata [32mPASSED[0m[31m [ 59%][0m
PRE-RELEASE DEPENDENCIES	Run test suite	2026-10-02T14:06:19.1488330Z tests/embpy/test_gene_regions.py::TestGetGeneRegions::test_returns_exons [32mPASSED[0m[31m [ 59%][0m
PRE-RELEASE DEPENDENCIES	Run test suite	2026-10-02T14:06:19.1539548Z tests/embpy/test_gene_regions.py::TestGetGeneRegions::test_returns_introns [32mPASSED[0m[31m [ 59%][0m
PRE-RELEASE DEPENDENCIES	Run test suite	2026-10-02T14:06:19.1586447Z tests/embpy/test_gene_regions.py::TestGetGeneRegions::test_specific_transcript [32mPASSED[0m[31m [ 59%][0m
PRE-RELEASE DEPENDENCIES	Run test suite	2026-10-02T14:06:19.1628744Z tests/embpy/test_gene_regions.py::TestGetGeneRegions::test_missing_transcript_returns_none [32mPASSED[0m[31m [ 59%][0m
PRE-RELEASE DEPENDENCIES	Run test suite	2026-10-02T14:06:19.1683974Z tests/embpy/test_gene_regions.py::TestGetGeneRegions::test_ensembl_id_input [32mPASSED[0m[31m [ 59%][0m
PRE-RELEASE DEPENDENCIES	Run test suite	2026-10-02T14:06:19.1739387Z tests/embpy/test_gene_regions.py::TestGetGeneRegions::test_strand_info_preserved [32mPASSED[0m[31m [ 59%][0m
PRE-RELEASE DEPENDENCIES	Run test suite	2026-10-02T14:06:19.1806979Z tests/embpy/test_gene_regions.py::TestGetGeneRegionSequence::test_concatenates_exons [32mPASSED[0m[31m [ 60%][0m
PRE-RELEASE DEPENDENCIES	Run test suite	2026-10-02T14:06:19.1859585Z tests/embpy/test_gene_regions.py::TestGetGeneRegionSequence::test_concatenates_introns [32mPASSED[0m[31m [ 60%][0m
PRE-RELEASE DEPENDENCIES	Run test suite	2026-10-02T14:06:19.1897183Z tests/embpy/test_gene_regions.py::TestGetGeneRegionSequence::test_returns_none_on_failure [32mPASSED[0m[31m [ 60%][0m
PRE-RELEASE DEPENDENCIES	Run test suite	2026-10-02T14:06:19.1937567Z tests/embpy/test_gene_regions.py::TestFetchRegionSequence::test_builds_correct_url [32mPASSED[0m[31m [ 60%][0m
PRE-RELEASE DEPENDENCIES	Run test suite	2026-10-02T14:06:19.1975614Z tests/embpy/test_gene_regions.py::TestFetchRegionSequence::test_returns_none_on_error [32mPASSED[0m[31m [ 60%][0m
PRE-RELEASE DEPENDENCIES	Run test suite	2026-10-02T14:06:19.2758718Z tests/embpy/test_gene_resolver.py::TestGetDnaSequence::test_by_symbol [31mFAILED[0m[31m [ 60%][0m
PRE-RELEASE DEPENDENCIES	Run test suite	2026-10-02T14:06:19.3543451Z tests/embpy/test_gene_resolver.py::TestGetDnaSequence::test_by_ensembl_id [31mFAILED[0m[31m [ 60%][0m
PRE-RELEASE DEPENDENCIES	Run test suite	2026-10-02T14:06:19.4293858Z tests/embpy/test_gene_resolver.py::TestGetDnaSequence::test_unsupported_id_type [31mFAILED[0m[31m [ 60%][0m
PRE-RELEASE DEPENDENCIES	Run test suite	2026-10-02T14:06:19.5027864Z tests/embpy/test_gene_resolver.py::TestGetDnaSequence::test_api_error_returns_none [31mFAILED[0m[31m [ 60%][0m
PRE-RELEASE DEPENDENCIES	Run test suite	2026-10-02T14:06:19.5764554Z tests/embpy/test_gene_resolver.py::TestGetDnaSequence::test_no_ensembl_id_resolved [31mFAILED[0m[31m [ 60%][0m
PRE-RELEASE DEPENDENCIES	Run test suite	2026-10-02T14:06:19.5803733Z tests/embpy/test_gene_resolver.py::TestGetProteinSequence::test_by_uniprot_id [32mPASSED[0m[31m [ 60%][0m
PRE-RELEASE DEPENDENCIES	Run test suite	2026-10-02T14:06:19.5848850Z tests/embpy/test_gene_resolver.py::TestGetProteinSequence::test_by_symbol [32mPASSED[0m[31m [ 60%][0m
PRE-RELEASE DEPENDENCIES	Run test suite	2026-10-02T14:06:19.5891948Z tests/embpy/test_gene_resolver.py::TestGetProteinSequence::test_no_uniprot_found [32mPASSED[0m[31m [ 60%][0m
PRE-RELEASE DEPENDENCIES	Run test suite	2026-10-02T14:06:19.5951120Z tests/embpy/test_gene_resolver.py::TestGetGeneDescription::test_success [32mPASSED[0m[31m [ 60%][0m
PRE-RELEASE DEPENDENCIES	Run test suite	2026-10-02T14:06:19.5992789Z tests/embpy/test_gene_resolver.py::TestGetGeneDescription::test_no_hits [32mPASSED[0m[31m [ 60%][0m
PRE-RELEASE DEPENDENCIES	Run test suite	2026-10-02T14:06:19.6024926Z tests/embpy/test_gene_resolver.py::TestGetGeneDescription::test_unsupported_id_type [32mPASSED[0m[31m [ 61%][0m
PRE-RELEASE DEPENDENCIES	Run test suite	2026-10-02T14:06:19.6066850Z tests/embpy/test_gene_resolver.py::TestSymbolToEnsembl::test_via_mygene [32mPASSED[0m[31m [ 61%][0m
PRE-RELEASE DEPENDENCIES	Run test suite	2026-10-02T14:06:19.6109410Z tests/embpy/test_gene_resolver.py::TestSymbolToEnsembl::test_no_result_returns_none [32mPASSED[0m[31m [ 61%][0m
PRE-RELEASE DEPENDENCIES	Run test suite	2026-10-02T14:06:19.6150682Z tests/embpy/test_gene_resolver.py::TestEnsemblToSymbol::test_via_mygene [32mPASSED[0m[31m [ 61%][0m
PRE-RELEASE DEPENDENCIES	Run test suite	2026-10-02T14:06:19.6192823Z tests/embpy/test_gene_resolver.py::TestEnsemblToSymbol::test_strips_version [32mPASSED[0m[31m [ 61%][0m
PRE-RELEASE DEPENDENCIES	Run test suite	2026-10-02T14:06:19.6225910Z tests/embpy/test_gene_resolver.py::TestBatchMappings::test_symbols_to_ensembl_batch [32mPASSED[0m[31m [ 61%][0m
PRE-RELEASE DEPENDENCIES	Run test suite	2026-10-02T14:06:19.6258823Z tests/embpy/test_gene_resolver.py::TestBatchMappings::test_ensembl_to_symbols_batch [32mPASSED[0m[31m [ 61%][0m
PRE-RELEASE DEPENDENCIES	Run test suite	2026-10-02T14:06:19.6290716Z tests/embpy/test_gene_resolver.py::TestGetLocalDnaSequence::test_requires_mart_file [32mPASSED[0m[31m [ 61%][0m
PRE-RELEASE DEPENDENCIES	Run test suite	2026-10-02T14:06:19.6320935Z tests/embpy/test_gene_resolver.py::TestLooksLikeSmiles::test_true_for_special_chars [32mPASSED[0m[31m [ 61%][0m
PRE-RELEASE DEPENDENCIES	Run test suite	2026-10-02T14:06:19.6350898Z tests/embpy/test_gene_resolver.py::TestLooksLikeSmiles::test_true_for_ring_closure [32mPASSED[0m[31m [ 61%][0m
PRE-RELEASE DEPENDENCIES	Run test suite	2026-10-02T14:06:19.6380703Z tests/embpy/test_gene_resolver.py::TestLooksLikeSmiles::test_false_for_simple_letters [32mPASSED[0m[31m [ 61%][0m
PRE-RELEASE DEPENDENCIES	Run test suite	2026-10-02T14:06:19.6410888Z tests/embpy/test_gene_resolver.py::TestLooksLikeSmiles::test_false_for_gene_symbols [32mPASSED[0m[31m [ 61%][0m
PRE-RELEASE DEPENDENCIES	Run test suite	2026-10-02T14:06:19.6439038Z tests/embpy/test_gene_resolver.py::TestLooksLikeSmiles::test_false_for_short [32mPASSED[0m[31m [ 61%][0m
PRE-RELEASE DEPENDENCIES	Run test suite	2026-10-02T14:06:19.6467932Z tests/embpy/test_gene_resolver.py::TestLooksLikeSmiles::test_false_for_ensembl [32mPASSED[0m[31m [ 61%][0m
PRE-RELEASE DEPENDENCIES	Run test suite	2026-10-02T14:06:19.6496999Z tests/embpy/test_gene_resolver.py::TestDetectIdentifierType::test_ensembl_id [32mPASSED[0m[31m [ 61%][0m
PRE-RELEASE DEPENDENCIES	Run test suite	2026-10-02T14:06:19.6525944Z tests/embpy/test_gene_resolver.py::TestDetectIdentifierType::test_ensembl_id_with_version [32mPASSED[0m[31m [ 62%][0m
PRE-RELEASE DEPENDENCIES	Run test suite	2026-10-02T14:06:19.6554524Z tests/embpy/test_gene_resolver.py::TestDetectIdentifierType::test_dna_sequence [32mPASSED[0m[31m [ 62%][0m
PRE-RELEASE DEPENDENCIES	Run test suite	2026-10-02T14:06:19.6583411Z tests/embpy/test_gene_resolver.py::TestDetectIdentifierType::test_short_dna_is_symbol [32mPASSED[0m[31m [ 62%][0m
PRE-RELEASE DEPENDENCIES	Run test suite	2026-10-02T14:06:19.6612156Z tests/embpy/test_gene_resolver.py::TestDetectIdentifierType::test_gene_symbol [32mPASSED[0m[31m [ 62%][0m
PRE-RELEASE DEPENDENCIES	Run test suite	2026-10-02T14:06:19.6642514Z tests/embpy/test_gene_resolver.py::TestDetectIdentifierType::test_gene_symbol_brca1 [32mPASSED[0m[31m [ 62%][0m
PRE-RELEASE DEPENDENCIES	Run test suite	2026-10-02T14:06:19.6671441Z tests/embpy/test_gene_resolver.py::TestDetectIdentifierType::test_mixed_case_dna [32mPASSED[0m[31m [ 62%][0m
PRE-RELEASE DEPENDENCIES	Run test suite	2026-10-02T14:06:19.6699909Z tests/embpy/test_gene_resolver.py::TestDetectIdentifierType::test_smiles_with_special_chars [32mPASSED[0m[31m [ 62%][0m
PRE-RELEASE DEPENDENCIES	Run test suite	2026-10-02T14:06:19.6729019Z tests/embpy/test_gene_resolver.py::TestDetectIdentifierType::test_smiles_with_ring [32mPASSED[0m[31m [ 62%][0m
PRE-RELEASE DEPENDENCIES	Run test suite	2026-10-02T14:06:19.6758226Z tests/embpy/test_gene_resolver.py::TestDetectIdentifierType::test_protein_sequence [32mPASSED[0m[31m [ 62%][0m
PRE-RELEASE DEPENDENCIES	Run test suite	2026-10-02T14:06:19.6787826Z tests/embpy/test_gene_resolver.py::TestDetectIdentifierType::test_short_protein_is_symbol [32mPASSED[0m[31m [ 62%][0m
PRE-RELEASE DEPENDENCIES	Run test suite	2026-10-02T14:06:19.6816679Z tests/embpy/test_gene_resolver.py::TestDetectIdentifierType::test_simple_letters_no_special_is_symbol [32mPASSED[0m[31m [ 62%][0m
PRE-RELEASE DEPENDENCIES	Run test suite	2026-10-02T14:06:19.6894158Z tests/embpy/test_gene_resolver.py::TestLoadSequencesFromBiomart::test_loads_all_genes [32mPASSED[0m[31m [ 62%][0m
PRE-RELEASE DEPENDENCIES	Run test suite	2026-10-02T14:06:19.6971407Z tests/embpy/test_gene_resolver.py::TestLoadSequencesFromBiomart::test_filters_by_biotype [32mPASSED[0m[31m [ 62%][0m
PRE-RELEASE DEPENDENCIES	Run test suite	2026-10-02T14:06:19.7001657Z tests/embpy/test_gene_resolver.py::TestLoadSequencesFromBiomart::test_raises_without_mart_file [32mPASSED[0m[31m [ 62%][0m
PRE-RELEASE DEPENDENCIES	Run test suite	2026-10-02T14:06:19.7062393Z tests/embpy/test_gene_resolver.py::TestLoadSequencesFromBiomart::test_missing_chr_skips [32mPASSED[0m[31m [ 63%][0m
PRE-RELEASE DEPENDENCIES	Run test suite	2026-10-02T14:06:19.7422781Z tests/embpy/test_gene_resolver.py::TestLoadGenesFromAdata::test_explicit_column [32mPASSED[0m[31m [ 63%][0m
PRE-RELEASE DEPENDENCIES	Run test suite	2026-10-02T14:06:19.7765435Z tests/embpy/test_gene_resolver.py::TestLoadGenesFromAdata::test_auto_detects_ensembl_id [32mPASSED[0m[31m [ 63%][0m
PRE-RELEASE DEPENDENCIES	Run test suite	2026-10-02T14:06:19.8112480Z tests/embpy/test_gene_resolver.py::TestLoadGenesFromAdata::test_auto_detects_gene_name [32mPASSED[0m[31m [ 63%][0m
PRE-RELEASE DEPENDENCIES	Run test suite	2026-10-02T14:06:19.8398701Z tests/embpy/test_gene_resolver.py::TestLoadGenesFromAdata::test_falls_back_to_index [32mPASSED[0m[31m [ 63%][0m
PRE-RELEASE DEPENDENCIES	Run test suite	2026-10-02T14:06:20.0545951Z tests/embpy/test_gene_resolver.py::TestGetProteinSequencesBatch::test_batch_returns_dict [32mPASSED[0m[31m [ 63%][0m
PRE-RELEASE DEPENDENCIES	Run test suite	2026-10-02T14:06:20.0580295Z tests/embpy/test_gene_resolver.py::TestGetProteinSequencesBatch::test_empty_input [32mPASSED[0m[31m [ 63%][0m
PRE-RELEASE DEPENDENCIES	Run test suite	2026-10-02T14:06:20.2070309Z tests/embpy/test_gene_resolver.py::TestGetAllLocalProteinSequences::test_reads_from_mart_and_batches [32mPASSED[0m[31m [ 63%][0m
PRE-RELEASE DEPENDENCIES	Run test suite	2026-10-02T14:06:20.2103534Z tests/embpy/test_gene_resolver.py::TestGetAllLocalProteinSequences::test_raises_without_mart [32mPASSED[0m[31m [ 63%][0m
PRE-RELEASE DEPENDENCIES	Run test suite	2026-10-02T14:06:20.2149127Z tests/embpy/test_gene_resolver_aliases.py::test_aars_resolves_via_hgnc [32mPASSED[0m[31m [ 63%][0m
PRE-RELEASE DEPENDENCIES	Run test suite	2026-10-02T14:06:20.2191309Z tests/embpy/test_gene_resolver_aliases.py::test_chain_falls_back_to_mygene [32mPASSED[0m[31m [ 63%][0m
PRE-RELEASE DEPENDENCIES	Run test suite	2026-10-02T14:06:20.2234748Z tests/embpy/test_gene_resolver_aliases.py::test_negative_result_is_cached [32mPASSED[0m[31m [ 63%][0m
PRE-RELEASE DEPENDENCIES	Run test suite	2026-10-02T14:06:20.2276792Z tests/embpy/test_gene_resolver_aliases.py::test_positive_result_is_cached [32mPASSED[0m[31m [ 63%][0m
PRE-RELEASE DEPENDENCIES	Run test suite	2026-10-02T14:06:20.2322558Z tests/embpy/test_gene_resolver_aliases.py::test_pyensembl_step_wins_when_available [32mPASSED[0m[31m [ 63%][0m
PRE-RELEASE DEPENDENCIES	Run test suite	2026-10-02T14:06:20.2405115Z tests/embpy/test_hf_handler.py::TestReadToAnndata::test_csv [32mPASSED[0m[31m       [ 63%][0m
PRE-RELEASE DEPENDENCIES	Run test suite	2026-10-02T14:06:20.2512376Z tests/embpy/test_hf_handler.py::TestReadToAnndata::test_parquet [32mPASSED[0m[31m   [ 64%][0m
PRE-RELEASE DEPENDENCIES	Run test suite	2026-10-02T14:06:20.2937769Z tests/embpy/test_hf_handler.py::TestReadToAnndata::test_h5ad [32mPASSED[0m[31m      [ 64%][0m
PRE-RELEASE DEPENDENCIES	Run test suite	2026-10-02T14:06:20.2985730Z tests/embpy/test_hf_handler.py::TestReadToAnndata::test_unsupported_extension [32mPASSED[0m[31m [ 64%][0m
PRE-RELEASE DEPENDENCIES	Run test suite	2026-10-02T14:06:20.3040337Z tests/embpy/test_hf_handler.py::TestReadTabular::test_csv [32mPASSED[0m[31m         [ 64%][0m
PRE-RELEASE DEPENDENCIES	Run test suite	2026-10-02T14:06:20.3105031Z tests/embpy/test_hf_handler.py::TestReadTabular::test_parquet [32mPASSED[0m[31m     [ 64%][0m
PRE-RELEASE DEPENDENCIES	Run test suite	2026-10-02T14:06:20.3151487Z tests/embpy/test_hf_handler.py::TestReadTabular::test_unsupported [32mPASSED[0m[31m [ 64%][0m
PRE-RELEASE DEPENDENCIES	Run test suite	2026-10-02T14:06:20.3180990Z tests/embpy/test_hf_handler.py::TestHFHandlerInit::test_init [32mPASSED[0m[31m      [ 64%][0m
PRE-RELEASE DEPENDENCIES	Run test suite	2026-10-02T14:06:20.3210132Z tests/embpy/test_hf_handler.py::TestHFHandlerInit::test_repr [32mPASSED[0m[31m      [ 64%][0m
PRE-RELEASE DEPENDENCIES	Run test suite	2026-10-02T14:06:20.3242728Z tests/embpy/test_hf_handler.py::TestCreateRepo::test_create_repo_calls_api [32mPASSED[0m[31m [ 64%][0m
PRE-RELEASE DEPENDENCIES	Run test suite	2026-10-02T14:06:20.3276116Z tests/embpy/test_hf_handler.py::TestListFiles::test_list_files [32mPASSED[0m[31m    [ 64%][0m
PRE-RELEASE DEPENDENCIES	Run test suite	2026-10-02T14:06:20.3311711Z tests/embpy/test_hf_handler.py::TestUploadFile::test_upload_file [32mPASSED[0m[31m  [ 64%][0m
PRE-RELEASE DEPENDENCIES	Run test suite	2026-10-02T14:06:20.3350052Z tests/embpy/test_hf_handler.py::TestUploadDatasets::test_uploads_h5ad [32mPASSED[0m[31m [ 64%][0m
PRE-RELEASE DEPENDENCIES	Run test suite	2026-10-02T14:06:20.3387951Z tests/embpy/test_hf_handler.py::TestUploadDatasets::test_uploads_csv [32mPASSED[0m[31m [ 64%][0m
PRE-RELEASE DEPENDENCIES	Run test suite	2026-10-02T14:06:20.3423563Z tests/embpy/test_hf_handler.py::TestUploadDatasets::test_skips_missing [32mPASSED[0m[31m [ 64%][0m
PRE-RELEASE DEPENDENCIES	Run test suite	2026-10-02T14:06:20.3474385Z tests/embpy/test_hf_handler.py::TestUploadDatasets::test_skips_unsupported_format [32mPASSED[0m[31m [ 64%][0m
PRE-RELEASE DEPENDENCIES	Run test suite	2026-10-02T14:06:20.3727346Z tests/embpy/test_hf_handler.py::TestUploadAnndata::test_upload_anndata [32mPASSED[0m[31m [ 65%][0m
PRE-RELEASE DEPENDENCIES	Run test suite	2026-10-02T14:06:20.3779092Z tests/embpy/test_hf_handler.py::TestUploadMetadata::test_upload_dataframe [32mPASSED[0m[31m [ 65%][0m
PRE-RELEASE DEPENDENCIES	Run test suite	2026-10-02T14:06:20.3818051Z tests/embpy/test_hf_handler.py::TestUploadMetadata::test_upload_path [32mPASSED[0m[31m [ 65%][0m
PRE-RELEASE DEPENDENCIES	Run test suite	2026-10-02T14:06:20.3866147Z tests/embpy/test_hf_handler.py::TestUploadEmbeddings::test_uploads_parquet_and_npy [32mPASSED[0m[31m [ 65%][0m
PRE-RELEASE DEPENDENCIES	Run test suite	2026-10-02T14:06:20.3897126Z tests/embpy/test_hf_handler.py::TestUploadEmbeddings::test_raises_if_dir_missing [32mPASSED[0m[31m [ 65%][0m
PRE-RELEASE DEPENDENCIES	Run test suite	2026-10-02T14:06:20.6959359Z tests/embpy/test_hf_handler.py::TestUploadEmbeddingArray::test_zarr_format [32mPASSED[0m[31m [ 65%][0m
PRE-RELEASE DEPENDENCIES	Run test suite	2026-10-02T14:06:20.7017342Z tests/embpy/test_hf_handler.py::TestUploadEmbeddingArray::test_parquet_format [32mPASSED[0m[31m [ 65%][0m
PRE-RELEASE DEPENDENCIES	Run test suite	2026-10-02T14:06:20.7067336Z tests/embpy/test_hf_handler.py::TestUploadEmbeddingArray::test_npy_format [32mPASSED[0m[31m [ 65%][0m
PRE-RELEASE DEPENDENCIES	Run test suite	2026-10-02T14:06:20.7105712Z tests/embpy/test_hf_handler.py::TestUploadEmbeddingArray::test_length_mismatch [32mPASSED[0m[31m [ 65%][0m
PRE-RELEASE DEPENDENCIES	Run test suite	2026-10-02T14:06:20.7146909Z tests/embpy/test_hf_handler.py::TestUploadEmbeddingArray::test_unsupported_format [32mPASSED[0m[31m [ 65%][0m
PRE-RELEASE DEPENDENCIES	Run test suite	2026-10-02T14:06:20.7180328Z tests/embpy/test_hf_handler.py::TestAvailableDatasets::test_mixed_formats [32mPASSED[0m[31m [ 65%][0m
PRE-RELEASE DEPENDENCIES	Run test suite	2026-10-02T14:06:20.7213973Z tests/embpy/test_hf_handler.py::TestAvailableEmbeddings::test_detects_formats_and_ignores_index [32mPASSED[0m[31m [ 65%][0m
PRE-RELEASE DEPENDENCIES	Run test suite	2026-10-02T14:06:20.7248262Z tests/embpy/test_hf_handler.py::TestResolveRawFilename::test_prefers_h5ad [32mPASSED[0m[31m [ 65%][0m
PRE-RELEASE DEPENDENCIES	Run test suite	2026-10-02T14:06:20.7281668Z tests/embpy/test_hf_handler.py::TestResolveRawFilename::test_fallback_to_csv [32mPASSED[0m[31m [ 65%][0m
PRE-RELEASE DEPENDENCIES	Run test suite	2026-10-02T14:06:20.7323427Z tests/embpy/test_hf_handler.py::TestResolveRawFilename::test_not_found [32mPASSED[0m[31m [ 65%][0m
PRE-RELEASE DEPENDENCIES	Run test suite	2026-10-02T14:06:20.7761774Z tests/embpy/test_hf_handler.py::TestDownloadDataset::test_h5ad_as_anndata [32mPASSED[0m[31m [ 66%][0m
PRE-RELEASE DEPENDENCIES	Run test suite	2026-10-02T14:06:20.7843969Z tests/embpy/test_hf_handler.py::TestDownloadDataset::test_csv_as_anndata [32mPASSED[0m[31m [ 66%][0m
PRE-RELEASE DEPENDENCIES	Run test suite	2026-10-02T14:06:20.7902002Z tests/embpy/test_hf_handler.py::TestDownloadDataset::test_csv_as_dataframe [32mPASSED[0m[31m [ 66%][0m
PRE-RELEASE DEPENDENCIES	Run test suite	2026-10-02T14:06:20.8687445Z tests/embpy/test_hf_handler.py::TestDownloadAllDatasets::test_downloads_all [32mPASSED[0m[31m [ 66%][0m
PRE-RELEASE DEPENDENCIES	Run test suite	2026-10-02T14:06:20.9111369Z tests/embpy/test_hf_handler.py::TestDownloadObs::test_returns_obs [32mPASSED[0m[31m [ 66%][0m
PRE-RELEASE DEPENDENCIES	Run test suite	2026-10-02T14:06:20.9551322Z tests/embpy/test_hf_handler.py::TestDownloadObs::test_column_filter [32mPASSED[0m[31m [ 66%][0m
PRE-RELEASE DEPENDENCIES	Run test suite	2026-10-02T14:06:21.0199964Z tests/embpy/test_hf_handler.py::TestDownloadObs::test_warns_on_missing_column [32mPASSED[0m[31m [ 66%][0m
PRE-RELEASE DEPENDENCIES	Run test suite	2026-10-02T14:06:21.0797244Z tests/embpy/test_hf_handler.py::TestDownloadVar::test_returns_var [32mPASSED[0m[31m [ 66%][0m
PRE-RELEASE DEPENDENCIES	Run test suite	2026-10-02T14:06:21.0878307Z tests/embpy/test_hf_handler.py::TestDownloadMetadata::test_reads_parquet [32mPASSED[0m[31m [ 66%][0m
PRE-RELEASE DEPENDENCIES	Run test suite	2026-10-02T14:06:21.0914249Z tests/embpy/test_hf_handler.py::TestResolveEmbeddingFilename::test_prefers_packaged_values_zarr [32mPASSED[0m[31m [ 66%][0m
PRE-RELEASE DEPENDENCIES	Run test suite	2026-10-02T14:06:21.0948835Z tests/embpy/test_hf_handler.py::TestResolveEmbeddingFilename::test_prefers_zarr [32mPASSED[0m[31m [ 66%][0m
PRE-RELEASE DEPENDENCIES	Run test suite	2026-10-02T14:06:21.0985992Z tests/embpy/test_hf_handler.py::TestResolveEmbeddingFilename::test_prefers_parquet [32mPASSED[0m[31m [ 66%][0m
PRE-RELEASE DEPENDENCIES	Run test suite	2026-10-02T14:06:21.1019194Z tests/embpy/test_hf_handler.py::TestResolveEmbeddingFilename::test_fallback_to_npy [32mPASSED[0m[31m [ 66%][0m
PRE-RELEASE DEPENDENCIES	Run test suite	2026-10-02T14:06:21.1053783Z tests/embpy/test_hf_handler.py::TestResolveEmbeddingFilename::test_not_found [32mPASSED[0m[31m [ 66%][0m
PRE-RELEASE DEPENDENCIES	Run test suite	2026-10-02T14:06:21.1128517Z tests/embpy/test_hf_handler.py::TestDownloadEmbeddingParquet::test_returns_dataframe [32mPASSED[0m[31m [ 66%][0m
PRE-RELEASE DEPENDENCIES	Run test suite	2026-10-02T14:06:21.1198438Z tests/embpy/test_hf_handler.py::TestDownloadEmbeddingNpy::test_with_index [32mPASSED[0m[31m [ 67%][0m
PRE-RELEASE DEPENDENCIES	Run test suite	2026-10-02T14:06:21.1245596Z tests/embpy/test_hf_handler.py::TestDownloadEmbeddingNpy::test_without_index [32mPASSED[0m[31m [ 67%][0m
PRE-RELEASE DEPENDENCIES	Run test suite	2026-10-02T14:06:21.1292913Z tests/embpy/test_hf_handler.py::TestDownloadEmbeddingNpz::test_returns_dict [32mPASSED[0m[31m [ 67%][0m
PRE-RELEASE DEPENDENCIES	Run test suite	2026-10-02T14:06:21.1627031Z tests/embpy/test_hf_handler.py::TestDownloadEmbeddingZarr::test_returns_dict_from_packaged_static_zarr [32mPASSED[0m[31m [ 67%][0m
PRE-RELEASE DEPENDENCIES	Run test suite	2026-10-02T14:06:21.3947134Z tests/embpy/test_hf_handler.py::TestDownloadEmbeddingZarr::test_returns_dict_from_anndata_zarr [32mPASSED[0m[31m [ 67%][0m
PRE-RELEASE DEPENDENCIES	Run test suite	2026-10-02T14:06:21.4045636Z tests/embpy/test_hf_handler.py::TestDownloadAllEmbeddings::test_downloads_all [32mPASSED[0m[31m [ 67%][0m
PRE-RELEASE DEPENDENCIES	Run test suite	2026-10-02T14:06:22.5865830Z tests/embpy/test_hpa_morphology_batch.py::test_hpa_batch_builds_shared_catalog_once [32mPASSED[0m[31m [ 67%][0m
PRE-RELEASE DEPENDENCIES	Run test suite	2026-10-02T14:06:22.6719105Z tests/embpy/test_local_genome.py::TestGeneResolverDownloadGenome::test_download_genome_unsupported_species [32mPASSED[0m[31m [ 67%][0m
PRE-RELEASE DEPENDENCIES	Run test suite	2026-10-02T14:06:22.6749728Z tests/embpy/test_local_genome.py::TestGeneResolverDownloadGenome::test_species_assembly_mapping [32mPASSED[0m[31m [ 67%][0m
PRE-RELEASE DEPENDENCIES	Run test suite	2026-10-02T14:06:22.6992901Z tests/embpy/test_local_genome.py::TestGeneResolverLocalIndexedSequence::test_full_sequence [31mERROR[0m[31m [ 67%][0m
PRE-RELEASE DEPENDENCIES	Run test suite	2026-10-02T14:06:22.7129349Z tests/embpy/test_local_genome.py::TestGeneResolverLocalIndexedSequence::test_exon_sequences [31mERROR[0m[31m [ 67%][0m
PRE-RELEASE DEPENDENCIES	Run test suite	2026-10-02T14:06:22.7264211Z tests/embpy/test_local_genome.py::TestGeneResolverLocalIndexedSequence::test_intron_sequences [31mERROR[0m[31m [ 67%][0m
PRE-RELEASE DEPENDENCIES	Run test suite	2026-10-02T14:06:22.7397924Z tests/embpy/test_local_genome.py::TestGeneResolverLocalIndexedSequence::test_unknown_gene_returns_none [31mERROR[0m[31m [ 67%][0m
PRE-RELEASE DEPENDENCIES	Run test suite	2026-10-02T14:06:22.7532375Z tests/embpy/test_local_genome.py::TestGeneResolverLocalIndexedSequence::test_unknown_chrom_returns_none [31mERROR[0m[31m [ 67%][0m
PRE-RELEASE DEPENDENCIES	Run test suite	2026-10-02T14:06:22.7561586Z tests/embpy/test_local_genome.py::TestGeneResolverReverseComplement::test_reverse_complement [32mPASSED[0m[31m [ 67%][0m
PRE-RELEASE DEPENDENCIES	Run test suite	2026-10-02T14:06:22.7602812Z tests/embpy/test_local_genome.py::TestGeneResolverLocalFirstFallback::test_get_dna_sequence_tries_local_first [32mPASSED[0m[31m [ 68%][0m
PRE-RELEASE DEPENDENCIES	Run test suite	2026-10-02T14:06:22.8699741Z tests/embpy/test_local_genome.py::TestGeneResolverLocalFirstFallback::test_falls_back_to_api_when_no_genome [31mFAILED[0m[31m [ 68%][0m
PRE-RELEASE DEPENDENCIES	Run test suite	2026-10-02T14:06:22.8728900Z tests/embpy/test_local_genome.py::TestProteinResolverDownloadProteome::test_proteome_mapping_has_species [32mPASSED[0m[31m [ 68%][0m
PRE-RELEASE DEPENDENCIES	Run test suite	2026-10-02T14:06:22.8764644Z tests/embpy/test_local_genome.py::TestProteinResolverDownloadProteome::test_unsupported_species_raises [32mPASSED[0m[31m [ 68%][0m
PRE-RELEASE DEPENDENCIES	Run test suite	2026-10-02T14:06:22.8795023Z tests/embpy/test_local_genome.py::TestProteinResolverLocalLookup::test_local_lookup_by_symbol [32mPASSED[0m[31m [ 68%][0m
PRE-RELEASE DEPENDENCIES	Run test suite	2026-10-02T14:06:22.8823963Z tests/embpy/test_local_genome.py::TestProteinResolverLocalLookup::test_local_lookup_by_accession [32mPASSED[0m[31m [ 68%][0m
PRE-RELEASE DEPENDENCIES	Run test suite	2026-10-02T14:06:22.8853407Z tests/embpy/test_local_genome.py::TestProteinResolverLocalLookup::test_local_lookup_unknown [32mPASSED[0m[31m [ 68%][0m
PRE-RELEASE DEPENDENCIES	Run test suite	2026-10-02T14:06:22.8888326Z tests/embpy/test_local_genome.py::TestProteinResolverLocalLookup::test_get_canonical_tries_local_first [32mPASSED[0m[31m [ 68%][0m
PRE-RELEASE DEPENDENCIES	Run test suite	2026-10-02T14:06:22.8959487Z tests/embpy/test_metadata.py::TestPertpyImportGuard::test_annotate_drugs_requires_pertpy [32mPASSED[0m[31m [ 68%][0m
PRE-RELEASE DEPENDENCIES	Run test suite	2026-10-02T14:06:22.8991696Z tests/embpy/test_metadata.py::TestPertpyImportGuard::test_lookup_moa_requires_pertpy [32mPASSED[0m[31m [ 68%][0m
PRE-RELEASE DEPENDENCIES	Run test suite	2026-10-02T14:06:22.9045541Z tests/embpy/test_metadata.py::TestPertpyImportGuard::test_annotate_cell_lines_requires_pertpy [32mPASSED[0m[31m [ 68%][0m
PRE-RELEASE DEPENDENCIES	Run test suite	2026-10-02T14:06:22.9101872Z tests/embpy/test_metadata.py::TestPertpyImportGuard::test_annotate_drug_response_requires_pertpy [32mPASSED[0m[31m [ 68%][0m
PRE-RELEASE DEPENDENCIES	Run test suite	2026-10-02T14:06:22.9156354Z tests/embpy/test_metadata.py::TestPertpyImportGuard::test_annotate_perturbation_requires_pertpy [32mPASSED[0m[31m [ 68%][0m
PRE-RELEASE DEPENDENCIES	Run test suite	2026-10-02T14:06:22.9209529Z tests/embpy/test_metadata.py::TestPertpyImportGuard::test_annotate_bulk_rna_requires_pertpy [32mPASSED[0m[31m [ 68%][0m
PRE-RELEASE DEPENDENCIES	Run test suite	2026-10-02T14:06:22.9243725Z tests/embpy/test_metadata.py::TestPertpyImportGuard::test_lookup_protein_expression_requires_pertpy [32mPASSED[0m[31m [ 68%][0m
PRE-RELEASE DEPENDENCIES	Run test suite	2026-10-02T14:06:22.9305998Z tests/embpy/test_metadata.py::TestAnnotateDrugs::test_delegates_to_pertpy [32mPASSED[0m[31m [ 69%][0m
PRE-RELEASE DEPENDENCIES	Run test suite	2026-10-02T14:06:22.9368194Z tests/embpy/test_metadata.py::TestAnnotateDrugs::test_source_dgidb [32mPASSED[0m[31m [ 69%][0m
PRE-RELEASE DEPENDENCIES	Run test suite	2026-10-02T14:06:22.9431213Z tests/embpy/test_metadata.py::TestAnnotateDrugs::test_source_pharmgkb [32mPASSED[0m[31m [ 69%][0m
PRE-RELEASE DEPENDENCIES	Run test suite	2026-10-02T14:06:22.9475422Z tests/embpy/test_metadata.py::TestLookups::test_lookup_moa [32mPASSED[0m[31m        [ 69%][0m
PRE-RELEASE DEPENDENCIES	Run test suite	2026-10-02T14:06:22.9519923Z tests/embpy/test_metadata.py::TestLookups::test_lookup_drug_annotation [32mPASSED[0m[31m [ 69%][0m
PRE-RELEASE DEPENDENCIES	Run test suite	2026-10-02T14:06:22.9564616Z tests/embpy/test_metadata.py::TestLookups::test_lookup_compounds [32mPASSED[0m[31m  [ 69%][0m
PRE-RELEASE DEPENDENCIES	Run test suite	2026-10-02T14:06:22.9608890Z tests/embpy/test_metadata.py::TestLookups::test_lookup_cell_lines [32mPASSED[0m[31m [ 69%][0m
PRE-RELEASE DEPENDENCIES	Run test suite	2026-10-02T14:06:22.9664478Z tests/embpy/test_metadata.py::TestLookups::test_lookup_drug_response [32mPASSED[0m[31m [ 69%][0m
PRE-RELEASE DEPENDENCIES	Run test suite	2026-10-02T14:06:22.9708480Z tests/embpy/test_metadata.py::TestLookups::test_lookup_protein_expression [32mPASSED[0m[31m [ 69%][0m
PRE-RELEASE DEPENDENCIES	Run test suite	2026-10-02T14:06:22.9771863Z tests/embpy/test_metadata.py::TestAnnotateCellLines::test_delegates_to_pertpy [32mPASSED[0m[31m [ 69%][0m
PRE-RELEASE DEPENDENCIES	Run test suite	2026-10-02T14:06:22.9834716Z tests/embpy/test_metadata.py::TestAnnotateCellLines::test_no_fetch_param [32mPASSED[0m[31m [ 69%][0m
PRE-RELEASE DEPENDENCIES	Run test suite	2026-10-02T14:06:22.9896966Z tests/embpy/test_metadata.py::TestAnnotateBulkRna::test_delegates_broad [32mPASSED[0m[31m [ 69%][0m
PRE-RELEASE DEPENDENCIES	Run test suite	2026-10-02T14:06:22.9960070Z tests/embpy/test_metadata.py::TestAnnotateDrugResponse::test_delegates_gdsc1 [32mPASSED[0m[31m [ 69%][0m
PRE-RELEASE DEPENDENCIES	Run test suite	2026-10-02T14:06:23.0027664Z tests/embpy/test_metadata.py::TestAnnotateGenes::test_defaults_to_var_names [32mPASSED[0m[31m [ 69%][0m
PRE-RELEASE DEPENDENCIES	Run test suite	2026-10-02T14:06:23.0094745Z tests/embpy/test_metadata.py::TestAnnotateGenes::test_custom_query_ids [32mPASSED[0m[31m [ 69%][0m
PRE-RELEASE DEPENDENCIES	Run test suite	2026-10-02T14:06:23.0168726Z tests/embpy/test_metadata.py::TestAnnotatePerturbation::test_auto_detects_drug [32mPASSED[0m[31m [ 70%][0m
PRE-RELEASE DEPENDENCIES	Run test suite	2026-10-02T14:06:23.0242985Z tests/embpy/test_metadata.py::TestAnnotatePerturbation::test_auto_detects_genetic [32mPASSED[0m[31m [ 70%][0m
PRE-RELEASE DEPENDENCIES	Run test suite	2026-10-02T14:06:23.0320033Z tests/embpy/test_metadata.py::TestAnnotatePerturbation::test_explicit_drug_type [32mPASSED[0m[31m [ 70%][0m
PRE-RELEASE DEPENDENCIES	Run test suite	2026-10-02T14:06:23.0388616Z tests/embpy/test_metadata.py::TestAnnotatePerturbation::test_explicit_genetic_type [32mPASSED[0m[31m [ 70%][0m
PRE-RELEASE DEPENDENCIES	Run test suite	2026-10-02T14:06:23.0452742Z tests/embpy/test_metadata.py::TestAnnotatePerturbation::test_missing_column_raises [32mPASSED[0m[31m [ 70%][0m
PRE-RELEASE DEPENDENCIES	Run test suite	2026-10-02T14:06:23.0535074Z tests/embpy/test_metadata.py::TestAnnotatePerturbation::test_copy_flag [32mPASSED[0m[31m [ 70%][0m
PRE-RELEASE DEPENDENCIES	Run test suite	2026-10-02T14:06:23.0572433Z tests/embpy/test_metadata.py::TestInferPerturbationType::test_gene_symbols [32mPASSED[0m[31m [ 70%][0m
PRE-RELEASE DEPENDENCIES	Run test suite	2026-10-02T14:06:23.0606341Z tests/embpy/test_metadata.py::TestInferPerturbationType::test_drug_names [32mPASSED[0m[31m [ 70%][0m
PRE-RELEASE DEPENDENCIES	Run test suite	2026-10-02T14:06:23.0640312Z tests/embpy/test_metadata.py::TestInferPerturbationType::test_mixed_leans_drug [32mPASSED[0m[31m [ 70%][0m
PRE-RELEASE DEPENDENCIES	Run test suite	2026-10-02T14:06:23.0675222Z tests/embpy/test_metadata.py::TestInferPerturbationType::test_empty_series [32mPASSED[0m[31m [ 70%][0m
PRE-RELEASE DEPENDENCIES	Run test suite	2026-10-02T14:06:23.0707537Z tests/embpy/test_metadata.py::TestInferPerturbationType::test_all_nan [32mPASSED[0m[31m [ 70%][0m
PRE-RELEASE DEPENDENCIES	Run test suite	2026-10-02T14:06:23.0743770Z tests/embpy/test_metadata.py::TestInferPerturbationType::test_gene_ids_uppercase [32mPASSED[0m[31m [ 70%][0m
PRE-RELEASE DEPENDENCIES	Run test suite	2026-10-02T14:06:23.4238624Z tests/embpy/test_molecule_annotator.py::TestPhysicochemicalProperties::test_ethanol [32mPASSED[0m[31m [ 70%][0m
PRE-RELEASE DEPENDENCIES	Run test suite	2026-10-02T14:06:23.4271452Z tests/embpy/test_molecule_annotator.py::TestPhysicochemicalProperties::test_invalid_smiles [32mPASSED[0m[31m [ 70%][0m
PRE-RELEASE DEPENDENCIES	Run test suite	2026-10-02T14:06:23.4516519Z tests/embpy/test_molecule_annotator.py::TestPhysicochemicalProperties::test_caffeine_properties [32mPASSED[0m[31m [ 70%][0m
PRE-RELEASE DEPENDENCIES	Run test suite	2026-10-02T14:06:23.4739258Z tests/embpy/test_molecule_annotator.py::TestPhysicochemicalProperties::test_formula [32mPASSED[0m[31m [ 71%][0m
PRE-RELEASE DEPENDENCIES	Run test suite	2026-10-02T14:06:23.6798703Z tests/embpy/test_molecule_annotator.py::TestBioactivities::test_get_bioactivities [31mFAILED[0m[31m [ 71%][0m
PRE-RELEASE DEPENDENCIES	Run test suite	2026-10-02T14:06:23.8827611Z tests/embpy/test_molecule_annotator.py::TestBioactivities::test_no_chembl_id [31mFAILED[0m[31m [ 71%][0m
PRE-RELEASE DEPENDENCIES	Run test suite	2026-10-02T14:06:24.0843623Z tests/embpy/test_molecule_annotator.py::TestTargetProteins::test_get_targets [31mFAILED[0m[31m [ 71%][0m
PRE-RELEASE DEPENDENCIES	Run test suite	2026-10-02T14:06:24.2836574Z tests/embpy/test_molecule_annotator.py::TestCrossReferences::test_get_cross_references [31mFAILED[0m[31m [ 71%][0m
PRE-RELEASE DEPENDENCIES	Run test suite	2026-10-02T14:06:24.3079847Z tests/embpy/test_molecule_annotator.py::TestAnnotate::test_structural_only [32mPASSED[0m[31m [ 71%][0m
PRE-RELEASE DEPENDENCIES	Run test suite	2026-10-02T14:06:24.3920551Z tests/embpy/test_molecule_annotator.py::TestAnnotate::test_unknown_molecule [32mPASSED[0m[31m [ 71%][0m
PRE-RELEASE DEPENDENCIES	Run test suite	2026-10-02T14:06:24.4445040Z tests/embpy/test_molecule_annotator.py::TestAnnotateAdata::test_annotate_adata [32mPASSED[0m[31m [ 71%][0m
PRE-RELEASE DEPENDENCIES	Run test suite	2026-10-02T14:06:24.4504835Z tests/embpy/test_molecule_annotator.py::TestAnnotateAdata::test_missing_column_raises [32mPASSED[0m[31m [ 71%][0m
PRE-RELEASE DEPENDENCIES	Run test suite	2026-10-02T14:06:24.4647840Z tests/embpy/test_multi_species.py::TestIsEnsemblId::test_human_gene [31mFAILED[0m[31m [ 71%][0m
PRE-RELEASE DEPENDENCIES	Run test suite	2026-10-02T14:06:24.4784487Z tests/embpy/test_multi_species.py::TestIsEnsemblId::test_mouse_gene [31mFAILED[0m[31m [ 71%][0m
PRE-RELEASE DEPENDENCIES	Run test suite	2026-10-02T14:06:24.4919191Z tests/embpy/test_multi_species.py::TestIsEnsemblId::test_zebrafish_gene [31mFAILED[0m[31m [ 71%][0m
PRE-RELEASE DEPENDENCIES	Run test suite	2026-10-02T14:06:24.5053995Z tests/embpy/test_multi_species.py::TestIsEnsemblId::test_transcript [31mFAILED[0m[31m [ 71%][0m
PRE-RELEASE DEPENDENCIES	Run test suite	2026-10-02T14:06:24.5187428Z tests/embpy/test_multi_species.py::TestIsEnsemblId::test_protein [31mFAILED[0m[31m  [ 71%][0m
PRE-RELEASE DEPENDENCIES	Run test suite	2026-10-02T14:06:24.5324363Z tests/embpy/test_multi_species.py::TestIsEnsemblId::test_not_ensembl [31mFAILED[0m[31m [ 71%][0m
PRE-RELEASE DEPENDENCIES	Run test suite	2026-10-02T14:06:24.5464325Z tests/embpy/test_multi_species.py::TestIsEnsemblId::test_with_version [31mFAILED[0m[31m [ 72%][0m
PRE-RELEASE DEPENDENCIES	Run test suite	2026-10-02T14:06:24.7473921Z tests/embpy/test_multi_species.py::TestGeneResolverSpecies::test_fetch_region_uses_species [31mFAILED[0m[31m [ 72%][0m
PRE-RELEASE DEPENDENCIES	Run test suite	2026-10-02T14:06:24.9502810Z tests/embpy/test_multi_species.py::TestGeneResolverSpecies::test_fetch_region_default_species [31mFAILED[0m[31m [ 72%][0m
PRE-RELEASE DEPENDENCIES	Run test suite	2026-10-02T14:06:24.9532849Z tests/embpy/test_multi_species.py::TestProteinResolverSpecies::test_organism_taxon_has_common_species [32mPASSED[0m[31m [ 72%][0m
PRE-RELEASE DEPENDENCIES	Run test suite	2026-10-02T14:06:24.9562805Z tests/embpy/test_multi_species.py::TestProteinResolverSpecies::test_get_all_gene_ids_uses_organism [32mPASSED[0m[31m [ 72%][0m
PRE-RELEASE DEPENDENCIES	Run test suite	2026-10-02T14:06:24.9592560Z tests/embpy/test_multi_species.py::TestGeneAnnotatorSpecies::test_string_taxon_human [32mPASSED[0m[31m [ 72%][0m
PRE-RELEASE DEPENDENCIES	Run test suite	2026-10-02T14:06:24.9622054Z tests/embpy/test_multi_species.py::TestGeneAnnotatorSpecies::test_string_taxon_mouse [32mPASSED[0m[31m [ 72%][0m
PRE-RELEASE DEPENDENCIES	Run test suite	2026-10-02T14:06:24.9651788Z tests/embpy/test_multi_species.py::TestGeneAnnotatorSpecies::test_gtex_skipped_for_mouse [32mPASSED[0m[31m [ 72%][0m
PRE-RELEASE DEPENDENCIES	Run test suite	2026-10-02T14:06:24.9681538Z tests/embpy/test_multi_species.py::TestGeneAnnotatorSpecies::test_hpa_skipped_for_mouse [32mPASSED[0m[31m [ 72%][0m
PRE-RELEASE DEPENDENCIES	Run test suite	2026-10-02T14:06:24.9711360Z tests/embpy/test_multi_species.py::TestGeneAnnotatorSpecies::test_gwas_skipped_for_mouse [32mPASSED[0m[31m [ 72%][0m
PRE-RELEASE DEPENDENCIES	Run test suite	2026-10-02T14:06:24.9741011Z tests/embpy/test_multi_species.py::TestGeneAnnotatorSpecies::test_open_targets_skipped_for_mouse [32mPASSED[0m[31m [ 72%][0m
PRE-RELEASE DEPENDENCIES	Run test suite	2026-10-02T14:06:24.9876754Z tests/embpy/test_multi_species.py::TestGeneAnnotatorSpecies::test_ensembl_id_detection_mouse [31mFAILED[0m[31m [ 72%][0m
PRE-RELEASE DEPENDENCIES	Run test suite	2026-10-02T14:06:24.9918443Z tests/embpy/test_multi_species.py::TestProteinAnnotatorSpecies::test_ensembl_id_regex_handles_mouse [32mPASSED[0m[31m [ 72%][0m
PRE-RELEASE DEPENDENCIES	Run test suite	2026-10-02T14:06:24.9963739Z tests/embpy/test_multi_species.py::TestBioEmbedderOrganism::test_organism_propagated [32mPASSED[0m[31m [ 72%][0m
PRE-RELEASE DEPENDENCIES	Run test suite	2026-10-02T14:06:25.0009831Z tests/embpy/test_multi_species.py::TestBioEmbedderOrganism::test_default_organism_is_human [32mPASSED[0m[31m [ 72%][0m
PRE-RELEASE DEPENDENCIES	Run test suite	2026-10-02T14:06:25.0077959Z tests/embpy/test_plotting.py::TestComputeSimilarity::test_cosine [32mPASSED[0m[31m  [ 73%][0m
PRE-RELEASE DEPENDENCIES	Run test suite	2026-10-02T14:06:25.0128463Z tests/embpy/test_plotting.py::TestComputeSimilarity::test_pearson [32mPASSED[0m[31m [ 73%][0m
PRE-RELEASE DEPENDENCIES	Run test suite	2026-10-02T14:06:25.0452573Z tests/embpy/test_plotting.py::TestComputeSimilarity::test_spearman [32mPASSED[0m[31m [ 73%][0m
PRE-RELEASE DEPENDENCIES	Run test suite	2026-10-02T14:06:25.0509368Z tests/embpy/test_plotting.py::TestComputeSimilarity::test_invalid_metric [32mPASSED[0m[31m [ 73%][0m
PRE-RELEASE DEPENDENCIES	Run test suite	2026-10-02T14:06:25.0554945Z tests/embpy/test_plotting.py::TestComputeSimilarity::test_missing_key [32mPASSED[0m[31m [ 73%][0m
PRE-RELEASE DEPENDENCIES	Run test suite	2026-10-02T14:06:25.0608483Z tests/embpy/test_plotting.py::TestComputeDistanceMatrix::test_euclidean [32mPASSED[0m[31m [ 73%][0m
PRE-RELEASE DEPENDENCIES	Run test suite	2026-10-02T14:06:25.0663774Z tests/embpy/test_plotting.py::TestComputeDistanceMatrix::test_cosine_distance [32mPASSED[0m[31m [ 73%][0m
PRE-RELEASE DEPENDENCIES	Run test suite	2026-10-02T14:06:25.0726334Z tests/embpy/test_plotting.py::TestComputeDistanceMatrix::test_wasserstein [32mPASSED[0m[31m [ 73%][0m
PRE-RELEASE DEPENDENCIES	Run test suite	2026-10-02T14:06:25.0782448Z tests/embpy/test_plotting.py::TestComputeDistanceMatrix::test_invalid_metric [32mPASSED[0m[31m [ 73%][0m
PRE-RELEASE DEPENDENCIES	Run test suite	2026-10-02T14:06:25.0887194Z tests/embpy/test_plotting.py::TestComputeKnnOverlap::test_same_embedding [32mPASSED[0m[31m [ 73%][0m
PRE-RELEASE DEPENDENCIES	Run test suite	2026-10-02T14:06:25.0989760Z tests/embpy/test_plotting.py::TestComputeKnnOverlap::test_different_embeddings [32mPASSED[0m[31m [ 73%][0m
PRE-RELEASE DEPENDENCIES	Run test suite	2026-10-02T14:06:25.1052878Z tests/embpy/test_plotting.py::TestRankPerturbations::test_rank_by_name [32mPASSED[0m[31m [ 73%][0m
PRE-RELEASE DEPENDENCIES	Run test suite	2026-10-02T14:06:25.1114260Z tests/embpy/test_plotting.py::TestRankPerturbations::test_rank_by_vector [32mPASSED[0m[31m [ 73%][0m
PRE-RELEASE DEPENDENCIES	Run test suite	2026-10-02T14:06:25.1161039Z tests/embpy/test_plotting.py::TestRankPerturbations::test_invalid_query [32mPASSED[0m[31m [ 73%][0m
PRE-RELEASE DEPENDENCIES	Run test suite	2026-10-02T14:06:25.1524354Z tests/embpy/test_plotting.py::TestClusterEmbeddings::test_kmeans [32mPASSED[0m[31m  [ 73%][0m
PRE-RELEASE DEPENDENCIES	Run test suite	2026-10-02T14:06:25.1586635Z tests/embpy/test_plotting.py::TestClusterEmbeddings::test_invalid_method [32mPASSED[0m[31m [ 74%][0m
PRE-RELEASE DEPENDENCIES	Run test suite	2026-10-02T14:06:25.1613890Z tests/embpy/test_plotting.py::TestScanpyDependentTl::test_find_nearest_neighbors [33mSKIPPED[0m[31m [ 74%][0m
PRE-RELEASE DEPENDENCIES	Run test suite	2026-10-02T14:06:25.1639997Z tests/embpy/test_plotting.py::TestScanpyDependentTl::test_compute_umap [33mSKIPPED[0m[31m [ 74%][0m
PRE-RELEASE DEPENDENCIES	Run test suite	2026-10-02T14:06:25.1667882Z tests/embpy/test_plotting.py::TestScanpyDependentTl::test_compute_tsne [33mSKIPPED[0m[31m [ 74%][0m
PRE-RELEASE DEPENDENCIES	Run test suite	2026-10-02T14:06:25.1693729Z tests/embpy/test_plotting.py::TestScanpyDependentTl::test_leiden [33mSKIPPED[0m[31m [ 74%][0m
PRE-RELEASE DEPENDENCIES	Run test suite	2026-10-02T14:06:25.1743095Z tests/embpy/test_plotting.py::TestGetEmbeddingKeys::test_auto_discovery [32mPASSED[0m[31m [ 74%][0m
PRE-RELEASE DEPENDENCIES	Run test suite	2026-10-02T14:06:25.1791217Z tests/embpy/test_plotting.py::TestGetEmbeddingKeys::test_explicit_keys [32mPASSED[0m[31m [ 74%][0m
PRE-RELEASE DEPENDENCIES	Run test suite	2026-10-02T14:06:25.1840905Z tests/embpy/test_plotting.py::TestGetEmbeddingKeys::test_skip_umap_tsne [32mPASSED[0m[31m [ 74%][0m
PRE-RELEASE DEPENDENCIES	Run test suite	2026-10-02T14:06:25.1889811Z tests/embpy/test_plotting.py::TestGetEmbeddingKeys::test_invalid_key_raises [32mPASSED[0m[31m [ 74%][0m
PRE-RELEASE DEPENDENCIES	Run test suite	2026-10-02T14:06:25.2734269Z tests/embpy/test_plotting.py::TestPlotSimilarityHeatmap::test_from_matrix [32mPASSED[0m[31m [ 74%][0m
PRE-RELEASE DEPENDENCIES	Run test suite	2026-10-02T14:06:25.4346456Z tests/embpy/test_plotting.py::TestPlotSimilarityHeatmap::test_from_adata [32mPASSED[0m[31m [ 74%][0m
PRE-RELEASE DEPENDENCIES	Run test suite	2026-10-02T14:06:25.5686193Z tests/embpy/test_plotting.py::TestPlotSimilarityHeatmap::test_into_external_axes [32mPASSED[0m[31m [ 74%][0m
PRE-RELEASE DEPENDENCIES	Run test suite	2026-10-02T14:06:25.9294229Z tests/embpy/test_plotting.py::TestPlotSimilarityHeatmap::test_label_col_used_for_ticks [32mPASSED[0m[31m [ 74%][0m
PRE-RELEASE DEPENDENCIES	Run test suite	2026-10-02T14:06:26.0823448Z tests/embpy/test_plotting.py::TestDistanceHeatmap::test_euclidean [32mPASSED[0m[31m [ 74%][0m
PRE-RELEASE DEPENDENCIES	Run test suite	2026-10-02T14:06:26.2342855Z tests/embpy/test_plotting.py::TestDistanceHeatmap::test_wasserstein [32mPASSED[0m[31m [ 75%][0m
PRE-RELEASE DEPENDENCIES	Run test suite	2026-10-02T14:06:26.3944374Z tests/embpy/test_plotting.py::TestCorrelationMatrix::test_pearson [32mPASSED[0m[31m [ 75%][0m
PRE-RELEASE DEPENDENCIES	Run test suite	2026-10-02T14:06:26.5861199Z tests/embpy/test_plotting.py::TestCorrelationMatrix::test_spearman [32mPASSED[0m[31m [ 75%][0m
PRE-RELEASE DEPENDENCIES	Run test suite	2026-10-02T14:06:26.6553976Z tests/embpy/test_plotting.py::TestCrossEmbeddingCorrelation::test_basic [32mPASSED[0m[31m [ 75%][0m
PRE-RELEASE DEPENDENCIES	Run test suite	2026-10-02T14:06:26.7098480Z tests/embpy/test_plotting.py::TestPerturbationRanking::test_from_rankings [32mPASSED[0m[31m [ 75%][0m
PRE-RELEASE DEPENDENCIES	Run test suite	2026-10-02T14:06:26.7660022Z tests/embpy/test_plotting.py::TestPerturbationRanking::test_from_adata [32mPASSED[0m[31m [ 75%][0m
PRE-RELEASE DEPENDENCIES	Run test suite	2026-10-02T14:06:26.8461172Z tests/embpy/test_plotting.py::TestDendrogram::test_cosine [32mPASSED[0m[31m         [ 75%][0m
PRE-RELEASE DEPENDENCIES	Run test suite	2026-10-02T14:06:26.9275922Z tests/embpy/test_plotting.py::TestDendrogram::test_euclidean [32mPASSED[0m[31m      [ 75%][0m
PRE-RELEASE DEPENDENCIES	Run test suite	2026-10-02T14:06:26.9902692Z tests/embpy/test_plotting.py::TestEmbeddingDistributions::test_basic [32mPASSED[0m[31m [ 75%][0m
PRE-RELEASE DEPENDENCIES	Run test suite	2026-10-02T14:06:27.0502175Z tests/embpy/test_plotting.py::TestEmbeddingNorms::test_basic [32mPASSED[0m[31m      [ 75%][0m
PRE-RELEASE DEPENDENCIES	Run test suite	2026-10-02T14:06:27.1374636Z tests/embpy/test_plotting.py::TestClusterComposition::test_basic [32mPASSED[0m[31m  [ 75%][0m
PRE-RELEASE DEPENDENCIES	Run test suite	2026-10-02T14:06:27.2322186Z tests/embpy/test_plotting.py::TestKnnOverlap::test_basic [32mPASSED[0m[31m          [ 75%][0m
PRE-RELEASE DEPENDENCIES	Run test suite	2026-10-02T14:06:27.2341276Z tests/embpy/test_plotting.py::TestScanpyDependentPl::test_plot_embedding_space_umap [33mSKIPPED[0m[31m [ 75%][0m
PRE-RELEASE DEPENDENCIES	Run test suite	2026-10-02T14:06:27.2369835Z tests/embpy/test_plotting.py::TestScanpyDependentPl::test_plot_embedding_space_tsne [33mSKIPPED[0m[31m [ 75%][0m
PRE-RELEASE DEPENDENCIES	Run test suite	2026-10-02T14:06:27.2395947Z tests/embpy/test_plotting.py::TestScanpyDependentPl::test_all_embeddings [33mSKIPPED[0m[31m [ 75%][0m
PRE-RELEASE DEPENDENCIES	Run test suite	2026-10-02T14:06:27.2422029Z tests/embpy/test_plotting.py::TestScanpyDependentPl::test_leiden_overview [33mSKIPPED[0m[31m [ 76%][0m
PRE-RELEASE DEPENDENCIES	Run test suite	2026-10-02T14:06:27.2448236Z tests/embpy/test_plotting.py::TestScanpyDependentPl::test_leiden_overview_selected_plots [33mSKIPPED[0m[31m [ 76%][0m
PRE-RELEASE DEPENDENCIES	Run test suite	2026-10-02T14:06:27.3111132Z tests/embpy/test_plotting.py::TestPlotEmbeddingSpacePCA::test_pca_method_creates_obsm_and_axes [32mPASSED[0m[31m [ 76%][0m
PRE-RELEASE DEPENDENCIES	Run test suite	2026-10-02T14:06:27.3829408Z tests/embpy/test_plotting.py::TestPlotEmbeddingSpacePCA::test_annotate_draws_text_per_observation [32mPASSED[0m[31m [ 76%][0m
PRE-RELEASE DEPENDENCIES	Run test suite	2026-10-02T14:06:27.4795497Z tests/embpy/test_plotting.py::TestPlotEmbeddingSpacePCA::test_annotate_col_uses_obs_column [32mPASSED[0m[31m [ 76%][0m
PRE-RELEASE DEPENDENCIES	Run test suite	2026-10-02T14:06:27.4960222Z tests/embpy/test_plotting.py::TestPlotEmbeddingSpacePCA::test_into_external_ax [32mPASSED[0m[31m [ 76%][0m
PRE-RELEASE DEPENDENCIES	Run test suite	2026-10-02T14:06:27.5015418Z tests/embpy/test_plotting.py::TestPlotEmbeddingSpacePCA::test_invalid_method_raises [32mPASSED[0m[31m [ 76%][0m
PRE-RELEASE DEPENDENCIES	Run test suite	2026-10-02T14:06:27.6195947Z tests/embpy/test_plotting.py::TestEmbeddingColorPanel::test_panel_count_matches_color_keys [32mPASSED[0m[31m [ 76%][0m
PRE-RELEASE DEPENDENCIES	Run test suite	2026-10-02T14:06:27.6922882Z tests/embpy/test_plotting.py::TestEmbeddingColorPanel::test_extra_grid_axes_hidden [32mPASSED[0m[31m [ 76%][0m
PRE-RELEASE DEPENDENCIES	Run test suite	2026-10-02T14:06:27.6968484Z tests/embpy/test_plotting.py::TestEmbeddingColorPanel::test_no_obsm_keys_raises [32mPASSED[0m[31m [ 76%][0m
PRE-RELEASE DEPENDENCIES	Run test suite	2026-10-02T14:06:27.7492367Z tests/embpy/test_plotting.py::TestHighlightGeneSets::test_highlights_set_members [32mPASSED[0m[31m [ 76%][0m
PRE-RELEASE DEPENDENCIES	Run test suite	2026-10-02T14:06:27.7881622Z tests/embpy/test_plotting.py::TestHighlightGeneSets::test_handles_unknown_members_gracefully [32mPASSED[0m[31m [ 76%][0m
PRE-RELEASE DEPENDENCIES	Run test suite	2026-10-02T14:06:27.7935695Z tests/embpy/test_plotting.py::TestHighlightGeneSets::test_invalid_method_raises [32mPASSED[0m[31m [ 76%][0m
PRE-RELEASE DEPENDENCIES	Run test suite	2026-10-02T14:06:27.7972177Z tests/embpy/test_pp_basic.py::TestNormalizeGeneNames::test_ensembl_id_passes_through [32mPASSED[0m[31m [ 76%][0m
PRE-RELEASE DEPENDENCIES	Run test suite	2026-10-02T14:06:27.8007351Z tests/embpy/test_pp_basic.py::TestNormalizeGeneNames::test_ensembl_strips_version [32mPASSED[0m[31m [ 76%][0m
PRE-RELEASE DEPENDENCIES	Run test suite	2026-10-02T14:06:27.8043062Z tests/embpy/test_pp_basic.py::TestNormalizeGeneNames::test_symbol_resolved [32mPASSED[0m[31m [ 77%][0m
PRE-RELEASE DEPENDENCIES	Run test suite	2026-10-02T14:06:27.8079199Z tests/embpy/test_pp_basic.py::TestNormalizeGeneNames::test_dna_sequence_returns_none [32mPASSED[0m[31m [ 77%][0m
PRE-RELEASE DEPENDENCIES	Run test suite	2026-10-02T14:06:27.8129842Z tests/embpy/test_pp_basic.py::TestResolveIdentifiers::test_auto_detect_mixed [32mPASSED[0m[31m [ 77%][0m
PRE-RELEASE DEPENDENCIES	Run test suite	2026-10-02T14:06:27.8173304Z tests/embpy/test_pp_basic.py::TestResolveIdentifiers::test_explicit_id_type [32mPASSED[0m[31m [ 77%][0m
PRE-RELEASE DEPENDENCIES	Run test suite	2026-10-02T14:06:27.8230001Z tests/embpy/test_pp_basic.py::TestResolveIdentifiers::test_unresolvable_symbol [32mPASSED[0m[31m [ 77%][0m
PRE-RELEASE DEPENDENCIES	Run test suite	2026-10-02T14:06:27.8270097Z tests/embpy/test_pp_basic.py::TestBuildEmbeddingMatrix::test_requires_embedder [32mPASSED[0m[31m [ 77%][0m
PRE-RELEASE DEPENDENCIES	Run test suite	2026-10-02T14:06:27.8336101Z tests/embpy/test_pp_basic.py::TestBuildEmbeddingMatrix::test_builds_adata_with_obsm [32mPASSED[0m[31m [ 77%][0m
PRE-RELEASE DEPENDENCIES	Run test suite	2026-10-02T14:06:27.8396203Z tests/embpy/test_pp_basic.py::TestBuildEmbeddingMatrix::test_custom_obsm_key [32mPASSED[0m[31m [ 77%][0m
PRE-RELEASE DEPENDENCIES	Run test suite	2026-10-02T14:06:27.8458242Z tests/embpy/test_pp_basic.py::TestBuildEmbeddingMatrix::test_handles_failed_embeddings [32mPASSED[0m[31m [ 77%][0m
PRE-RELEASE DEPENDENCIES	Run test suite	2026-10-02T14:06:27.8521003Z tests/embpy/test_pp_basic.py::TestBuildEmbeddingMatrix::test_obs_metadata [32mPASSED[0m[31m [ 77%][0m
PRE-RELEASE DEPENDENCIES	Run test suite	2026-10-02T14:06:27.8610967Z tests/embpy/test_pp_basic.py::TestFilterFailedEmbeddings::test_filters_correctly [32mPASSED[0m[31m [ 77%][0m
PRE-RELEASE DEPENDENCIES	Run test suite	2026-10-02T14:06:27.8666310Z tests/embpy/test_pp_basic.py::TestFilterFailedEmbeddings::test_raises_without_embedded_col [32mPASSED[0m[31m [ 77%][0m
PRE-RELEASE DEPENDENCIES	Run test suite	2026-10-02T14:06:27.8741454Z tests/embpy/test_pp_basic.py::TestFilterFailedEmbeddings::test_all_pass [32mPASSED[0m[31m [ 77%][0m
PRE-RELEASE DEPENDENCIES	Run test suite	2026-10-02T14:06:27.8867665Z tests/embpy/test_pp_basic.py::TestCombinePerturbationSpaces::test_basic_combine [32mPASSED[0m[31m [ 77%][0m
PRE-RELEASE DEPENDENCIES	Run test suite	2026-10-02T14:06:27.8981268Z tests/embpy/test_pp_basic.py::TestCombinePerturbationSpaces::test_default_labels [32mPASSED[0m[31m [ 77%][0m
PRE-RELEASE DEPENDENCIES	Run test suite	2026-10-02T14:06:27.9022959Z tests/embpy/test_pp_basic.py::TestCombinePerturbationSpaces::test_raises_on_empty [32mPASSED[0m[31m [ 78%][0m
PRE-RELEASE DEPENDENCIES	Run test suite	2026-10-02T14:06:27.9077223Z tests/embpy/test_pp_basic.py::TestCombinePerturbationSpaces::test_raises_on_label_mismatch [32mPASSED[0m[31m [ 78%][0m
PRE-RELEASE DEPENDENCIES	Run test suite	2026-10-02T14:06:27.9154950Z tests/embpy/test_pp_basic.py::TestReduceEmbeddings::test_basic_pca [32mPASSED[0m[31m [ 78%][0m
PRE-RELEASE DEPENDENCIES	Run test suite	2026-10-02T14:06:27.9226032Z tests/embpy/test_pp_basic.py::TestReduceEmbeddings::test_custom_output_key [32mPASSED[0m[31m [ 78%][0m
PRE-RELEASE DEPENDENCIES	Run test suite	2026-10-02T14:06:27.9297117Z tests/embpy/test_pp_basic.py::TestReduceEmbeddings::test_stores_params_in_uns [32mPASSED[0m[31m [ 78%][0m
PRE-RELEASE DEPENDENCIES	Run test suite	2026-10-02T14:06:27.9354480Z tests/embpy/test_pp_basic.py::TestReduceEmbeddings::test_no_scaling [32mPASSED[0m[31m [ 78%][0m
PRE-RELEASE DEPENDENCIES	Run test suite	2026-10-02T14:06:27.9423008Z tests/embpy/test_pp_basic.py::TestReduceEmbeddings::test_clamps_to_min_samples_features [32mPASSED[0m[31m [ 78%][0m
PRE-RELEASE DEPENDENCIES	Run test suite	2026-10-02T14:06:27.9475072Z tests/embpy/test_pp_basic.py::TestReduceEmbeddings::test_missing_key_raises [32mPASSED[0m[31m [ 78%][0m
PRE-RELEASE DEPENDENCIES	Run test suite	2026-10-02T14:06:27.9546169Z tests/embpy/test_pp_basic.py::TestReduceEmbeddings::test_convenience_function [32mPASSED[0m[31m [ 78%][0m
PRE-RELEASE DEPENDENCIES	Run test suite	2026-10-02T14:06:27.9616966Z tests/embpy/test_pp_basic.py::TestReduceEmbeddings::test_variance_explained_sums_correctly [32mPASSED[0m[31m [ 78%][0m
PRE-RELEASE DEPENDENCIES	Run test suite	2026-10-02T14:06:27.9690018Z tests/embpy/test_pp_basic.py::TestReduceEmbeddings::test_output_dtype_is_float32 [32mPASSED[0m[31m [ 78%][0m
PRE-RELEASE DEPENDENCIES	Run test suite	2026-10-02T14:06:27.9720259Z tests/embpy/test_protein_annotator.py::TestEntryMetadata::test_metadata [32mPASSED[0m[31m [ 78%][0m
PRE-RELEASE DEPENDENCIES	Run test suite	2026-10-02T14:06:27.9751088Z tests/embpy/test_protein_annotator.py::TestFunction::test_function [32mPASSED[0m[31m [ 78%][0m
PRE-RELEASE DEPENDENCIES	Run test suite	2026-10-02T14:06:27.9782151Z tests/embpy/test_protein_annotator.py::TestSubcellularLocation::test_locations [32mPASSED[0m[31m [ 78%][0m
PRE-RELEASE DEPENDENCIES	Run test suite	2026-10-02T14:06:27.9812732Z tests/embpy/test_protein_annotator.py::TestFunctionalSites::test_sites [32mPASSED[0m[31m [ 78%][0m
PRE-RELEASE DEPENDENCIES	Run test suite	2026-10-02T14:06:27.9843069Z tests/embpy/test_protein_annotator.py::TestDomains::test_uniprot_domains [32mPASSED[0m[31m [ 79%][0m
PRE-RELEASE DEPENDENCIES	Run test suite	2026-10-02T14:06:27.9873344Z tests/embpy/test_protein_annotator.py::TestPTMs::test_ptms [32mPASSED[0m[31m        [ 79%][0m
PRE-RELEASE DEPENDENCIES	Run test suite	2026-10-02T14:06:27.9903923Z tests/embpy/test_protein_annotator.py::TestDiseaseAssociations::test_diseases [32mPASSED[0m[31m [ 79%][0m
PRE-RELEASE DEPENDENCIES	Run test suite	2026-10-02T14:06:27.9934827Z tests/embpy/test_protein_annotator.py::TestDiseaseAssociations::test_variants [32mPASSED[0m[31m [ 79%][0m
PRE-RELEASE DEPENDENCIES	Run test suite	2026-10-02T14:06:27.9965264Z tests/embpy/test_protein_annotator.py::TestGOTerms::test_go [32mPASSED[0m[31m       [ 79%][0m
PRE-RELEASE DEPENDENCIES	Run test suite	2026-10-02T14:06:27.9995679Z tests/embpy/test_protein_annotator.py::TestInteractions::test_xrefs [32mPASSED[0m[31m [ 79%][0m
PRE-RELEASE DEPENDENCIES	Run test suite	2026-10-02T14:06:28.0026170Z tests/embpy/test_protein_annotator.py::TestIsoformAnnotations::test_isoforms [32mPASSED[0m[31m [ 79%][0m
PRE-RELEASE DEPENDENCIES	Run test suite	2026-10-02T14:06:28.2016231Z tests/embpy/test_protein_annotator.py::TestAnnotate::test_annotate_all [31mFAILED[0m[31m [ 79%][0m
PRE-RELEASE DEPENDENCIES	Run test suite	2026-10-02T14:06:28.4007764Z tests/embpy/test_protein_annotator.py::TestAnnotate::test_annotate_subset [31mFAILED[0m[31m [ 79%][0m
PRE-RELEASE DEPENDENCIES	Run test suite	2026-10-02T14:06:28.6033947Z tests/embpy/test_protein_annotator.py::TestAnnotateAdata::test_annotate_adata [31mFAILED[0m[31m [ 79%][0m
PRE-RELEASE DEPENDENCIES	Run test suite	2026-10-02T14:06:28.6065630Z tests/embpy/test_protein_resolver.py::TestResolveUniprotId::test_uniprot_id_passthrough [32mPASSED[0m[31m [ 79%][0m
PRE-RELEASE DEPENDENCIES	Run test suite	2026-10-02T14:06:28.6096600Z tests/embpy/test_protein_resolver.py::TestResolveUniprotId::test_uniprot_id_strips_isoform_suffix [32mPASSED[0m[31m [ 79%][0m
PRE-RELEASE DEPENDENCIES	Run test suite	2026-10-02T14:06:28.6138093Z tests/embpy/test_protein_resolver.py::TestResolveUniprotId::test_symbol_via_mygene [32mPASSED[0m[31m [ 79%][0m
PRE-RELEASE DEPENDENCIES	Run test suite	2026-10-02T14:06:28.8897848Z tests/embpy/test_protein_resolver.py::TestResolveUniprotId::test_ensembl_via_mygene [32mPASSED[0m[31m [ 79%][0m
PRE-RELEASE DEPENDENCIES	Run test suite	2026-10-02T14:06:28.8945040Z tests/embpy/test_protein_resolver.py::TestResolveUniprotId::test_mygene_miss_falls_back_to_uniprot_search [32mPASSED[0m[31m [ 79%][0m
PRE-RELEASE DEPENDENCIES	Run test suite	2026-10-02T14:06:28.8985338Z tests/embpy/test_protein_resolver.py::TestResolveUniprotId::test_caching [32mPASSED[0m[31m [ 80%][0m
PRE-RELEASE DEPENDENCIES	Run test suite	2026-10-02T14:06:28.9022694Z tests/embpy/test_protein_resolver.py::TestResolveUniprotId::test_both_fail_returns_none [32mPASSED[0m[31m [ 80%][0m
PRE-RELEASE DEPENDENCIES	Run test suite	2026-10-02T14:06:28.9069946Z tests/embpy/test_protein_resolver.py::TestGetCanonicalSequence::test_returns_sequence [32mPASSED[0m[31m [ 80%][0m
PRE-RELEASE DEPENDENCIES	Run test suite	2026-10-02T14:06:28.9110179Z tests/embpy/test_protein_resolver.py::TestGetCanonicalSequence::test_unresolvable_returns_none [32mPASSED[0m[31m [ 80%][0m
PRE-RELEASE DEPENDENCIES	Run test suite	2026-10-02T14:06:28.9155979Z tests/embpy/test_protein_resolver.py::TestGetIsoforms::test_returns_dict_with_isoforms [32mPASSED[0m[31m [ 80%][0m
PRE-RELEASE DEPENDENCIES	Run test suite	2026-10-02T14:06:28.9201317Z tests/embpy/test_protein_resolver.py::TestGetIsoforms::test_exclude_canonical [32mPASSED[0m[31m [ 80%][0m
PRE-RELEASE DEPENDENCIES	Run test suite	2026-10-02T14:06:28.9240532Z tests/embpy/test_protein_resolver.py::TestGetIsoforms::test_unresolvable_returns_empty [32mPASSED[0m[31m [ 80%][0m
PRE-RELEASE DEPENDENCIES	Run test suite	2026-10-02T14:06:28.9269735Z tests/embpy/test_protein_resolver.py::TestParseFasta::test_single_entry [32mPASSED[0m[31m [ 80%][0m
PRE-RELEASE DEPENDENCIES	Run test suite	2026-10-02T14:06:28.9298606Z tests/embpy/test_protein_resolver.py::TestParseFasta::test_multiple_entries [32mPASSED[0m[31m [ 80%][0m
PRE-RELEASE DEPENDENCIES	Run test suite	2026-10-02T14:06:28.9328314Z tests/embpy/test_protein_resolver.py::TestParseFasta::test_exclude_canonical [32mPASSED[0m[31m [ 80%][0m
PRE-RELEASE DEPENDENCIES	Run test suite	2026-10-02T14:06:28.9357113Z tests/embpy/test_protein_resolver.py::TestParseFasta::test_empty_fasta [32mPASSED[0m[31m [ 80%][0m
PRE-RELEASE DEPENDENCIES	Run test suite	2026-10-02T14:06:29.1424805Z tests/embpy/test_protein_resolver.py::TestBatchMethods::test_canonical_batch [32mPASSED[0m[31m [ 80%][0m
PRE-RELEASE DEPENDENCIES	Run test suite	2026-10-02T14:06:29.3491232Z tests/embpy/test_protein_resolver.py::TestBatchMethods::test_isoforms_batch [32mPASSED[0m[31m [ 80%][0m
PRE-RELEASE DEPENDENCIES	Run test suite	2026-10-02T14:06:29.3602793Z tests/embpy/test_region_utils.py::TestDinucleotideShuffle::test_preserves_length_and_dinucleotide_composition [32mPASSED[0m[31m [ 80%][0m
PRE-RELEASE DEPENDENCIES	Run test suite	2026-10-02T14:06:29.3643036Z tests/embpy/test_region_utils.py::TestDinucleotideShuffle::test_preserves_mononucleotide_composition [32mPASSED[0m[31m [ 80%][0m
PRE-RELEASE DEPENDENCIES	Run test suite	2026-10-02T14:06:29.3677847Z tests/embpy/test_region_utils.py::TestDinucleotideShuffle::test_preserves_first_and_last_base [32mPASSED[0m[31m [ 81%][0m
PRE-RELEASE DEPENDENCIES	Run test suite	2026-10-02T14:06:29.3757882Z tests/embpy/test_region_utils.py::TestDinucleotideShuffle::test_actually_shuffles [32mPASSED[0m[31m [ 81%][0m
PRE-RELEASE DEPENDENCIES	Run test suite	2026-10-02T14:06:29.3795050Z tests/embpy/test_region_utils.py::TestDinucleotideShuffle::test_reproducible_for_a_given_seed [32mPASSED[0m[31m [ 81%][0m
PRE-RELEASE DEPENDENCIES	Run test suite	2026-10-02T14:06:29.3826496Z tests/embpy/test_region_utils.py::TestDinucleotideShuffle::test_degenerate_inputs_do_not_raise[] [32mPASSED[0m[31m [ 81%][0m
PRE-RELEASE DEPENDENCIES	Run test suite	2026-10-02T14:06:29.3857355Z tests/embpy/test_region_utils.py::TestDinucleotideShuffle::test_degenerate_inputs_do_not_raise[A] [32mPASSED[0m[31m [ 81%][0m
PRE-RELEASE DEPENDENCIES	Run test suite	2026-10-02T14:06:29.3888368Z tests/embpy/test_region_utils.py::TestDinucleotideShuffle::test_degenerate_inputs_do_not_raise[AC] [32mPASSED[0m[31m [ 81%][0m
PRE-RELEASE DEPENDENCIES	Run test suite	2026-10-02T14:06:29.3919892Z tests/embpy/test_region_utils.py::TestDinucleotideShuffle::test_degenerate_inputs_do_not_raise[AAAAAAAA] [32mPASSED[0m[31m [ 81%][0m
PRE-RELEASE DEPENDENCIES	Run test suite	2026-10-02T14:06:29.3951728Z tests/embpy/test_region_utils.py::TestDinucleotideShuffle::test_degenerate_inputs_do_not_raise[CGCGCGCGCG] [32mPASSED[0m[31m [ 81%][0m
PRE-RELEASE DEPENDENCIES	Run test suite	2026-10-02T14:06:29.3989644Z tests/embpy/test_region_utils.py::TestDinucleotideShuffle::test_cpg_content_is_preserved [32mPASSED[0m[31m [ 81%][0m
PRE-RELEASE DEPENDENCIES	Run test suite	2026-10-02T14:06:29.4019924Z tests/embpy/test_region_utils.py::TestUniformRandomSequence::test_length_and_alphabet [32mPASSED[0m[31m [ 81%][0m
PRE-RELEASE DEPENDENCIES	Run test suite	2026-10-02T14:06:29.4049291Z tests/embpy/test_region_utils.py::TestUniformRandomSequence::test_zero_and_negative_length [32mPASSED[0m[31m [ 81%][0m
PRE-RELEASE DEPENDENCIES	Run test suite	2026-10-02T14:06:29.4093865Z tests/embpy/test_region_utils.py::TestPerturbInterval::test_preserves_total_length_and_flanks [32mPASSED[0m[31m [ 81%][0m
PRE-RELEASE DEPENDENCIES	Run test suite	2026-10-02T14:06:29.4127961Z tests/embpy/test_region_utils.py::TestPerturbInterval::test_dinuc_mode_preserves_window_composition [32mPASSED[0m[31m [ 81%][0m
PRE-RELEASE DEPENDENCIES	Run test suite	2026-10-02T14:06:29.4158338Z tests/embpy/test_region_utils.py::TestPerturbInterval::test_clips_to_sequence_bounds [32mPASSED[0m[31m [ 81%][0m
PRE-RELEASE DEPENDENCIES	Run test suite	2026-10-02T14:06:29.4206247Z tests/embpy/test_region_utils.py::TestPerturbInterval::test_empty_interval_is_a_noop [32mPASSED[0m[31m [ 81%][0m
PRE-RELEASE DEPENDENCIES	Run test suite	2026-10-02T14:06:29.4251725Z tests/embpy/test_region_utils.py::TestPerturbInterval::test_unknown_mode_raises [32mPASSED[0m[31m [ 82%][0m
PRE-RELEASE DEPENDENCIES	Run test suite	2026-10-02T14:06:29.4289271Z tests/embpy/test_region_utils.py::TestPerturbInterval::test_mask_n_warns_because_wrappers_encode_n_as_a [32mPASSED[0m[31m [ 82%][0m
PRE-RELEASE DEPENDENCIES	Run test suite	2026-10-02T14:06:29.4318328Z tests/embpy/test_region_utils.py::TestApplyHaplotype::test_applies_multiple_substitutions [32mPASSED[0m[31m [ 82%][0m
PRE-RELEASE DEPENDENCIES	Run test suite	2026-10-02T14:06:29.4355508Z tests/embpy/test_region_utils.py::TestApplyHaplotype::test_reference_mismatch_raises_by_default [32mPASSED[0m[31m [ 82%][0m
PRE-RELEASE DEPENDENCIES	Run test suite	2026-10-02T14:06:29.4390797Z tests/embpy/test_region_utils.py::TestApplyHaplotype::test_reference_mismatch_can_be_forced [32mPASSED[0m[31m [ 82%][0m
PRE-RELEASE DEPENDENCIES	Run test suite	2026-10-02T14:06:29.4420772Z tests/embpy/test_region_utils.py::TestApplyHaplotype::test_offsets_stay_valid_with_length_changing_alleles [32mPASSED[0m[31m [ 82%][0m
PRE-RELEASE DEPENDENCIES	Run test suite	2026-10-02T14:06:29.4450530Z tests/embpy/test_region_utils.py::TestApplyHaplotype::test_empty_substitution_list_is_a_noop [32mPASSED[0m[31m [ 82%][0m
PRE-RELEASE DEPENDENCIES	Run test suite	2026-10-02T14:06:29.4480251Z tests/embpy/test_region_utils.py::TestRegionContext::test_centres_window_on_interval_midpoint [32mPASSED[0m[31m [ 82%][0m
PRE-RELEASE DEPENDENCIES	Run test suite	2026-10-02T14:06:29.4509257Z tests/embpy/test_region_utils.py::TestRegionContext::test_explicit_window_start_is_respected [32mPASSED[0m[31m [ 82%][0m
PRE-RELEASE DEPENDENCIES	Run test suite	2026-10-02T14:06:29.4538819Z tests/embpy/test_region_utils.py::TestRegionContext::test_window_start_is_clamped_at_zero [32mPASSED[0m[31m [ 82%][0m
PRE-RELEASE DEPENDENCIES	Run test suite	2026-10-02T14:06:29.4573613Z tests/embpy/test_region_utils.py::TestRegionContext::test_requires_end_after_start [32mPASSED[0m[31m [ 82%][0m
PRE-RELEASE DEPENDENCIES	Run test suite	2026-10-02T14:06:29.4602455Z tests/embpy/test_region_utils.py::TestRegionContext::test_str_includes_id_and_span [32mPASSED[0m[31m [ 82%][0m
PRE-RELEASE DEPENDENCIES	Run test suite	2026-10-02T14:06:29.4646638Z tests/embpy/test_region_utils.py::TestRegionEmbedderConstruction::test_rejects_a_model_without_predict_profile [32mPASSED[0m[31m [ 82%][0m
PRE-RELEASE DEPENDENCIES	Run test suite	2026-10-02T14:06:29.4681910Z tests/embpy/test_region_utils.py::TestRegionEmbedderConstruction::test_warns_when_model_is_not_loaded [32mPASSED[0m[31m [ 82%][0m
PRE-RELEASE DEPENDENCIES	Run test suite	2026-10-02T14:06:29.4739239Z tests/embpy/test_region_utils.py::TestPredictRegionEffect::test_ablating_the_functional_window_reduces_signal [32mPASSED[0m[31m [ 82%][0m
PRE-RELEASE DEPENDENCIES	Run test suite	2026-10-02T14:06:29.4788054Z tests/embpy/test_region_utils.py::TestPredictRegionEffect::test_ablating_an_inert_window_has_no_effect [32mPASSED[0m[31m [ 83%][0m
PRE-RELEASE DEPENDENCIES	Run test suite	2026-10-02T14:06:29.4845458Z tests/embpy/test_region_utils.py::TestPredictRegionEffect::test_replicate_count_and_shapes [32mPASSED[0m[31m [ 83%][0m
PRE-RELEASE DEPENDENCIES	Run test suite	2026-10-02T14:06:29.4909632Z tests/embpy/test_region_utils.py::TestPredictRegionEffect::test_profiles_are_dropped_unless_requested [32mPASSED[0m[31m [ 83%][0m
PRE-RELEASE DEPENDENCIES	Run test suite	2026-10-02T14:06:29.4977260Z tests/embpy/test_region_utils.py::TestPredictRegionEffect::test_reproducible_given_a_seed [32mPASSED[0m[31m [ 83%][0m
PRE-RELEASE DEPENDENCIES	Run test suite	2026-10-02T14:06:29.5023906Z tests/embpy/test_region_utils.py::TestPredictRegionEffect::test_mask_n_is_forced_to_one_replicate [32mPASSED[0m[31m [ 83%][0m
PRE-RELEASE DEPENDENCIES	Run test suite	2026-10-02T14:06:29.5093484Z tests/embpy/test_region_utils.py::TestPredictRegionEffect::test_bin_restriction_changes_the_statistic [32mPASSED[0m[31m [ 83%][0m
PRE-RELEASE DEPENDENCIES	Run test suite	2026-10-02T14:06:29.5143027Z tests/embpy/test_region_utils.py::TestPredictRegionEffect::test_zero_replicates_rejected [32mPASSED[0m[31m [ 83%][0m
PRE-RELEASE DEPENDENCIES	Run test suite	2026-10-02T14:06:29.5194078Z tests/embpy/test_region_utils.py::TestPredictRegionEffect::test_interval_outside_window_raises [32mPASSED[0m[31m [ 83%][0m
PRE-RELEASE DEPENDENCIES	Run test suite	2026-10-02T14:06:29.5242845Z tests/embpy/test_region_utils.py::TestPredictRegionEffect::test_track_names_are_propagated [32mPASSED[0m[31m [ 83%][0m
PRE-RELEASE DEPENDENCIES	Run test suite	2026-10-02T14:06:29.5289675Z tests/embpy/test_region_utils.py::TestPredictRegionEffect::test_predict_kwargs_are_forwarded [32mPASSED[0m[31m [ 83%][0m
PRE-RELEASE DEPENDENCIES	Run test suite	2026-10-02T14:06:29.5335933Z tests/embpy/test_region_utils.py::TestPredictHaplotypeEffect::test_single_variant_haplotype_matches_a_direct_substitution [32mPASSED[0m[31m [ 83%][0m
PRE-RELEASE DEPENDENCIES	Run test suite	2026-10-02T14:06:29.5412224Z tests/embpy/test_region_utils.py::TestPredictHaplotypeEffect::test_joint_haplotype_is_stronger_than_any_single_variant [32mPASSED[0m[31m [ 83%][0m
PRE-RELEASE DEPENDENCIES	Run test suite	2026-10-02T14:06:29.5456599Z tests/embpy/test_region_utils.py::TestPredictHaplotypeEffect::test_deterministic_so_sd_is_zero [32mPASSED[0m[31m [ 83%][0m
PRE-RELEASE DEPENDENCIES	Run test suite	2026-10-02T14:06:29.5504202Z tests/embpy/test_region_utils.py::TestPredictHaplotypeEffect::test_empty_variant_list_raises [32mPASSED[0m[31m [ 83%][0m
PRE-RELEASE DEPENDENCIES	Run test suite	2026-10-02T14:06:29.5553111Z tests/embpy/test_region_utils.py::TestPredictHaplotypeEffect::test_variant_outside_window_raises [32mPASSED[0m[31m [ 83%][0m
PRE-RELEASE DEPENDENCIES	Run test suite	2026-10-02T14:06:29.5856294Z tests/embpy/test_region_utils.py::TestPredictHaplotypeEffect::test_reference_mismatch_raises [31mFAILED[0m[31m [ 84%][0m
PRE-RELEASE DEPENDENCIES	Run test suite	2026-10-02T14:06:29.5972607Z tests/embpy/test_region_utils.py::TestIsmShuffleScan::test_localises_the_functional_window [32mPASSED[0m[31m [ 84%][0m
PRE-RELEASE DEPENDENCIES	Run test suite	2026-10-02T14:06:29.6039289Z tests/embpy/test_region_utils.py::TestIsmShuffleScan::test_stride_defaults_to_window_size [32mPASSED[0m[31m [ 84%][0m
PRE-RELEASE DEPENDENCIES	Run test suite	2026-10-02T14:06:29.6096895Z tests/embpy/test_region_utils.py::TestIsmShuffleScan::test_sign_conventions_are_negatives_of_each_other [32mPASSED[0m[31m [ 84%][0m
PRE-RELEASE DEPENDENCIES	Run test suite	2026-10-02T14:06:29.6145441Z tests/embpy/test_region_utils.py::TestIsmShuffleScan::test_bad_stride_raises [32mPASSED[0m[31m [ 84%][0m
PRE-RELEASE DEPENDENCIES	Run test suite	2026-10-02T14:06:29.6241156Z tests/embpy/test_region_utils.py::TestIsmShuffleScan::test_forward_pass_count_is_as_documented [32mPASSED[0m[31m [ 84%][0m
PRE-RELEASE DEPENDENCIES	Run test suite	2026-10-02T14:06:29.6295699Z tests/embpy/test_region_utils.py::TestPredictMotifEffect::test_ablating_all_sites_of_a_tf_reduces_signal [32mPASSED[0m[31m [ 84%][0m
PRE-RELEASE DEPENDENCIES	Run test suite	2026-10-02T14:06:29.6398409Z tests/embpy/test_region_utils.py::TestPredictMotifEffect::test_grouping_by_tf_beats_any_single_site [32mPASSED[0m[31m [ 84%][0m
PRE-RELEASE DEPENDENCIES	Run test suite	2026-10-02T14:06:29.6456236Z tests/embpy/test_region_utils.py::TestPredictMotifEffect::test_hits_outside_the_window_are_dropped_with_a_warning [32mPASSED[0m[31m [ 84%][0m
PRE-RELEASE DEPENDENCIES	Run test suite	2026-10-02T14:06:29.6495753Z tests/embpy/test_region_utils.py::TestPredictMotifEffect::test_empty_hit_list_returns_empty [32mPASSED[0m[31m [ 84%][0m
PRE-RELEASE DEPENDENCIES	Run test suite	2026-10-02T14:06:29.6560746Z tests/embpy/test_region_utils.py::TestPredictMotifEffect::test_scooby_defaults_are_ten_replicates [32mPASSED[0m[31m [ 84%][0m
PRE-RELEASE DEPENDENCIES	Run test suite	2026-10-02T14:06:29.6624887Z tests/embpy/test_region_utils.py::TestResultsTable::test_tidy_table_has_one_row_per_track [32mPASSED[0m[31m [ 84%][0m
PRE-RELEASE DEPENDENCIES	Run test suite	2026-10-02T14:06:29.6684383Z tests/embpy/test_region_utils.py::TestResultsTable::test_accepts_a_dict_of_results [32mPASSED[0m[31m [ 84%][0m
PRE-RELEASE DEPENDENCIES	Run test suite	2026-10-02T14:06:29.6713930Z tests/embpy/test_region_utils.py::TestPublishedPresets::test_borzoi_presets_match_the_paper [32mPASSED[0m[31m [ 84%][0m
PRE-RELEASE DEPENDENCIES	Run test suite	2026-10-02T14:06:29.6854146Z tests/embpy/test_region_utils.py::TestPublishedPresets::test_presets_are_usable_as_scan_arguments [32mPASSED[0m[31m [ 84%][0m
PRE-RELEASE DEPENDENCIES	Run test suite	2026-10-02T14:06:29.6889919Z tests/embpy/test_region_utils.py::test_minus_strand_scores_the_same_locus_as_plus_strand [32mPASSED[0m[31m [ 85%][0m
PRE-RELEASE DEPENDENCIES	Run test suite	2026-10-02T14:06:29.6929303Z tests/embpy/test_region_utils.py::test_single_substitution_haplotype_equals_single_variant_score [32mPASSED[0m[31m [ 85%][0m
PRE-RELEASE DEPENDENCIES	Run test suite	2026-10-02T14:06:29.6958681Z tests/embpy/test_region_utils.py::test_reference_mismatch_error_diagnoses_off_by_one [32mPASSED[0m[31m [ 85%][0m
PRE-RELEASE DEPENDENCIES	Run test suite	2026-10-02T14:06:29.6997407Z tests/embpy/test_region_utils.py::test_haplotype_reports_reference_mismatch_rate [32mPASSED[0m[31m [ 85%][0m
PRE-RELEASE DEPENDENCIES	Run test suite	2026-10-02T14:06:29.7028744Z tests/embpy/test_registry_split.py::test_registry_set_equivalent_to_pre_split_snapshot [32mPASSED[0m[31m [ 85%][0m
PRE-RELEASE DEPENDENCIES	Run test suite	2026-10-02T14:06:29.7058407Z tests/embpy/test_registry_split.py::test_per_modality_dicts_are_disjoint [32mPASSED[0m[31m [ 85%][0m
PRE-RELEASE DEPENDENCIES	Run test suite	2026-10-02T14:06:29.7088258Z tests/embpy/test_registry_split.py::test_per_modality_merge_equals_flat [32mPASSED[0m[31m [ 85%][0m
PRE-RELEASE DEPENDENCIES	Run test suite	2026-10-02T14:06:29.7116906Z tests/embpy/test_registry_split.py::test_species_sets_owned_by_dna [32mPASSED[0m[31m [ 85%][0m
PRE-RELEASE DEPENDENCIES	Run test suite	2026-10-02T14:06:29.7300465Z tests/embpy/test_registry_split.py::test_embedder_re_export_is_same_object [31mFAILED[0m[31m [ 85%][0m
PRE-RELEASE DEPENDENCIES	Run test suite	2026-10-02T14:06:29.7331631Z tests/embpy/test_registry_split.py::test_species_sets_reference_only_dna_entries [32mPASSED[0m[31m [ 85%][0m
PRE-RELEASE DEPENDENCIES	Run test suite	2026-10-02T14:06:29.7608083Z tests/embpy/test_sc_preprocessing.py::TestPreprocessRaw::test_raw_preserves_x [31mFAILED[0m[31m [ 85%][0m
PRE-RELEASE DEPENDENCIES	Run test suite	2026-10-02T14:06:29.7871318Z tests/embpy/test_sc_preprocessing.py::TestPreprocessRaw::test_raw_creates_counts_layer [31mFAILED[0m[31m [ 85%][0m
PRE-RELEASE DEPENDENCIES	Run test suite	2026-10-02T14:06:29.8135754Z tests/embpy/test_sc_preprocessing.py::TestPreprocessRaw::test_raw_no_log_normalized_layer [31mFAILED[0m[31m [ 85%][0m
PRE-RELEASE DEPENDENCIES	Run test suite	2026-10-02T14:06:29.8355408Z tests/embpy/test_sc_preprocessing.py::TestPreprocessRaw::test_raw_qc_filtering [31mFAILED[0m[31m [ 85%][0m
PRE-RELEASE DEPENDENCIES	Run test suite	2026-10-02T14:06:29.8628820Z tests/embpy/test_sc_preprocessing.py::TestPreprocessStandard::test_standard_creates_both_layers [31mFAILED[0m[31m [ 85%][0m
PRE-RELEASE DEPENDENCIES	Run test suite	2026-10-02T14:06:29.8892549Z tests/embpy/test_sc_preprocessing.py::TestPreprocessStandard::test_standard_x_is_raw_counts [31mFAILED[0m[31m [ 86%][0m
PRE-RELEASE DEPENDENCIES	Run test suite	2026-10-02T14:06:29.9155678Z tests/embpy/test_sc_preprocessing.py::TestPreprocessStandard::test_standard_marks_hvg [31mFAILED[0m[31m [ 86%][0m
PRE-RELEASE DEPENDENCIES	Run test suite	2026-10-02T14:06:29.9436104Z tests/embpy/test_sc_preprocessing.py::TestPreprocessStandard::test_standard_can_skip_hvg [31mFAILED[0m[31m [ 86%][0m
PRE-RELEASE DEPENDENCIES	Run test suite	2026-10-02T14:06:29.9702259Z tests/embpy/test_sc_preprocessing.py::TestPreprocessStandard::test_standard_log_normalized_differs_from_raw [31mFAILED[0m[31m [ 86%][0m
PRE-RELEASE DEPENDENCIES	Run test suite	2026-10-02T14:06:29.9967365Z tests/embpy/test_sc_preprocessing.py::TestPreprocessStandard::test_standard_with_scale [31mFAILED[0m[31m [ 86%][0m
PRE-RELEASE DEPENDENCIES	Run test suite	2026-10-02T14:06:30.0205759Z tests/embpy/test_sc_preprocessing.py::TestQCFiltering::test_mito_filter [31mFAILED[0m[31m [ 86%][0m
PRE-RELEASE DEPENDENCIES	Run test suite	2026-10-02T14:06:30.0467098Z tests/embpy/test_sc_preprocessing.py::TestQCFiltering::test_min_genes_filter [31mFAILED[0m[31m [ 86%][0m
PRE-RELEASE DEPENDENCIES	Run test suite	2026-10-02T14:06:30.0732484Z tests/embpy/test_sc_preprocessing.py::TestQCFiltering::test_min_cells_filter [31mFAILED[0m[31m [ 86%][0m
PRE-RELEASE DEPENDENCIES	Run test suite	2026-10-02T14:06:30.1011192Z tests/embpy/test_sc_preprocessing.py::TestCopyBehavior::test_copy_true_does_not_modify_original [31mFAILED[0m[31m [ 86%][0m
PRE-RELEASE DEPENDENCIES	Run test suite	2026-10-02T14:06:30.1278708Z tests/embpy/test_sc_preprocessing.py::TestCopyBehavior::test_copy_false_modifies_in_place [31mFAILED[0m[31m [ 86%][0m
PRE-RELEASE DEPENDENCIES	Run test suite	2026-10-02T14:06:30.1499046Z tests/embpy/test_sc_preprocessing.py::TestDenseMatrix::test_standard_with_dense [31mFAILED[0m[31m [ 86%][0m
PRE-RELEASE DEPENDENCIES	Run test suite	2026-10-02T14:06:30.1528086Z tests/embpy/test_snp_utils.py::TestExtractContext::test_mid_sequence_returns_correct_window [32mPASSED[0m[31m [ 86%][0m
PRE-RELEASE DEPENDENCIES	Run test suite	2026-10-02T14:06:30.1558356Z tests/embpy/test_snp_utils.py::TestExtractContext::test_offset_points_to_ref_allele [32mPASSED[0m[31m [ 86%][0m
PRE-RELEASE DEPENDENCIES	Run test suite	2026-10-02T14:06:30.1586329Z tests/embpy/test_snp_utils.py::TestExtractContext::test_clamps_at_sequence_start [32mPASSED[0m[31m [ 86%][0m
PRE-RELEASE DEPENDENCIES	Run test suite	2026-10-02T14:06:30.1614545Z tests/embpy/test_snp_utils.py::TestExtractContext::test_clamps_at_sequence_end [32mPASSED[0m[31m [ 86%][0m
PRE-RELEASE DEPENDENCIES	Run test suite	2026-10-02T14:06:30.1643182Z tests/embpy/test_snp_utils.py::TestExtractContext::test_small_context_window [32mPASSED[0m[31m [ 87%][0m
PRE-RELEASE DEPENDENCIES	Run test suite	2026-10-02T14:06:30.1671733Z tests/embpy/test_snp_utils.py::TestExtractContext::test_context_larger_than_seq [32mPASSED[0m[31m [ 87%][0m
PRE-RELEASE DEPENDENCIES	Run test suite	2026-10-02T14:06:30.1699611Z tests/embpy/test_snp_utils.py::TestApplySNP::test_substitutes_single_base [32mPASSED[0m[31m [ 87%][0m
PRE-RELEASE DEPENDENCIES	Run test suite	2026-10-02T14:06:30.1728491Z tests/embpy/test_snp_utils.py::TestApplySNP::test_length_preserved_for_snp [32mPASSED[0m[31m [ 87%][0m
PRE-RELEASE DEPENDENCIES	Run test suite	2026-10-02T14:06:30.1766579Z tests/embpy/test_snp_utils.py::TestApplySNP::test_ref_mismatch_raises_value_error [32mPASSED[0m[31m [ 87%][0m
PRE-RELEASE DEPENDENCIES	Run test suite	2026-10-02T14:06:30.1795399Z tests/embpy/test_snp_utils.py::TestApplySNP::test_case_insensitive_ref_check [32mPASSED[0m[31m [ 87%][0m
PRE-RELEASE DEPENDENCIES	Run test suite	2026-10-02T14:06:30.1823915Z tests/embpy/test_snp_utils.py::TestApplySNP::test_insertion_lengthens_sequence [32mPASSED[0m[31m [ 87%][0m
PRE-RELEASE DEPENDENCIES	Run test suite	2026-10-02T14:06:30.1852270Z tests/embpy/test_snp_utils.py::TestApplySNP::test_deletion_shortens_sequence [32mPASSED[0m[31m [ 87%][0m
PRE-RELEASE DEPENDENCIES	Run test suite	2026-10-02T14:06:30.1881046Z tests/embpy/test_snp_utils.py::TestSNPContext::test_init_basic [32mPASSED[0m[31m    [ 87%][0m
PRE-RELEASE DEPENDENCIES	Run test suite	2026-10-02T14:06:30.1909845Z tests/embpy/test_snp_utils.py::TestSNPContext::test_alleles_uppercased_on_init [32mPASSED[0m[31m [ 87%][0m
PRE-RELEASE DEPENDENCIES	Run test suite	2026-10-02T14:06:30.1938799Z tests/embpy/test_snp_utils.py::TestSNPContext::test_multiple_alts [32mPASSED[0m[31m [ 87%][0m
PRE-RELEASE DEPENDENCIES	Run test suite	2026-10-02T14:06:30.1967454Z tests/embpy/test_snp_utils.py::TestSNPContext::test_default_strand_is_plus [32mPASSED[0m[31m [ 87%][0m
PRE-RELEASE DEPENDENCIES	Run test suite	2026-10-02T14:06:30.1995841Z tests/embpy/test_snp_utils.py::TestSNPContext::test_minus_strand [32mPASSED[0m[31m  [ 87%][0m
PRE-RELEASE DEPENDENCIES	Run test suite	2026-10-02T14:06:30.2024538Z tests/embpy/test_snp_utils.py::TestSNPContext::test_default_variant_id_is_empty [32mPASSED[0m[31m [ 87%][0m
PRE-RELEASE DEPENDENCIES	Run test suite	2026-10-02T14:06:30.2339366Z tests/embpy/test_snp_utils.py::TestSNPEmbeddingResult::test_delta_computed_automatically [31mFAILED[0m[31m [ 88%][0m
PRE-RELEASE DEPENDENCIES	Run test suite	2026-10-02T14:06:30.2618858Z tests/embpy/test_snp_utils.py::TestSNPEmbeddingResult::test_delta_norm_computed_automatically [31mFAILED[0m[31m [ 88%][0m
PRE-RELEASE DEPENDENCIES	Run test suite	2026-10-02T14:06:30.2649308Z tests/embpy/test_snp_utils.py::TestSNPEmbeddingResult::test_cosine_similarity_computed_automatically [32mPASSED[0m[31m [ 88%][0m
PRE-RELEASE DEPENDENCIES	Run test suite	2026-10-02T14:06:30.2679705Z tests/embpy/test_snp_utils.py::TestSNPEmbeddingResult::test_cosine_similarity_range [32mPASSED[0m[31m [ 88%][0m
PRE-RELEASE DEPENDENCIES	Run test suite	2026-10-02T14:06:30.2955871Z tests/embpy/test_snp_utils.py::TestSNPEmbeddingResult::test_zero_delta_when_ref_equals_alt [31mFAILED[0m[31m [ 88%][0m
PRE-RELEASE DEPENDENCIES	Run test suite	2026-10-02T14:06:30.3243211Z tests/embpy/test_snp_utils.py::TestSNPEmbeddingResult::test_multiple_alts [31mFAILED[0m[31m [ 88%][0m
PRE-RELEASE DEPENDENCIES	Run test suite	2026-10-02T14:06:30.3762042Z tests/embpy/test_snp_utils.py::TestSNPEmbeddingResult::test_to_dict_returns_list_of_rows [31mFAILED[0m[31m [ 88%][0m
PRE-RELEASE DEPENDENCIES	Run test suite	2026-10-02T14:06:30.4255845Z tests/embpy/test_snp_utils.py::TestSNPEmbeddingResult::test_to_dict_multi_alt [31mFAILED[0m[31m [ 88%][0m
PRE-RELEASE DEPENDENCIES	Run test suite	2026-10-02T14:06:30.4292276Z tests/embpy/test_snp_utils.py::TestSNPEmbedderEmbedSNP::test_returns_snp_embedding_result [32mPASSED[0m[31m [ 88%][0m
PRE-RELEASE DEPENDENCIES	Run test suite	2026-10-02T14:06:30.4327540Z tests/embpy/test_snp_utils.py::TestSNPEmbedderEmbedSNP::test_ref_and_alt_embeddings_correct_shape [32mPASSED[0m[31m [ 88%][0m
PRE-RELEASE DEPENDENCIES	Run test suite	2026-10-02T14:06:30.4610592Z tests/embpy/test_snp_utils.py::TestSNPEmbedderEmbedSNP::test_delta_norm_non_negative [31mFAILED[0m[31m [ 88%][0m
PRE-RELEASE DEPENDENCIES	Run test suite	2026-10-02T14:06:30.4649257Z tests/embpy/test_snp_utils.py::TestSNPEmbedderEmbedSNP::test_cosine_similarity_in_range [32mPASSED[0m[31m [ 88%][0m
PRE-RELEASE DEPENDENCIES	Run test suite	2026-10-02T14:06:30.4930375Z tests/embpy/test_snp_utils.py::TestSNPEmbedderEmbedSNP::test_identical_embeddings_give_zero_delta [31mFAILED[0m[31m [ 88%][0m
PRE-RELEASE DEPENDENCIES	Run test suite	2026-10-02T14:06:30.5210758Z tests/embpy/test_snp_utils.py::TestSNPEmbedderEmbedSNP::test_different_embeddings_give_nonzero_delta [31mFAILED[0m[31m [ 88%][0m
PRE-RELEASE DEPENDENCIES	Run test suite	2026-10-02T14:06:30.5246265Z tests/embpy/test_snp_utils.py::TestSNPEmbedderEmbedSNP::test_embed_called_once_per_allele [32mPASSED[0m[31m [ 88%][0m
PRE-RELEASE DEPENDENCIES	Run test suite	2026-10-02T14:06:30.5281755Z tests/embpy/test_snp_utils.py::TestSNPEmbedderEmbedSNP::test_pooling_strategy_forwarded_to_wrapper [32mPASSED[0m[31m [ 89%][0m
PRE-RELEASE DEPENDENCIES	Run test suite	2026-10-02T14:06:30.5317941Z tests/embpy/test_snp_utils.py::TestSNPEmbedderEmbedSNP::test_pooling_strategy_override_per_call [32mPASSED[0m[31m [ 89%][0m
PRE-RELEASE DEPENDENCIES	Run test suite	2026-10-02T14:06:30.5637676Z tests/embpy/test_snp_utils.py::TestSNPEmbedderEmbedSNP::test_multiple_alts_returns_multiple_results [31mFAILED[0m[31m [ 89%][0m
PRE-RELEASE DEPENDENCIES	Run test suite	2026-10-02T14:06:30.5672515Z tests/embpy/test_snp_utils.py::TestSNPEmbedderEmbedSNP::test_result_stores_snp_reference [32mPASSED[0m[31m [ 89%][0m
PRE-RELEASE DEPENDENCIES	Run test suite	2026-10-02T14:06:30.5707391Z tests/embpy/test_snp_utils.py::TestSNPEmbedderEmbedSNP::test_result_ref_sequence_contains_ref_allele [32mPASSED[0m[31m [ 89%][0m
PRE-RELEASE DEPENDENCIES	Run test suite	2026-10-02T14:06:30.5743407Z tests/embpy/test_snp_utils.py::TestSNPEmbedderEmbedSNP::test_alt_sequence_differs_from_ref_sequence [32mPASSED[0m[31m [ 89%][0m
PRE-RELEASE DEPENDENCIES	Run test suite	2026-10-02T14:06:30.5779584Z tests/embpy/test_snp_utils.py::TestSNPEmbedderEmbedSNP::test_minus_strand_reverse_complements_context [32mPASSED[0m[31m [ 89%][0m
PRE-RELEASE DEPENDENCIES	Run test suite	2026-10-02T14:06:30.5815966Z tests/embpy/test_snp_utils.py::TestSNPEmbedderEmbedSNP::test_result_model_name_set [32mPASSED[0m[31m [ 89%][0m
PRE-RELEASE DEPENDENCIES	Run test suite	2026-10-02T14:06:30.5851213Z tests/embpy/test_snp_utils.py::TestSNPEmbedderEmbedSNP::test_result_pooling_strategy_set [32mPASSED[0m[31m [ 89%][0m
PRE-RELEASE DEPENDENCIES	Run test suite	2026-10-02T14:06:30.5885928Z tests/embpy/test_snp_utils.py::TestSNPEmbedderEmbedSNP::test_output_embeddings_are_float32 [32mPASSED[0m[31m [ 89%][0m
PRE-RELEASE DEPENDENCIES	Run test suite	2026-10-02T14:06:30.5922209Z tests/embpy/test_snp_utils.py::TestSNPEmbedderEmbedSNP::test_ref_and_alt_always_present [32mPASSED[0m[31m [ 89%][0m
PRE-RELEASE DEPENDENCIES	Run test suite	2026-10-02T14:06:30.5956883Z tests/embpy/test_snp_utils.py::TestSNPEmbedderEmbedSNP::test_compute_delta_false_skips_delta [32mPASSED[0m[31m [ 89%][0m
PRE-RELEASE DEPENDENCIES	Run test suite	2026-10-02T14:06:30.6250450Z tests/embpy/test_snp_utils.py::TestSNPEmbedderEmbedSNP::test_compute_delta_true_is_default [31mFAILED[0m[31m [ 89%][0m
PRE-RELEASE DEPENDENCIES	Run test suite	2026-10-02T14:06:30.6285835Z tests/embpy/test_snp_utils.py::TestSNPEmbedderEmbedSNP::test_compute_concat_default_false [32mPASSED[0m[31m [ 89%][0m
PRE-RELEASE DEPENDENCIES	Run test suite	2026-10-02T14:06:30.6323660Z tests/embpy/test_snp_utils.py::TestSNPEmbedderEmbedSNP::test_compute_concat_true_builds_ref_alt_concat [32mPASSED[0m[31m [ 89%][0m
PRE-RELEASE DEPENDENCIES	Run test suite	2026-10-02T14:06:30.6359830Z tests/embpy/test_snp_utils.py::TestEmbedSNPFromVCFRow::test_basic_vcf_row [32mPASSED[0m[31m [ 90%][0m
PRE-RELEASE DEPENDENCIES	Run test suite	2026-10-02T14:06:30.6394925Z tests/embpy/test_snp_utils.py::TestEmbedSNPFromVCFRow::test_comma_separated_alts_split [32mPASSED[0m[31m [ 90%][0m
PRE-RELEASE DEPENDENCIES	Run test suite	2026-10-02T14:06:30.6431183Z tests/embpy/test_snp_utils.py::TestEmbedSNPFromVCFRow::test_correct_alleles_stored [32mPASSED[0m[31m [ 90%][0m
PRE-RELEASE DEPENDENCIES	Run test suite	2026-10-02T14:06:30.6467192Z tests/embpy/test_snp_utils.py::TestEmbedSNPFromVCFRow::test_context_window_forwarded [32mPASSED[0m[31m [ 90%][0m
PRE-RELEASE DEPENDENCIES	Run test suite	2026-10-02T14:06:30.6505500Z tests/embpy/test_snp_utils.py::TestEmbedSNPsBatch::test_list_mode_returns_all_results [32mPASSED[0m[31m [ 90%][0m
PRE-RELEASE DEPENDENCIES	Run test suite	2026-10-02T14:06:30.6542221Z tests/embpy/test_snp_utils.py::TestEmbedSNPsBatch::test_dict_mode_keyed_by_chrom [32mPASSED[0m[31m [ 90%][0m
PRE-RELEASE DEPENDENCIES	Run test suite	2026-10-02T14:06:30.6578247Z tests/embpy/test_snp_utils.py::TestEmbedSNPsBatch::test_missing_chrom_in_dict_skips_snp [32mPASSED[0m[31m [ 90%][0m
PRE-RELEASE DEPENDENCIES	Run test suite	2026-10-02T14:06:30.6613551Z tests/embpy/test_snp_utils.py::TestEmbedSNPsBatch::test_empty_snps_returns_empty [32mPASSED[0m[31m [ 90%][0m
PRE-RELEASE DEPENDENCIES	Run test suite	2026-10-02T14:06:30.6661578Z tests/embpy/test_snp_utils.py::TestEmbedVCF::test_embed_vcf_returns_results [32mPASSED[0m[31m [ 90%][0m
PRE-RELEASE DEPENDENCIES	Run test suite	2026-10-02T14:06:30.6707217Z tests/embpy/test_snp_utils.py::TestEmbedVCF::test_embed_vcf_skips_missing_chrom [32mPASSED[0m[31m [ 90%][0m
PRE-RELEASE DEPENDENCIES	Run test suite	2026-10-02T14:06:30.6750998Z tests/embpy/test_snp_utils.py::TestEmbedVCF::test_embed_vcf_max_variants [32mPASSED[0m[31m [ 90%][0m
PRE-RELEASE DEPENDENCIES	Run test suite	2026-10-02T14:06:30.6801244Z tests/embpy/test_snp_utils.py::TestEmbedVCF::test_embed_vcf_gz_supported [32mPASSED[0m[31m [ 90%][0m
PRE-RELEASE DEPENDENCIES	Run test suite	2026-10-02T14:06:30.6846099Z tests/embpy/test_snp_utils.py::TestEmbedVCF::test_embed_vcf_skips_header_lines [32mPASSED[0m[31m [ 90%][0m
PRE-RELEASE DEPENDENCIES	Run test suite	2026-10-02T14:06:30.6885419Z tests/embpy/test_snp_utils.py::TestSequenceProvider::test_get_chromosome_from_fasta_dir [32mPASSED[0m[31m [ 90%][0m
PRE-RELEASE DEPENDENCIES	Run test suite	2026-10-02T14:06:30.6924607Z tests/embpy/test_snp_utils.py::TestSequenceProvider::test_get_chromosome_case_insensitive_prefix [32mPASSED[0m[31m [ 90%][0m
PRE-RELEASE DEPENDENCIES	Run test suite	2026-10-02T14:06:30.6962863Z tests/embpy/test_snp_utils.py::TestSequenceProvider::test_missing_chromosome_raises [32mPASSED[0m[31m [ 91%][0m
PRE-RELEASE DEPENDENCIES	Run test suite	2026-10-02T14:06:30.7001378Z tests/embpy/test_snp_utils.py::TestSequenceProvider::test_get_window_returns_subsequence [32mPASSED[0m[31m [ 91%][0m
PRE-RELEASE DEPENDENCIES	Run test suite	2026-10-02T14:06:30.7039984Z tests/embpy/test_snp_utils.py::TestSequenceProvider::test_get_window_offset_points_to_ref_allele [32mPASSED[0m[31m [ 91%][0m
PRE-RELEASE DEPENDENCIES	Run test suite	2026-10-02T14:06:30.7078501Z tests/embpy/test_snp_utils.py::TestSequenceProvider::test_get_region_correct_length [32mPASSED[0m[31m [ 91%][0m
PRE-RELEASE DEPENDENCIES	Run test suite	2026-10-02T14:06:30.7117431Z tests/embpy/test_snp_utils.py::TestSequenceProvider::test_get_region_correct_content [32mPASSED[0m[31m [ 91%][0m
PRE-RELEASE DEPENDENCIES	Run test suite	2026-10-02T14:06:30.7155694Z tests/embpy/test_snp_utils.py::TestSequenceProvider::test_caching_avoids_re_read [32mPASSED[0m[31m [ 91%][0m
PRE-RELEASE DEPENDENCIES	Run test suite	2026-10-02T14:06:30.7214158Z tests/embpy/test_snp_utils.py::TestSequenceProvider::test_get_chromosome_from_fasta_file [32mPASSED[0m[31m [ 91%][0m
PRE-RELEASE DEPENDENCIES	Run test suite	2026-10-02T14:06:30.7253472Z tests/embpy/test_snp_utils.py::TestSequenceProvider::test_multiple_chroms_from_single_file [32mPASSED[0m[31m [ 91%][0m
PRE-RELEASE DEPENDENCIES	Run test suite	2026-10-02T14:06:30.7282513Z tests/embpy/test_snp_utils.py::TestSequenceProvider::test_init_no_args_does_not_raise [32mPASSED[0m[31m [ 91%][0m
PRE-RELEASE DEPENDENCIES	Run test suite	2026-10-02T14:06:30.7311183Z tests/embpy/test_snp_utils.py::TestSequenceProvider::test_rest_fallback_attempted_when_no_files [32mPASSED[0m[31m [ 91%][0m
PRE-RELEASE DEPENDENCIES	Run test suite	2026-10-02T14:06:30.7339774Z tests/embpy/test_snp_utils.py::TestGenomicToBinIndices::test_single_interval_within_one_bin [32mPASSED[0m[31m [ 91%][0m
PRE-RELEASE DEPENDENCIES	Run test suite	2026-10-02T14:06:30.7368555Z tests/embpy/test_snp_utils.py::TestGenomicToBinIndices::test_interval_spanning_multiple_bins [32mPASSED[0m[31m [ 91%][0m
PRE-RELEASE DEPENDENCIES	Run test suite	2026-10-02T14:06:30.7397600Z tests/embpy/test_snp_utils.py::TestGenomicToBinIndices::test_window_start_offset [32mPASSED[0m[31m [ 91%][0m
PRE-RELEASE DEPENDENCIES	Run test suite	2026-10-02T14:06:30.7426166Z tests/embpy/test_snp_utils.py::TestGenomicToBinIndices::test_profile_offset_shifts_bins [32mPASSED[0m[31m [ 91%][0m
PRE-RELEASE DEPENDENCIES	Run test suite	2026-10-02T14:06:30.7455550Z tests/embpy/test_snp_utils.py::TestGenomicToBinIndices::test_multiple_intervals_deduplicated_and_sorted [32mPASSED[0m[31m [ 91%][0m
PRE-RELEASE DEPENDENCIES	Run test suite	2026-10-02T14:06:30.7484599Z tests/embpy/test_snp_utils.py::TestGenomicToBinIndices::test_num_bins_clips_out_of_range [32mPASSED[0m[31m [ 92%][0m
PRE-RELEASE DEPENDENCIES	Run test suite	2026-10-02T14:06:30.7513536Z tests/embpy/test_snp_utils.py::TestGenomicToBinIndices::test_negative_relative_start_clamped_to_zero [32mPASSED[0m[31m [ 92%][0m
PRE-RELEASE DEPENDENCIES	Run test suite	2026-10-02T14:06:30.7544891Z tests/embpy/test_snp_utils.py::TestProfileVariantEffectScore::test_no_change_gives_zero_score [32mPASSED[0m[31m [ 92%][0m
PRE-RELEASE DEPENDENCIES	Run test suite	2026-10-02T14:06:30.7574819Z tests/embpy/test_snp_utils.py::TestProfileVariantEffectScore::test_doubling_coverage_gives_score_near_one [32mPASSED[0m[31m [ 92%][0m
PRE-RELEASE DEPENDENCIES	Run test suite	2026-10-02T14:06:30.7610166Z tests/embpy/test_snp_utils.py::TestProfileVariantEffectScore::test_bin_indices_restrict_aggregation [32mPASSED[0m[31m [ 92%][0m
PRE-RELEASE DEPENDENCIES	Run test suite	2026-10-02T14:06:30.7641113Z tests/embpy/test_snp_utils.py::TestProfileVariantEffectScore::test_output_shape_matches_num_tracks [32mPASSED[0m[31m [ 92%][0m
PRE-RELEASE DEPENDENCIES	Run test suite	2026-10-02T14:06:30.7682049Z tests/embpy/test_snp_utils.py::TestPredictVariantEffect::test_raises_without_predict_profile [32mPASSED[0m[31m [ 92%][0m
PRE-RELEASE DEPENDENCIES	Run test suite	2026-10-02T14:06:30.7719128Z tests/embpy/test_snp_utils.py::TestPredictVariantEffect::test_returns_variant_effect_result [32mPASSED[0m[31m [ 92%][0m
PRE-RELEASE DEPENDENCIES	Run test suite	2026-10-02T14:06:30.7755924Z tests/embpy/test_snp_utils.py::TestPredictVariantEffect::test_multi_allelic_returns_one_score_per_alt [32mPASSED[0m[31m [ 92%][0m
PRE-RELEASE DEPENDENCIES	Run test suite	2026-10-02T14:06:30.7802412Z tests/embpy/test_snp_utils.py::TestPredictVariantEffect::test_track_names_from_metadata_when_available [32mPASSED[0m[31m [ 92%][0m
PRE-RELEASE DEPENDENCIES	Run test suite	2026-10-02T14:06:30.7834106Z tests/embpy/test_snp_utils.py::TestPredictVariantEffect::test_top_tracks_ranks_by_absolute_score [32mPASSED[0m[31m [ 92%][0m
PRE-RELEASE DEPENDENCIES	Run test suite	2026-10-02T14:06:30.8396342Z tests/embpy/test_static_embedding_package.py::test_prepare_validate_and_query_static_embedding_package [32mPASSED[0m[31m [ 92%][0m
PRE-RELEASE DEPENDENCIES	Run test suite	2026-10-02T14:06:30.8702667Z tests/embpy/test_static_embedding_package.py::test_static_embedding_query_missing_policies [32mPASSED[0m[31m [ 92%][0m
PRE-RELEASE DEPENDENCIES	Run test suite	2026-10-02T14:06:30.8823474Z tests/embpy/test_static_embedding_package.py::test_read_static_embedding_table_duplicate_policy [32mPASSED[0m[31m [ 92%][0m
PRE-RELEASE DEPENDENCIES	Run test suite	2026-10-02T14:06:30.8935822Z tests/embpy/test_static_embedding_package.py::test_read_static_embedding_table_missing_ids_are_explicit [32mPASSED[0m[31m [ 92%][0m
PRE-RELEASE DEPENDENCIES	Run test suite	2026-10-02T14:06:30.9193473Z tests/embpy/test_static_embedding_package.py::test_read_static_embedding_table_explicit_id_and_metadata_columns [32mPASSED[0m[31m [ 93%][0m
PRE-RELEASE DEPENDENCIES	Run test suite	2026-10-02T14:06:30.9290568Z tests/embpy/test_static_embedding_package.py::test_read_static_embedding_table_nonnumeric_error_suggests_layout_flags [32mPASSED[0m[31m [ 93%][0m
PRE-RELEASE DEPENDENCIES	Run test suite	2026-10-02T14:06:30.9407777Z tests/embpy/test_static_embedding_package.py::test_read_static_embedding_table_nan_policy_drop_rows [32mPASSED[0m[31m [ 93%][0m
PRE-RELEASE DEPENDENCIES	Run test suite	2026-10-02T14:06:30.9490048Z tests/embpy/test_static_embedding_package.py::test_read_static_embedding_table_nan_policy_fill_zero [32mPASSED[0m[31m [ 93%][0m
PRE-RELEASE DEPENDENCIES	Run test suite	2026-10-02T14:06:30.9570766Z tests/embpy/test_static_embedding_package.py::test_read_static_embedding_table_harmonizes_symbols_to_ensembl [32mPASSED[0m[31m [ 93%][0m
PRE-RELEASE DEPENDENCIES	Run test suite	2026-10-02T14:06:30.9694890Z tests/embpy/test_static_embedding_package.py::test_read_static_embedding_table_harmonization_drops_unresolved_and_duplicates [32mPASSED[0m[31m [ 93%][0m
PRE-RELEASE DEPENDENCIES	Run test suite	2026-10-02T14:06:31.0042823Z tests/embpy/test_static_embedding_package.py::test_prepare_static_embedding_package_from_source_config [32mPASSED[0m[31m [ 93%][0m
PRE-RELEASE DEPENDENCIES	Run test suite	2026-10-02T14:06:31.0094505Z tests/embpy/test_static_embedding_package.py::test_source_config_rejects_species_taxonomy_mismatch [32mPASSED[0m[31m [ 93%][0m
PRE-RELEASE DEPENDENCIES	Run test suite	2026-10-02T14:06:31.0445630Z tests/embpy/test_static_embedding_package.py::test_static_embedding_dataset_card_from_manifest [32mPASSED[0m[31m [ 93%][0m
PRE-RELEASE DEPENDENCIES	Run test suite	2026-10-02T14:06:31.0527763Z tests/embpy/test_static_embedding_package.py::test_read_static_embedding_table_hdf5_string_source [32mPASSED[0m[31m [ 93%][0m
PRE-RELEASE DEPENDENCIES	Run test suite	2026-10-02T14:06:31.0928422Z tests/embpy/test_static_embedding_package.py::test_prepare_static_embedding_package_discovers_known_string_hdf5 [32mPASSED[0m[31m [ 93%][0m
PRE-RELEASE DEPENDENCIES	Run test suite	2026-10-02T14:06:31.1847121Z tests/embpy/test_static_embedding_package.py::test_prepare_static_embedding_package_requires_explicit_string_species [32mPASSED[0m[31m [ 93%][0m
PRE-RELEASE DEPENDENCIES	Run test suite	2026-10-02T14:06:31.3943618Z tests/embpy/test_text_resolver.py::TestMyGeneSource::test_fetch_mygene [31mFAILED[0m[31m [ 93%][0m
PRE-RELEASE DEPENDENCIES	Run test suite	2026-10-02T14:06:31.5971003Z tests/embpy/test_text_resolver.py::TestMyGeneSource::test_empty_hits [31mFAILED[0m[31m [ 93%][0m
PRE-RELEASE DEPENDENCIES	Run test suite	2026-10-02T14:06:31.7953460Z tests/embpy/test_text_resolver.py::TestNCBISource::test_fetch_ncbi [31mFAILED[0m[31m [ 93%][0m
PRE-RELEASE DEPENDENCIES	Run test suite	2026-10-02T14:06:31.9935800Z tests/embpy/test_text_resolver.py::TestNCBISource::test_ncbi_no_results [31mFAILED[0m[31m [ 94%][0m
PRE-RELEASE DEPENDENCIES	Run test suite	2026-10-02T14:06:32.1925104Z tests/embpy/test_text_resolver.py::TestEnsemblSource::test_fetch_ensembl [31mFAILED[0m[31m [ 94%][0m
PRE-RELEASE DEPENDENCIES	Run test suite	2026-10-02T14:06:32.3909042Z tests/embpy/test_text_resolver.py::TestEnsemblSource::test_ensembl_not_found [31mFAILED[0m[31m [ 94%][0m
PRE-RELEASE DEPENDENCIES	Run test suite	2026-10-02T14:06:32.5928756Z tests/embpy/test_text_resolver.py::TestUniProtSource::test_fetch_uniprot_by_accession [31mFAILED[0m[31m [ 94%][0m
PRE-RELEASE DEPENDENCIES	Run test suite	2026-10-02T14:06:32.7915396Z tests/embpy/test_text_resolver.py::TestUniProtSource::test_uniprot_not_found [31mFAILED[0m[31m [ 94%][0m
PRE-RELEASE DEPENDENCIES	Run test suite	2026-10-02T14:06:32.9895744Z tests/embpy/test_text_resolver.py::TestWikipediaSource::test_fetch_wikipedia [31mFAILED[0m[31m [ 94%][0m
PRE-RELEASE DEPENDENCIES	Run test suite	2026-10-02T14:06:33.1912825Z tests/embpy/test_text_resolver.py::TestWikipediaSource::test_wikipedia_not_found [31mFAILED[0m[31m [ 94%][0m
PRE-RELEASE DEPENDENCIES	Run test suite	2026-10-02T14:06:33.3902534Z tests/embpy/test_text_resolver.py::TestWikipediaSource::test_wikipedia_disambiguation_fallback [31mFAILED[0m[31m [ 94%][0m
PRE-RELEASE DEPENDENCIES	Run test suite	2026-10-02T14:06:33.5897914Z tests/embpy/test_text_resolver.py::TestPubChemSource::test_fetch_pubchem [31mFAILED[0m[31m [ 94%][0m
PRE-RELEASE DEPENDENCIES	Run test suite	2026-10-02T14:06:33.7934231Z tests/embpy/test_text_resolver.py::TestPubChemSource::test_pubchem_not_found [31mFAILED[0m[31m [ 94%][0m
PRE-RELEASE DEPENDENCIES	Run test suite	2026-10-02T14:06:33.9927242Z tests/embpy/test_text_resolver.py::TestGetDescription::test_gene_auto_detect [31mFAILED[0m[31m [ 94%][0m
PRE-RELEASE DEPENDENCIES	Run test suite	2026-10-02T14:06:33.9961524Z tests/embpy/test_text_resolver.py::TestGetDescription::test_source_filtering [32mPASSED[0m[31m [ 94%][0m
PRE-RELEASE DEPENDENCIES	Run test suite	2026-10-02T14:06:33.9996744Z tests/embpy/test_text_resolver.py::TestCombinedDescription::test_section_headers [32mPASSED[0m[31m [ 94%][0m
PRE-RELEASE DEPENDENCIES	Run test suite	2026-10-02T14:06:34.0032402Z tests/embpy/test_text_resolver.py::TestCombinedDescription::test_empty_results [32mPASSED[0m[31m [ 94%][0m
PRE-RELEASE DEPENDENCIES	Run test suite	2026-10-02T14:06:34.0068815Z tests/embpy/test_text_resolver.py::TestCombinedDescription::test_custom_template [32mPASSED[0m[31m [ 94%][0m
PRE-RELEASE DEPENDENCIES	Run test suite	2026-10-02T14:06:34.0098600Z tests/embpy/test_text_resolver.py::TestEntityDetection::test_smiles_detected [32mPASSED[0m[31m [ 95%][0m
PRE-RELEASE DEPENDENCIES	Run test suite	2026-10-02T14:06:34.0128425Z tests/embpy/test_text_resolver.py::TestEntityDetection::test_ensembl_gene [32mPASSED[0m[31m [ 95%][0m
PRE-RELEASE DEPENDENCIES	Run test suite	2026-10-02T14:06:34.0158250Z tests/embpy/test_text_resolver.py::TestEntityDetection::test_mouse_ensembl [32mPASSED[0m[31m [ 95%][0m
PRE-RELEASE DEPENDENCIES	Run test suite	2026-10-02T14:06:34.0188244Z tests/embpy/test_text_resolver.py::TestEntityDetection::test_uniprot_accession [32mPASSED[0m[31m [ 95%][0m
PRE-RELEASE DEPENDENCIES	Run test suite	2026-10-02T14:06:34.0218168Z tests/embpy/test_text_resolver.py::TestEntityDetection::test_gene_symbol [32mPASSED[0m[31m [ 95%][0m
PRE-RELEASE DEPENDENCIES	Run test suite	2026-10-02T14:06:34.0249960Z tests/embpy/test_text_resolver.py::TestEntityDetection::test_short_symbol [32mPASSED[0m[31m [ 95%][0m
PRE-RELEASE DEPENDENCIES	Run test suite	2026-10-02T14:06:34.0304785Z tests/embpy/test_weighted_protein_embedding.py::TestTPMWeighted::test_equal_weights [32mPASSED[0m[31m [ 95%][0m
PRE-RELEASE DEPENDENCIES	Run test suite	2026-10-02T14:06:34.0353283Z tests/embpy/test_weighted_protein_embedding.py::TestTPMWeighted::test_explicit_tpm [32mPASSED[0m[31m [ 95%][0m
PRE-RELEASE DEPENDENCIES	Run test suite	2026-10-02T14:06:34.0400777Z tests/embpy/test_weighted_protein_embedding.py::TestTPMWeighted::test_zero_weights_fallback [32mPASSED[0m[31m [ 95%][0m
PRE-RELEASE DEPENDENCIES	Run test suite	2026-10-02T14:06:34.0454861Z tests/embpy/test_weighted_protein_embedding.py::TestAnnotationWeighted::test_annotation_weighted [32mPASSED[0m[31m [ 95%][0m
PRE-RELEASE DEPENDENCIES	Run test suite	2026-10-02T14:06:34.0501414Z tests/embpy/test_weighted_protein_embedding.py::TestExpressionContext::test_with_explicit_vector [32mPASSED[0m[31m [ 95%][0m
PRE-RELEASE DEPENDENCIES	Run test suite	2026-10-02T14:06:34.0551800Z tests/embpy/test_weighted_protein_embedding.py::TestExpressionContext::test_with_gtex [32mPASSED[0m[31m [ 95%][0m
PRE-RELEASE DEPENDENCIES	Run test suite	2026-10-02T14:06:34.0608212Z tests/embpy/test_weighted_protein_embedding.py::TestEmbedPerturbation::test_canonical [32mPASSED[0m[31m [ 95%][0m
PRE-RELEASE DEPENDENCIES	Run test suite	2026-10-02T14:06:34.0655211Z tests/embpy/test_weighted_protein_embedding.py::TestEmbedPerturbation::test_tpm_weighted [32mPASSED[0m[31m [ 95%][0m
PRE-RELEASE DEPENDENCIES	Run test suite	2026-10-02T14:06:34.0701650Z tests/embpy/test_weighted_protein_embedding.py::TestEmbedPerturbation::test_expression_context [32mPASSED[0m[31m [ 95%][0m
PRE-RELEASE DEPENDENCIES	Run test suite	2026-10-02T14:06:34.0756980Z tests/embpy/test_weighted_protein_embedding.py::TestEmbedPerturbation::test_invalid_strategy [32mPASSED[0m[31m [ 96%][0m
PRE-RELEASE DEPENDENCIES	Run test suite	2026-10-02T14:06:34.0792385Z tests/embpy/tl/test_activity.py::TestAPFromRankedRelevance::test_perfect_ranking [32mPASSED[0m[31m [ 96%][0m
PRE-RELEASE DEPENDENCIES	Run test suite	2026-10-02T14:06:34.0823085Z tests/embpy/tl/test_activity.py::TestAPFromRankedRelevance::test_worst_ranking [32mPASSED[0m[31m [ 96%][0m
PRE-RELEASE DEPENDENCIES	Run test suite	2026-10-02T14:06:34.0853027Z tests/embpy/tl/test_activity.py::TestAPFromRankedRelevance::test_no_positives [32mPASSED[0m[31m [ 96%][0m
PRE-RELEASE DEPENDENCIES	Run test suite	2026-10-02T14:06:34.0883962Z tests/embpy/tl/test_activity.py::TestAPFromRankedRelevance::test_single_positive_at_top [32mPASSED[0m[31m [ 96%][0m
PRE-RELEASE DEPENDENCIES	Run test suite	2026-10-02T14:06:34.0914471Z tests/embpy/tl/test_activity.py::TestAPFromRankedRelevance::test_single_positive_at_bottom [32mPASSED[0m[31m [ 96%][0m
PRE-RELEASE DEPENDENCIES	Run test suite	2026-10-02T14:06:34.0945339Z tests/embpy/tl/test_activity.py::TestAPFromRankedRelevance::test_known_value [32mPASSED[0m[31m [ 96%][0m
PRE-RELEASE DEPENDENCIES	Run test suite	2026-10-02T14:06:34.0991660Z tests/embpy/tl/test_activity.py::TestChunkedCosineAPCPU::test_perfect_clusters [32mPASSED[0m[31m [ 96%][0m
PRE-RELEASE DEPENDENCIES	Run test suite	2026-10-02T14:06:34.1050609Z tests/embpy/tl/test_activity.py::TestChunkedCosineAPCPU::test_chunk_size_does_not_change_result [32mPASSED[0m[31m [ 96%][0m
PRE-RELEASE DEPENDENCIES	Run test suite	2026-10-02T14:06:34.1092381Z tests/embpy/tl/test_activity.py::TestChunkedCosineAPCPU::test_single_chunk [32mPASSED[0m[31m [ 96%][0m
PRE-RELEASE DEPENDENCIES	Run test suite	2026-10-02T14:06:34.1181505Z tests/embpy/tl/test_activity.py::TestPhenotypicActivity::test_basic_output_shape [32mPASSED[0m[31m [ 96%][0m
PRE-RELEASE DEPENDENCIES	Run test suite	2026-10-02T14:06:34.1265251Z tests/embpy/tl/test_activity.py::TestPhenotypicActivity::test_high_signal_has_high_map [32mPASSED[0m[31m [ 96%][0m
PRE-RELEASE DEPENDENCIES	Run test suite	2026-10-02T14:06:34.1370675Z tests/embpy/tl/test_activity.py::TestPhenotypicActivity::test_random_data_near_chance [32mPASSED[0m[31m [ 96%][0m
PRE-RELEASE DEPENDENCIES	Run test suite	2026-10-02T14:06:34.1448317Z tests/embpy/tl/test_activity.py::TestPhenotypicActivity::test_normalized_ap_range [32mPASSED[0m[31m [ 96%][0m
PRE-RELEASE DEPENDENCIES	Run test suite	2026-10-02T14:06:34.1526726Z tests/embpy/tl/test_activity.py::TestPhenotypicActivity::test_control_filtering [32mPASSED[0m[31m [ 96%][0m
PRE-RELEASE DEPENDENCIES	Run test suite	2026-10-02T14:06:34.1610247Z tests/embpy/tl/test_activity.py::TestPhenotypicActivity::test_sorted_descending [32mPASSED[0m[31m [ 97%][0m
PRE-RELEASE DEPENDENCIES	Run test suite	2026-10-02T14:06:34.1657164Z tests/embpy/tl/test_activity.py::TestPhenotypicActivity::test_missing_obsm_key [32mPASSED[0m[31m [ 97%][0m
PRE-RELEASE DEPENDENCIES	Run test suite	2026-10-02T14:06:34.1711749Z tests/embpy/tl/test_activity.py::TestPhenotypicActivity::test_missing_perturbation_col [32mPASSED[0m[31m [ 97%][0m
PRE-RELEASE DEPENDENCIES	Run test suite	2026-10-02T14:06:34.1766548Z tests/embpy/tl/test_activity.py::TestPhenotypicActivity::test_unsupported_metric [32mPASSED[0m[31m [ 97%][0m
PRE-RELEASE DEPENDENCIES	Run test suite	2026-10-02T14:06:34.1878311Z tests/embpy/tl/test_activity.py::TestPhenotypicActivity::test_small_chunk_size [32mPASSED[0m[31m [ 97%][0m
PRE-RELEASE DEPENDENCIES	Run test suite	2026-10-02T14:06:34.2020204Z tests/embpy/tl/test_activity.py::TestPhenotypicActivity::test_single_replicate_perturbation [32mPASSED[0m[31m [ 97%][0m
PRE-RELEASE DEPENDENCIES	Run test suite	2026-10-02T14:06:34.2083825Z tests/embpy/tl/test_dimred_clustering.py::TestComputeUMAP::test_umap_cpu [32mPASSED[0m[31m [ 97%][0m
PRE-RELEASE DEPENDENCIES	Run test suite	2026-10-02T14:06:34.2145839Z tests/embpy/tl/test_dimred_clustering.py::TestComputeUMAP::test_umap_custom_output_key [32mPASSED[0m[31m [ 97%][0m
PRE-RELEASE DEPENDENCIES	Run test suite	2026-10-02T14:06:34.2203737Z tests/embpy/tl/test_dimred_clustering.py::TestComputeTSNE::test_tsne [32mPASSED[0m[31m [ 97%][0m
PRE-RELEASE DEPENDENCIES	Run test suite	2026-10-02T14:06:34.2262681Z tests/embpy/tl/test_dimred_clustering.py::TestComputePCA::test_default_output_key [32mPASSED[0m[31m [ 97%][0m
PRE-RELEASE DEPENDENCIES	Run test suite	2026-10-02T14:06:34.2319218Z tests/embpy/tl/test_dimred_clustering.py::TestComputePCA::test_custom_output_key [32mPASSED[0m[31m [ 97%][0m
PRE-RELEASE DEPENDENCIES	Run test suite	2026-10-02T14:06:34.2376363Z tests/embpy/tl/test_dimred_clustering.py::TestComputePCA::test_variance_ratio_sums_to_at_most_one [32mPASSED[0m[31m [ 97%][0m
PRE-RELEASE DEPENDENCIES	Run test suite	2026-10-02T14:06:34.2432293Z tests/embpy/tl/test_dimred_clustering.py::TestComputePCA::test_n_components_clamped [32mPASSED[0m[31m [ 97%][0m
PRE-RELEASE DEPENDENCIES	Run test suite	2026-10-02T14:06:34.2479160Z tests/embpy/tl/test_dimred_clustering.py::TestComputePCA::test_missing_key_raises [32mPASSED[0m[31m [ 97%][0m
PRE-RELEASE DEPENDENCIES	Run test suite	2026-10-02T14:06:34.2543618Z tests/embpy/tl/test_dimred_clustering.py::TestComputePCA::test_separates_clusters [32mPASSED[0m[31m [ 97%][0m
PRE-RELEASE DEPENDENCIES	Run test suite	2026-10-02T14:06:34.2600559Z tests/embpy/tl/test_dimred_clustering.py::TestFindNearestNeighbors::test_neighbors_cpu [32mPASSED[0m[31m [ 98%][0m
PRE-RELEASE DEPENDENCIES	Run test suite	2026-10-02T14:06:34.2657262Z tests/embpy/tl/test_dimred_clustering.py::TestFindNearestNeighbors::test_neighbors_gpu [32mPASSED[0m[31m [ 98%][0m
PRE-RELEASE DEPENDENCIES	Run test suite	2026-10-02T14:06:34.2731024Z tests/embpy/tl/test_dimred_clustering.py::TestLeiden::test_leiden_cpu [32mPASSED[0m[31m [ 98%][0m
PRE-RELEASE DEPENDENCIES	Run test suite	2026-10-02T14:06:34.2810332Z tests/embpy/tl/test_dimred_clustering.py::TestClusterEmbeddings::test_kmeans [32mPASSED[0m[31m [ 98%][0m
PRE-RELEASE DEPENDENCIES	Run test suite	2026-10-02T14:06:34.3036185Z tests/embpy/tl/test_dimred_clustering.py::TestClusterEmbeddings::test_spectral [32mPASSED[0m[31m [ 98%][0m
PRE-RELEASE DEPENDENCIES	Run test suite	2026-10-02T14:06:34.3098996Z tests/embpy/tl/test_dimred_clustering.py::TestClusterEmbeddings::test_invalid_method [32mPASSED[0m[31m [ 98%][0m
PRE-RELEASE DEPENDENCIES	Run test suite	2026-10-02T14:06:34.3221194Z tests/embpy/tl/test_dimred_clustering.py::TestClusterAnnotationEnrichment::test_single_label_enrichment [32mPASSED[0m[31m [ 98%][0m
PRE-RELEASE DEPENDENCIES	Run test suite	2026-10-02T14:06:34.3340761Z tests/embpy/tl/test_dimred_clustering.py::TestClusterAnnotationEnrichment::test_multi_label_enrichment [32mPASSED[0m[31m [ 98%][0m
PRE-RELEASE DEPENDENCIES	Run test suite	2026-10-02T14:06:34.3449875Z tests/embpy/tl/test_dimred_clustering.py::TestClusterAnnotationEnrichment::test_top_k_respected [32mPASSED[0m[31m [ 98%][0m
PRE-RELEASE DEPENDENCIES	Run test suite	2026-10-02T14:06:34.3555781Z tests/embpy/tl/test_dimred_clustering.py::TestClusterAnnotationEnrichment::test_handles_nan_annotation [32mPASSED[0m[31m [ 98%][0m
PRE-RELEASE DEPENDENCIES	Run test suite	2026-10-02T14:06:34.3613534Z tests/embpy/tl/test_dimred_clustering.py::TestClusterAnnotationEnrichment::test_missing_keys_raise [32mPASSED[0m[31m [ 98%][0m
PRE-RELEASE DEPENDENCIES	Run test suite	2026-10-02T14:06:34.3669971Z tests/embpy/tl/test_similarity.py::TestComputeSimilarity::test_cosine [32mPASSED[0m[31m [ 98%][0m
PRE-RELEASE DEPENDENCIES	Run test suite	2026-10-02T14:06:34.3717000Z tests/embpy/tl/test_similarity.py::TestComputeSimilarity::test_pearson [32mPASSED[0m[31m [ 98%][0m
PRE-RELEASE DEPENDENCIES	Run test suite	2026-10-02T14:06:34.3827201Z tests/embpy/tl/test_similarity.py::TestComputeSimilarity::test_spearman [32mPASSED[0m[31m [ 98%][0m
PRE-RELEASE DEPENDENCIES	Run test suite	2026-10-02T14:06:34.3873269Z tests/embpy/tl/test_similarity.py::TestComputeSimilarity::test_invalid_metric [32mPASSED[0m[31m [ 98%][0m
PRE-RELEASE DEPENDENCIES	Run test suite	2026-10-02T14:06:34.3918622Z tests/embpy/tl/test_similarity.py::TestComputeSimilarity::test_missing_key [32mPASSED[0m[31m [ 99%][0m
PRE-RELEASE DEPENDENCIES	Run test suite	2026-10-02T14:06:34.3971827Z tests/embpy/tl/test_similarity.py::TestComputeDistanceMatrix::test_euclidean [32mPASSED[0m[31m [ 99%][0m
PRE-RELEASE DEPENDENCIES	Run test suite	2026-10-02T14:06:34.4027073Z tests/embpy/tl/test_similarity.py::TestComputeDistanceMatrix::test_cosine_distance [32mPASSED[0m[31m [ 99%][0m
PRE-RELEASE DEPENDENCIES	Run test suite	2026-10-02T14:06:34.4075864Z tests/embpy/tl/test_similarity.py::TestComputeDistanceMatrix::test_wasserstein [32mPASSED[0m[31m [ 99%][0m
PRE-RELEASE DEPENDENCIES	Run test suite	2026-10-02T14:06:34.4174499Z tests/embpy/tl/test_similarity.py::TestKNNOverlap::test_same_embedding [32mPASSED[0m[31m [ 99%][0m
PRE-RELEASE DEPENDENCIES	Run test suite	2026-10-02T14:06:34.4272020Z tests/embpy/tl/test_similarity.py::TestKNNOverlap::test_different_embeddings [32mPASSED[0m[31m [ 99%][0m
PRE-RELEASE DEPENDENCIES	Run test suite	2026-10-02T14:06:34.4335179Z tests/embpy/tl/test_similarity.py::TestRankPerturbations::test_rank_by_index [32mPASSED[0m[31m [ 99%][0m
PRE-RELEASE DEPENDENCIES	Run test suite	2026-10-02T14:06:34.4396402Z tests/embpy/tl/test_similarity.py::TestRankPerturbations::test_rank_by_vector [32mPASSED[0m[31m [ 99%][0m
PRE-RELEASE DEPENDENCIES	Run test suite	2026-10-02T14:06:34.4442950Z tests/embpy/tl/test_similarity.py::TestRankPerturbations::test_invalid_query [32mPASSED[0m[31m [ 99%][0m
PRE-RELEASE DEPENDENCIES	Run test suite	2026-10-02T14:06:34.4511800Z tests/embpy/tl/test_similarity.py::TestNearestNeighborsTable::test_query_skips_self [32mPASSED[0m[31m [ 99%][0m
PRE-RELEASE DEPENDENCIES	Run test suite	2026-10-02T14:06:34.4593255Z tests/embpy/tl/test_similarity.py::TestNearestNeighborsTable::test_anndata_wrapper [32mPASSED[0m[31m [ 99%][0m
PRE-RELEASE DEPENDENCIES	Run test suite	2026-10-02T14:06:34.4656880Z tests/embpy/tl/test_similarity.py::TestGenericEmbeddingUtilities::test_embedding_similarity_matrix_matches_compute_similarity [32mPASSED[0m[31m [ 99%][0m
PRE-RELEASE DEPENDENCIES	Run test suite	2026-10-02T14:06:34.4711866Z tests/embpy/tl/test_similarity.py::TestGenericEmbeddingUtilities::test_aggregate_embedding_table [32mPASSED[0m[31m [ 99%][0m
PRE-RELEASE DEPENDENCIES	Run test suite	2026-10-02T14:06:34.4879024Z tests/embpy/tl/test_similarity.py::TestGenericEmbeddingUtilities::test_similarity_correlation_and_compare [32mPASSED[0m[31m [ 99%][0m
PRE-RELEASE DEPENDENCIES	Run test suite	2026-10-02T14:06:34.5171363Z tests/embpy/tl/test_similarity.py::TestGenericEmbeddingUtilities::test_knn_jaccard [32mPASSED[0m[31m [100%][0m
PRE-RELEASE DEPENDENCIES	Run test suite	2026-10-02T14:06:34.5172536Z 
PRE-RELEASE DEPENDENCIES	Run test suite	2026-10-02T14:06:34.5172887Z ==================================== ERRORS ====================================
PRE-RELEASE DEPENDENCIES	Run test suite	2026-10-02T14:06:34.5174298Z [31m[1m__ ERROR at setup of TestGeneResolverLocalIndexedSequence.test_full_sequence ___[0m
PRE-RELEASE DEPENDENCIES	Run test suite	2026-10-02T14:06:34.5175205Z 
PRE-RELEASE DEPENDENCIES	Run test suite	2026-10-02T14:06:34.5175874Z self = <tests.embpy.test_local_genome.TestGeneResolverLocalIndexedSequence object at 0x7fa7eeb88bc0>
PRE-RELEASE DEPENDENCIES	Run test suite	2026-10-02T14:06:34.5177248Z tmp_path = PosixPath('/tmp/pytest-of-runner/pytest-0/test_full_sequence0')
PRE-RELEASE DEPENDENCIES	Run test suite	2026-10-02T14:06:34.5177886Z 
PRE-RELEASE DEPENDENCIES	Run test suite	2026-10-02T14:06:34.5178238Z     [0m[37m@pytest[39;49;00m.fixture[90m[39;49;00m
PRE-RELEASE DEPENDENCIES	Run test suite	2026-10-02T14:06:34.5179132Z     [94mdef[39;49;00m[90m [39;49;00m[92mresolver_with_genome[39;49;00m([96mself[39;49;00m, tmp_path):[90m[39;49;00m
PRE-RELEASE DEPENDENCIES	Run test suite	2026-10-02T14:06:34.5180660Z     [90m    [39;49;00m[33m"""Create a GeneResolver with a tiny mock genome FASTA."""[39;49;00m[90m[39;49;00m
PRE-RELEASE DEPENDENCIES	Run test suite	2026-10-02T14:06:34.5182530Z         pysam = pytest.importorskip([33m"[39;49;00m[33mpysam[39;49;00m[33m"[39;49;00m, reason=[33m"[39;49;00m[33mpysam not available on this platform[39;49;00m[33m"[39;49;00m)[90m[39;49;00m
PRE-RELEASE DEPENDENCIES	Run test suite	2026-10-02T14:06:34.5185271Z         [94mfrom[39;49;00m[90m [39;49;00m[04m[96membpy[39;49;00m[04m[96m.[39;49;00m[04m[96mresources[39;49;00m[04m[96m.[39;49;00m[04m[96mgene_resolver[39;49;00m[90m [39;49;00m[94mimport[39;49;00m GeneResolver[90m[39;49;00m
PRE-RELEASE DEPENDENCIES	Run test suite	2026-10-02T14:06:34.5186722Z     [90m[39;49;00m
PRE-RELEASE DEPENDENCIES	Run test suite	2026-10-02T14:06:34.5187580Z         fa_path = tmp_path / [33m"[39;49;00m[33mtest_genome.fa[39;49;00m[33m"[39;49;00m[90m[39;49;00m
PRE-RELEASE DEPENDENCIES	Run test suite	2026-10-02T14:06:34.5188100Z         fa_path.write_text([90m[39;49;00m
PRE-RELEASE DEPENDENCIES	Run test suite	2026-10-02T14:06:34.5188559Z             [33m"[39;49;00m[33m>1[39;49;00m[33m\n[39;49;00m[33m"[39;49;00m[90m[39;49;00m
PRE-RELEASE DEPENDENCIES	Run test suite	2026-10-02T14:06:34.5189283Z             [33m"[39;49;00m[33mATCGATCGATCGATCGATCGATCGATCGATCGATCGATCG[39;49;00m[33m\n[39;49;00m[33m"[39;49;00m[90m[39;49;00m
PRE-RELEASE DEPENDENCIES	Run test suite	2026-10-02T14:06:34.5190737Z             [33m"[39;49;00m[33mGCTAGCTAGCTAGCTAGCTAGCTAGCTAGCTAGCTAGCTAG[39;49;00m[33m\n[39;49;00m[33m"[39;49;00m[90m[39;49;00m
PRE-RELEASE DEPENDENCIES	Run test suite	2026-10-02T14:06:34.5191439Z             [33m"[39;49;00m[33m>17[39;49;00m[33m\n[39;49;00m[33m"[39;49;00m[90m[39;49;00m
PRE-RELEASE DEPENDENCIES	Run test suite	2026-10-02T14:06:34.5192148Z             [33m"[39;49;00m[33mNNNATCGATCGAAATTTCCCGGGAAATTTCCCGGGNNNN[39;49;00m[33m\n[39;49;00m[33m"[39;49;00m[90m[39;49;00m
PRE-RELEASE DEPENDENCIES	Run test suite	2026-10-02T14:06:34.5193012Z             [33m"[39;49;00m[33mATCGATCGATCGATCGATCGATCGATCGATCGATCGATCG[39;49;00m[33m\n[39;49;00m[33m"[39;49;00m[90m[39;49;00m
PRE-RELEASE DEPENDENCIES	Run test suite	2026-10-02T14:06:34.5193567Z         )[90m[39;49;00m
PRE-RELEASE DEPENDENCIES	Run test suite	2026-10-02T14:06:34.5194039Z >       pysam.faidx([96mstr[39;49;00m(fa_path))[90m[39;49;00m
PRE-RELEASE DEPENDENCIES	Run test suite	2026-10-02T14:06:34.5194281Z 
PRE-RELEASE DEPENDENCIES	Run test suite	2026-10-02T14:06:34.5194463Z [1m[31mtests/embpy/test_local_genome.py[0m:54: 
PRE-RELEASE DEPENDENCIES	Run test suite	2026-10-02T14:06:34.5194819Z _ _ _ _ _ _ _ _ _ _ _ _ _ _ _ _ _ _ _ _ _ _ _ _ _ _ _ _ _ _ _ _ _ _ _ _ _ _ _ _ 
PRE-RELEASE DEPENDENCIES	Run test suite	2026-10-02T14:06:34.5195077Z 
PRE-RELEASE DEPENDENCIES	Run test suite	2026-10-02T14:06:34.5195249Z self = <pysam.utils.PysamDispatcher object at 0x7fa7ee3f6c90>
PRE-RELEASE DEPENDENCIES	Run test suite	2026-10-02T14:06:34.5195722Z args = ('/tmp/pytest-of-runner/pytest-0/test_full_sequence0/test_genome.fa',)
PRE-RELEASE DEPENDENCIES	Run test suite	2026-10-02T14:06:34.5196101Z kwargs = {}
PRE-RELEASE DEPENDENCIES	Run test suite	2026-10-02T14:06:34.5196212Z 
PRE-RELEASE DEPENDENCIES	Run test suite	2026-10-02T14:06:34.5196866Z     [0m[94mdef[39;49;00m[90m [39;49;00m[92m__call__[39;49;00m([96mself[39;49;00m, *args: [96mstr[39;49;00m, **kwargs) -> Union[[96mstr[39;49;00m, List[[96mstr[39;49;00m]]:[90m[39;49;00m
PRE-RELEASE DEPENDENCIES	Run test suite	2026-10-02T14:06:34.5197569Z     [90m    [39;49;00m[33m'''[39;49;00m
PRE-RELEASE DEPENDENCIES	Run test suite	2026-10-02T14:06:34.5197906Z     [33m    execute a samtools command.[39;49;00m
PRE-RELEASE DEPENDENCIES	Run test suite	2026-10-02T14:06:34.5198211Z     [33m[39;49;00m
PRE-RELEASE DEPENDENCIES	Run test suite	2026-10-02T14:06:34.5198474Z     [33m    Keyword arguments:[39;49;00m
PRE-RELEASE DEPENDENCIES	Run test suite	2026-10-02T14:06:34.5198928Z     [33m    catch_stdout -- redirect stdout from the samtools command and[39;49;00m
PRE-RELEASE DEPENDENCIES	Run test suite	2026-10-02T14:06:34.5199412Z     [33m        return as variable (default True)[39;49;00m
PRE-RELEASE DEPENDENCIES	Run test suite	2026-10-02T14:06:34.5200100Z     [33m    save_stdout -- redirect stdout to a filename.[39;49;00m
PRE-RELEASE DEPENDENCIES	Run test suite	2026-10-02T14:06:34.5200640Z     [33m    raw -- ignore any parsers associated with this samtools command.[39;49;00m
PRE-RELEASE DEPENDENCIES	Run test suite	2026-10-02T14:06:34.5201230Z     [33m    split_lines -- return stdout (if catch_stdout is True and stderr[39;49;00m
PRE-RELEASE DEPENDENCIES	Run test suite	2026-10-02T14:06:34.5201699Z     [33m                   as a list of strings.[39;49;00m
PRE-RELEASE DEPENDENCIES	Run test suite	2026-10-02T14:06:34.5202033Z     [33m    '''[39;49;00m[90m[39;49;00m
PRE-RELEASE DEPENDENCIES	Run test suite	2026-10-02T14:06:34.5202403Z         retval, stderr, stdout = _pysam_dispatch([90m[39;49;00m
PRE-RELEASE DEPENDENCIES	Run test suite	2026-10-02T14:06:34.5202807Z             [96mself[39;49;00m.collection,[90m[39;49;00m
PRE-RELEASE DEPENDENCIES	Run test suite	2026-10-02T14:06:34.5203174Z             [96mself[39;49;00m.dispatch,[90m[39;49;00m
PRE-RELEASE DEPENDENCIES	Run test suite	2026-10-02T14:06:34.5203508Z             args,[90m[39;49;00m
PRE-RELEASE DEPENDENCIES	Run test suite	2026-10-02T14:06:34.5204087Z             catch_stdout=kwargs.get([33m"[39;49;00m[33mcatch_stdout[39;49;00m[33m"[39;49;00m, [94mTrue[39;49;00m),[90m[39;49;00m
PRE-RELEASE DEPENDENCIES	Run test suite	2026-10-02T14:06:34.5204924Z             save_stdout=kwargs.get([33m"[39;49;00m[33msave_stdout[39;49;00m[33m"[39;49;00m, [94mNone[39;49;00m))[90m[39;49;00m
PRE-RELEASE DEPENDENCIES	Run test suite	2026-10-02T14:06:34.5205434Z     [90m[39;49;00m
PRE-RELEASE DEPENDENCIES	Run test suite	2026-10-02T14:06:34.5205970Z         [94mif[39;49;00m kwargs.get([33m"[39;49;00m[33msplit_lines[39;49;00m[33m"[39;49;00m, [94mFalse[39;49;00m):[90m[39;49;00m
PRE-RELEASE DEPENDENCIES	Run test suite	2026-10-02T14:06:34.5206552Z             stdout = stdout.splitlines()[90m[39;49;00m
PRE-RELEASE DEPENDENCIES	Run test suite	2026-10-02T14:06:34.5206908Z             [94mif[39;49;00m stderr:[90m[39;49;00m
PRE-RELEASE DEPENDENCIES	Run test suite	2026-10-02T14:06:34.5207266Z                 stderr = stderr.splitlines()[90m[39;49;00m
PRE-RELEASE DEPENDENCIES	Run test suite	2026-10-02T14:06:34.5207574Z     [90m[39;49;00m
PRE-RELEASE DEPENDENCIES	Run test suite	2026-10-02T14:06:34.5207833Z         [94mif[39;49;00m retval:[90m[39;49;00m
PRE-RELEASE DEPENDENCIES	Run test suite	2026-10-02T14:06:34.5208212Z >           [94mraise[39;49;00m SamtoolsError([90m[39;49;00m
PRE-RELEASE DEPENDENCIES	Run test suite	2026-10-02T14:06:34.5208877Z                 [33m"[39;49;00m[33m%s[39;49;00m[33m returned with error [39;49;00m[33m%i[39;49;00m[33m: [39;49;00m[33m"[39;49;00m[90m[39;49;00m
PRE-RELEASE DEPENDENCIES	Run test suite	2026-10-02T14:06:34.5210213Z                 [33m"[39;49;00m[33mstdout=[39;49;00m[33m%s[39;49;00m[33m, stderr=[39;49;00m[33m%s[39;49;00m[33m"[39;49;00m %[90m[39;49;00m
PRE-RELEASE DEPENDENCIES	Run test suite	2026-10-02T14:06:34.5210811Z                 ([96mself[39;49;00m.collection,[90m[39;49;00m
PRE-RELEASE DEPENDENCIES	Run test suite	2026-10-02T14:06:34.5211156Z                  retval,[90m[39;49;00m
PRE-RELEASE DEPENDENCIES	Run test suite	2026-10-02T14:06:34.5211447Z                  stdout,[90m[39;49;00m
PRE-RELEASE DEPENDENCIES	Run test suite	2026-10-02T14:06:34.5211735Z                  stderr))[90m[39;49;00m
PRE-RELEASE DEPENDENCIES	Run test suite	2026-10-02T14:06:34.5212669Z [1m[31mE           pysam.utils.SamtoolsError: 'samtools returned with error 1: stdout=, stderr=[faidx] Could not build fai index /tmp/pytest-of-runner/pytest-0/test_full_sequence0/test_genome.fa.fai\n'[0m
PRE-RELEASE DEPENDENCIES	Run test suite	2026-10-02T14:06:34.5213545Z 
PRE-RELEASE DEPENDENCIES	Run test suite	2026-10-02T14:06:34.5213972Z [1m[31m/opt/hostedtoolcache/Python/3.12.14/x64/lib/python3.12/site-packages/pysam/utils.py[0m:84: SamtoolsError
PRE-RELEASE DEPENDENCIES	Run test suite	2026-10-02T14:06:34.5214576Z ---------------------------- Captured stderr setup -----------------------------
PRE-RELEASE DEPENDENCIES	Run test suite	2026-10-02T14:06:34.5215033Z [E::fai_build_core] Different line length in sequence '1' at line 3
PRE-RELEASE DEPENDENCIES	Run test suite	2026-10-02T14:06:34.5215619Z [31m[1m__ ERROR at setup of TestGeneResolverLocalIndexedSequence.test_exon_sequences __[0m
PRE-RELEASE DEPENDENCIES	Run test suite	2026-10-02T14:06:34.5215992Z 
PRE-RELEASE DEPENDENCIES	Run test suite	2026-10-02T14:06:34.5216297Z self = <tests.embpy.test_local_genome.TestGeneResolverLocalIndexedSequence object at 0x7fa7eeb891f0>
PRE-RELEASE DEPENDENCIES	Run test suite	2026-10-02T14:06:34.5216915Z tmp_path = PosixPath('/tmp/pytest-of-runner/pytest-0/test_exon_sequences0')
PRE-RELEASE DEPENDENCIES	Run test suite	2026-10-02T14:06:34.5217218Z 
PRE-RELEASE DEPENDENCIES	Run test suite	2026-10-02T14:06:34.5217392Z     [0m[37m@pytest[39;49;00m.fixture[90m[39;49;00m
PRE-RELEASE DEPENDENCIES	Run test suite	2026-10-02T14:06:34.5217986Z     [94mdef[39;49;00m[90m [39;49;00m[92mresolver_with_genome[39;49;00m([96mself[39;49;00m, tmp_path):[90m[39;49;00m
PRE-RELEASE DEPENDENCIES	Run test suite	2026-10-02T14:06:34.5218737Z     [90m    [39;49;00m[33m"""Create a GeneResolver with a tiny mock genome FASTA."""[39;49;00m[90m[39;49;00m
PRE-RELEASE DEPENDENCIES	Run test suite	2026-10-02T14:06:34.5220034Z         pysam = pytest.importorskip([33m"[39;49;00m[33mpysam[39;49;00m[33m"[39;49;00m, reason=[33m"[39;49;00m[33mpysam not available on this platform[39;49;00m[33m"[39;49;00m)[90m[39;49;00m
PRE-RELEASE DEPENDENCIES	Run test suite	2026-10-02T14:06:34.5221428Z         [94mfrom[39;49;00m[90m [39;49;00m[04m[96membpy[39;49;00m[04m[96m.[39;49;00m[04m[96mresources[39;49;00m[04m[96m.[39;49;00m[04m[96mgene_resolver[39;49;00m[90m [39;49;00m[94mimport[39;49;00m GeneResolver[90m[39;49;00m
PRE-RELEASE DEPENDENCIES	Run test suite	2026-10-02T14:06:34.5222224Z     [90m[39;49;00m
PRE-RELEASE DEPENDENCIES	Run test suite	2026-10-02T14:06:34.5222677Z         fa_path = tmp_path / [33m"[39;49;00m[33mtest_genome.fa[39;49;00m[33m"[39;49;00m[90m[39;49;00m
PRE-RELEASE DEPENDENCIES	Run test suite	2026-10-02T14:06:34.5223155Z         fa_path.write_text([90m[39;49;00m
PRE-RELEASE DEPENDENCIES	Run test suite	2026-10-02T14:06:34.5223596Z             [33m"[39;49;00m[33m>1[39;49;00m[33m\n[39;49;00m[33m"[39;49;00m[90m[39;49;00m
PRE-RELEASE DEPENDENCIES	Run test suite	2026-10-02T14:06:34.5224325Z             [33m"[39;49;00m[33mATCGATCGATCGATCGATCGATCGATCGATCGATCGATCG[39;49;00m[33m\n[39;49;00m[33m"[39;49;00m[90m[39;49;00m
PRE-RELEASE DEPENDENCIES	Run test suite	2026-10-02T14:06:34.5225212Z             [33m"[39;49;00m[33mGCTAGCTAGCTAGCTAGCTAGCTAGCTAGCTAGCTAGCTAG[39;49;00m[33m\n[39;49;00m[33m"[39;49;00m[90m[39;49;00m
PRE-RELEASE DEPENDENCIES	Run test suite	2026-10-02T14:06:34.5225917Z             [33m"[39;49;00m[33m>17[39;49;00m[33m\n[39;49;00m[33m"[39;49;00m[90m[39;49;00m
PRE-RELEASE DEPENDENCIES	Run test suite	2026-10-02T14:06:34.5226631Z             [33m"[39;49;00m[33mNNNATCGATCGAAATTTCCCGGGAAATTTCCCGGGNNNN[39;49;00m[33m\n[39;49;00m[33m"[39;49;00m[90m[39;49;00m
PRE-RELEASE DEPENDENCIES	Run test suite	2026-10-02T14:06:34.5227501Z             [33m"[39;49;00m[33mATCGATCGATCGATCGATCGATCGATCGATCGATCGATCG[39;49;00m[33m\n[39;49;00m[33m"[39;49;00m[90m[39;49;00m
PRE-RELEASE DEPENDENCIES	Run test suite	2026-10-02T14:06:34.5228049Z         )[90m[39;49;00m
PRE-RELEASE DEPENDENCIES	Run test suite	2026-10-02T14:06:34.5228379Z >       pysam.faidx([96mstr[39;49;00m(fa_path))[90m[39;49;00m
PRE-RELEASE DEPENDENCIES	Run test suite	2026-10-02T14:06:34.5228617Z 
PRE-RELEASE DEPENDENCIES	Run test suite	2026-10-02T14:06:34.5228783Z [1m[31mtests/embpy/test_local_genome.py[0m:54: 
PRE-RELEASE DEPENDENCIES	Run test suite	2026-10-02T14:06:34.5229126Z _ _ _ _ _ _ _ _ _ _ _ _ _ _ _ _ _ _ _ _ _ _ _ _ _ _ _ _ _ _ _ _ _ _ _ _ _ _ _ _ 
PRE-RELEASE DEPENDENCIES	Run test suite	2026-10-02T14:06:34.5229366Z 
PRE-RELEASE DEPENDENCIES	Run test suite	2026-10-02T14:06:34.5229660Z self = <pysam.utils.PysamDispatcher object at 0x7fa7ee3f6c90>
PRE-RELEASE DEPENDENCIES	Run test suite	2026-10-02T14:06:34.5230284Z args = ('/tmp/pytest-of-runner/pytest-0/test_exon_sequences0/test_genome.fa',)
PRE-RELEASE DEPENDENCIES	Run test suite	2026-10-02T14:06:34.5230662Z kwargs = {}
PRE-RELEASE DEPENDENCIES	Run test suite	2026-10-02T14:06:34.5230773Z 
PRE-RELEASE DEPENDENCIES	Run test suite	2026-10-02T14:06:34.5231394Z     [0m[94mdef[39;49;00m[90m [39;49;00m[92m__call__[39;49;00m([96mself[39;49;00m, *args: [96mstr[39;49;00m, **kwargs) -> Union[[96mstr[39;49;00m, List[[96mstr[39;49;00m]]:[90m[39;49;00m
PRE-RELEASE DEPENDENCIES	Run test suite	2026-10-02T14:06:34.5232086Z     [90m    [39;49;00m[33m'''[39;49;00m
PRE-RELEASE DEPENDENCIES	Run test suite	2026-10-02T14:06:34.5232415Z     [33m    execute a samtools command.[39;49;00m
PRE-RELEASE DEPENDENCIES	Run test suite	2026-10-02T14:06:34.5232714Z     [33m[39;49;00m
PRE-RELEASE DEPENDENCIES	Run test suite	2026-10-02T14:06:34.5232970Z     [33m    Keyword arguments:[39;49;00m
PRE-RELEASE DEPENDENCIES	Run test suite	2026-10-02T14:06:34.5233409Z     [33m    catch_stdout -- redirect stdout from the samtools command and[39;49;00m
PRE-RELEASE DEPENDENCIES	Run test suite	2026-10-02T14:06:34.5234009Z     [33m        return as variable (default True)[39;49;00m
PRE-RELEASE DEPENDENCIES	Run test suite	2026-10-02T14:06:34.5234428Z     [33m    save_stdout -- redirect stdout to a filename.[39;49;00m
PRE-RELEASE DEPENDENCIES	Run test suite	2026-10-02T14:06:34.5237419Z     [33m    raw -- ignore any parsers associated with this samtools command.[39;49;00m
PRE-RELEASE DEPENDENCIES	Run test suite	2026-10-02T14:06:34.5238628Z     [33m    split_lines -- return stdout (if catch_stdout is True and stderr[39;49;00m
PRE-RELEASE DEPENDENCIES	Run test suite	2026-10-02T14:06:34.5239831Z     [33m                   as a list of strings.[39;49;00m
PRE-RELEASE DEPENDENCIES	Run test suite	2026-10-02T14:06:34.5240427Z     [33m    '''[39;49;00m[90m[39;49;00m
PRE-RELEASE DEPENDENCIES	Run test suite	2026-10-02T14:06:34.5240813Z         retval, stderr, stdout = _pysam_dispatch([90m[39;49;00m
PRE-RELEASE DEPENDENCIES	Run test suite	2026-10-02T14:06:34.5241230Z             [96mself[39;49;00m.collection,[90m[39;49;00m
PRE-RELEASE DEPENDENCIES	Run test suite	2026-10-02T14:06:34.5241600Z             [96mself[39;49;00m.dispatch,[90m[39;49;00m
PRE-RELEASE DEPENDENCIES	Run test suite	2026-10-02T14:06:34.5241920Z             args,[90m[39;49;00m
PRE-RELEASE DEPENDENCIES	Run test suite	2026-10-02T14:06:34.5242497Z             catch_stdout=kwargs.get([33m"[39;49;00m[33mcatch_stdout[39;49;00m[33m"[39;49;00m, [94mTrue[39;49;00m),[90m[39;49;00m
PRE-RELEASE DEPENDENCIES	Run test suite	2026-10-02T14:06:34.5243330Z             save_stdout=kwargs.get([33m"[39;49;00m[33msave_stdout[39;49;00m[33m"[39;49;00m, [94mNone[39;49;00m))[90m[39;49;00m
PRE-RELEASE DEPENDENCIES	Run test suite	2026-10-02T14:06:34.5243839Z     [90m[39;49;00m
PRE-RELEASE DEPENDENCIES	Run test suite	2026-10-02T14:06:34.5244369Z         [94mif[39;49;00m kwargs.get([33m"[39;49;00m[33msplit_lines[39;49;00m[33m"[39;49;00m, [94mFalse[39;49;00m):[90m[39;49;00m
PRE-RELEASE DEPENDENCIES	Run test suite	2026-10-02T14:06:34.5244948Z             stdout = stdout.splitlines()[90m[39;49;00m
PRE-RELEASE DEPENDENCIES	Run test suite	2026-10-02T14:06:34.5245303Z             [94mif[39;49;00m stderr:[90m[39;49;00m
PRE-RELEASE DEPENDENCIES	Run test suite	2026-10-02T14:06:34.5245661Z                 stderr = stderr.splitlines()[90m[39;49;00m
PRE-RELEASE DEPENDENCIES	Run test suite	2026-10-02T14:06:34.5245970Z     [90m[39;49;00m
PRE-RELEASE DEPENDENCIES	Run test suite	2026-10-02T14:06:34.5246227Z         [94mif[39;49;00m retval:[90m[39;49;00m
PRE-RELEASE DEPENDENCIES	Run test suite	2026-10-02T14:06:34.5246687Z >           [94mraise[39;49;00m SamtoolsError([90m[39;49;00m
PRE-RELEASE DEPENDENCIES	Run test suite	2026-10-02T14:06:34.5247357Z                 [33m"[39;49;00m[33m%s[39;49;00m[33m returned with error [39;49;00m[33m%i[39;49;00m[33m: [39;49;00m[33m"[39;49;00m[90m[39;49;00m
PRE-RELEASE DEPENDENCIES	Run test suite	2026-10-02T14:06:34.5248213Z                 [33m"[39;49;00m[33mstdout=[39;49;00m[33m%s[39;49;00m[33m, stderr=[39;49;00m[33m%s[39;49;00m[33m"[39;49;00m %[90m[39;49;00m
PRE-RELEASE DEPENDENCIES	Run test suite	2026-10-02T14:06:34.5248804Z                 ([96mself[39;49;00m.collection,[90m[39;49;00m
PRE-RELEASE DEPENDENCIES	Run test suite	2026-10-02T14:06:34.5249841Z                  retval,[90m[39;49;00m
PRE-RELEASE DEPENDENCIES	Run test suite	2026-10-02T14:06:34.5250495Z                  stdout,[90m[39;49;00m
PRE-RELEASE DEPENDENCIES	Run test suite	2026-10-02T14:06:34.5251062Z                  stderr))[90m[39;49;00m
PRE-RELEASE DEPENDENCIES	Run test suite	2026-10-02T14:06:34.5252345Z [1m[31mE           pysam.utils.SamtoolsError: 'samtools returned with error 1: stdout=, stderr=[faidx] Could not build fai index /tmp/pytest-of-runner/pytest-0/test_exon_sequences0/test_genome.fa.fai\n'[0m
PRE-RELEASE DEPENDENCIES	Run test suite	2026-10-02T14:06:34.5253146Z 
PRE-RELEASE DEPENDENCIES	Run test suite	2026-10-02T14:06:34.5253572Z [1m[31m/opt/hostedtoolcache/Python/3.12.14/x64/lib/python3.12/site-packages/pysam/utils.py[0m:84: SamtoolsError
PRE-RELEASE DEPENDENCIES	Run test suite	2026-10-02T14:06:34.5254184Z ---------------------------- Captured stderr setup -----------------------------
PRE-RELEASE DEPENDENCIES	Run test suite	2026-10-02T14:06:34.5254631Z [E::fai_build_core] Different line length in sequence '1' at line 3
PRE-RELEASE DEPENDENCIES	Run test suite	2026-10-02T14:06:34.5255413Z [31m[1m_ ERROR at setup of TestGeneResolverLocalIndexedSequence.test_intron_sequences _[0m
PRE-RELEASE DEPENDENCIES	Run test suite	2026-10-02T14:06:34.5255792Z 
PRE-RELEASE DEPENDENCIES	Run test suite	2026-10-02T14:06:34.5256096Z self = <tests.embpy.test_local_genome.TestGeneResolverLocalIndexedSequence object at 0x7fa7eeb78470>
PRE-RELEASE DEPENDENCIES	Run test suite	2026-10-02T14:06:34.5256719Z tmp_path = PosixPath('/tmp/pytest-of-runner/pytest-0/test_intron_sequences0')
PRE-RELEASE DEPENDENCIES	Run test suite	2026-10-02T14:06:34.5257027Z 
PRE-RELEASE DEPENDENCIES	Run test suite	2026-10-02T14:06:34.5257202Z     [0m[37m@pytest[39;49;00m.fixture[90m[39;49;00m
PRE-RELEASE DEPENDENCIES	Run test suite	2026-10-02T14:06:34.5257796Z     [94mdef[39;49;00m[90m [39;49;00m[92mresolver_with_genome[39;49;00m([96mself[39;49;00m, tmp_path):[90m[39;49;00m
PRE-RELEASE DEPENDENCIES	Run test suite	2026-10-02T14:06:34.5258540Z     [90m    [39;49;00m[33m"""Create a GeneResolver with a tiny mock genome FASTA."""[39;49;00m[90m[39;49;00m
PRE-RELEASE DEPENDENCIES	Run test suite	2026-10-02T14:06:34.5259946Z         pysam = pytest.importorskip([33m"[39;49;00m[33mpysam[39;49;00m[33m"[39;49;00m, reason=[33m"[39;49;00m[33mpysam not available on this platform[39;49;00m[33m"[39;49;00m)[90m[39;49;00m
PRE-RELEASE DEPENDENCIES	Run test suite	2026-10-02T14:06:34.5261317Z         [94mfrom[39;49;00m[90m [39;49;00m[04m[96membpy[39;49;00m[04m[96m.[39;49;00m[04m[96mresources[39;49;00m[04m[96m.[39;49;00m[04m[96mgene_resolver[39;49;00m[90m [39;49;00m[94mimport[39;49;00m GeneResolver[90m[39;49;00m
PRE-RELEASE DEPENDENCIES	Run test suite	2026-10-02T14:06:34.5262125Z     [90m[39;49;00m
PRE-RELEASE DEPENDENCIES	Run test suite	2026-10-02T14:06:34.5262582Z         fa_path = tmp_path / [33m"[39;49;00m[33mtest_genome.fa[39;49;00m[33m"[39;49;00m[90m[39;49;00m
PRE-RELEASE DEPENDENCIES	Run test suite	2026-10-02T14:06:34.5263060Z         fa_path.write_text([90m[39;49;00m
PRE-RELEASE DEPENDENCIES	Run test suite	2026-10-02T14:06:34.5263501Z             [33m"[39;49;00m[33m>1[39;49;00m[33m\n[39;49;00m[33m"[39;49;00m[90m[39;49;00m
PRE-RELEASE DEPENDENCIES	Run test suite	2026-10-02T14:06:34.5264229Z             [33m"[39;49;00m[33mATCGATCGATCGATCGATCGATCGATCGATCGATCGATCG[39;49;00m[33m\n[39;49;00m[33m"[39;49;00m[90m[39;49;00m
PRE-RELEASE DEPENDENCIES	Run test suite	2026-10-02T14:06:34.5265127Z             [33m"[39;49;00m[33mGCTAGCTAGCTAGCTAGCTAGCTAGCTAGCTAGCTAGCTAG[39;49;00m[33m\n[39;49;00m[33m"[39;49;00m[90m[39;49;00m
PRE-RELEASE DEPENDENCIES	Run test suite	2026-10-02T14:06:34.5265833Z             [33m"[39;49;00m[33m>17[39;49;00m[33m\n[39;49;00m[33m"[39;49;00m[90m[39;49;00m
PRE-RELEASE DEPENDENCIES	Run test suite	2026-10-02T14:06:34.5266552Z             [33m"[39;49;00m[33mNNNATCGATCGAAATTTCCCGGGAAATTTCCCGGGNNNN[39;49;00m[33m\n[39;49;00m[33m"[39;49;00m[90m[39;49;00m
PRE-RELEASE DEPENDENCIES	Run test suite	2026-10-02T14:06:34.5267423Z             [33m"[39;49;00m[33mATCGATCGATCGATCGATCGATCGATCGATCGATCGATCG[39;49;00m[33m\n[39;49;00m[33m"[39;49;00m[90m[39;49;00m
PRE-RELEASE DEPENDENCIES	Run test suite	2026-10-02T14:06:34.5267970Z         )[90m[39;49;00m
PRE-RELEASE DEPENDENCIES	Run test suite	2026-10-02T14:06:34.5268298Z >       pysam.faidx([96mstr[39;49;00m(fa_path))[90m[39;49;00m
PRE-RELEASE DEPENDENCIES	Run test suite	2026-10-02T14:06:34.5268535Z 
PRE-RELEASE DEPENDENCIES	Run test suite	2026-10-02T14:06:34.5268699Z [1m[31mtests/embpy/test_local_genome.py[0m:54: 
PRE-RELEASE DEPENDENCIES	Run test suite	2026-10-02T14:06:34.5269041Z _ _ _ _ _ _ _ _ _ _ _ _ _ _ _ _ _ _ _ _ _ _ _ _ _ _ _ _ _ _ _ _ _ _ _ _ _ _ _ _ 
PRE-RELEASE DEPENDENCIES	Run test suite	2026-10-02T14:06:34.5269282Z 
PRE-RELEASE DEPENDENCIES	Run test suite	2026-10-02T14:06:34.5269570Z self = <pysam.utils.PysamDispatcher object at 0x7fa7ee3f6c90>
PRE-RELEASE DEPENDENCIES	Run test suite	2026-10-02T14:06:34.5270049Z args = ('/tmp/pytest-of-runner/pytest-0/test_intron_sequences0/test_genome.fa',)
PRE-RELEASE DEPENDENCIES	Run test suite	2026-10-02T14:06:34.5270436Z kwargs = {}
PRE-RELEASE DEPENDENCIES	Run test suite	2026-10-02T14:06:34.5270544Z 
PRE-RELEASE DEPENDENCIES	Run test suite	2026-10-02T14:06:34.5271166Z     [0m[94mdef[39;49;00m[90m [39;49;00m[92m__call__[39;49;00m([96mself[39;49;00m, *args: [96mstr[39;49;00m, **kwargs) -> Union[[96mstr[39;49;00m, List[[96mstr[39;49;00m]]:[90m[39;49;00m
PRE-RELEASE DEPENDENCIES	Run test suite	2026-10-02T14:06:34.5271853Z     [90m    [39;49;00m[33m'''[39;49;00m
PRE-RELEASE DEPENDENCIES	Run test suite	2026-10-02T14:06:34.5272183Z     [33m    execute a samtools command.[39;49;00m
PRE-RELEASE DEPENDENCIES	Run test suite	2026-10-02T14:06:34.5272487Z     [33m[39;49;00m
PRE-RELEASE DEPENDENCIES	Run test suite	2026-10-02T14:06:34.5272737Z     [33m    Keyword arguments:[39;49;00m
PRE-RELEASE DEPENDENCIES	Run test suite	2026-10-02T14:06:34.5273175Z     [33m    catch_stdout -- redirect stdout from the samtools command and[39;49;00m
PRE-RELEASE DEPENDENCIES	Run test suite	2026-10-02T14:06:34.5273663Z     [33m        return as variable (default True)[39;49;00m
PRE-RELEASE DEPENDENCIES	Run test suite	2026-10-02T14:06:34.5274090Z     [33m    save_stdout -- redirect stdout to a filename.[39;49;00m
PRE-RELEASE DEPENDENCIES	Run test suite	2026-10-02T14:06:34.5274601Z     [33m    raw -- ignore any parsers associated with this samtools command.[39;49;00m
PRE-RELEASE DEPENDENCIES	Run test suite	2026-10-02T14:06:34.5275319Z     [33m    split_lines -- return stdout (if catch_stdout is True and stderr[39;49;00m
PRE-RELEASE DEPENDENCIES	Run test suite	2026-10-02T14:06:34.5275783Z     [33m                   as a list of strings.[39;49;00m
PRE-RELEASE DEPENDENCIES	Run test suite	2026-10-02T14:06:34.5276113Z     [33m    '''[39;49;00m[90m[39;49;00m
PRE-RELEASE DEPENDENCIES	Run test suite	2026-10-02T14:06:34.5276478Z         retval, stderr, stdout = _pysam_dispatch([90m[39;49;00m
PRE-RELEASE DEPENDENCIES	Run test suite	2026-10-02T14:06:34.5276885Z             [96mself[39;49;00m.collection,[90m[39;49;00m
PRE-RELEASE DEPENDENCIES	Run test suite	2026-10-02T14:06:34.5277256Z             [96mself[39;49;00m.dispatch,[90m[39;49;00m
PRE-RELEASE DEPENDENCIES	Run test suite	2026-10-02T14:06:34.5277613Z             args,[90m[39;49;00m
PRE-RELEASE DEPENDENCIES	Run test suite	2026-10-02T14:06:34.5278189Z             catch_stdout=kwargs.get([33m"[39;49;00m[33mcatch_stdout[39;49;00m[33m"[39;49;00m, [94mTrue[39;49;00m),[90m[39;49;00m
PRE-RELEASE DEPENDENCIES	Run test suite	2026-10-02T14:06:34.5279134Z             save_stdout=kwargs.get([33m"[39;49;00m[33msave_stdout[39;49;00m[33m"[39;49;00m, [94mNone[39;49;00m))[90m[39;49;00m
PRE-RELEASE DEPENDENCIES	Run test suite	2026-10-02T14:06:34.5279762Z     [90m[39;49;00m
PRE-RELEASE DEPENDENCIES	Run test suite	2026-10-02T14:06:34.5280296Z         [94mif[39;49;00m kwargs.get([33m"[39;49;00m[33msplit_lines[39;49;00m[33m"[39;49;00m, [94mFalse[39;49;00m):[90m[39;49;00m
PRE-RELEASE DEPENDENCIES	Run test suite	2026-10-02T14:06:34.5280871Z             stdout = stdout.splitlines()[90m[39;49;00m
PRE-RELEASE DEPENDENCIES	Run test suite	2026-10-02T14:06:34.5281228Z             [94mif[39;49;00m stderr:[90m[39;49;00m
PRE-RELEASE DEPENDENCIES	Run test suite	2026-10-02T14:06:34.5281579Z                 stderr = stderr.splitlines()[90m[39;49;00m
PRE-RELEASE DEPENDENCIES	Run test suite	2026-10-02T14:06:34.5281886Z     [90m[39;49;00m
PRE-RELEASE DEPENDENCIES	Run test suite	2026-10-02T14:06:34.5282147Z         [94mif[39;49;00m retval:[90m[39;49;00m
PRE-RELEASE DEPENDENCIES	Run test suite	2026-10-02T14:06:34.5282511Z >           [94mraise[39;49;00m SamtoolsError([90m[39;49;00m
PRE-RELEASE DEPENDENCIES	Run test suite	2026-10-02T14:06:34.5283175Z                 [33m"[39;49;00m[33m%s[39;49;00m[33m returned with error [39;49;00m[33m%i[39;49;00m[33m: [39;49;00m[33m"[39;49;00m[90m[39;49;00m
PRE-RELEASE DEPENDENCIES	Run test suite	2026-10-02T14:06:34.5284022Z                 [33m"[39;49;00m[33mstdout=[39;49;00m[33m%s[39;49;00m[33m, stderr=[39;49;00m[33m%s[39;49;00m[33m"[39;49;00m %[90m[39;49;00m
PRE-RELEASE DEPENDENCIES	Run test suite	2026-10-02T14:06:34.5284605Z                 ([96mself[39;49;00m.collection,[90m[39;49;00m
PRE-RELEASE DEPENDENCIES	Run test suite	2026-10-02T14:06:34.5284951Z                  retval,[90m[39;49;00m
PRE-RELEASE DEPENDENCIES	Run test suite	2026-10-02T14:06:34.5285241Z                  stdout,[90m[39;49;00m
PRE-RELEASE DEPENDENCIES	Run test suite	2026-10-02T14:06:34.5285526Z                  stderr))[90m[39;49;00m
PRE-RELEASE DEPENDENCIES	Run test suite	2026-10-02T14:06:34.5286449Z [1m[31mE           pysam.utils.SamtoolsError: 'samtools returned with error 1: stdout=, stderr=[faidx] Could not build fai index /tmp/pytest-of-runner/pytest-0/test_intron_sequences0/test_genome.fa.fai\n'[0m
PRE-RELEASE DEPENDENCIES	Run test suite	2026-10-02T14:06:34.5287165Z 
PRE-RELEASE DEPENDENCIES	Run test suite	2026-10-02T14:06:34.5287569Z [1m[31m/opt/hostedtoolcache/Python/3.12.14/x64/lib/python3.12/site-packages/pysam/utils.py[0m:84: SamtoolsError
PRE-RELEASE DEPENDENCIES	Run test suite	2026-10-02T14:06:34.5288158Z ---------------------------- Captured stderr setup -----------------------------
PRE-RELEASE DEPENDENCIES	Run test suite	2026-10-02T14:06:34.5288600Z [E::fai_build_core] Different line length in sequence '1' at line 3
PRE-RELEASE DEPENDENCIES	Run test suite	2026-10-02T14:06:34.5289222Z [31m[1m_ ERROR at setup of TestGeneResolverLocalIndexedSequence.test_unknown_gene_returns_none _[0m
PRE-RELEASE DEPENDENCIES	Run test suite	2026-10-02T14:06:34.5289748Z 
PRE-RELEASE DEPENDENCIES	Run test suite	2026-10-02T14:06:34.5290064Z self = <tests.embpy.test_local_genome.TestGeneResolverLocalIndexedSequence object at 0x7fa7eeb7bbf0>
PRE-RELEASE DEPENDENCIES	Run test suite	2026-10-02T14:06:34.5290697Z tmp_path = PosixPath('/tmp/pytest-of-runner/pytest-0/test_unknown_gene_returns_none0')
PRE-RELEASE DEPENDENCIES	Run test suite	2026-10-02T14:06:34.5291033Z 
PRE-RELEASE DEPENDENCIES	Run test suite	2026-10-02T14:06:34.5291203Z     [0m[37m@pytest[39;49;00m.fixture[90m[39;49;00m
PRE-RELEASE DEPENDENCIES	Run test suite	2026-10-02T14:06:34.5291793Z     [94mdef[39;49;00m[90m [39;49;00m[92mresolver_with_genome[39;49;00m([96mself[39;49;00m, tmp_path):[90m[39;49;00m
PRE-RELEASE DEPENDENCIES	Run test suite	2026-10-02T14:06:34.5292529Z     [90m    [39;49;00m[33m"""Create a GeneResolver with a tiny mock genome FASTA."""[39;49;00m[90m[39;49;00m
PRE-RELEASE DEPENDENCIES	Run test suite	2026-10-02T14:06:34.5293542Z         pysam = pytest.importorskip([33m"[39;49;00m[33mpysam[39;49;00m[33m"[39;49;00m, reason=[33m"[39;49;00m[33mpysam not available on this platform[39;49;00m[33m"[39;49;00m)[90m[39;49;00m
PRE-RELEASE DEPENDENCIES	Run test suite	2026-10-02T14:06:34.5313672Z         [94mfrom[39;49;00m[90m [39;49;00m[04m[96membpy[39;49;00m[04m[96m.[39;49;00m[04m[96mresources[39;49;00m[04m[96m.[39;49;00m[04m[96mgene_resolver[39;49;00m[90m [39;49;00m[94mimport[39;49;00m GeneResolver[90m[39;49;00m
PRE-RELEASE DEPENDENCIES	Run test suite	2026-10-02T14:06:34.5314722Z     [90m[39;49;00m
PRE-RELEASE DEPENDENCIES	Run test suite	2026-10-02T14:06:34.5315196Z         fa_path = tmp_path / [33m"[39;49;00m[33mtest_genome.fa[39;49;00m[33m"[39;49;00m[90m[39;49;00m
PRE-RELEASE DEPENDENCIES	Run test suite	2026-10-02T14:06:34.5315798Z         fa_path.write_text([90m[39;49;00m
PRE-RELEASE DEPENDENCIES	Run test suite	2026-10-02T14:06:34.5316348Z             [33m"[39;49;00m[33m>1[39;49;00m[33m\n[39;49;00m[33m"[39;49;00m[90m[39;49;00m
PRE-RELEASE DEPENDENCIES	Run test suite	2026-10-02T14:06:34.5317247Z             [33m"[39;49;00m[33mATCGATCGATCGATCGATCGATCGATCGATCGATCGATCG[39;49;00m[33m\n[39;49;00m[33m"[39;49;00m[90m[39;49;00m
PRE-RELEASE DEPENDENCIES	Run test suite	2026-10-02T14:06:34.5318501Z             [33m"[39;49;00m[33mGCTAGCTAGCTAGCTAGCTAGCTAGCTAGCTAGCTAGCTAG[39;49;00m[33m\n[39;49;00m[33m"[39;49;00m[90m[39;49;00m
PRE-RELEASE DEPENDENCIES	Run test suite	2026-10-02T14:06:34.5319377Z             [33m"[39;49;00m[33m>17[39;49;00m[33m\n[39;49;00m[33m"[39;49;00m[90m[39;49;00m
PRE-RELEASE DEPENDENCIES	Run test suite	2026-10-02T14:06:34.5320656Z             [33m"[39;49;00m[33mNNNATCGATCGAAATTTCCCGGGAAATTTCCCGGGNNNN[39;49;00m[33m\n[39;49;00m[33m"[39;49;00m[90m[39;49;00m
PRE-RELEASE DEPENDENCIES	Run test suite	2026-10-02T14:06:34.5321741Z             [33m"[39;49;00m[33mATCGATCGATCGATCGATCGATCGATCGATCGATCGATCG[39;49;00m[33m\n[39;49;00m[33m"[39;49;00m[90m[39;49;00m
PRE-RELEASE DEPENDENCIES	Run test suite	2026-10-02T14:06:34.5322428Z         )[90m[39;49;00m
PRE-RELEASE DEPENDENCIES	Run test suite	2026-10-02T14:06:34.5322835Z >       pysam.faidx([96mstr[39;49;00m(fa_path))[90m[39;49;00m
PRE-RELEASE DEPENDENCIES	Run test suite	2026-10-02T14:06:34.5323123Z 
PRE-RELEASE DEPENDENCIES	Run test suite	2026-10-02T14:06:34.5323330Z [1m[31mtests/embpy/test_local_genome.py[0m:54: 
PRE-RELEASE DEPENDENCIES	Run test suite	2026-10-02T14:06:34.5323754Z _ _ _ _ _ _ _ _ _ _ _ _ _ _ _ _ _ _ _ _ _ _ _ _ _ _ _ _ _ _ _ _ _ _ _ _ _ _ _ _ 
PRE-RELEASE DEPENDENCIES	Run test suite	2026-10-02T14:06:34.5324053Z 
PRE-RELEASE DEPENDENCIES	Run test suite	2026-10-02T14:06:34.5324270Z self = <pysam.utils.PysamDispatcher object at 0x7fa7ee3f6c90>
PRE-RELEASE DEPENDENCIES	Run test suite	2026-10-02T14:06:34.5324901Z args = ('/tmp/pytest-of-runner/pytest-0/test_unknown_gene_returns_none0/test_genome.fa',)
PRE-RELEASE DEPENDENCIES	Run test suite	2026-10-02T14:06:34.5325370Z kwargs = {}
PRE-RELEASE DEPENDENCIES	Run test suite	2026-10-02T14:06:34.5325481Z 
PRE-RELEASE DEPENDENCIES	Run test suite	2026-10-02T14:06:34.5326107Z     [0m[94mdef[39;49;00m[90m [39;49;00m[92m__call__[39;49;00m([96mself[39;49;00m, *args: [96mstr[39;49;00m, **kwargs) -> Union[[96mstr[39;49;00m, List[[96mstr[39;49;00m]]:[90m[39;49;00m
PRE-RELEASE DEPENDENCIES	Run test suite	2026-10-02T14:06:34.5326795Z     [90m    [39;49;00m[33m'''[39;49;00m
PRE-RELEASE DEPENDENCIES	Run test suite	2026-10-02T14:06:34.5327124Z     [33m    execute a samtools command.[39;49;00m
PRE-RELEASE DEPENDENCIES	Run test suite	2026-10-02T14:06:34.5327427Z     [33m[39;49;00m
PRE-RELEASE DEPENDENCIES	Run test suite	2026-10-02T14:06:34.5327675Z     [33m    Keyword arguments:[39;49;00m
PRE-RELEASE DEPENDENCIES	Run test suite	2026-10-02T14:06:34.5328112Z     [33m    catch_stdout -- redirect stdout from the samtools command and[39;49;00m
PRE-RELEASE DEPENDENCIES	Run test suite	2026-10-02T14:06:34.5328589Z     [33m        return as variable (default True)[39;49;00m
PRE-RELEASE DEPENDENCIES	Run test suite	2026-10-02T14:06:34.5329011Z     [33m    save_stdout -- redirect stdout to a filename.[39;49;00m
PRE-RELEASE DEPENDENCIES	Run test suite	2026-10-02T14:06:34.5329659Z     [33m    raw -- ignore any parsers associated with this samtools command.[39;49;00m
PRE-RELEASE DEPENDENCIES	Run test suite	2026-10-02T14:06:34.5330234Z     [33m    split_lines -- return stdout (if catch_stdout is True and stderr[39;49;00m
PRE-RELEASE DEPENDENCIES	Run test suite	2026-10-02T14:06:34.5330705Z     [33m                   as a list of strings.[39;49;00m
PRE-RELEASE DEPENDENCIES	Run test suite	2026-10-02T14:06:34.5331034Z     [33m    '''[39;49;00m[90m[39;49;00m
PRE-RELEASE DEPENDENCIES	Run test suite	2026-10-02T14:06:34.5331400Z         retval, stderr, stdout = _pysam_dispatch([90m[39;49;00m
PRE-RELEASE DEPENDENCIES	Run test suite	2026-10-02T14:06:34.5331800Z             [96mself[39;49;00m.collection,[90m[39;49;00m
PRE-RELEASE DEPENDENCIES	Run test suite	2026-10-02T14:06:34.5332165Z             [96mself[39;49;00m.dispatch,[90m[39;49;00m
PRE-RELEASE DEPENDENCIES	Run test suite	2026-10-02T14:06:34.5332483Z             args,[90m[39;49;00m
PRE-RELEASE DEPENDENCIES	Run test suite	2026-10-02T14:06:34.5333055Z             catch_stdout=kwargs.get([33m"[39;49;00m[33mcatch_stdout[39;49;00m[33m"[39;49;00m, [94mTrue[39;49;00m),[90m[39;49;00m
PRE-RELEASE DEPENDENCIES	Run test suite	2026-10-02T14:06:34.5333881Z             save_stdout=kwargs.get([33m"[39;49;00m[33msave_stdout[39;49;00m[33m"[39;49;00m, [94mNone[39;49;00m))[90m[39;49;00m
PRE-RELEASE DEPENDENCIES	Run test suite	2026-10-02T14:06:34.5334391Z     [90m[39;49;00m
PRE-RELEASE DEPENDENCIES	Run test suite	2026-10-02T14:06:34.5334920Z         [94mif[39;49;00m kwargs.get([33m"[39;49;00m[33msplit_lines[39;49;00m[33m"[39;49;00m, [94mFalse[39;49;00m):[90m[39;49;00m
PRE-RELEASE DEPENDENCIES	Run test suite	2026-10-02T14:06:34.5335644Z             stdout = stdout.splitlines()[90m[39;49;00m
PRE-RELEASE DEPENDENCIES	Run test suite	2026-10-02T14:06:34.5335998Z             [94mif[39;49;00m stderr:[90m[39;49;00m
PRE-RELEASE DEPENDENCIES	Run test suite	2026-10-02T14:06:34.5336358Z                 stderr = stderr.splitlines()[90m[39;49;00m
PRE-RELEASE DEPENDENCIES	Run test suite	2026-10-02T14:06:34.5336668Z     [90m[39;49;00m
PRE-RELEASE DEPENDENCIES	Run test suite	2026-10-02T14:06:34.5336930Z         [94mif[39;49;00m retval:[90m[39;49;00m
PRE-RELEASE DEPENDENCIES	Run test suite	2026-10-02T14:06:34.5337292Z >           [94mraise[39;49;00m SamtoolsError([90m[39;49;00m
PRE-RELEASE DEPENDENCIES	Run test suite	2026-10-02T14:06:34.5337946Z                 [33m"[39;49;00m[33m%s[39;49;00m[33m returned with error [39;49;00m[33m%i[39;49;00m[33m: [39;49;00m[33m"[39;49;00m[90m[39;49;00m
PRE-RELEASE DEPENDENCIES	Run test suite	2026-10-02T14:06:34.5338790Z                 [33m"[39;49;00m[33mstdout=[39;49;00m[33m%s[39;49;00m[33m, stderr=[39;49;00m[33m%s[39;49;00m[33m"[39;49;00m %[90m[39;49;00m
PRE-RELEASE DEPENDENCIES	Run test suite	2026-10-02T14:06:34.5339755Z                 ([96mself[39;49;00m.collection,[90m[39;49;00m
PRE-RELEASE DEPENDENCIES	Run test suite	2026-10-02T14:06:34.5340126Z                  retval,[90m[39;49;00m
PRE-RELEASE DEPENDENCIES	Run test suite	2026-10-02T14:06:34.5340420Z                  stdout,[90m[39;49;00m
PRE-RELEASE DEPENDENCIES	Run test suite	2026-10-02T14:06:34.5340706Z                  stderr))[90m[39;49;00m
PRE-RELEASE DEPENDENCIES	Run test suite	2026-10-02T14:06:34.5341675Z [1m[31mE           pysam.utils.SamtoolsError: 'samtools returned with error 1: stdout=, stderr=[faidx] Could not build fai index /tmp/pytest-of-runner/pytest-0/test_unknown_gene_returns_none0/test_genome.fa.fai\n'[0m
PRE-RELEASE DEPENDENCIES	Run test suite	2026-10-02T14:06:34.5342422Z 
PRE-RELEASE DEPENDENCIES	Run test suite	2026-10-02T14:06:34.5342829Z [1m[31m/opt/hostedtoolcache/Python/3.12.14/x64/lib/python3.12/site-packages/pysam/utils.py[0m:84: SamtoolsError
PRE-RELEASE DEPENDENCIES	Run test suite	2026-10-02T14:06:34.5343422Z ---------------------------- Captured stderr setup -----------------------------
PRE-RELEASE DEPENDENCIES	Run test suite	2026-10-02T14:06:34.5343861Z [E::fai_build_core] Different line length in sequence '1' at line 3
PRE-RELEASE DEPENDENCIES	Run test suite	2026-10-02T14:06:34.5344494Z [31m[1m_ ERROR at setup of TestGeneResolverLocalIndexedSequence.test_unknown_chrom_returns_none _[0m
PRE-RELEASE DEPENDENCIES	Run test suite	2026-10-02T14:06:34.5344901Z 
PRE-RELEASE DEPENDENCIES	Run test suite	2026-10-02T14:06:34.5345200Z self = <tests.embpy.test_local_genome.TestGeneResolverLocalIndexedSequence object at 0x7fa7eeb78740>
PRE-RELEASE DEPENDENCIES	Run test suite	2026-10-02T14:06:34.5352120Z tmp_path = PosixPath('/tmp/pytest-of-runner/pytest-0/test_unknown_chrom_returns_non0')
PRE-RELEASE DEPENDENCIES	Run test suite	2026-10-02T14:06:34.5352560Z 
PRE-RELEASE DEPENDENCIES	Run test suite	2026-10-02T14:06:34.5352814Z     [0m[37m@pytest[39;49;00m.fixture[90m[39;49;00m
PRE-RELEASE DEPENDENCIES	Run test suite	2026-10-02T14:06:34.5353450Z     [94mdef[39;49;00m[90m [39;49;00m[92mresolver_with_genome[39;49;00m([96mself[39;49;00m, tmp_path):[90m[39;49;00m
PRE-RELEASE DEPENDENCIES	Run test suite	2026-10-02T14:06:34.5354218Z     [90m    [39;49;00m[33m"""Create a GeneResolver with a tiny mock genome FASTA."""[39;49;00m[90m[39;49;00m
PRE-RELEASE DEPENDENCIES	Run test suite	2026-10-02T14:06:34.5355244Z         pysam = pytest.importorskip([33m"[39;49;00m[33mpysam[39;49;00m[33m"[39;49;00m, reason=[33m"[39;49;00m[33mpysam not available on this platform[39;49;00m[33m"[39;49;00m)[90m[39;49;00m
PRE-RELEASE DEPENDENCIES	Run test suite	2026-10-02T14:06:34.5356609Z         [94mfrom[39;49;00m[90m [39;49;00m[04m[96membpy[39;49;00m[04m[96m.[39;49;00m[04m[96mresources[39;49;00m[04m[96m.[39;49;00m[04m[96mgene_resolver[39;49;00m[90m [39;49;00m[94mimport[39;49;00m GeneResolver[90m[39;49;00m
PRE-RELEASE DEPENDENCIES	Run test suite	2026-10-02T14:06:34.5357403Z     [90m[39;49;00m
PRE-RELEASE DEPENDENCIES	Run test suite	2026-10-02T14:06:34.5357855Z         fa_path = tmp_path / [33m"[39;49;00m[33mtest_genome.fa[39;49;00m[33m"[39;49;00m[90m[39;49;00m
PRE-RELEASE DEPENDENCIES	Run test suite	2026-10-02T14:06:34.5358336Z         fa_path.write_text([90m[39;49;00m
PRE-RELEASE DEPENDENCIES	Run test suite	2026-10-02T14:06:34.5358779Z             [33m"[39;49;00m[33m>1[39;49;00m[33m\n[39;49;00m[33m"[39;49;00m[90m[39;49;00m
PRE-RELEASE DEPENDENCIES	Run test suite	2026-10-02T14:06:34.5359764Z             [33m"[39;49;00m[33mATCGATCGATCGATCGATCGATCGATCGATCGATCGATCG[39;49;00m[33m\n[39;49;00m[33m"[39;49;00m[90m[39;49;00m
PRE-RELEASE DEPENDENCIES	Run test suite	2026-10-02T14:06:34.5360677Z             [33m"[39;49;00m[33mGCTAGCTAGCTAGCTAGCTAGCTAGCTAGCTAGCTAGCTAG[39;49;00m[33m\n[39;49;00m[33m"[39;49;00m[90m[39;49;00m
PRE-RELEASE DEPENDENCIES	Run test suite	2026-10-02T14:06:34.5361388Z             [33m"[39;49;00m[33m>17[39;49;00m[33m\n[39;49;00m[33m"[39;49;00m[90m[39;49;00m
PRE-RELEASE DEPENDENCIES	Run test suite	2026-10-02T14:06:34.5362106Z             [33m"[39;49;00m[33mNNNATCGATCGAAATTTCCCGGGAAATTTCCCGGGNNNN[39;49;00m[33m\n[39;49;00m[33m"[39;49;00m[90m[39;49;00m
PRE-RELEASE DEPENDENCIES	Run test suite	2026-10-02T14:06:34.5363212Z             [33m"[39;49;00m[33mATCGATCGATCGATCGATCGATCGATCGATCGATCGATCG[39;49;00m[33m\n[39;49;00m[33m"[39;49;00m[90m[39;49;00m
PRE-RELEASE DEPENDENCIES	Run test suite	2026-10-02T14:06:34.5363764Z         )[90m[39;49;00m
PRE-RELEASE DEPENDENCIES	Run test suite	2026-10-02T14:06:34.5364108Z >       pysam.faidx([96mstr[39;49;00m(fa_path))[90m[39;49;00m
PRE-RELEASE DEPENDENCIES	Run test suite	2026-10-02T14:06:34.5364349Z 
PRE-RELEASE DEPENDENCIES	Run test suite	2026-10-02T14:06:34.5364516Z [1m[31mtests/embpy/test_local_genome.py[0m:54: 
PRE-RELEASE DEPENDENCIES	Run test suite	2026-10-02T14:06:34.5364864Z _ _ _ _ _ _ _ _ _ _ _ _ _ _ _ _ _ _ _ _ _ _ _ _ _ _ _ _ _ _ _ _ _ _ _ _ _ _ _ _ 
PRE-RELEASE DEPENDENCIES	Run test suite	2026-10-02T14:06:34.5365101Z 
PRE-RELEASE DEPENDENCIES	Run test suite	2026-10-02T14:06:34.5365267Z self = <pysam.utils.PysamDispatcher object at 0x7fa7ee3f6c90>
PRE-RELEASE DEPENDENCIES	Run test suite	2026-10-02T14:06:34.5365901Z args = ('/tmp/pytest-of-runner/pytest-0/test_unknown_chrom_returns_non0/test_genome.fa',)
PRE-RELEASE DEPENDENCIES	Run test suite	2026-10-02T14:06:34.5366318Z kwargs = {}
PRE-RELEASE DEPENDENCIES	Run test suite	2026-10-02T14:06:34.5366424Z 
PRE-RELEASE DEPENDENCIES	Run test suite	2026-10-02T14:06:34.5367047Z     [0m[94mdef[39;49;00m[90m [39;49;00m[92m__call__[39;49;00m([96mself[39;49;00m, *args: [96mstr[39;49;00m, **kwargs) -> Union[[96mstr[39;49;00m, List[[96mstr[39;49;00m]]:[90m[39;49;00m
PRE-RELEASE DEPENDENCIES	Run test suite	2026-10-02T14:06:34.5367743Z     [90m    [39;49;00m[33m'''[39;49;00m
PRE-RELEASE DEPENDENCIES	Run test suite	2026-10-02T14:06:34.5368074Z     [33m    execute a samtools command.[39;49;00m
PRE-RELEASE DEPENDENCIES	Run test suite	2026-10-02T14:06:34.5368378Z     [33m[39;49;00m
PRE-RELEASE DEPENDENCIES	Run test suite	2026-10-02T14:06:34.5368636Z     [33m    Keyword arguments:[39;49;00m
PRE-RELEASE DEPENDENCIES	Run test suite	2026-10-02T14:06:34.5369079Z     [33m    catch_stdout -- redirect stdout from the samtools command and[39;49;00m
PRE-RELEASE DEPENDENCIES	Run test suite	2026-10-02T14:06:34.5369727Z     [33m        return as variable (default True)[39;49;00m
PRE-RELEASE DEPENDENCIES	Run test suite	2026-10-02T14:06:34.5370175Z     [33m    save_stdout -- redirect stdout to a filename.[39;49;00m
PRE-RELEASE DEPENDENCIES	Run test suite	2026-10-02T14:06:34.5370688Z     [33m    raw -- ignore any parsers associated with this samtools command.[39;49;00m
PRE-RELEASE DEPENDENCIES	Run test suite	2026-10-02T14:06:34.5371266Z     [33m    split_lines -- return stdout (if catch_stdout is True and stderr[39;49;00m
PRE-RELEASE DEPENDENCIES	Run test suite	2026-10-02T14:06:34.5371735Z     [33m                   as a list of strings.[39;49;00m
PRE-RELEASE DEPENDENCIES	Run test suite	2026-10-02T14:06:34.5372068Z     [33m    '''[39;49;00m[90m[39;49;00m
PRE-RELEASE DEPENDENCIES	Run test suite	2026-10-02T14:06:34.5372438Z         retval, stderr, stdout = _pysam_dispatch([90m[39;49;00m
PRE-RELEASE DEPENDENCIES	Run test suite	2026-10-02T14:06:34.5372844Z             [96mself[39;49;00m.collection,[90m[39;49;00m
PRE-RELEASE DEPENDENCIES	Run test suite	2026-10-02T14:06:34.5373219Z             [96mself[39;49;00m.dispatch,[90m[39;49;00m
PRE-RELEASE DEPENDENCIES	Run test suite	2026-10-02T14:06:34.5373543Z             args,[90m[39;49;00m
PRE-RELEASE DEPENDENCIES	Run test suite	2026-10-02T14:06:34.5374117Z             catch_stdout=kwargs.get([33m"[39;49;00m[33mcatch_stdout[39;49;00m[33m"[39;49;00m, [94mTrue[39;49;00m),[90m[39;49;00m
PRE-RELEASE DEPENDENCIES	Run test suite	2026-10-02T14:06:34.5374961Z             save_stdout=kwargs.get([33m"[39;49;00m[33msave_stdout[39;49;00m[33m"[39;49;00m, [94mNone[39;49;00m))[90m[39;49;00m
PRE-RELEASE DEPENDENCIES	Run test suite	2026-10-02T14:06:34.5375508Z     [90m[39;49;00m
PRE-RELEASE DEPENDENCIES	Run test suite	2026-10-02T14:06:34.5376052Z         [94mif[39;49;00m kwargs.get([33m"[39;49;00m[33msplit_lines[39;49;00m[33m"[39;49;00m, [94mFalse[39;49;00m):[90m[39;49;00m
PRE-RELEASE DEPENDENCIES	Run test suite	2026-10-02T14:06:34.5376633Z             stdout = stdout.splitlines()[90m[39;49;00m
PRE-RELEASE DEPENDENCIES	Run test suite	2026-10-02T14:06:34.5376991Z             [94mif[39;49;00m stderr:[90m[39;49;00m
PRE-RELEASE DEPENDENCIES	Run test suite	2026-10-02T14:06:34.5377348Z                 stderr = stderr.splitlines()[90m[39;49;00m
PRE-RELEASE DEPENDENCIES	Run test suite	2026-10-02T14:06:34.5477559Z     [90m[39;49;00m
PRE-RELEASE DEPENDENCIES	Run test suite	2026-10-02T14:06:34.5478084Z         [94mif[39;49;00m retval:[90m[39;49;00m
PRE-RELEASE DEPENDENCIES	Run test suite	2026-10-02T14:06:34.5478743Z >           [94mraise[39;49;00m SamtoolsError([90m[39;49;00m
PRE-RELEASE DEPENDENCIES	Run test suite	2026-10-02T14:06:34.5479780Z                 [33m"[39;49;00m[33m%s[39;49;00m[33m returned with error [39;49;00m[33m%i[39;49;00m[33m: [39;49;00m[33m"[39;49;00m[90m[39;49;00m
PRE-RELEASE DEPENDENCIES	Run test suite	2026-10-02T14:06:34.5480643Z                 [33m"[39;49;00m[33mstdout=[39;49;00m[33m%s[39;49;00m[33m, stderr=[39;49;00m[33m%s[39;49;00m[33m"[39;49;00m %[90m[39;49;00m
PRE-RELEASE DEPENDENCIES	Run test suite	2026-10-02T14:06:34.5481236Z                 ([96mself[39;49;00m.collection,[90m[39;49;00m
PRE-RELEASE DEPENDENCIES	Run test suite	2026-10-02T14:06:34.5481589Z                  retval,[90m[39;49;00m
PRE-RELEASE DEPENDENCIES	Run test suite	2026-10-02T14:06:34.5481884Z                  stdout,[90m[39;49;00m
PRE-RELEASE DEPENDENCIES	Run test suite	2026-10-02T14:06:34.5482361Z                  stderr))[90m[39;49;00m
PRE-RELEASE DEPENDENCIES	Run test suite	2026-10-02T14:06:34.5483359Z [1m[31mE           pysam.utils.SamtoolsError: 'samtools returned with error 1: stdout=, stderr=[faidx] Could not build fai index /tmp/pytest-of-runner/pytest-0/test_unknown_chrom_returns_non0/test_genome.fa.fai\n'[0m
PRE-RELEASE DEPENDENCIES	Run test suite	2026-10-02T14:06:34.5484147Z 
PRE-RELEASE DEPENDENCIES	Run test suite	2026-10-02T14:06:34.5484570Z [1m[31m/opt/hostedtoolcache/Python/3.12.14/x64/lib/python3.12/site-packages/pysam/utils.py[0m:84: SamtoolsError
PRE-RELEASE DEPENDENCIES	Run test suite	2026-10-02T14:06:34.5485196Z ---------------------------- Captured stderr setup -----------------------------
PRE-RELEASE DEPENDENCIES	Run test suite	2026-10-02T14:06:34.5485683Z [E::fai_build_core] Different line length in sequence '1' at line 3
PRE-RELEASE DEPENDENCIES	Run test suite	2026-10-02T14:06:34.5486199Z =================================== FAILURES ===================================
PRE-RELEASE DEPENDENCIES	Run test suite	2026-10-02T14:06:34.5486711Z [31m[1m________________________ test_obs_aligned_goes_to_obsm _________________________[0m
PRE-RELEASE DEPENDENCIES	Run test suite	2026-10-02T14:06:34.5487030Z 
PRE-RELEASE DEPENDENCIES	Run test suite	2026-10-02T14:06:34.5487368Z     [0m[94mdef[39;49;00m[90m [39;49;00m[92mtest_obs_aligned_goes_to_obsm[39;49;00m():[90m[39;49;00m
PRE-RELEASE DEPENDENCIES	Run test suite	2026-10-02T14:06:34.5488334Z         res = _result([[33m"[39;49;00m[33mpertA[39;49;00m[33m"[39;49;00m, [33m"[39;49;00m[33mpertB[39;49;00m[33m"[39;49;00m, [33m"[39;49;00m[33mpertC[39;49;00m[33m"[39;49;00m])[90m[39;49;00m
PRE-RELEASE DEPENDENCIES	Run test suite	2026-10-02T14:06:34.5490001Z         tgt = _make_target([[33m"[39;49;00m[33mpertA[39;49;00m[33m"[39;49;00m, [33m"[39;49;00m[33mpertB[39;49;00m[33m"[39;49;00m, [33m"[39;49;00m[33mpertC[39;49;00m[33m"[39;49;00m], [[33m"[39;49;00m[33mg1[39;49;00m[33m"[39;49;00m, [33m"[39;49;00m[33mg2[39;49;00m[33m"[39;49;00m])[90m[39;49;00m
PRE-RELEASE DEPENDENCIES	Run test suite	2026-10-02T14:06:34.5491059Z >       out = to_anndata(res, target=tgt)[90m[39;49;00m
PRE-RELEASE DEPENDENCIES	Run test suite	2026-10-02T14:06:34.5491435Z               ^^^^^^^^^^^^^^^^^^^^^^^^^^^[90m[39;49;00m
PRE-RELEASE DEPENDENCIES	Run test suite	2026-10-02T14:06:34.5491634Z 
PRE-RELEASE DEPENDENCIES	Run test suite	2026-10-02T14:06:34.5491820Z [1m[31mtests/embpy/io/test_to_anndata_attach.py[0m:33: 
PRE-RELEASE DEPENDENCIES	Run test suite	2026-10-02T14:06:34.5492194Z _ _ _ _ _ _ _ _ _ _ _ _ _ _ _ _ _ _ _ _ _ _ _ _ _ _ _ _ _ _ _ _ _ _ _ _ _ _ _ _ 
PRE-RELEASE DEPENDENCIES	Run test suite	2026-10-02T14:06:34.5492888Z [1m[31m/opt/hostedtoolcache/Python/3.12.14/x64/lib/python3.12/site-packages/embpy/io/exporters.py[0m:722: in to_anndata
PRE-RELEASE DEPENDENCIES	Run test suite	2026-10-02T14:06:34.5493856Z     [0mmat = _reindex_matrix(result, [96mlist[39;49;00m(target.var_names), missing, [33m"[39;49;00m[33mvar[39;49;00m[33m"[39;49;00m)[90m[39;49;00m
PRE-RELEASE DEPENDENCIES	Run test suite	2026-10-02T14:06:34.5494551Z           ^^^^^^^^^^^^^^^^^^^^^^^^^^^^^^^^^^^^^^^^^^^^^^^^^^^^^^^^^^^^^^^[90m[39;49;00m
PRE-RELEASE DEPENDENCIES	Run test suite	2026-10-02T14:06:34.5494921Z _ _ _ _ _ _ _ _ _ _ _ _ _ _ _ _ _ _ _ _ _ _ _ _ _ _ _ _ _ _ _ _ _ _ _ _ _ _ _ _ 
PRE-RELEASE DEPENDENCIES	Run test suite	2026-10-02T14:06:34.5495164Z 
PRE-RELEASE DEPENDENCIES	Run test suite	2026-10-02T14:06:34.5495311Z result = EmbeddingResult(matrix=array([[ 0.,  1.,  2.,  3.],
PRE-RELEASE DEPENDENCIES	Run test suite	2026-10-02T14:06:34.5495639Z        [ 4.,  5.,  6.,  7.],
PRE-RELEASE DEPENDENCIES	Run test suite	2026-10-02T14:06:34.5496225Z        [ 8.,  9., 10., 11.]], dtype=f... timestamp='', harmonized_n_components=None, explained_variance_ratio=None, random_state=None, extra={}), aliases=None)
PRE-RELEASE DEPENDENCIES	Run test suite	2026-10-02T14:06:34.5496914Z axis_names = ['g1', 'g2'], missing = 'error', axis = 'var'
PRE-RELEASE DEPENDENCIES	Run test suite	2026-10-02T14:06:34.5497141Z 
PRE-RELEASE DEPENDENCIES	Run test suite	2026-10-02T14:06:34.5497410Z     [0m[94mdef[39;49;00m[90m [39;49;00m[92m_reindex_matrix[39;49;00m([90m[39;49;00m
PRE-RELEASE DEPENDENCIES	Run test suite	2026-10-02T14:06:34.5497859Z         result: EmbeddingResult,[90m[39;49;00m
PRE-RELEASE DEPENDENCIES	Run test suite	2026-10-02T14:06:34.5498289Z         axis_names: [96mlist[39;49;00m[[96mstr[39;49;00m],[90m[39;49;00m
PRE-RELEASE DEPENDENCIES	Run test suite	2026-10-02T14:06:34.5499022Z         missing: Literal[[33m"[39;49;00m[33merror[39;49;00m[33m"[39;49;00m, [33m"[39;49;00m[33mnan[39;49;00m[33m"[39;49;00m],[90m[39;49;00m
PRE-RELEASE DEPENDENCIES	Run test suite	2026-10-02T14:06:34.5499923Z         axis: [96mstr[39;49;00m,[90m[39;49;00m
PRE-RELEASE DEPENDENCIES	Run test suite	2026-10-02T14:06:34.5500258Z     ) -> np.ndarray:[90m[39;49;00m
PRE-RELEASE DEPENDENCIES	Run test suite	2026-10-02T14:06:34.5500818Z     [90m    [39;49;00m[33m"""Re-order rows of the matrix to match the target axis order."""[39;49;00m[90m[39;49;00m
PRE-RELEASE DEPENDENCIES	Run test suite	2026-10-02T14:06:34.5501376Z         pos = _entity_lookup(result)[90m[39;49;00m
PRE-RELEASE DEPENDENCIES	Run test suite	2026-10-02T14:06:34.5502077Z         missing_names = [n [94mfor[39;49;00m n [95min[39;49;00m axis_names [94mif[39;49;00m n [95mnot[39;49;00m [95min[39;49;00m pos][90m[39;49;00m
PRE-RELEASE DEPENDENCIES	Run test suite	2026-10-02T14:06:34.5503126Z         [94mif[39;49;00m missing_names [95mand[39;49;00m missing == [33m"[39;49;00m[33merror[39;49;00m[33m"[39;49;00m:[90m[39;49;00m
PRE-RELEASE DEPENDENCIES	Run test suite	2026-10-02T14:06:34.5503762Z             preview = missing_names[:[94m10[39;49;00m][90m[39;49;00m
PRE-RELEASE DEPENDENCIES	Run test suite	2026-10-02T14:06:34.5504224Z >           [94mraise[39;49;00m [96mValueError[39;49;00m([90m[39;49;00m
PRE-RELEASE DEPENDENCIES	Run test suite	2026-10-02T14:06:34.5505233Z                 [33mf[39;49;00m[33m"[39;49;00m[33m{[39;49;00m[96mlen[39;49;00m(missing_names)[33m}[39;49;00m[33m target .[39;49;00m[33m{[39;49;00maxis[33m}[39;49;00m[33m_names have no embedding [39;49;00m[33m"[39;49;00m[90m[39;49;00m
PRE-RELEASE DEPENDENCIES	Run test suite	2026-10-02T14:06:34.5506784Z                 [33mf[39;49;00m[33m"[39;49;00m[33m(missing=[39;49;00m[33m'[39;49;00m[33merror[39;49;00m[33m'[39;49;00m[33m). First missing: [39;49;00m[33m{[39;49;00mpreview[33m}[39;49;00m[33m. [39;49;00m[33m"[39;49;00m[90m[39;49;00m
PRE-RELEASE DEPENDENCIES	Run test suite	2026-10-02T14:06:34.5508007Z                 [33m"[39;49;00m[33mPass missing=[39;49;00m[33m'[39;49;00m[33mnan[39;49;00m[33m'[39;49;00m[33m to NaN-fill, or fix the ids.[39;49;00m[33m"[39;49;00m[90m[39;49;00m
PRE-RELEASE DEPENDENCIES	Run test suite	2026-10-02T14:06:34.5508640Z             )[90m[39;49;00m
PRE-RELEASE DEPENDENCIES	Run test suite	2026-10-02T14:06:34.5509350Z [1m[31mE           ValueError: 2 target .var_names have no embedding (missing='error'). First missing: ['g1', 'g2']. Pass missing='nan' to NaN-fill, or fix the ids.[0m
PRE-RELEASE DEPENDENCIES	Run test suite	2026-10-02T14:06:34.5510230Z 
PRE-RELEASE DEPENDENCIES	Run test suite	2026-10-02T14:06:34.5510673Z [1m[31m/opt/hostedtoolcache/Python/3.12.14/x64/lib/python3.12/site-packages/embpy/io/exporters.py[0m:592: ValueError
PRE-RELEASE DEPENDENCIES	Run test suite	2026-10-02T14:06:34.5511392Z [31m[1m______________________ test_no_overlap_raises_with_counts ______________________[0m
PRE-RELEASE DEPENDENCIES	Run test suite	2026-10-02T14:06:34.5511693Z 
PRE-RELEASE DEPENDENCIES	Run test suite	2026-10-02T14:06:34.5512036Z     [0m[94mdef[39;49;00m[90m [39;49;00m[92mtest_no_overlap_raises_with_counts[39;49;00m():[90m[39;49;00m
PRE-RELEASE DEPENDENCIES	Run test suite	2026-10-02T14:06:34.5512933Z         res = _result([[33m"[39;49;00m[33mx[39;49;00m[33m"[39;49;00m, [33m"[39;49;00m[33my[39;49;00m[33m"[39;49;00m, [33m"[39;49;00m[33mz[39;49;00m[33m"[39;49;00m])[90m[39;49;00m
PRE-RELEASE DEPENDENCIES	Run test suite	2026-10-02T14:06:34.5514150Z         tgt = _make_target([[33m"[39;49;00m[33ma[39;49;00m[33m"[39;49;00m, [33m"[39;49;00m[33mb[39;49;00m[33m"[39;49;00m], [[33m"[39;49;00m[33mg1[39;49;00m[33m"[39;49;00m, [33m"[39;49;00m[33mg2[39;49;00m[33m"[39;49;00m])[90m[39;49;00m
PRE-RELEASE DEPENDENCIES	Run test suite	2026-10-02T14:06:34.5515425Z >       [94mwith[39;49;00m pytest.raises([96mValueError[39;49;00m, match=[33mr[39;49;00m[33m"[39;49;00m[33m0/3 entities match target.obs_names[39;49;00m[33m"[39;49;00m):[90m[39;49;00m
PRE-RELEASE DEPENDENCIES	Run test suite	2026-10-02T14:06:34.5516242Z              ^^^^^^^^^^^^^^^^^^^^^^^^^^^^^^^^^^^^^^^^^^^^^^^^^^^^^^^^^^^^^^^^^^^^^^^[90m[39;49;00m
PRE-RELEASE DEPENDENCIES	Run test suite	2026-10-02T14:06:34.5516691Z [1m[31mE       AssertionError: Regex pattern did not match.[0m
PRE-RELEASE DEPENDENCIES	Run test suite	2026-10-02T14:06:34.5517157Z [1m[31mE         Expected regex: '0/3 entities match target.obs_names'[0m
PRE-RELEASE DEPENDENCIES	Run test suite	2026-10-02T14:06:34.5517993Z [1m[31mE         Actual message: "2 target .var_names have no embedding (missing='error'). First missing: ['g1', 'g2']. Pass missing='nan' to NaN-fill, or fix the ids."[0m
PRE-RELEASE DEPENDENCIES	Run test suite	2026-10-02T14:06:34.5518545Z 
PRE-RELEASE DEPENDENCIES	Run test suite	2026-10-02T14:06:34.5518775Z [1m[31mtests/embpy/io/test_to_anndata_attach.py[0m:52: AssertionError
PRE-RELEASE DEPENDENCIES	Run test suite	2026-10-02T14:06:34.5519323Z [31m[1m_______________ test_both_axes_match_is_ambiguous_then_override ________________[0m
PRE-RELEASE DEPENDENCIES	Run test suite	2026-10-02T14:06:34.5519927Z 
PRE-RELEASE DEPENDENCIES	Run test suite	2026-10-02T14:06:34.5520337Z     [0m[94mdef[39;49;00m[90m [39;49;00m[92mtest_both_axes_match_is_ambiguous_then_override[39;49;00m():[90m[39;49;00m
PRE-RELEASE DEPENDENCIES	Run test suite	2026-10-02T14:06:34.5521108Z         [90m# entities present on BOTH axes -> auto must refuse, override resolves it.[39;49;00m[90m[39;49;00m
PRE-RELEASE DEPENDENCIES	Run test suite	2026-10-02T14:06:34.5521914Z         res = _result([[33m"[39;49;00m[33ms1[39;49;00m[33m"[39;49;00m, [33m"[39;49;00m[33ms2[39;49;00m[33m"[39;49;00m])[90m[39;49;00m
PRE-RELEASE DEPENDENCIES	Run test suite	2026-10-02T14:06:34.5523222Z         tgt = _make_target([[33m"[39;49;00m[33ms1[39;49;00m[33m"[39;49;00m, [33m"[39;49;00m[33ms2[39;49;00m[33m"[39;49;00m], [[33m"[39;49;00m[33ms1[39;49;00m[33m"[39;49;00m, [33m"[39;49;00m[33ms2[39;49;00m[33m"[39;49;00m])[90m[39;49;00m
PRE-RELEASE DEPENDENCIES	Run test suite	2026-10-02T14:06:34.5524502Z >       [94mwith[39;49;00m pytest.raises([96mValueError[39;49;00m, match=[33mr[39;49;00m[33m"[39;49;00m[33mCannot auto-resolve attach axis[39;49;00m[33m"[39;49;00m):[90m[39;49;00m
PRE-RELEASE DEPENDENCIES	Run test suite	2026-10-02T14:06:34.5525298Z              ^^^^^^^^^^^^^^^^^^^^^^^^^^^^^^^^^^^^^^^^^^^^^^^^^^^^^^^^^^^^^^^^^^^[90m[39;49;00m
PRE-RELEASE DEPENDENCIES	Run test suite	2026-10-02T14:06:34.5525699Z [1m[31mE       Failed: DID NOT RAISE ValueError[0m
PRE-RELEASE DEPENDENCIES	Run test suite	2026-10-02T14:06:34.5525903Z 
PRE-RELEASE DEPENDENCIES	Run test suite	2026-10-02T14:06:34.5526234Z [1m[31mtests/embpy/io/test_to_anndata_attach.py[0m:60: Failed
PRE-RELEASE DEPENDENCIES	Run test suite	2026-10-02T14:06:34.5526734Z [31m[1m__________________________ test_missing_error_vs_nan ___________________________[0m
PRE-RELEASE DEPENDENCIES	Run test suite	2026-10-02T14:06:34.5527035Z 
PRE-RELEASE DEPENDENCIES	Run test suite	2026-10-02T14:06:34.5527341Z     [0m[94mdef[39;49;00m[90m [39;49;00m[92mtest_missing_error_vs_nan[39;49;00m():[90m[39;49;00m
PRE-RELEASE DEPENDENCIES	Run test suite	2026-10-02T14:06:34.5528262Z         res = _result([[33m"[39;49;00m[33mpertA[39;49;00m[33m"[39;49;00m, [33m"[39;49;00m[33mpertB[39;49;00m[33m"[39;49;00m, [33m"[39;49;00m[33mpertC[39;49;00m[33m"[39;49;00m])[90m[39;49;00m
PRE-RELEASE DEPENDENCIES	Run test suite	2026-10-02T14:06:34.5613535Z         tgt = _make_target([[33m"[39;49;00m[33mpertA[39;49;00m[33m"[39;49;00m, [33m"[39;49;00m[33mpertB[39;49;00m[33m"[39;49;00m, [33m"[39;49;00m[33mpertC[39;49;00m[33m"[39;49;00m, [33m"[39;49;00m[33mpertD[39;49;00m[33m"[39;49;00m], [[33m"[39;49;00m[33mg1[39;49;00m[33m"[39;49;00m])[90m[39;49;00m
PRE-RELEASE DEPENDENCIES	Run test suite	2026-10-02T14:06:34.5615383Z         [94mwith[39;49;00m pytest.raises([96mValueError[39;49;00m, match=[33mr[39;49;00m[33m"[39;49;00m[33mpertD|no embedding[39;49;00m[33m"[39;49;00m):[90m[39;49;00m
PRE-RELEASE DEPENDENCIES	Run test suite	2026-10-02T14:06:34.5616521Z             to_anndata(res, target=tgt, missing=[33m"[39;49;00m[33merror[39;49;00m[33m"[39;49;00m)[90m[39;49;00m
PRE-RELEASE DEPENDENCIES	Run test suite	2026-10-02T14:06:34.5617127Z     [90m[39;49;00m
PRE-RELEASE DEPENDENCIES	Run test suite	2026-10-02T14:06:34.5617733Z         out = to_anndata(res, target=tgt, missing=[33m"[39;49;00m[33mnan[39;49;00m[33m"[39;49;00m)[90m[39;49;00m
PRE-RELEASE DEPENDENCIES	Run test suite	2026-10-02T14:06:34.5618557Z >       m = out.obsm[[33m"[39;49;00m[33mX_emb__gene__m[39;49;00m[33m"[39;49;00m][90m[39;49;00m
PRE-RELEASE DEPENDENCIES	Run test suite	2026-10-02T14:06:34.5619123Z             ^^^^^^^^^^^^^^^^^^^^^^^^^^[90m[39;49;00m
PRE-RELEASE DEPENDENCIES	Run test suite	2026-10-02T14:06:34.5619359Z 
PRE-RELEASE DEPENDENCIES	Run test suite	2026-10-02T14:06:34.5619938Z [1m[31mtests/embpy/io/test_to_anndata_attach.py[0m:73: 
PRE-RELEASE DEPENDENCIES	Run test suite	2026-10-02T14:06:34.5620449Z _ _ _ _ _ _ _ _ _ _ _ _ _ _ _ _ _ _ _ _ _ _ _ _ _ _ _ _ _ _ _ _ _ _ _ _ _ _ _ _ 
PRE-RELEASE DEPENDENCIES	Run test suite	2026-10-02T14:06:34.5620750Z 
PRE-RELEASE DEPENDENCIES	Run test suite	2026-10-02T14:06:34.5620918Z self = AxisArrays with keys: , key = 'X_emb__gene__m'
PRE-RELEASE DEPENDENCIES	Run test suite	2026-10-02T14:06:34.5621197Z 
PRE-RELEASE DEPENDENCIES	Run test suite	2026-10-02T14:06:34.5621673Z     [0m[94mdef[39;49;00m[90m [39;49;00m[92m__getitem__[39;49;00m([96mself[39;49;00m, key: K) -> Value:[90m[39;49;00m
PRE-RELEASE DEPENDENCIES	Run test suite	2026-10-02T14:06:34.5622371Z >       [94mreturn[39;49;00m [96mself[39;49;00m._data[key][90m[39;49;00m
PRE-RELEASE DEPENDENCIES	Run test suite	2026-10-02T14:06:34.5622769Z                ^^^^^^^^^^^^^^^[90m[39;49;00m
PRE-RELEASE DEPENDENCIES	Run test suite	2026-10-02T14:06:34.5623099Z [1m[31mE       KeyError: 'X_emb__gene__m'[0m
PRE-RELEASE DEPENDENCIES	Run test suite	2026-10-02T14:06:34.5623300Z 
PRE-RELEASE DEPENDENCIES	Run test suite	2026-10-02T14:06:34.5623759Z [1m[31m/opt/hostedtoolcache/Python/3.12.14/x64/lib/python3.12/site-packages/anndata/_core/aligned_mapping.py[0m:228: KeyError
PRE-RELEASE DEPENDENCIES	Run test suite	2026-10-02T14:06:34.5624475Z [31m[1m_______________________________ test_custom_key ________________________________[0m
PRE-RELEASE DEPENDENCIES	Run test suite	2026-10-02T14:06:34.5624772Z 
PRE-RELEASE DEPENDENCIES	Run test suite	2026-10-02T14:06:34.5625038Z     [0m[94mdef[39;49;00m[90m [39;49;00m[92mtest_custom_key[39;49;00m():[90m[39;49;00m
PRE-RELEASE DEPENDENCIES	Run test suite	2026-10-02T14:06:34.5625779Z         res = _result([[33m"[39;49;00m[33mpertA[39;49;00m[33m"[39;49;00m, [33m"[39;49;00m[33mpertB[39;49;00m[33m"[39;49;00m])[90m[39;49;00m
PRE-RELEASE DEPENDENCIES	Run test suite	2026-10-02T14:06:34.5626815Z         tgt = _make_target([[33m"[39;49;00m[33mpertA[39;49;00m[33m"[39;49;00m, [33m"[39;49;00m[33mpertB[39;49;00m[33m"[39;49;00m], [[33m"[39;49;00m[33mg1[39;49;00m[33m"[39;49;00m])[90m[39;49;00m
PRE-RELEASE DEPENDENCIES	Run test suite	2026-10-02T14:06:34.5627910Z >       out = to_anndata(res, target=tgt, key=[33m"[39;49;00m[33mX_myemb[39;49;00m[33m"[39;49;00m)[90m[39;49;00m
PRE-RELEASE DEPENDENCIES	Run test suite	2026-10-02T14:06:34.5628444Z               ^^^^^^^^^^^^^^^^^^^^^^^^^^^^^^^^^^^^^^^^^^[90m[39;49;00m
PRE-RELEASE DEPENDENCIES	Run test suite	2026-10-02T14:06:34.5628660Z 
PRE-RELEASE DEPENDENCIES	Run test suite	2026-10-02T14:06:34.5628843Z [1m[31mtests/embpy/io/test_to_anndata_attach.py[0m:82: 
PRE-RELEASE DEPENDENCIES	Run test suite	2026-10-02T14:06:34.5629204Z _ _ _ _ _ _ _ _ _ _ _ _ _ _ _ _ _ _ _ _ _ _ _ _ _ _ _ _ _ _ _ _ _ _ _ _ _ _ _ _ 
PRE-RELEASE DEPENDENCIES	Run test suite	2026-10-02T14:06:34.5630019Z [1m[31m/opt/hostedtoolcache/Python/3.12.14/x64/lib/python3.12/site-packages/embpy/io/exporters.py[0m:722: in to_anndata
PRE-RELEASE DEPENDENCIES	Run test suite	2026-10-02T14:06:34.5630956Z     [0mmat = _reindex_matrix(result, [96mlist[39;49;00m(target.var_names), missing, [33m"[39;49;00m[33mvar[39;49;00m[33m"[39;49;00m)[90m[39;49;00m
PRE-RELEASE DEPENDENCIES	Run test suite	2026-10-02T14:06:34.5631776Z           ^^^^^^^^^^^^^^^^^^^^^^^^^^^^^^^^^^^^^^^^^^^^^^^^^^^^^^^^^^^^^^^[90m[39;49;00m
PRE-RELEASE DEPENDENCIES	Run test suite	2026-10-02T14:06:34.5632145Z _ _ _ _ _ _ _ _ _ _ _ _ _ _ _ _ _ _ _ _ _ _ _ _ _ _ _ _ _ _ _ _ _ _ _ _ _ _ _ _ 
PRE-RELEASE DEPENDENCIES	Run test suite	2026-10-02T14:06:34.5632377Z 
PRE-RELEASE DEPENDENCIES	Run test suite	2026-10-02T14:06:34.5632517Z result = EmbeddingResult(matrix=array([[0., 1., 2., 3.],
PRE-RELEASE DEPENDENCIES	Run test suite	2026-10-02T14:06:34.5633269Z        [4., 5., 6., 7.]], dtype=float32), entity_ids=('pertA', 'pertB'... timestamp='', harmonized_n_components=None, explained_variance_ratio=None, random_state=None, extra={}), aliases=None)
PRE-RELEASE DEPENDENCIES	Run test suite	2026-10-02T14:06:34.5634009Z axis_names = ['g1'], missing = 'error', axis = 'var'
PRE-RELEASE DEPENDENCIES	Run test suite	2026-10-02T14:06:34.5634210Z 
PRE-RELEASE DEPENDENCIES	Run test suite	2026-10-02T14:06:34.5634478Z     [0m[94mdef[39;49;00m[90m [39;49;00m[92m_reindex_matrix[39;49;00m([90m[39;49;00m
PRE-RELEASE DEPENDENCIES	Run test suite	2026-10-02T14:06:34.5634914Z         result: EmbeddingResult,[90m[39;49;00m
PRE-RELEASE DEPENDENCIES	Run test suite	2026-10-02T14:06:34.5635340Z         axis_names: [96mlist[39;49;00m[[96mstr[39;49;00m],[90m[39;49;00m
PRE-RELEASE DEPENDENCIES	Run test suite	2026-10-02T14:06:34.5636056Z         missing: Literal[[33m"[39;49;00m[33merror[39;49;00m[33m"[39;49;00m, [33m"[39;49;00m[33mnan[39;49;00m[33m"[39;49;00m],[90m[39;49;00m
PRE-RELEASE DEPENDENCIES	Run test suite	2026-10-02T14:06:34.5636648Z         axis: [96mstr[39;49;00m,[90m[39;49;00m
PRE-RELEASE DEPENDENCIES	Run test suite	2026-10-02T14:06:34.5636965Z     ) -> np.ndarray:[90m[39;49;00m
PRE-RELEASE DEPENDENCIES	Run test suite	2026-10-02T14:06:34.5637499Z     [90m    [39;49;00m[33m"""Re-order rows of the matrix to match the target axis order."""[39;49;00m[90m[39;49;00m
PRE-RELEASE DEPENDENCIES	Run test suite	2026-10-02T14:06:34.5638033Z         pos = _entity_lookup(result)[90m[39;49;00m
PRE-RELEASE DEPENDENCIES	Run test suite	2026-10-02T14:06:34.5638707Z         missing_names = [n [94mfor[39;49;00m n [95min[39;49;00m axis_names [94mif[39;49;00m n [95mnot[39;49;00m [95min[39;49;00m pos][90m[39;49;00m
PRE-RELEASE DEPENDENCIES	Run test suite	2026-10-02T14:06:34.5639713Z         [94mif[39;49;00m missing_names [95mand[39;49;00m missing == [33m"[39;49;00m[33merror[39;49;00m[33m"[39;49;00m:[90m[39;49;00m
PRE-RELEASE DEPENDENCIES	Run test suite	2026-10-02T14:06:34.5640357Z             preview = missing_names[:[94m10[39;49;00m][90m[39;49;00m
PRE-RELEASE DEPENDENCIES	Run test suite	2026-10-02T14:06:34.5640831Z >           [94mraise[39;49;00m [96mValueError[39;49;00m([90m[39;49;00m
PRE-RELEASE DEPENDENCIES	Run test suite	2026-10-02T14:06:34.5641839Z                 [33mf[39;49;00m[33m"[39;49;00m[33m{[39;49;00m[96mlen[39;49;00m(missing_names)[33m}[39;49;00m[33m target .[39;49;00m[33m{[39;49;00maxis[33m}[39;49;00m[33m_names have no embedding [39;49;00m[33m"[39;49;00m[90m[39;49;00m
PRE-RELEASE DEPENDENCIES	Run test suite	2026-10-02T14:06:34.5643261Z                 [33mf[39;49;00m[33m"[39;49;00m[33m(missing=[39;49;00m[33m'[39;49;00m[33merror[39;49;00m[33m'[39;49;00m[33m). First missing: [39;49;00m[33m{[39;49;00mpreview[33m}[39;49;00m[33m. [39;49;00m[33m"[39;49;00m[90m[39;49;00m
PRE-RELEASE DEPENDENCIES	Run test suite	2026-10-02T14:06:34.5644478Z                 [33m"[39;49;00m[33mPass missing=[39;49;00m[33m'[39;49;00m[33mnan[39;49;00m[33m'[39;49;00m[33m to NaN-fill, or fix the ids.[39;49;00m[33m"[39;49;00m[90m[39;49;00m
PRE-RELEASE DEPENDENCIES	Run test suite	2026-10-02T14:06:34.5645116Z             )[90m[39;49;00m
PRE-RELEASE DEPENDENCIES	Run test suite	2026-10-02T14:06:34.5645810Z [1m[31mE           ValueError: 1 target .var_names have no embedding (missing='error'). First missing: ['g1']. Pass missing='nan' to NaN-fill, or fix the ids.[0m
PRE-RELEASE DEPENDENCIES	Run test suite	2026-10-02T14:06:34.5646483Z 
PRE-RELEASE DEPENDENCIES	Run test suite	2026-10-02T14:06:34.5646924Z [1m[31m/opt/hostedtoolcache/Python/3.12.14/x64/lib/python3.12/site-packages/embpy/io/exporters.py[0m:592: ValueError
PRE-RELEASE DEPENDENCIES	Run test suite	2026-10-02T14:06:34.5647666Z [31m[1m_________ TestBorzoiWrapper.test_get_track_metadata_returns_dataframe __________[0m
PRE-RELEASE DEPENDENCIES	Run test suite	2026-10-02T14:06:34.5648013Z 
PRE-RELEASE DEPENDENCIES	Run test suite	2026-10-02T14:06:34.5648209Z self = <models.test_dna_models.TestBorzoiWrapper object at 0x7fa7f5f0f8f0>
PRE-RELEASE DEPENDENCIES	Run test suite	2026-10-02T14:06:34.5648506Z 
PRE-RELEASE DEPENDENCIES	Run test suite	2026-10-02T14:06:34.5648955Z     [0m[94mdef[39;49;00m[90m [39;49;00m[92mtest_get_track_metadata_returns_dataframe[39;49;00m([96mself[39;49;00m):[90m[39;49;00m
PRE-RELEASE DEPENDENCIES	Run test suite	2026-10-02T14:06:34.5649716Z >       df = BorzoiWrapper.get_track_metadata()[90m[39;49;00m
PRE-RELEASE DEPENDENCIES	Run test suite	2026-10-02T14:06:34.5650113Z              ^^^^^^^^^^^^^^^^^^^^^^^^^^^^^^^^^^[90m[39;49;00m
PRE-RELEASE DEPENDENCIES	Run test suite	2026-10-02T14:06:34.5650433Z 
PRE-RELEASE DEPENDENCIES	Run test suite	2026-10-02T14:06:34.5650620Z [1m[31mtests/embpy/models/test_dna_models.py[0m:279: 
PRE-RELEASE DEPENDENCIES	Run test suite	2026-10-02T14:06:34.5650978Z _ _ _ _ _ _ _ _ _ _ _ _ _ _ _ _ _ _ _ _ _ _ _ _ _ _ _ _ _ _ _ _ _ _ _ _ _ _ _ _ 
PRE-RELEASE DEPENDENCIES	Run test suite	2026-10-02T14:06:34.5651216Z 
PRE-RELEASE DEPENDENCIES	Run test suite	2026-10-02T14:06:34.5651382Z     [0m[37m@staticmethod[39;49;00m[90m[39;49;00m
PRE-RELEASE DEPENDENCIES	Run test suite	2026-10-02T14:06:34.5651874Z     [94mdef[39;49;00m[90m [39;49;00m[92mget_track_metadata[39;49;00m() -> Any:[90m[39;49;00m
PRE-RELEASE DEPENDENCIES	Run test suite	2026-10-02T14:06:34.5652544Z     [90m    [39;49;00m[33m"""Return Borzoi's bundled track metadata (one row per output channel).[39;49;00m
PRE-RELEASE DEPENDENCIES	Run test suite	2026-10-02T14:06:34.5653012Z     [33m[39;49;00m
PRE-RELEASE DEPENDENCIES	Run test suite	2026-10-02T14:06:34.5653394Z     [33m    Columns include ``identifier``, ``description``, ``file``,[39;49;00m
PRE-RELEASE DEPENDENCIES	Run test suite	2026-10-02T14:06:34.5653920Z     [33m    ``strand_pair``, ``sum_stat`` and ``scale`` -- the same[39;49;00m
PRE-RELEASE DEPENDENCIES	Run test suite	2026-10-02T14:06:34.5654472Z     [33m    ``targets.txt`` table used internally by ``borzoi_pytorch`` to decode[39;49;00m
PRE-RELEASE DEPENDENCIES	Run test suite	2026-10-02T14:06:34.5655109Z     [33m    and unsquash predictions. Useful for mapping :meth:`predict_profile`[39;49;00m
PRE-RELEASE DEPENDENCIES	Run test suite	2026-10-02T14:06:34.5655731Z     [33m    track indices to assay names (e.g. "RNA:liver" or "ATAC:PBMC").[39;49;00m
PRE-RELEASE DEPENDENCIES	Run test suite	2026-10-02T14:06:34.5656137Z     [33m[39;49;00m
PRE-RELEASE DEPENDENCIES	Run test suite	2026-10-02T14:06:34.5656374Z     [33m    Returns[39;49;00m
PRE-RELEASE DEPENDENCIES	Run test suite	2026-10-02T14:06:34.5656648Z     [33m    -------[39;49;00m
PRE-RELEASE DEPENDENCIES	Run test suite	2026-10-02T14:06:34.5656931Z     [33m    pandas.DataFrame[39;49;00m
PRE-RELEASE DEPENDENCIES	Run test suite	2026-10-02T14:06:34.5657329Z     [33m        A copy of the bundled track annotation table.[39;49;00m
PRE-RELEASE DEPENDENCIES	Run test suite	2026-10-02T14:06:34.5657815Z     [33m    """[39;49;00m[90m[39;49;00m
PRE-RELEASE DEPENDENCIES	Run test suite	2026-10-02T14:06:34.5658294Z         [94mif[39;49;00m _BORZOI_TRACKS_DF [95mis[39;49;00m [94mNone[39;49;00m:[90m[39;49;00m
PRE-RELEASE DEPENDENCIES	Run test suite	2026-10-02T14:06:34.5659249Z >           [94mraise[39;49;00m [96mImportError[39;49;00m([33m"[39;49;00m[33mborzoi_pytorch not installed; cannot load track metadata.[39;49;00m[33m"[39;49;00m)[90m[39;49;00m
PRE-RELEASE DEPENDENCIES	Run test suite	2026-10-02T14:06:34.5660413Z [1m[31mE           ImportError: borzoi_pytorch not installed; cannot load track metadata.[0m
PRE-RELEASE DEPENDENCIES	Run test suite	2026-10-02T14:06:34.5660752Z 
PRE-RELEASE DEPENDENCIES	Run test suite	2026-10-02T14:06:34.5661202Z [1m[31m/opt/hostedtoolcache/Python/3.12.14/x64/lib/python3.12/site-packages/embpy/models/dna_models.py[0m:1005: ImportError
PRE-RELEASE DEPENDENCIES	Run test suite	2026-10-02T14:06:34.5661987Z [31m[1m___ TestBorzoiWrapper.test_get_track_categories_defaults_to_bundled_metadata ___[0m
PRE-RELEASE DEPENDENCIES	Run test suite	2026-10-02T14:06:34.5662340Z 
PRE-RELEASE DEPENDENCIES	Run test suite	2026-10-02T14:06:34.5662540Z self = <models.test_dna_models.TestBorzoiWrapper object at 0x7fa7f5f0f080>
PRE-RELEASE DEPENDENCIES	Run test suite	2026-10-02T14:06:34.5662830Z 
PRE-RELEASE DEPENDENCIES	Run test suite	2026-10-02T14:06:34.5663332Z     [0m[94mdef[39;49;00m[90m [39;49;00m[92mtest_get_track_categories_defaults_to_bundled_metadata[39;49;00m([96mself[39;49;00m):[90m[39;49;00m
PRE-RELEASE DEPENDENCIES	Run test suite	2026-10-02T14:06:34.5664080Z >       cats = BorzoiWrapper.get_track_categories()[90m[39;49;00m
PRE-RELEASE DEPENDENCIES	Run test suite	2026-10-02T14:06:34.5664734Z                ^^^^^^^^^^^^^^^^^^^^^^^^^^^^^^^^^^^^[90m[39;49;00m
PRE-RELEASE DEPENDENCIES	Run test suite	2026-10-02T14:06:34.5664943Z 
PRE-RELEASE DEPENDENCIES	Run test suite	2026-10-02T14:06:34.5665131Z [1m[31mtests/embpy/models/test_dna_models.py[0m:308: 
PRE-RELEASE DEPENDENCIES	Run test suite	2026-10-02T14:06:34.5665690Z _ _ _ _ _ _ _ _ _ _ _ _ _ _ _ _ _ _ _ _ _ _ _ _ _ _ _ _ _ _ _ _ _ _ _ _ _ _ _ _ 
PRE-RELEASE DEPENDENCIES	Run test suite	2026-10-02T14:06:34.5666440Z [1m[31m/opt/hostedtoolcache/Python/3.12.14/x64/lib/python3.12/site-packages/embpy/models/dna_models.py[0m:1060: in get_track_categories
PRE-RELEASE DEPENDENCIES	Run test suite	2026-10-02T14:06:34.5667921Z     [0mtrack_metadata = BorzoiWrapper.get_track_metadata()[90m[39;49;00m
PRE-RELEASE DEPENDENCIES	Run test suite	2026-10-02T14:06:34.5668544Z                      ^^^^^^^^^^^^^^^^^^^^^^^^^^^^^^^^^^[90m[39;49;00m
PRE-RELEASE DEPENDENCIES	Run test suite	2026-10-02T14:06:34.5668890Z _ _ _ _ _ _ _ _ _ _ _ _ _ _ _ _ _ _ _ _ _ _ _ _ _ _ _ _ _ _ _ _ _ _ _ _ _ _ _ _ 
PRE-RELEASE DEPENDENCIES	Run test suite	2026-10-02T14:06:34.5669288Z 
PRE-RELEASE DEPENDENCIES	Run test suite	2026-10-02T14:06:34.5669713Z     [0m[37m@staticmethod[39;49;00m[90m[39;49;00m
PRE-RELEASE DEPENDENCIES	Run test suite	2026-10-02T14:06:34.5670430Z     [94mdef[39;49;00m[90m [39;49;00m[92mget_track_metadata[39;49;00m() -> Any:[90m[39;49;00m
PRE-RELEASE DEPENDENCIES	Run test suite	2026-10-02T14:06:34.5791316Z     [90m    [39;49;00m[33m"""Return Borzoi's bundled track metadata (one row per output channel).[39;49;00m
PRE-RELEASE DEPENDENCIES	Run test suite	2026-10-02T14:06:34.5792476Z     [33m[39;49;00m
PRE-RELEASE DEPENDENCIES	Run test suite	2026-10-02T14:06:34.5792977Z     [33m    Columns include ``identifier``, ``description``, ``file``,[39;49;00m
PRE-RELEASE DEPENDENCIES	Run test suite	2026-10-02T14:06:34.5793636Z     [33m    ``strand_pair``, ``sum_stat`` and ``scale`` -- the same[39;49;00m
PRE-RELEASE DEPENDENCIES	Run test suite	2026-10-02T14:06:34.5794338Z     [33m    ``targets.txt`` table used internally by ``borzoi_pytorch`` to decode[39;49;00m
PRE-RELEASE DEPENDENCIES	Run test suite	2026-10-02T14:06:34.5795103Z     [33m    and unsquash predictions. Useful for mapping :meth:`predict_profile`[39;49;00m
PRE-RELEASE DEPENDENCIES	Run test suite	2026-10-02T14:06:34.5795845Z     [33m    track indices to assay names (e.g. "RNA:liver" or "ATAC:PBMC").[39;49;00m
PRE-RELEASE DEPENDENCIES	Run test suite	2026-10-02T14:06:34.5796335Z     [33m[39;49;00m
PRE-RELEASE DEPENDENCIES	Run test suite	2026-10-02T14:06:34.5796573Z     [33m    Returns[39;49;00m
PRE-RELEASE DEPENDENCIES	Run test suite	2026-10-02T14:06:34.5796838Z     [33m    -------[39;49;00m
PRE-RELEASE DEPENDENCIES	Run test suite	2026-10-02T14:06:34.5797125Z     [33m    pandas.DataFrame[39;49;00m
PRE-RELEASE DEPENDENCIES	Run test suite	2026-10-02T14:06:34.5797515Z     [33m        A copy of the bundled track annotation table.[39;49;00m
PRE-RELEASE DEPENDENCIES	Run test suite	2026-10-02T14:06:34.5797903Z     [33m    """[39;49;00m[90m[39;49;00m
PRE-RELEASE DEPENDENCIES	Run test suite	2026-10-02T14:06:34.5798379Z         [94mif[39;49;00m _BORZOI_TRACKS_DF [95mis[39;49;00m [94mNone[39;49;00m:[90m[39;49;00m
PRE-RELEASE DEPENDENCIES	Run test suite	2026-10-02T14:06:34.5799330Z >           [94mraise[39;49;00m [96mImportError[39;49;00m([33m"[39;49;00m[33mborzoi_pytorch not installed; cannot load track metadata.[39;49;00m[33m"[39;49;00m)[90m[39;49;00m
PRE-RELEASE DEPENDENCIES	Run test suite	2026-10-02T14:06:34.5800561Z [1m[31mE           ImportError: borzoi_pytorch not installed; cannot load track metadata.[0m
PRE-RELEASE DEPENDENCIES	Run test suite	2026-10-02T14:06:34.5800915Z 
PRE-RELEASE DEPENDENCIES	Run test suite	2026-10-02T14:06:34.5801380Z [1m[31m/opt/hostedtoolcache/Python/3.12.14/x64/lib/python3.12/site-packages/embpy/models/dna_models.py[0m:1005: ImportError
PRE-RELEASE DEPENDENCIES	Run test suite	2026-10-02T14:06:34.5802151Z [31m[1m____________________ TestEvoWrapper.test_pooling_strategies ____________________[0m
PRE-RELEASE DEPENDENCIES	Run test suite	2026-10-02T14:06:34.5802479Z 
PRE-RELEASE DEPENDENCIES	Run test suite	2026-10-02T14:06:34.5802675Z self = <models.test_dna_models.TestEvoWrapper object at 0x7fa7f5f0db80>
PRE-RELEASE DEPENDENCIES	Run test suite	2026-10-02T14:06:34.5802962Z 
PRE-RELEASE DEPENDENCIES	Run test suite	2026-10-02T14:06:34.5803358Z     [0m[94mdef[39;49;00m[90m [39;49;00m[92mtest_pooling_strategies[39;49;00m([96mself[39;49;00m):[90m[39;49;00m
PRE-RELEASE DEPENDENCIES	Run test suite	2026-10-02T14:06:34.5804544Z >       [94massert[39;49;00m EvoWrapper.available_pooling_strategies == [[33m"[39;49;00m[33mmean[39;49;00m[33m"[39;49;00m, [33m"[39;49;00m[33mmax[39;49;00m[33m"[39;49;00m, [33m"[39;49;00m[33mcls[39;49;00m[33m"[39;49;00m][90m[39;49;00m
PRE-RELEASE DEPENDENCIES	Run test suite	2026-10-02T14:06:34.5805605Z [1m[31mE       AssertionError: assert ['mean', 'max', 'cls', 'none'] == ['mean', 'max', 'cls'][0m
PRE-RELEASE DEPENDENCIES	Run test suite	2026-10-02T14:06:34.5806068Z [1m[31mE         [0m
PRE-RELEASE DEPENDENCIES	Run test suite	2026-10-02T14:06:34.5806579Z [1m[31mE         Left contains one more item: [0m[33m'[39;49;00m[33mnone[39;49;00m[33m'[39;49;00m[90m[39;49;00m[0m
PRE-RELEASE DEPENDENCIES	Run test suite	2026-10-02T14:06:34.5807055Z [1m[31mE         [0m
PRE-RELEASE DEPENDENCIES	Run test suite	2026-10-02T14:06:34.5807295Z [1m[31mE         Full diff:[0m
PRE-RELEASE DEPENDENCIES	Run test suite	2026-10-02T14:06:34.5807624Z [1m[31mE         [0m[90m [39;49;00m [[90m[39;49;00m[0m
PRE-RELEASE DEPENDENCIES	Run test suite	2026-10-02T14:06:34.5808013Z [1m[31mE         [90m [39;49;00m     'mean',[90m[39;49;00m[0m
PRE-RELEASE DEPENDENCIES	Run test suite	2026-10-02T14:06:34.5808407Z [1m[31mE         [90m [39;49;00m     'max',[90m[39;49;00m[0m
PRE-RELEASE DEPENDENCIES	Run test suite	2026-10-02T14:06:34.5808789Z [1m[31mE         [90m [39;49;00m     'cls',[90m[39;49;00m[0m
PRE-RELEASE DEPENDENCIES	Run test suite	2026-10-02T14:06:34.5809329Z [1m[31mE         [92m+     'none',[39;49;00m[90m[39;49;00m[0m
PRE-RELEASE DEPENDENCIES	Run test suite	2026-10-02T14:06:34.5809841Z [1m[31mE         [90m [39;49;00m ][90m[39;49;00m[0m
PRE-RELEASE DEPENDENCIES	Run test suite	2026-10-02T14:06:34.5810039Z 
PRE-RELEASE DEPENDENCIES	Run test suite	2026-10-02T14:06:34.5810268Z [1m[31mtests/embpy/models/test_dna_models.py[0m:514: AssertionError
PRE-RELEASE DEPENDENCIES	Run test suite	2026-10-02T14:06:34.5810823Z [31m[1m____________ TestGENALMWrapper.test_embed_batch_empty_returns_empty ____________[0m
PRE-RELEASE DEPENDENCIES	Run test suite	2026-10-02T14:06:34.5811155Z 
PRE-RELEASE DEPENDENCIES	Run test suite	2026-10-02T14:06:34.5811355Z self = <models.test_dna_models.TestGENALMWrapper object at 0x7fa7f5f0c710>
PRE-RELEASE DEPENDENCIES	Run test suite	2026-10-02T14:06:34.5811644Z 
PRE-RELEASE DEPENDENCIES	Run test suite	2026-10-02T14:06:34.5812066Z     [0m[94mdef[39;49;00m[90m [39;49;00m[92mtest_embed_batch_empty_returns_empty[39;49;00m([96mself[39;49;00m):[90m[39;49;00m
PRE-RELEASE DEPENDENCIES	Run test suite	2026-10-02T14:06:34.5812759Z         w = GENALMWrapper()[90m[39;49;00m
PRE-RELEASE DEPENDENCIES	Run test suite	2026-10-02T14:06:34.5813084Z         w.model = MagicMock()[90m[39;49;00m
PRE-RELEASE DEPENDENCIES	Run test suite	2026-10-02T14:06:34.5813577Z         w.device = torch.device([33m"[39;49;00m[33mcpu[39;49;00m[33m"[39;49;00m)[90m[39;49;00m
PRE-RELEASE DEPENDENCIES	Run test suite	2026-10-02T14:06:34.5814106Z >       [94massert[39;49;00m w.embed_batch([]) == [][90m[39;49;00m
PRE-RELEASE DEPENDENCIES	Run test suite	2026-10-02T14:06:34.5814472Z                ^^^^^^^^^^^^^^^^^[90m[39;49;00m
PRE-RELEASE DEPENDENCIES	Run test suite	2026-10-02T14:06:34.5814646Z 
PRE-RELEASE DEPENDENCIES	Run test suite	2026-10-02T14:06:34.5814829Z [1m[31mtests/embpy/models/test_dna_models.py[0m:790: 
PRE-RELEASE DEPENDENCIES	Run test suite	2026-10-02T14:06:34.5815177Z _ _ _ _ _ _ _ _ _ _ _ _ _ _ _ _ _ _ _ _ _ _ _ _ _ _ _ _ _ _ _ _ _ _ _ _ _ _ _ _ 
PRE-RELEASE DEPENDENCIES	Run test suite	2026-10-02T14:06:34.5815412Z 
PRE-RELEASE DEPENDENCIES	Run test suite	2026-10-02T14:06:34.5815598Z self = <embpy.models.dna_models.GENALMWrapper object at 0x7fa7e4f004d0>
PRE-RELEASE DEPENDENCIES	Run test suite	2026-10-02T14:06:34.5816034Z inputs = [], pooling_strategy = 'mean', batch_size = 16, kwargs = {}
PRE-RELEASE DEPENDENCIES	Run test suite	2026-10-02T14:06:34.5816284Z 
PRE-RELEASE DEPENDENCIES	Run test suite	2026-10-02T14:06:34.5816533Z     [0m[94mdef[39;49;00m[90m [39;49;00m[92membed_batch[39;49;00m([90m[39;49;00m
PRE-RELEASE DEPENDENCIES	Run test suite	2026-10-02T14:06:34.5816946Z         [96mself[39;49;00m,[90m[39;49;00m
PRE-RELEASE DEPENDENCIES	Run test suite	2026-10-02T14:06:34.5817305Z         inputs: Sequence[[96mstr[39;49;00m],[90m[39;49;00m
PRE-RELEASE DEPENDENCIES	Run test suite	2026-10-02T14:06:34.5817878Z         pooling_strategy: [96mstr[39;49;00m = [33m"[39;49;00m[33mmean[39;49;00m[33m"[39;49;00m,[90m[39;49;00m
PRE-RELEASE DEPENDENCIES	Run test suite	2026-10-02T14:06:34.5818460Z         batch_size: [96mint[39;49;00m = [94m16[39;49;00m,[90m[39;49;00m
PRE-RELEASE DEPENDENCIES	Run test suite	2026-10-02T14:06:34.5818843Z         **kwargs: Any,[90m[39;49;00m
PRE-RELEASE DEPENDENCIES	Run test suite	2026-10-02T14:06:34.5819175Z     ) -> [96mlist[39;49;00m[np.ndarray]:[90m[39;49;00m
PRE-RELEASE DEPENDENCIES	Run test suite	2026-10-02T14:06:34.5820377Z         [94mif[39;49;00m [96mself[39;49;00m.model [95mis[39;49;00m [94mNone[39;49;00m [95mor[39;49;00m [96mself[39;49;00m.device [95mis[39;49;00m [94mNone[39;49;00m [95mor[39;49;00m [96mself[39;49;00m.tokenizer [95mis[39;49;00m [94mNone[39;49;00m:[90m[39;49;00m
PRE-RELEASE DEPENDENCIES	Run test suite	2026-10-02T14:06:34.5821686Z >           [94mraise[39;49;00m [96mRuntimeError[39;49;00m([33m"[39;49;00m[33mGENA-LM not loaded. Call load() first.[39;49;00m[33m"[39;49;00m)[90m[39;49;00m
PRE-RELEASE DEPENDENCIES	Run test suite	2026-10-02T14:06:34.5822435Z [1m[31mE           RuntimeError: GENA-LM not loaded. Call load() first.[0m
PRE-RELEASE DEPENDENCIES	Run test suite	2026-10-02T14:06:34.5822711Z 
PRE-RELEASE DEPENDENCIES	Run test suite	2026-10-02T14:06:34.5823173Z [1m[31m/opt/hostedtoolcache/Python/3.12.14/x64/lib/python3.12/site-packages/embpy/models/dna_models.py[0m:1954: RuntimeError
PRE-RELEASE DEPENDENCIES	Run test suite	2026-10-02T14:06:34.5823941Z [31m[1m___________ TestGENALMWrapper.test_embed_mean_returns_correct_shape ____________[0m
PRE-RELEASE DEPENDENCIES	Run test suite	2026-10-02T14:06:34.5824279Z 
PRE-RELEASE DEPENDENCIES	Run test suite	2026-10-02T14:06:34.5824472Z self = <models.test_dna_models.TestGENALMWrapper object at 0x7fa7f5f0d640>
PRE-RELEASE DEPENDENCIES	Run test suite	2026-10-02T14:06:34.5824765Z 
PRE-RELEASE DEPENDENCIES	Run test suite	2026-10-02T14:06:34.5825198Z     [0m[94mdef[39;49;00m[90m [39;49;00m[92mtest_embed_mean_returns_correct_shape[39;49;00m([96mself[39;49;00m):[90m[39;49;00m
PRE-RELEASE DEPENDENCIES	Run test suite	2026-10-02T14:06:34.5825787Z         hidden_dim = [94m768[39;49;00m[90m[39;49;00m
PRE-RELEASE DEPENDENCIES	Run test suite	2026-10-02T14:06:34.5826652Z >       result = [96mself[39;49;00m._loaded(hidden_dim).embed([33m"[39;49;00m[33mACGTACGT[39;49;00m[33m"[39;49;00m, pooling_strategy=[33m"[39;49;00m[33mmean[39;49;00m[33m"[39;49;00m)[90m[39;49;00m
PRE-RELEASE DEPENDENCIES	Run test suite	2026-10-02T14:06:34.5827485Z                  ^^^^^^^^^^^^^^^^^^^^^^^^^^^^^^^^^^^^^^^^^^^^^^^^^^^^^^^^^^^^^^^^^^^[90m[39;49;00m
PRE-RELEASE DEPENDENCIES	Run test suite	2026-10-02T14:06:34.5827866Z 
PRE-RELEASE DEPENDENCIES	Run test suite	2026-10-02T14:06:34.5828042Z [1m[31mtests/embpy/models/test_dna_models.py[0m:814: 
PRE-RELEASE DEPENDENCIES	Run test suite	2026-10-02T14:06:34.5828391Z _ _ _ _ _ _ _ _ _ _ _ _ _ _ _ _ _ _ _ _ _ _ _ _ _ _ _ _ _ _ _ _ _ _ _ _ _ _ _ _ 
PRE-RELEASE DEPENDENCIES	Run test suite	2026-10-02T14:06:34.5829060Z [1m[31m/opt/hostedtoolcache/Python/3.12.14/x64/lib/python3.12/site-packages/embpy/models/dna_models.py[0m:1939: in embed
PRE-RELEASE DEPENDENCIES	Run test suite	2026-10-02T14:06:34.5829794Z     [0membeddings = _hf_batched_embed([90m[39;49;00m
PRE-RELEASE DEPENDENCIES	Run test suite	2026-10-02T14:06:34.5830132Z _ _ _ _ _ _ _ _ _ _ _ _ _ _ _ _ _ _ _ _ _ _ _ _ _ _ _ _ _ _ _ _ _ _ _ _ _ _ _ _ 
PRE-RELEASE DEPENDENCIES	Run test suite	2026-10-02T14:06:34.5830360Z 
PRE-RELEASE DEPENDENCIES	Run test suite	2026-10-02T14:06:34.5830459Z model = <MagicMock id='140359076872656'>
PRE-RELEASE DEPENDENCIES	Run test suite	2026-10-02T14:06:34.5830806Z tokenizer = <MagicMock id='140359076785440'>, device = device(type='cpu')
PRE-RELEASE DEPENDENCIES	Run test suite	2026-10-02T14:06:34.5831368Z inputs = ['ACGTACGT'], pooling_strategy = 'mean', batch_size = 1
PRE-RELEASE DEPENDENCIES	Run test suite	2026-10-02T14:06:34.5831765Z target_layer = None, tokenizer_kwargs = None, cast_float = False
PRE-RELEASE DEPENDENCIES	Run test suite	2026-10-02T14:06:34.5832012Z 
PRE-RELEASE DEPENDENCIES	Run test suite	2026-10-02T14:06:34.5832288Z     [0m[94mdef[39;49;00m[90m [39;49;00m[92m_hf_batched_embed[39;49;00m([90m[39;49;00m
PRE-RELEASE DEPENDENCIES	Run test suite	2026-10-02T14:06:34.5832705Z         model: Any,[90m[39;49;00m
PRE-RELEASE DEPENDENCIES	Run test suite	2026-10-02T14:06:34.5832991Z         tokenizer: Any,[90m[39;49;00m
PRE-RELEASE DEPENDENCIES	Run test suite	2026-10-02T14:06:34.5833278Z         device: Any,[90m[39;49;00m
PRE-RELEASE DEPENDENCIES	Run test suite	2026-10-02T14:06:34.5833616Z         inputs: Sequence[[96mstr[39;49;00m],[90m[39;49;00m
PRE-RELEASE DEPENDENCIES	Run test suite	2026-10-02T14:06:34.5834014Z         pooling_strategy: [96mstr[39;49;00m,[90m[39;49;00m
PRE-RELEASE DEPENDENCIES	Run test suite	2026-10-02T14:06:34.5834448Z         batch_size: [96mint[39;49;00m = [94m16[39;49;00m,[90m[39;49;00m
PRE-RELEASE DEPENDENCIES	Run test suite	2026-10-02T14:06:34.5835009Z         target_layer: [96mint[39;49;00m | [94mNone[39;49;00m = [94mNone[39;49;00m,[90m[39;49;00m
PRE-RELEASE DEPENDENCIES	Run test suite	2026-10-02T14:06:34.5835653Z         tokenizer_kwargs: [96mdict[39;49;00m | [94mNone[39;49;00m = [94mNone[39;49;00m,[90m[39;49;00m
PRE-RELEASE DEPENDENCIES	Run test suite	2026-10-02T14:06:34.5836244Z         cast_float: [96mbool[39;49;00m = [94mFalse[39;49;00m,[90m[39;49;00m
PRE-RELEASE DEPENDENCIES	Run test suite	2026-10-02T14:06:34.5836676Z     ) -> [96mlist[39;49;00m[np.ndarray]:[90m[39;49;00m
PRE-RELEASE DEPENDENCIES	Run test suite	2026-10-02T14:06:34.5837222Z     [90m    [39;49;00m[33m"""Chunked batched inference for HuggingFace-tokenizer DNA models.[39;49;00m
PRE-RELEASE DEPENDENCIES	Run test suite	2026-10-02T14:06:34.5837677Z     [33m[39;49;00m
PRE-RELEASE DEPENDENCIES	Run test suite	2026-10-02T14:06:34.5838072Z     [33m    Each input is tokenized without truncation, then split into chunks[39;49;00m
PRE-RELEASE DEPENDENCIES	Run test suite	2026-10-02T14:06:34.5838676Z     [33m    no larger than the model's context window (``max_position_embeddings``).[39;49;00m
PRE-RELEASE DEPENDENCIES	Run test suite	2026-10-02T14:06:34.5839293Z     [33m    Every chunk is embedded once; per-input results are mean-pooled across[39;49;00m
PRE-RELEASE DEPENDENCIES	Run test suite	2026-10-02T14:06:34.5840173Z     [33m    chunks so each input always produces a single output vector regardless[39;49;00m
PRE-RELEASE DEPENDENCIES	Run test suite	2026-10-02T14:06:34.5840803Z     [33m    of sequence length. Special tokens (CLS / SEP / BOS / EOS) are re-added[39;49;00m
PRE-RELEASE DEPENDENCIES	Run test suite	2026-10-02T14:06:34.5841403Z     [33m    to each chunk so the model sees a self-contained span every time.[39;49;00m
PRE-RELEASE DEPENDENCIES	Run test suite	2026-10-02T14:06:34.5841804Z     [33m[39;49;00m
PRE-RELEASE DEPENDENCIES	Run test suite	2026-10-02T14:06:34.5842120Z     [33m    Why chunking instead of plain truncation:[39;49;00m
PRE-RELEASE DEPENDENCIES	Run test suite	2026-10-02T14:06:34.5842609Z     [33m        Several DNA LMs in our catalog (GENA-LM BERT 4.5 kb context,[39;49;00m
PRE-RELEASE DEPENDENCIES	Run test suite	2026-10-02T14:06:34.5843149Z     [33m        GENA-LM BigBird 36 kb, Nucleotide Transformer ~12 kb) have[39;49;00m
PRE-RELEASE DEPENDENCIES	Run test suite	2026-10-02T14:06:34.5843671Z     [33m        context windows much smaller than a full gene locus[39;49;00m
PRE-RELEASE DEPENDENCIES	Run test suite	2026-10-02T14:06:34.5844179Z     [33m        (150 kb+). Plain truncation would silently throw away[39;49;00m
PRE-RELEASE DEPENDENCIES	Run test suite	2026-10-02T14:06:34.5844700Z     [33m        99% of the sequence and produce a near-degenerate embedding.[39;49;00m
PRE-RELEASE DEPENDENCIES	Run test suite	2026-10-02T14:06:34.5845230Z     [33m        Chunk-and-mean keeps full coverage at the cost of more[39;49;00m
PRE-RELEASE DEPENDENCIES	Run test suite	2026-10-02T14:06:34.5845684Z     [33m        forward passes for long inputs.[39;49;00m
PRE-RELEASE DEPENDENCIES	Run test suite	2026-10-02T14:06:34.5845996Z     [33m[39;49;00m
PRE-RELEASE DEPENDENCIES	Run test suite	2026-10-02T14:06:34.5846245Z     [33m    Pooling semantics:[39;49;00m
PRE-RELEASE DEPENDENCIES	Run test suite	2026-10-02T14:06:34.5901513Z     [33m        ``mean / max / cls / last`` are applied PER CHUNK first; the[39;49;00m
PRE-RELEASE DEPENDENCIES	Run test suite	2026-10-02T14:06:34.5903050Z     [33m        resulting one-vector-per-chunk embeddings are then mean-pooled[39;49;00m
PRE-RELEASE DEPENDENCIES	Run test suite	2026-10-02T14:06:34.5903675Z     [33m        across chunks per input.[39;49;00m
PRE-RELEASE DEPENDENCIES	Run test suite	2026-10-02T14:06:34.5904062Z     [33m[39;49;00m
PRE-RELEASE DEPENDENCIES	Run test suite	2026-10-02T14:06:34.5904543Z     [33m        ``none`` is not compatible with chunked inference (no canonical[39;49;00m
PRE-RELEASE DEPENDENCIES	Run test suite	2026-10-02T14:06:34.5905248Z     [33m        way to stitch per-token embeddings across overlapping spans).[39;49;00m
PRE-RELEASE DEPENDENCIES	Run test suite	2026-10-02T14:06:34.5905947Z     [33m        For short inputs that fit in one chunk we still honour it; for[39;49;00m
PRE-RELEASE DEPENDENCIES	Run test suite	2026-10-02T14:06:34.5906584Z     [33m        long inputs we raise NotImplementedError so the caller picks[39;49;00m
PRE-RELEASE DEPENDENCIES	Run test suite	2026-10-02T14:06:34.5907170Z     [33m        another strategy.[39;49;00m
PRE-RELEASE DEPENDENCIES	Run test suite	2026-10-02T14:06:34.5907481Z     [33m    """[39;49;00m[90m[39;49;00m
PRE-RELEASE DEPENDENCIES	Run test suite	2026-10-02T14:06:34.5907847Z         [94mif[39;49;00m [95mnot[39;49;00m inputs:[90m[39;49;00m
PRE-RELEASE DEPENDENCIES	Run test suite	2026-10-02T14:06:34.5908239Z             [94mreturn[39;49;00m [][90m[39;49;00m
PRE-RELEASE DEPENDENCIES	Run test suite	2026-10-02T14:06:34.5908528Z     [90m[39;49;00m
PRE-RELEASE DEPENDENCIES	Run test suite	2026-10-02T14:06:34.5908857Z         ctx = _resolve_context_window(model, tokenizer)[90m[39;49;00m
PRE-RELEASE DEPENDENCIES	Run test suite	2026-10-02T14:06:34.5909212Z     [90m[39;49;00m
PRE-RELEASE DEPENDENCIES	Run test suite	2026-10-02T14:06:34.5909982Z         [90m# The encoding of an input includes special tokens (CLS, SEP, ...)[39;49;00m[90m[39;49;00m
PRE-RELEASE DEPENDENCIES	Run test suite	2026-10-02T14:06:34.5910686Z         [90m# added by the tokenizer. We have to account for those when deciding[39;49;00m[90m[39;49;00m
PRE-RELEASE DEPENDENCIES	Run test suite	2026-10-02T14:06:34.5911378Z         [90m# how many "content" tokens fit in one chunk -- otherwise we still[39;49;00m[90m[39;49;00m
PRE-RELEASE DEPENDENCIES	Run test suite	2026-10-02T14:06:34.5911923Z         [90m# overflow ctx by 1-2 tokens.[39;49;00m[90m[39;49;00m
PRE-RELEASE DEPENDENCIES	Run test suite	2026-10-02T14:06:34.5912631Z         cls_id = [96mgetattr[39;49;00m(tokenizer, [33m"[39;49;00m[33mcls_token_id[39;49;00m[33m"[39;49;00m, [94mNone[39;49;00m)[90m[39;49;00m
PRE-RELEASE DEPENDENCIES	Run test suite	2026-10-02T14:06:34.5913552Z         sep_id = [96mgetattr[39;49;00m(tokenizer, [33m"[39;49;00m[33msep_token_id[39;49;00m[33m"[39;49;00m, [94mNone[39;49;00m)[90m[39;49;00m
PRE-RELEASE DEPENDENCIES	Run test suite	2026-10-02T14:06:34.5914451Z         bos_id = [96mgetattr[39;49;00m(tokenizer, [33m"[39;49;00m[33mbos_token_id[39;49;00m[33m"[39;49;00m, [94mNone[39;49;00m)[90m[39;49;00m
PRE-RELEASE DEPENDENCIES	Run test suite	2026-10-02T14:06:34.5915358Z         eos_id = [96mgetattr[39;49;00m(tokenizer, [33m"[39;49;00m[33meos_token_id[39;49;00m[33m"[39;49;00m, [94mNone[39;49;00m)[90m[39;49;00m
PRE-RELEASE DEPENDENCIES	Run test suite	2026-10-02T14:06:34.5916284Z         pad_id = [96mgetattr[39;49;00m(tokenizer, [33m"[39;49;00m[33mpad_token_id[39;49;00m[33m"[39;49;00m, [94mNone[39;49;00m)[90m[39;49;00m
PRE-RELEASE DEPENDENCIES	Run test suite	2026-10-02T14:06:34.5916994Z         [94mif[39;49;00m pad_id [95mis[39;49;00m [94mNone[39;49;00m:[90m[39;49;00m
PRE-RELEASE DEPENDENCIES	Run test suite	2026-10-02T14:06:34.5917777Z             pad_id = eos_id [94mif[39;49;00m eos_id [95mis[39;49;00m [95mnot[39;49;00m [94mNone[39;49;00m [94melse[39;49;00m [94m0[39;49;00m[90m[39;49;00m
PRE-RELEASE DEPENDENCIES	Run test suite	2026-10-02T14:06:34.5918701Z         head_id = cls_id [94mif[39;49;00m cls_id [95mis[39;49;00m [95mnot[39;49;00m [94mNone[39;49;00m [94melse[39;49;00m bos_id[90m[39;49;00m
PRE-RELEASE DEPENDENCIES	Run test suite	2026-10-02T14:06:34.5919711Z         tail_id = sep_id [94mif[39;49;00m sep_id [95mis[39;49;00m [95mnot[39;49;00m [94mNone[39;49;00m [94melse[39;49;00m eos_id[90m[39;49;00m
PRE-RELEASE DEPENDENCIES	Run test suite	2026-10-02T14:06:34.5920677Z         head_cost = [94m1[39;49;00m [94mif[39;49;00m head_id [95mis[39;49;00m [95mnot[39;49;00m [94mNone[39;49;00m [94melse[39;49;00m [94m0[39;49;00m[90m[39;49;00m
PRE-RELEASE DEPENDENCIES	Run test suite	2026-10-02T14:06:34.5921704Z         tail_cost = [94m1[39;49;00m [94mif[39;49;00m tail_id [95mis[39;49;00m [95mnot[39;49;00m [94mNone[39;49;00m [94melse[39;49;00m [94m0[39;49;00m[90m[39;49;00m
PRE-RELEASE DEPENDENCIES	Run test suite	2026-10-02T14:06:34.5922400Z         inner_max = ctx - head_cost - tail_cost[90m[39;49;00m
PRE-RELEASE DEPENDENCIES	Run test suite	2026-10-02T14:06:34.5922838Z         [94mif[39;49;00m inner_max <= [94m0[39;49;00m:[90m[39;49;00m
PRE-RELEASE DEPENDENCIES	Run test suite	2026-10-02T14:06:34.5923312Z             [94mraise[39;49;00m [96mRuntimeError[39;49;00m([90m[39;49;00m
PRE-RELEASE DEPENDENCIES	Run test suite	2026-10-02T14:06:34.5924336Z                 [33mf[39;49;00m[33m"[39;49;00m[33mContext window [39;49;00m[33m{[39;49;00mctx[33m}[39;49;00m[33m too small after reserving room for [39;49;00m[33m"[39;49;00m[90m[39;49;00m
PRE-RELEASE DEPENDENCIES	Run test suite	2026-10-02T14:06:34.5925632Z                 [33mf[39;49;00m[33m"[39;49;00m[33mspecial tokens ([39;49;00m[33m{[39;49;00mhead_cost[33m}[39;49;00m[33m head + [39;49;00m[33m{[39;49;00mtail_cost[33m}[39;49;00m[33m tail).[39;49;00m[33m"[39;49;00m[90m[39;49;00m
PRE-RELEASE DEPENDENCIES	Run test suite	2026-10-02T14:06:34.5926416Z             )[90m[39;49;00m
PRE-RELEASE DEPENDENCIES	Run test suite	2026-10-02T14:06:34.5926664Z     [90m[39;49;00m
PRE-RELEASE DEPENDENCIES	Run test suite	2026-10-02T14:06:34.5927159Z         [90m# --- Step 1: tokenize each input WITHOUT truncation, then chunk. -------[39;49;00m[90m[39;49;00m
PRE-RELEASE DEPENDENCIES	Run test suite	2026-10-02T14:06:34.5927992Z         [90m# We carry chunk_to_input_idx so we can group chunks back per input[39;49;00m[90m[39;49;00m
PRE-RELEASE DEPENDENCIES	Run test suite	2026-10-02T14:06:34.5928530Z         [90m# after the forward pass.[39;49;00m[90m[39;49;00m
PRE-RELEASE DEPENDENCIES	Run test suite	2026-10-02T14:06:34.5929066Z         chunk_ids: [96mlist[39;49;00m[[96mlist[39;49;00m[[96mint[39;49;00m]] = [][90m[39;49;00m
PRE-RELEASE DEPENDENCIES	Run test suite	2026-10-02T14:06:34.5929807Z         chunk_attn: [96mlist[39;49;00m[[96mlist[39;49;00m[[96mint[39;49;00m]] = [][90m[39;49;00m
PRE-RELEASE DEPENDENCIES	Run test suite	2026-10-02T14:06:34.5930399Z         chunk_to_input_idx: [96mlist[39;49;00m[[96mint[39;49;00m] = [][90m[39;49;00m
PRE-RELEASE DEPENDENCIES	Run test suite	2026-10-02T14:06:34.5930885Z         overflow_warned = [94mFalse[39;49;00m[90m[39;49;00m
PRE-RELEASE DEPENDENCIES	Run test suite	2026-10-02T14:06:34.5931410Z         [94mfor[39;49;00m i, text [95min[39;49;00m [96menumerate[39;49;00m(inputs):[90m[39;49;00m
PRE-RELEASE DEPENDENCIES	Run test suite	2026-10-02T14:06:34.5931866Z             enc = tokenizer([90m[39;49;00m
PRE-RELEASE DEPENDENCIES	Run test suite	2026-10-02T14:06:34.5932172Z                 text,[90m[39;49;00m
PRE-RELEASE DEPENDENCIES	Run test suite	2026-10-02T14:06:34.5932542Z                 add_special_tokens=[94mFalse[39;49;00m,[90m[39;49;00m
PRE-RELEASE DEPENDENCIES	Run test suite	2026-10-02T14:06:34.5932952Z                 truncation=[94mFalse[39;49;00m,[90m[39;49;00m
PRE-RELEASE DEPENDENCIES	Run test suite	2026-10-02T14:06:34.5933349Z                 padding=[94mFalse[39;49;00m,[90m[39;49;00m
PRE-RELEASE DEPENDENCIES	Run test suite	2026-10-02T14:06:34.5933738Z                 return_tensors=[94mNone[39;49;00m,[90m[39;49;00m
PRE-RELEASE DEPENDENCIES	Run test suite	2026-10-02T14:06:34.5934164Z                 **(tokenizer_kwargs [95mor[39;49;00m {}),[90m[39;49;00m
PRE-RELEASE DEPENDENCIES	Run test suite	2026-10-02T14:06:34.5934517Z             )[90m[39;49;00m
PRE-RELEASE DEPENDENCIES	Run test suite	2026-10-02T14:06:34.5934928Z             ids = enc[[33m"[39;49;00m[33minput_ids[39;49;00m[33m"[39;49;00m][90m[39;49;00m
PRE-RELEASE DEPENDENCIES	Run test suite	2026-10-02T14:06:34.5935539Z             [90m# Some tokenizers return list[list[int]] for batch encoding;[39;49;00m[90m[39;49;00m
PRE-RELEASE DEPENDENCIES	Run test suite	2026-10-02T14:06:34.5936199Z             [90m# here we passed a single string so we expect list[int]. Coerce.[39;49;00m[90m[39;49;00m
PRE-RELEASE DEPENDENCIES	Run test suite	2026-10-02T14:06:34.5936994Z >           [94mif[39;49;00m ids [95mand[39;49;00m [96misinstance[39;49;00m(ids[[94m0[39;49;00m], [96mlist[39;49;00m):[90m[39;49;00m
PRE-RELEASE DEPENDENCIES	Run test suite	2026-10-02T14:06:34.5937545Z                ^^^[90m[39;49;00m
PRE-RELEASE DEPENDENCIES	Run test suite	2026-10-02T14:06:34.5938014Z [1m[31mE           RuntimeError: Boolean value of Tensor with more than one value is ambiguous[0m
PRE-RELEASE DEPENDENCIES	Run test suite	2026-10-02T14:06:34.5938360Z 
PRE-RELEASE DEPENDENCIES	Run test suite	2026-10-02T14:06:34.5938814Z [1m[31m/opt/hostedtoolcache/Python/3.12.14/x64/lib/python3.12/site-packages/embpy/models/dna_models.py[0m:223: RuntimeError
PRE-RELEASE DEPENDENCIES	Run test suite	2026-10-02T14:06:34.5939687Z [31m[1m____________ TestGENALMWrapper.test_embed_cls_returns_correct_shape ____________[0m
PRE-RELEASE DEPENDENCIES	Run test suite	2026-10-02T14:06:34.5940032Z 
PRE-RELEASE DEPENDENCIES	Run test suite	2026-10-02T14:06:34.5940230Z self = <models.test_dna_models.TestGENALMWrapper object at 0x7fa7f5f0efc0>
PRE-RELEASE DEPENDENCIES	Run test suite	2026-10-02T14:06:34.5940528Z 
PRE-RELEASE DEPENDENCIES	Run test suite	2026-10-02T14:06:34.5940949Z     [0m[94mdef[39;49;00m[90m [39;49;00m[92mtest_embed_cls_returns_correct_shape[39;49;00m([96mself[39;49;00m):[90m[39;49;00m
PRE-RELEASE DEPENDENCIES	Run test suite	2026-10-02T14:06:34.5941541Z         hidden_dim = [94m768[39;49;00m[90m[39;49;00m
PRE-RELEASE DEPENDENCIES	Run test suite	2026-10-02T14:06:34.5942399Z >       result = [96mself[39;49;00m._loaded(hidden_dim).embed([33m"[39;49;00m[33mACGT[39;49;00m[33m"[39;49;00m, pooling_strategy=[33m"[39;49;00m[33mcls[39;49;00m[33m"[39;49;00m)[90m[39;49;00m
PRE-RELEASE DEPENDENCIES	Run test suite	2026-10-02T14:06:34.5943334Z                  ^^^^^^^^^^^^^^^^^^^^^^^^^^^^^^^^^^^^^^^^^^^^^^^^^^^^^^^^^^^^^^[90m[39;49;00m
PRE-RELEASE DEPENDENCIES	Run test suite	2026-10-02T14:06:34.5943579Z 
PRE-RELEASE DEPENDENCIES	Run test suite	2026-10-02T14:06:34.5943755Z [1m[31mtests/embpy/models/test_dna_models.py[0m:821: 
PRE-RELEASE DEPENDENCIES	Run test suite	2026-10-02T14:06:34.5944110Z _ _ _ _ _ _ _ _ _ _ _ _ _ _ _ _ _ _ _ _ _ _ _ _ _ _ _ _ _ _ _ _ _ _ _ _ _ _ _ _ 
PRE-RELEASE DEPENDENCIES	Run test suite	2026-10-02T14:06:34.5944775Z [1m[31m/opt/hostedtoolcache/Python/3.12.14/x64/lib/python3.12/site-packages/embpy/models/dna_models.py[0m:1939: in embed
PRE-RELEASE DEPENDENCIES	Run test suite	2026-10-02T14:06:34.5945389Z     [0membeddings = _hf_batched_embed([90m[39;49;00m
PRE-RELEASE DEPENDENCIES	Run test suite	2026-10-02T14:06:34.5945730Z _ _ _ _ _ _ _ _ _ _ _ _ _ _ _ _ _ _ _ _ _ _ _ _ _ _ _ _ _ _ _ _ _ _ _ _ _ _ _ _ 
PRE-RELEASE DEPENDENCIES	Run test suite	2026-10-02T14:06:34.5945957Z 
PRE-RELEASE DEPENDENCIES	Run test suite	2026-10-02T14:06:34.5946057Z model = <MagicMock id='140359096243872'>
PRE-RELEASE DEPENDENCIES	Run test suite	2026-10-02T14:06:34.5946529Z tokenizer = <MagicMock id='140359076902288'>, device = device(type='cpu')
PRE-RELEASE DEPENDENCIES	Run test suite	2026-10-02T14:06:34.5946995Z inputs = ['ACGT'], pooling_strategy = 'cls', batch_size = 1, target_layer = None
PRE-RELEASE DEPENDENCIES	Run test suite	2026-10-02T14:06:34.5947392Z tokenizer_kwargs = None, cast_float = False
PRE-RELEASE DEPENDENCIES	Run test suite	2026-10-02T14:06:34.5947585Z 
PRE-RELEASE DEPENDENCIES	Run test suite	2026-10-02T14:06:34.5947857Z     [0m[94mdef[39;49;00m[90m [39;49;00m[92m_hf_batched_embed[39;49;00m([90m[39;49;00m
PRE-RELEASE DEPENDENCIES	Run test suite	2026-10-02T14:06:34.5948276Z         model: Any,[90m[39;49;00m
PRE-RELEASE DEPENDENCIES	Run test suite	2026-10-02T14:06:34.5948568Z         tokenizer: Any,[90m[39;49;00m
PRE-RELEASE DEPENDENCIES	Run test suite	2026-10-02T14:06:34.5948857Z         device: Any,[90m[39;49;00m
PRE-RELEASE DEPENDENCIES	Run test suite	2026-10-02T14:06:34.5949202Z         inputs: Sequence[[96mstr[39;49;00m],[90m[39;49;00m
PRE-RELEASE DEPENDENCIES	Run test suite	2026-10-02T14:06:34.5949877Z         pooling_strategy: [96mstr[39;49;00m,[90m[39;49;00m
PRE-RELEASE DEPENDENCIES	Run test suite	2026-10-02T14:06:34.5950329Z         batch_size: [96mint[39;49;00m = [94m16[39;49;00m,[90m[39;49;00m
PRE-RELEASE DEPENDENCIES	Run test suite	2026-10-02T14:06:34.5950888Z         target_layer: [96mint[39;49;00m | [94mNone[39;49;00m = [94mNone[39;49;00m,[90m[39;49;00m
PRE-RELEASE DEPENDENCIES	Run test suite	2026-10-02T14:06:34.5951535Z         tokenizer_kwargs: [96mdict[39;49;00m | [94mNone[39;49;00m = [94mNone[39;49;00m,[90m[39;49;00m
PRE-RELEASE DEPENDENCIES	Run test suite	2026-10-02T14:06:34.5952107Z         cast_float: [96mbool[39;49;00m = [94mFalse[39;49;00m,[90m[39;49;00m
PRE-RELEASE DEPENDENCIES	Run test suite	2026-10-02T14:06:34.5952553Z     ) -> [96mlist[39;49;00m[np.ndarray]:[90m[39;49;00m
PRE-RELEASE DEPENDENCIES	Run test suite	2026-10-02T14:06:34.5953098Z     [90m    [39;49;00m[33m"""Chunked batched inference for HuggingFace-tokenizer DNA models.[39;49;00m
PRE-RELEASE DEPENDENCIES	Run test suite	2026-10-02T14:06:34.5953555Z     [33m[39;49;00m
PRE-RELEASE DEPENDENCIES	Run test suite	2026-10-02T14:06:34.5953952Z     [33m    Each input is tokenized without truncation, then split into chunks[39;49;00m
PRE-RELEASE DEPENDENCIES	Run test suite	2026-10-02T14:06:34.5954560Z     [33m    no larger than the model's context window (``max_position_embeddings``).[39;49;00m
PRE-RELEASE DEPENDENCIES	Run test suite	2026-10-02T14:06:34.5955177Z     [33m    Every chunk is embedded once; per-input results are mean-pooled across[39;49;00m
PRE-RELEASE DEPENDENCIES	Run test suite	2026-10-02T14:06:34.6009277Z     [33m    chunks so each input always produces a single output vector regardless[39;49;00m
PRE-RELEASE DEPENDENCIES	Run test suite	2026-10-02T14:06:34.6010765Z     [33m    of sequence length. Special tokens (CLS / SEP / BOS / EOS) are re-added[39;49;00m
PRE-RELEASE DEPENDENCIES	Run test suite	2026-10-02T14:06:34.6011524Z     [33m    to each chunk so the model sees a self-contained span every time.[39;49;00m
PRE-RELEASE DEPENDENCIES	Run test suite	2026-10-02T14:06:34.6012036Z     [33m[39;49;00m
PRE-RELEASE DEPENDENCIES	Run test suite	2026-10-02T14:06:34.6012446Z     [33m    Why chunking instead of plain truncation:[39;49;00m
PRE-RELEASE DEPENDENCIES	Run test suite	2026-10-02T14:06:34.6013057Z     [33m        Several DNA LMs in our catalog (GENA-LM BERT 4.5 kb context,[39;49;00m
PRE-RELEASE DEPENDENCIES	Run test suite	2026-10-02T14:06:34.6013739Z     [33m        GENA-LM BigBird 36 kb, Nucleotide Transformer ~12 kb) have[39;49;00m
PRE-RELEASE DEPENDENCIES	Run test suite	2026-10-02T14:06:34.6014409Z     [33m        context windows much smaller than a full gene locus[39;49;00m
PRE-RELEASE DEPENDENCIES	Run test suite	2026-10-02T14:06:34.6015037Z     [33m        (150 kb+). Plain truncation would silently throw away[39;49;00m
PRE-RELEASE DEPENDENCIES	Run test suite	2026-10-02T14:06:34.6015692Z     [33m        99% of the sequence and produce a near-degenerate embedding.[39;49;00m
PRE-RELEASE DEPENDENCIES	Run test suite	2026-10-02T14:06:34.6016372Z     [33m        Chunk-and-mean keeps full coverage at the cost of more[39;49;00m
PRE-RELEASE DEPENDENCIES	Run test suite	2026-10-02T14:06:34.6016877Z     [33m        forward passes for long inputs.[39;49;00m
PRE-RELEASE DEPENDENCIES	Run test suite	2026-10-02T14:06:34.6017189Z     [33m[39;49;00m
PRE-RELEASE DEPENDENCIES	Run test suite	2026-10-02T14:06:34.6017619Z     [33m    Pooling semantics:[39;49;00m
PRE-RELEASE DEPENDENCIES	Run test suite	2026-10-02T14:06:34.6018041Z     [33m        ``mean / max / cls / last`` are applied PER CHUNK first; the[39;49;00m
PRE-RELEASE DEPENDENCIES	Run test suite	2026-10-02T14:06:34.6018607Z     [33m        resulting one-vector-per-chunk embeddings are then mean-pooled[39;49;00m
PRE-RELEASE DEPENDENCIES	Run test suite	2026-10-02T14:06:34.6019079Z     [33m        across chunks per input.[39;49;00m
PRE-RELEASE DEPENDENCIES	Run test suite	2026-10-02T14:06:34.6019374Z     [33m[39;49;00m
PRE-RELEASE DEPENDENCIES	Run test suite	2026-10-02T14:06:34.6019976Z     [33m        ``none`` is not compatible with chunked inference (no canonical[39;49;00m
PRE-RELEASE DEPENDENCIES	Run test suite	2026-10-02T14:06:34.6020544Z     [33m        way to stitch per-token embeddings across overlapping spans).[39;49;00m
PRE-RELEASE DEPENDENCIES	Run test suite	2026-10-02T14:06:34.6021112Z     [33m        For short inputs that fit in one chunk we still honour it; for[39;49;00m
PRE-RELEASE DEPENDENCIES	Run test suite	2026-10-02T14:06:34.6021807Z     [33m        long inputs we raise NotImplementedError so the caller picks[39;49;00m
PRE-RELEASE DEPENDENCIES	Run test suite	2026-10-02T14:06:34.6022245Z     [33m        another strategy.[39;49;00m
PRE-RELEASE DEPENDENCIES	Run test suite	2026-10-02T14:06:34.6022567Z     [33m    """[39;49;00m[90m[39;49;00m
PRE-RELEASE DEPENDENCIES	Run test suite	2026-10-02T14:06:34.6022934Z         [94mif[39;49;00m [95mnot[39;49;00m inputs:[90m[39;49;00m
PRE-RELEASE DEPENDENCIES	Run test suite	2026-10-02T14:06:34.6023319Z             [94mreturn[39;49;00m [][90m[39;49;00m
PRE-RELEASE DEPENDENCIES	Run test suite	2026-10-02T14:06:34.6023605Z     [90m[39;49;00m
PRE-RELEASE DEPENDENCIES	Run test suite	2026-10-02T14:06:34.6023937Z         ctx = _resolve_context_window(model, tokenizer)[90m[39;49;00m
PRE-RELEASE DEPENDENCIES	Run test suite	2026-10-02T14:06:34.6024288Z     [90m[39;49;00m
PRE-RELEASE DEPENDENCIES	Run test suite	2026-10-02T14:06:34.6024736Z         [90m# The encoding of an input includes special tokens (CLS, SEP, ...)[39;49;00m[90m[39;49;00m
PRE-RELEASE DEPENDENCIES	Run test suite	2026-10-02T14:06:34.6025426Z         [90m# added by the tokenizer. We have to account for those when deciding[39;49;00m[90m[39;49;00m
PRE-RELEASE DEPENDENCIES	Run test suite	2026-10-02T14:06:34.6026100Z         [90m# how many "content" tokens fit in one chunk -- otherwise we still[39;49;00m[90m[39;49;00m
PRE-RELEASE DEPENDENCIES	Run test suite	2026-10-02T14:06:34.6026657Z         [90m# overflow ctx by 1-2 tokens.[39;49;00m[90m[39;49;00m
PRE-RELEASE DEPENDENCIES	Run test suite	2026-10-02T14:06:34.6027360Z         cls_id = [96mgetattr[39;49;00m(tokenizer, [33m"[39;49;00m[33mcls_token_id[39;49;00m[33m"[39;49;00m, [94mNone[39;49;00m)[90m[39;49;00m
PRE-RELEASE DEPENDENCIES	Run test suite	2026-10-02T14:06:34.6028269Z         sep_id = [96mgetattr[39;49;00m(tokenizer, [33m"[39;49;00m[33msep_token_id[39;49;00m[33m"[39;49;00m, [94mNone[39;49;00m)[90m[39;49;00m
PRE-RELEASE DEPENDENCIES	Run test suite	2026-10-02T14:06:34.6029158Z         bos_id = [96mgetattr[39;49;00m(tokenizer, [33m"[39;49;00m[33mbos_token_id[39;49;00m[33m"[39;49;00m, [94mNone[39;49;00m)[90m[39;49;00m
PRE-RELEASE DEPENDENCIES	Run test suite	2026-10-02T14:06:34.6030345Z         eos_id = [96mgetattr[39;49;00m(tokenizer, [33m"[39;49;00m[33meos_token_id[39;49;00m[33m"[39;49;00m, [94mNone[39;49;00m)[90m[39;49;00m
PRE-RELEASE DEPENDENCIES	Run test suite	2026-10-02T14:06:34.6031248Z         pad_id = [96mgetattr[39;49;00m(tokenizer, [33m"[39;49;00m[33mpad_token_id[39;49;00m[33m"[39;49;00m, [94mNone[39;49;00m)[90m[39;49;00m
PRE-RELEASE DEPENDENCIES	Run test suite	2026-10-02T14:06:34.6031953Z         [94mif[39;49;00m pad_id [95mis[39;49;00m [94mNone[39;49;00m:[90m[39;49;00m
PRE-RELEASE DEPENDENCIES	Run test suite	2026-10-02T14:06:34.6032720Z             pad_id = eos_id [94mif[39;49;00m eos_id [95mis[39;49;00m [95mnot[39;49;00m [94mNone[39;49;00m [94melse[39;49;00m [94m0[39;49;00m[90m[39;49;00m
PRE-RELEASE DEPENDENCIES	Run test suite	2026-10-02T14:06:34.6033653Z         head_id = cls_id [94mif[39;49;00m cls_id [95mis[39;49;00m [95mnot[39;49;00m [94mNone[39;49;00m [94melse[39;49;00m bos_id[90m[39;49;00m
PRE-RELEASE DEPENDENCIES	Run test suite	2026-10-02T14:06:34.6034544Z         tail_id = sep_id [94mif[39;49;00m sep_id [95mis[39;49;00m [95mnot[39;49;00m [94mNone[39;49;00m [94melse[39;49;00m eos_id[90m[39;49;00m
PRE-RELEASE DEPENDENCIES	Run test suite	2026-10-02T14:06:34.6035506Z         head_cost = [94m1[39;49;00m [94mif[39;49;00m head_id [95mis[39;49;00m [95mnot[39;49;00m [94mNone[39;49;00m [94melse[39;49;00m [94m0[39;49;00m[90m[39;49;00m
PRE-RELEASE DEPENDENCIES	Run test suite	2026-10-02T14:06:34.6036531Z         tail_cost = [94m1[39;49;00m [94mif[39;49;00m tail_id [95mis[39;49;00m [95mnot[39;49;00m [94mNone[39;49;00m [94melse[39;49;00m [94m0[39;49;00m[90m[39;49;00m
PRE-RELEASE DEPENDENCIES	Run test suite	2026-10-02T14:06:34.6037220Z         inner_max = ctx - head_cost - tail_cost[90m[39;49;00m
PRE-RELEASE DEPENDENCIES	Run test suite	2026-10-02T14:06:34.6037814Z         [94mif[39;49;00m inner_max <= [94m0[39;49;00m:[90m[39;49;00m
PRE-RELEASE DEPENDENCIES	Run test suite	2026-10-02T14:06:34.6038287Z             [94mraise[39;49;00m [96mRuntimeError[39;49;00m([90m[39;49;00m
PRE-RELEASE DEPENDENCIES	Run test suite	2026-10-02T14:06:34.6039165Z                 [33mf[39;49;00m[33m"[39;49;00m[33mContext window [39;49;00m[33m{[39;49;00mctx[33m}[39;49;00m[33m too small after reserving room for [39;49;00m[33m"[39;49;00m[90m[39;49;00m
PRE-RELEASE DEPENDENCIES	Run test suite	2026-10-02T14:06:34.6040586Z                 [33mf[39;49;00m[33m"[39;49;00m[33mspecial tokens ([39;49;00m[33m{[39;49;00mhead_cost[33m}[39;49;00m[33m head + [39;49;00m[33m{[39;49;00mtail_cost[33m}[39;49;00m[33m tail).[39;49;00m[33m"[39;49;00m[90m[39;49;00m
PRE-RELEASE DEPENDENCIES	Run test suite	2026-10-02T14:06:34.6041366Z             )[90m[39;49;00m
PRE-RELEASE DEPENDENCIES	Run test suite	2026-10-02T14:06:34.6041742Z     [90m[39;49;00m
PRE-RELEASE DEPENDENCIES	Run test suite	2026-10-02T14:06:34.6042226Z         [90m# --- Step 1: tokenize each input WITHOUT truncation, then chunk. -------[39;49;00m[90m[39;49;00m
PRE-RELEASE DEPENDENCIES	Run test suite	2026-10-02T14:06:34.6042938Z         [90m# We carry chunk_to_input_idx so we can group chunks back per input[39;49;00m[90m[39;49;00m
PRE-RELEASE DEPENDENCIES	Run test suite	2026-10-02T14:06:34.6043480Z         [90m# after the forward pass.[39;49;00m[90m[39;49;00m
PRE-RELEASE DEPENDENCIES	Run test suite	2026-10-02T14:06:34.6044009Z         chunk_ids: [96mlist[39;49;00m[[96mlist[39;49;00m[[96mint[39;49;00m]] = [][90m[39;49;00m
PRE-RELEASE DEPENDENCIES	Run test suite	2026-10-02T14:06:34.6044630Z         chunk_attn: [96mlist[39;49;00m[[96mlist[39;49;00m[[96mint[39;49;00m]] = [][90m[39;49;00m
PRE-RELEASE DEPENDENCIES	Run test suite	2026-10-02T14:06:34.6045216Z         chunk_to_input_idx: [96mlist[39;49;00m[[96mint[39;49;00m] = [][90m[39;49;00m
PRE-RELEASE DEPENDENCIES	Run test suite	2026-10-02T14:06:34.6045694Z         overflow_warned = [94mFalse[39;49;00m[90m[39;49;00m
PRE-RELEASE DEPENDENCIES	Run test suite	2026-10-02T14:06:34.6046224Z         [94mfor[39;49;00m i, text [95min[39;49;00m [96menumerate[39;49;00m(inputs):[90m[39;49;00m
PRE-RELEASE DEPENDENCIES	Run test suite	2026-10-02T14:06:34.6046694Z             enc = tokenizer([90m[39;49;00m
PRE-RELEASE DEPENDENCIES	Run test suite	2026-10-02T14:06:34.6047000Z                 text,[90m[39;49;00m
PRE-RELEASE DEPENDENCIES	Run test suite	2026-10-02T14:06:34.6047367Z                 add_special_tokens=[94mFalse[39;49;00m,[90m[39;49;00m
PRE-RELEASE DEPENDENCIES	Run test suite	2026-10-02T14:06:34.6047784Z                 truncation=[94mFalse[39;49;00m,[90m[39;49;00m
PRE-RELEASE DEPENDENCIES	Run test suite	2026-10-02T14:06:34.6048167Z                 padding=[94mFalse[39;49;00m,[90m[39;49;00m
PRE-RELEASE DEPENDENCIES	Run test suite	2026-10-02T14:06:34.6048563Z                 return_tensors=[94mNone[39;49;00m,[90m[39;49;00m
PRE-RELEASE DEPENDENCIES	Run test suite	2026-10-02T14:06:34.6048989Z                 **(tokenizer_kwargs [95mor[39;49;00m {}),[90m[39;49;00m
PRE-RELEASE DEPENDENCIES	Run test suite	2026-10-02T14:06:34.6049343Z             )[90m[39;49;00m
PRE-RELEASE DEPENDENCIES	Run test suite	2026-10-02T14:06:34.6050017Z             ids = enc[[33m"[39;49;00m[33minput_ids[39;49;00m[33m"[39;49;00m][90m[39;49;00m
PRE-RELEASE DEPENDENCIES	Run test suite	2026-10-02T14:06:34.6050639Z             [90m# Some tokenizers return list[list[int]] for batch encoding;[39;49;00m[90m[39;49;00m
PRE-RELEASE DEPENDENCIES	Run test suite	2026-10-02T14:06:34.6051648Z             [90m# here we passed a single string so we expect list[int]. Coerce.[39;49;00m[90m[39;49;00m
PRE-RELEASE DEPENDENCIES	Run test suite	2026-10-02T14:06:34.6052773Z >           [94mif[39;49;00m ids [95mand[39;49;00m [96misinstance[39;49;00m(ids[[94m0[39;49;00m], [96mlist[39;49;00m):[90m[39;49;00m
PRE-RELEASE DEPENDENCIES	Run test suite	2026-10-02T14:06:34.6053323Z                ^^^[90m[39;49;00m
PRE-RELEASE DEPENDENCIES	Run test suite	2026-10-02T14:06:34.6053795Z [1m[31mE           RuntimeError: Boolean value of Tensor with more than one value is ambiguous[0m
PRE-RELEASE DEPENDENCIES	Run test suite	2026-10-02T14:06:34.6054139Z 
PRE-RELEASE DEPENDENCIES	Run test suite	2026-10-02T14:06:34.6054594Z [1m[31m/opt/hostedtoolcache/Python/3.12.14/x64/lib/python3.12/site-packages/embpy/models/dna_models.py[0m:223: RuntimeError
PRE-RELEASE DEPENDENCIES	Run test suite	2026-10-02T14:06:34.6055356Z [31m[1m____________ TestGENALMWrapper.test_embed_max_returns_correct_shape ____________[0m
PRE-RELEASE DEPENDENCIES	Run test suite	2026-10-02T14:06:34.6055694Z 
PRE-RELEASE DEPENDENCIES	Run test suite	2026-10-02T14:06:34.6055890Z self = <models.test_dna_models.TestGENALMWrapper object at 0x7fa7f5f0f530>
PRE-RELEASE DEPENDENCIES	Run test suite	2026-10-02T14:06:34.6056184Z 
PRE-RELEASE DEPENDENCIES	Run test suite	2026-10-02T14:06:34.6056611Z     [0m[94mdef[39;49;00m[90m [39;49;00m[92mtest_embed_max_returns_correct_shape[39;49;00m([96mself[39;49;00m):[90m[39;49;00m
PRE-RELEASE DEPENDENCIES	Run test suite	2026-10-02T14:06:34.6057199Z         hidden_dim = [94m768[39;49;00m[90m[39;49;00m
PRE-RELEASE DEPENDENCIES	Run test suite	2026-10-02T14:06:34.6058050Z >       result = [96mself[39;49;00m._loaded(hidden_dim).embed([33m"[39;49;00m[33mACGT[39;49;00m[33m"[39;49;00m, pooling_strategy=[33m"[39;49;00m[33mmax[39;49;00m[33m"[39;49;00m)[90m[39;49;00m
PRE-RELEASE DEPENDENCIES	Run test suite	2026-10-02T14:06:34.6059009Z                  ^^^^^^^^^^^^^^^^^^^^^^^^^^^^^^^^^^^^^^^^^^^^^^^^^^^^^^^^^^^^^^[90m[39;49;00m
PRE-RELEASE DEPENDENCIES	Run test suite	2026-10-02T14:06:34.6059249Z 
PRE-RELEASE DEPENDENCIES	Run test suite	2026-10-02T14:06:34.6059567Z [1m[31mtests/embpy/models/test_dna_models.py[0m:826: 
PRE-RELEASE DEPENDENCIES	Run test suite	2026-10-02T14:06:34.6059932Z _ _ _ _ _ _ _ _ _ _ _ _ _ _ _ _ _ _ _ _ _ _ _ _ _ _ _ _ _ _ _ _ _ _ _ _ _ _ _ _ 
PRE-RELEASE DEPENDENCIES	Run test suite	2026-10-02T14:06:34.6060600Z [1m[31m/opt/hostedtoolcache/Python/3.12.14/x64/lib/python3.12/site-packages/embpy/models/dna_models.py[0m:1939: in embed
PRE-RELEASE DEPENDENCIES	Run test suite	2026-10-02T14:06:34.6061209Z     [0membeddings = _hf_batched_embed([90m[39;49;00m
PRE-RELEASE DEPENDENCIES	Run test suite	2026-10-02T14:06:34.6061556Z _ _ _ _ _ _ _ _ _ _ _ _ _ _ _ _ _ _ _ _ _ _ _ _ _ _ _ _ _ _ _ _ _ _ _ _ _ _ _ _ 
PRE-RELEASE DEPENDENCIES	Run test suite	2026-10-02T14:06:34.6061911Z 
PRE-RELEASE DEPENDENCIES	Run test suite	2026-10-02T14:06:34.6062021Z model = <MagicMock id='140359077547952'>
PRE-RELEASE DEPENDENCIES	Run test suite	2026-10-02T14:06:34.6062378Z tokenizer = <MagicMock id='140359077115616'>, device = device(type='cpu')
PRE-RELEASE DEPENDENCIES	Run test suite	2026-10-02T14:06:34.6062855Z inputs = ['ACGT'], pooling_strategy = 'max', batch_size = 1, target_layer = None
PRE-RELEASE DEPENDENCIES	Run test suite	2026-10-02T14:06:34.6063246Z tokenizer_kwargs = None, cast_float = False
PRE-RELEASE DEPENDENCIES	Run test suite	2026-10-02T14:06:34.6063441Z 
PRE-RELEASE DEPENDENCIES	Run test suite	2026-10-02T14:06:34.6063710Z     [0m[94mdef[39;49;00m[90m [39;49;00m[92m_hf_batched_embed[39;49;00m([90m[39;49;00m
PRE-RELEASE DEPENDENCIES	Run test suite	2026-10-02T14:06:34.6064127Z         model: Any,[90m[39;49;00m
PRE-RELEASE DEPENDENCIES	Run test suite	2026-10-02T14:06:34.6064414Z         tokenizer: Any,[90m[39;49;00m
PRE-RELEASE DEPENDENCIES	Run test suite	2026-10-02T14:06:34.6064707Z         device: Any,[90m[39;49;00m
PRE-RELEASE DEPENDENCIES	Run test suite	2026-10-02T14:06:34.6065050Z         inputs: Sequence[[96mstr[39;49;00m],[90m[39;49;00m
PRE-RELEASE DEPENDENCIES	Run test suite	2026-10-02T14:06:34.6065473Z         pooling_strategy: [96mstr[39;49;00m,[90m[39;49;00m
PRE-RELEASE DEPENDENCIES	Run test suite	2026-10-02T14:06:34.6065915Z         batch_size: [96mint[39;49;00m = [94m16[39;49;00m,[90m[39;49;00m
PRE-RELEASE DEPENDENCIES	Run test suite	2026-10-02T14:06:34.6066481Z         target_layer: [96mint[39;49;00m | [94mNone[39;49;00m = [94mNone[39;49;00m,[90m[39;49;00m
PRE-RELEASE DEPENDENCIES	Run test suite	2026-10-02T14:06:34.6067127Z         tokenizer_kwargs: [96mdict[39;49;00m | [94mNone[39;49;00m = [94mNone[39;49;00m,[90m[39;49;00m
PRE-RELEASE DEPENDENCIES	Run test suite	2026-10-02T14:06:34.6067708Z         cast_float: [96mbool[39;49;00m = [94mFalse[39;49;00m,[90m[39;49;00m
PRE-RELEASE DEPENDENCIES	Run test suite	2026-10-02T14:06:34.6068148Z     ) -> [96mlist[39;49;00m[np.ndarray]:[90m[39;49;00m
PRE-RELEASE DEPENDENCIES	Run test suite	2026-10-02T14:06:34.6068691Z     [90m    [39;49;00m[33m"""Chunked batched inference for HuggingFace-tokenizer DNA models.[39;49;00m
PRE-RELEASE DEPENDENCIES	Run test suite	2026-10-02T14:06:34.6069145Z     [33m[39;49;00m
PRE-RELEASE DEPENDENCIES	Run test suite	2026-10-02T14:06:34.6069800Z     [33m    Each input is tokenized without truncation, then split into chunks[39;49;00m
PRE-RELEASE DEPENDENCIES	Run test suite	2026-10-02T14:06:34.6070429Z     [33m    no larger than the model's context window (``max_position_embeddings``).[39;49;00m
PRE-RELEASE DEPENDENCIES	Run test suite	2026-10-02T14:06:34.6071047Z     [33m    Every chunk is embedded once; per-input results are mean-pooled across[39;49;00m
PRE-RELEASE DEPENDENCIES	Run test suite	2026-10-02T14:06:34.6071676Z     [33m    chunks so each input always produces a single output vector regardless[39;49;00m
PRE-RELEASE DEPENDENCIES	Run test suite	2026-10-02T14:06:34.6072293Z     [33m    of sequence length. Special tokens (CLS / SEP / BOS / EOS) are re-added[39;49;00m
PRE-RELEASE DEPENDENCIES	Run test suite	2026-10-02T14:06:34.6072889Z     [33m    to each chunk so the model sees a self-contained span every time.[39;49;00m
PRE-RELEASE DEPENDENCIES	Run test suite	2026-10-02T14:06:34.6073296Z     [33m[39;49;00m
PRE-RELEASE DEPENDENCIES	Run test suite	2026-10-02T14:06:34.6073611Z     [33m    Why chunking instead of plain truncation:[39;49;00m
PRE-RELEASE DEPENDENCIES	Run test suite	2026-10-02T14:06:34.6074101Z     [33m        Several DNA LMs in our catalog (GENA-LM BERT 4.5 kb context,[39;49;00m
PRE-RELEASE DEPENDENCIES	Run test suite	2026-10-02T14:06:34.6074644Z     [33m        GENA-LM BigBird 36 kb, Nucleotide Transformer ~12 kb) have[39;49;00m
PRE-RELEASE DEPENDENCIES	Run test suite	2026-10-02T14:06:34.6075167Z     [33m        context windows much smaller than a full gene locus[39;49;00m
PRE-RELEASE DEPENDENCIES	Run test suite	2026-10-02T14:06:34.6075676Z     [33m        (150 kb+). Plain truncation would silently throw away[39;49;00m
PRE-RELEASE DEPENDENCIES	Run test suite	2026-10-02T14:06:34.6076200Z     [33m        99% of the sequence and produce a near-degenerate embedding.[39;49;00m
PRE-RELEASE DEPENDENCIES	Run test suite	2026-10-02T14:06:34.6076733Z     [33m        Chunk-and-mean keeps full coverage at the cost of more[39;49;00m
PRE-RELEASE DEPENDENCIES	Run test suite	2026-10-02T14:06:34.6077326Z     [33m        forward passes for long inputs.[39;49;00m
PRE-RELEASE DEPENDENCIES	Run test suite	2026-10-02T14:06:34.6077641Z     [33m[39;49;00m
PRE-RELEASE DEPENDENCIES	Run test suite	2026-10-02T14:06:34.6077896Z     [33m    Pooling semantics:[39;49;00m
PRE-RELEASE DEPENDENCIES	Run test suite	2026-10-02T14:06:34.6078314Z     [33m        ``mean / max / cls / last`` are applied PER CHUNK first; the[39;49;00m
PRE-RELEASE DEPENDENCIES	Run test suite	2026-10-02T14:06:34.6078872Z     [33m        resulting one-vector-per-chunk embeddings are then mean-pooled[39;49;00m
PRE-RELEASE DEPENDENCIES	Run test suite	2026-10-02T14:06:34.6079348Z     [33m        across chunks per input.[39;49;00m
PRE-RELEASE DEPENDENCIES	Run test suite	2026-10-02T14:06:34.6079776Z     [33m[39;49;00m
PRE-RELEASE DEPENDENCIES	Run test suite	2026-10-02T14:06:34.6080157Z     [33m        ``none`` is not compatible with chunked inference (no canonical[39;49;00m
PRE-RELEASE DEPENDENCIES	Run test suite	2026-10-02T14:06:34.6080720Z     [33m        way to stitch per-token embeddings across overlapping spans).[39;49;00m
PRE-RELEASE DEPENDENCIES	Run test suite	2026-10-02T14:06:34.6081413Z     [33m        For short inputs that fit in one chunk we still honour it; for[39;49;00m
PRE-RELEASE DEPENDENCIES	Run test suite	2026-10-02T14:06:34.6081971Z     [33m        long inputs we raise NotImplementedError so the caller picks[39;49;00m
PRE-RELEASE DEPENDENCIES	Run test suite	2026-10-02T14:06:34.6082410Z     [33m        another strategy.[39;49;00m
PRE-RELEASE DEPENDENCIES	Run test suite	2026-10-02T14:06:34.6082718Z     [33m    """[39;49;00m[90m[39;49;00m
PRE-RELEASE DEPENDENCIES	Run test suite	2026-10-02T14:06:34.6083091Z         [94mif[39;49;00m [95mnot[39;49;00m inputs:[90m[39;49;00m
PRE-RELEASE DEPENDENCIES	Run test suite	2026-10-02T14:06:34.6083472Z             [94mreturn[39;49;00m [][90m[39;49;00m
PRE-RELEASE DEPENDENCIES	Run test suite	2026-10-02T14:06:34.6083760Z     [90m[39;49;00m
PRE-RELEASE DEPENDENCIES	Run test suite	2026-10-02T14:06:34.6084087Z         ctx = _resolve_context_window(model, tokenizer)[90m[39;49;00m
PRE-RELEASE DEPENDENCIES	Run test suite	2026-10-02T14:06:34.6084438Z     [90m[39;49;00m
PRE-RELEASE DEPENDENCIES	Run test suite	2026-10-02T14:06:34.6084881Z         [90m# The encoding of an input includes special tokens (CLS, SEP, ...)[39;49;00m[90m[39;49;00m
PRE-RELEASE DEPENDENCIES	Run test suite	2026-10-02T14:06:34.6085566Z         [90m# added by the tokenizer. We have to account for those when deciding[39;49;00m[90m[39;49;00m
PRE-RELEASE DEPENDENCIES	Run test suite	2026-10-02T14:06:34.6086252Z         [90m# how many "content" tokens fit in one chunk -- otherwise we still[39;49;00m[90m[39;49;00m
PRE-RELEASE DEPENDENCIES	Run test suite	2026-10-02T14:06:34.6086802Z         [90m# overflow ctx by 1-2 tokens.[39;49;00m[90m[39;49;00m
PRE-RELEASE DEPENDENCIES	Run test suite	2026-10-02T14:06:34.6087504Z         cls_id = [96mgetattr[39;49;00m(tokenizer, [33m"[39;49;00m[33mcls_token_id[39;49;00m[33m"[39;49;00m, [94mNone[39;49;00m)[90m[39;49;00m
PRE-RELEASE DEPENDENCIES	Run test suite	2026-10-02T14:06:34.6088410Z         sep_id = [96mgetattr[39;49;00m(tokenizer, [33m"[39;49;00m[33msep_token_id[39;49;00m[33m"[39;49;00m, [94mNone[39;49;00m)[90m[39;49;00m
PRE-RELEASE DEPENDENCIES	Run test suite	2026-10-02T14:06:34.6089341Z         bos_id = [96mgetattr[39;49;00m(tokenizer, [33m"[39;49;00m[33mbos_token_id[39;49;00m[33m"[39;49;00m, [94mNone[39;49;00m)[90m[39;49;00m
PRE-RELEASE DEPENDENCIES	Run test suite	2026-10-02T14:06:34.6090507Z         eos_id = [96mgetattr[39;49;00m(tokenizer, [33m"[39;49;00m[33meos_token_id[39;49;00m[33m"[39;49;00m, [94mNone[39;49;00m)[90m[39;49;00m
PRE-RELEASE DEPENDENCIES	Run test suite	2026-10-02T14:06:34.6091416Z         pad_id = [96mgetattr[39;49;00m(tokenizer, [33m"[39;49;00m[33mpad_token_id[39;49;00m[33m"[39;49;00m, [94mNone[39;49;00m)[90m[39;49;00m
PRE-RELEASE DEPENDENCIES	Run test suite	2026-10-02T14:06:34.6092113Z         [94mif[39;49;00m pad_id [95mis[39;49;00m [94mNone[39;49;00m:[90m[39;49;00m
PRE-RELEASE DEPENDENCIES	Run test suite	2026-10-02T14:06:34.6092888Z             pad_id = eos_id [94mif[39;49;00m eos_id [95mis[39;49;00m [95mnot[39;49;00m [94mNone[39;49;00m [94melse[39;49;00m [94m0[39;49;00m[90m[39;49;00m
PRE-RELEASE DEPENDENCIES	Run test suite	2026-10-02T14:06:34.6093810Z         head_id = cls_id [94mif[39;49;00m cls_id [95mis[39;49;00m [95mnot[39;49;00m [94mNone[39;49;00m [94melse[39;49;00m bos_id[90m[39;49;00m
PRE-RELEASE DEPENDENCIES	Run test suite	2026-10-02T14:06:34.6094699Z         tail_id = sep_id [94mif[39;49;00m sep_id [95mis[39;49;00m [95mnot[39;49;00m [94mNone[39;49;00m [94melse[39;49;00m eos_id[90m[39;49;00m
PRE-RELEASE DEPENDENCIES	Run test suite	2026-10-02T14:06:34.6095664Z         head_cost = [94m1[39;49;00m [94mif[39;49;00m head_id [95mis[39;49;00m [95mnot[39;49;00m [94mNone[39;49;00m [94melse[39;49;00m [94m0[39;49;00m[90m[39;49;00m
PRE-RELEASE DEPENDENCIES	Run test suite	2026-10-02T14:06:34.6096681Z         tail_cost = [94m1[39;49;00m [94mif[39;49;00m tail_id [95mis[39;49;00m [95mnot[39;49;00m [94mNone[39;49;00m [94melse[39;49;00m [94m0[39;49;00m[90m[39;49;00m
PRE-RELEASE DEPENDENCIES	Run test suite	2026-10-02T14:06:34.6097512Z         inner_max = ctx - head_cost - tail_cost[90m[39;49;00m
PRE-RELEASE DEPENDENCIES	Run test suite	2026-10-02T14:06:34.6097947Z         [94mif[39;49;00m inner_max <= [94m0[39;49;00m:[90m[39;49;00m
PRE-RELEASE DEPENDENCIES	Run test suite	2026-10-02T14:06:34.6098413Z             [94mraise[39;49;00m [96mRuntimeError[39;49;00m([90m[39;49;00m
PRE-RELEASE DEPENDENCIES	Run test suite	2026-10-02T14:06:34.6099281Z                 [33mf[39;49;00m[33m"[39;49;00m[33mContext window [39;49;00m[33m{[39;49;00mctx[33m}[39;49;00m[33m too small after reserving room for [39;49;00m[33m"[39;49;00m[90m[39;49;00m
PRE-RELEASE DEPENDENCIES	Run test suite	2026-10-02T14:06:34.6100714Z                 [33mf[39;49;00m[33m"[39;49;00m[33mspecial tokens ([39;49;00m[33m{[39;49;00mhead_cost[33m}[39;49;00m[33m head + [39;49;00m[33m{[39;49;00mtail_cost[33m}[39;49;00m[33m tail).[39;49;00m[33m"[39;49;00m[90m[39;49;00m
PRE-RELEASE DEPENDENCIES	Run test suite	2026-10-02T14:06:34.6101627Z             )[90m[39;49;00m
PRE-RELEASE DEPENDENCIES	Run test suite	2026-10-02T14:06:34.6101872Z     [90m[39;49;00m
PRE-RELEASE DEPENDENCIES	Run test suite	2026-10-02T14:06:34.6102356Z         [90m# --- Step 1: tokenize each input WITHOUT truncation, then chunk. -------[39;49;00m[90m[39;49;00m
PRE-RELEASE DEPENDENCIES	Run test suite	2026-10-02T14:06:34.6103068Z         [90m# We carry chunk_to_input_idx so we can group chunks back per input[39;49;00m[90m[39;49;00m
PRE-RELEASE DEPENDENCIES	Run test suite	2026-10-02T14:06:34.6103604Z         [90m# after the forward pass.[39;49;00m[90m[39;49;00m
PRE-RELEASE DEPENDENCIES	Run test suite	2026-10-02T14:06:34.6104132Z         chunk_ids: [96mlist[39;49;00m[[96mlist[39;49;00m[[96mint[39;49;00m]] = [][90m[39;49;00m
PRE-RELEASE DEPENDENCIES	Run test suite	2026-10-02T14:06:34.6104749Z         chunk_attn: [96mlist[39;49;00m[[96mlist[39;49;00m[[96mint[39;49;00m]] = [][90m[39;49;00m
PRE-RELEASE DEPENDENCIES	Run test suite	2026-10-02T14:06:34.6105328Z         chunk_to_input_idx: [96mlist[39;49;00m[[96mint[39;49;00m] = [][90m[39;49;00m
PRE-RELEASE DEPENDENCIES	Run test suite	2026-10-02T14:06:34.6105809Z         overflow_warned = [94mFalse[39;49;00m[90m[39;49;00m
PRE-RELEASE DEPENDENCIES	Run test suite	2026-10-02T14:06:34.6106339Z         [94mfor[39;49;00m i, text [95min[39;49;00m [96menumerate[39;49;00m(inputs):[90m[39;49;00m
PRE-RELEASE DEPENDENCIES	Run test suite	2026-10-02T14:06:34.6106795Z             enc = tokenizer([90m[39;49;00m
PRE-RELEASE DEPENDENCIES	Run test suite	2026-10-02T14:06:34.6107098Z                 text,[90m[39;49;00m
PRE-RELEASE DEPENDENCIES	Run test suite	2026-10-02T14:06:34.6107473Z                 add_special_tokens=[94mFalse[39;49;00m,[90m[39;49;00m
PRE-RELEASE DEPENDENCIES	Run test suite	2026-10-02T14:06:34.6107887Z                 truncation=[94mFalse[39;49;00m,[90m[39;49;00m
PRE-RELEASE DEPENDENCIES	Run test suite	2026-10-02T14:06:34.6108292Z                 padding=[94mFalse[39;49;00m,[90m[39;49;00m
PRE-RELEASE DEPENDENCIES	Run test suite	2026-10-02T14:06:34.6108682Z                 return_tensors=[94mNone[39;49;00m,[90m[39;49;00m
PRE-RELEASE DEPENDENCIES	Run test suite	2026-10-02T14:06:34.6109109Z                 **(tokenizer_kwargs [95mor[39;49;00m {}),[90m[39;49;00m
PRE-RELEASE DEPENDENCIES	Run test suite	2026-10-02T14:06:34.6109699Z             )[90m[39;49;00m
PRE-RELEASE DEPENDENCIES	Run test suite	2026-10-02T14:06:34.6110137Z             ids = enc[[33m"[39;49;00m[33minput_ids[39;49;00m[33m"[39;49;00m][90m[39;49;00m
PRE-RELEASE DEPENDENCIES	Run test suite	2026-10-02T14:06:34.6110764Z             [90m# Some tokenizers return list[list[int]] for batch encoding;[39;49;00m[90m[39;49;00m
PRE-RELEASE DEPENDENCIES	Run test suite	2026-10-02T14:06:34.6111444Z             [90m# here we passed a single string so we expect list[int]. Coerce.[39;49;00m[90m[39;49;00m
PRE-RELEASE DEPENDENCIES	Run test suite	2026-10-02T14:06:34.6112211Z >           [94mif[39;49;00m ids [95mand[39;49;00m [96misinstance[39;49;00m(ids[[94m0[39;49;00m], [96mlist[39;49;00m):[90m[39;49;00m
PRE-RELEASE DEPENDENCIES	Run test suite	2026-10-02T14:06:34.6112751Z                ^^^[90m[39;49;00m
PRE-RELEASE DEPENDENCIES	Run test suite	2026-10-02T14:06:34.6113224Z [1m[31mE           RuntimeError: Boolean value of Tensor with more than one value is ambiguous[0m
PRE-RELEASE DEPENDENCIES	Run test suite	2026-10-02T14:06:34.6113574Z 
PRE-RELEASE DEPENDENCIES	Run test suite	2026-10-02T14:06:34.6114024Z [1m[31m/opt/hostedtoolcache/Python/3.12.14/x64/lib/python3.12/site-packages/embpy/models/dna_models.py[0m:223: RuntimeError
PRE-RELEASE DEPENDENCIES	Run test suite	2026-10-02T14:06:34.6114794Z [31m[1m__ TestGENALMWrapper.test_embed_uses_hidden_states_when_no_last_hidden_state ___[0m
PRE-RELEASE DEPENDENCIES	Run test suite	2026-10-02T14:06:34.6115147Z 
PRE-RELEASE DEPENDENCIES	Run test suite	2026-10-02T14:06:34.6115353Z self = <models.test_dna_models.TestGENALMWrapper object at 0x7fa7f5f0dfd0>
PRE-RELEASE DEPENDENCIES	Run test suite	2026-10-02T14:06:34.6115652Z 
PRE-RELEASE DEPENDENCIES	Run test suite	2026-10-02T14:06:34.6116143Z     [0m[94mdef[39;49;00m[90m [39;49;00m[92mtest_embed_uses_hidden_states_when_no_last_hidden_state[39;49;00m([96mself[39;49;00m):[90m[39;49;00m
PRE-RELEASE DEPENDENCIES	Run test suite	2026-10-02T14:06:34.6116788Z         hidden_dim = [94m768[39;49;00m[90m[39;49;00m
PRE-RELEASE DEPENDENCIES	Run test suite	2026-10-02T14:06:34.6117331Z         seq_len = [94m20[39;49;00m[90m[39;49;00m
PRE-RELEASE DEPENDENCIES	Run test suite	2026-10-02T14:06:34.6117745Z         w = [96mself[39;49;00m._loaded(hidden_dim, seq_len)[90m[39;49;00m
PRE-RELEASE DEPENDENCIES	Run test suite	2026-10-02T14:06:34.6118106Z     [90m[39;49;00m
PRE-RELEASE DEPENDENCIES	Run test suite	2026-10-02T14:06:34.6133396Z         [90m# last layer is all-ones so we can verify it was used (not zero layer)[39;49;00m[90m[39;49;00m
PRE-RELEASE DEPENDENCIES	Run test suite	2026-10-02T14:06:34.6134347Z         zero_layer = torch.zeros([94m1[39;49;00m, seq_len, hidden_dim)[90m[39;49;00m
PRE-RELEASE DEPENDENCIES	Run test suite	2026-10-02T14:06:34.6134910Z         real_layer = torch.ones([94m1[39;49;00m, seq_len, hidden_dim)[90m[39;49;00m
PRE-RELEASE DEPENDENCIES	Run test suite	2026-10-02T14:06:34.6135333Z         out = MagicMock()[90m[39;49;00m
PRE-RELEASE DEPENDENCIES	Run test suite	2026-10-02T14:06:34.6135706Z         out.last_hidden_state = [94mNone[39;49;00m[90m[39;49;00m
PRE-RELEASE DEPENDENCIES	Run test suite	2026-10-02T14:06:34.6136309Z         out.hidden_states = (zero_layer, real_layer)[90m[39;49;00m
PRE-RELEASE DEPENDENCIES	Run test suite	2026-10-02T14:06:34.6136727Z         w.model = MagicMock(return_value=out)[90m[39;49;00m
PRE-RELEASE DEPENDENCIES	Run test suite	2026-10-02T14:06:34.6137053Z     [90m[39;49;00m
PRE-RELEASE DEPENDENCIES	Run test suite	2026-10-02T14:06:34.6137699Z >       result = w.embed([33m"[39;49;00m[33mACGT[39;49;00m[33m"[39;49;00m, pooling_strategy=[33m"[39;49;00m[33mmean[39;49;00m[33m"[39;49;00m)[90m[39;49;00m
PRE-RELEASE DEPENDENCIES	Run test suite	2026-10-02T14:06:34.6138363Z                  ^^^^^^^^^^^^^^^^^^^^^^^^^^^^^^^^^^^^^^^^[90m[39;49;00m
PRE-RELEASE DEPENDENCIES	Run test suite	2026-10-02T14:06:34.6138600Z 
PRE-RELEASE DEPENDENCIES	Run test suite	2026-10-02T14:06:34.6138788Z [1m[31mtests/embpy/models/test_dna_models.py[0m:842: 
PRE-RELEASE DEPENDENCIES	Run test suite	2026-10-02T14:06:34.6139149Z _ _ _ _ _ _ _ _ _ _ _ _ _ _ _ _ _ _ _ _ _ _ _ _ _ _ _ _ _ _ _ _ _ _ _ _ _ _ _ _ 
PRE-RELEASE DEPENDENCIES	Run test suite	2026-10-02T14:06:34.6140116Z [1m[31m/opt/hostedtoolcache/Python/3.12.14/x64/lib/python3.12/site-packages/embpy/models/dna_models.py[0m:1939: in embed
PRE-RELEASE DEPENDENCIES	Run test suite	2026-10-02T14:06:34.6140735Z     [0membeddings = _hf_batched_embed([90m[39;49;00m
PRE-RELEASE DEPENDENCIES	Run test suite	2026-10-02T14:06:34.6141088Z _ _ _ _ _ _ _ _ _ _ _ _ _ _ _ _ _ _ _ _ _ _ _ _ _ _ _ _ _ _ _ _ _ _ _ _ _ _ _ _ 
PRE-RELEASE DEPENDENCIES	Run test suite	2026-10-02T14:06:34.6141327Z 
PRE-RELEASE DEPENDENCIES	Run test suite	2026-10-02T14:06:34.6141423Z model = <MagicMock id='140359076874480'>
PRE-RELEASE DEPENDENCIES	Run test suite	2026-10-02T14:06:34.6141785Z tokenizer = <MagicMock id='140359077342160'>, device = device(type='cpu')
PRE-RELEASE DEPENDENCIES	Run test suite	2026-10-02T14:06:34.6142204Z inputs = ['ACGT'], pooling_strategy = 'mean', batch_size = 1
PRE-RELEASE DEPENDENCIES	Run test suite	2026-10-02T14:06:34.6142606Z target_layer = None, tokenizer_kwargs = None, cast_float = False
PRE-RELEASE DEPENDENCIES	Run test suite	2026-10-02T14:06:34.6142854Z 
PRE-RELEASE DEPENDENCIES	Run test suite	2026-10-02T14:06:34.6143121Z     [0m[94mdef[39;49;00m[90m [39;49;00m[92m_hf_batched_embed[39;49;00m([90m[39;49;00m
PRE-RELEASE DEPENDENCIES	Run test suite	2026-10-02T14:06:34.6143540Z         model: Any,[90m[39;49;00m
PRE-RELEASE DEPENDENCIES	Run test suite	2026-10-02T14:06:34.6143828Z         tokenizer: Any,[90m[39;49;00m
PRE-RELEASE DEPENDENCIES	Run test suite	2026-10-02T14:06:34.6144118Z         device: Any,[90m[39;49;00m
PRE-RELEASE DEPENDENCIES	Run test suite	2026-10-02T14:06:34.6144468Z         inputs: Sequence[[96mstr[39;49;00m],[90m[39;49;00m
PRE-RELEASE DEPENDENCIES	Run test suite	2026-10-02T14:06:34.6144872Z         pooling_strategy: [96mstr[39;49;00m,[90m[39;49;00m
PRE-RELEASE DEPENDENCIES	Run test suite	2026-10-02T14:06:34.6145314Z         batch_size: [96mint[39;49;00m = [94m16[39;49;00m,[90m[39;49;00m
PRE-RELEASE DEPENDENCIES	Run test suite	2026-10-02T14:06:34.6145881Z         target_layer: [96mint[39;49;00m | [94mNone[39;49;00m = [94mNone[39;49;00m,[90m[39;49;00m
PRE-RELEASE DEPENDENCIES	Run test suite	2026-10-02T14:06:34.6146534Z         tokenizer_kwargs: [96mdict[39;49;00m | [94mNone[39;49;00m = [94mNone[39;49;00m,[90m[39;49;00m
PRE-RELEASE DEPENDENCIES	Run test suite	2026-10-02T14:06:34.6147109Z         cast_float: [96mbool[39;49;00m = [94mFalse[39;49;00m,[90m[39;49;00m
PRE-RELEASE DEPENDENCIES	Run test suite	2026-10-02T14:06:34.6147548Z     ) -> [96mlist[39;49;00m[np.ndarray]:[90m[39;49;00m
PRE-RELEASE DEPENDENCIES	Run test suite	2026-10-02T14:06:34.6148088Z     [90m    [39;49;00m[33m"""Chunked batched inference for HuggingFace-tokenizer DNA models.[39;49;00m
PRE-RELEASE DEPENDENCIES	Run test suite	2026-10-02T14:06:34.6148544Z     [33m[39;49;00m
PRE-RELEASE DEPENDENCIES	Run test suite	2026-10-02T14:06:34.6148940Z     [33m    Each input is tokenized without truncation, then split into chunks[39;49;00m
PRE-RELEASE DEPENDENCIES	Run test suite	2026-10-02T14:06:34.6149788Z     [33m    no larger than the model's context window (``max_position_embeddings``).[39;49;00m
PRE-RELEASE DEPENDENCIES	Run test suite	2026-10-02T14:06:34.6150447Z     [33m    Every chunk is embedded once; per-input results are mean-pooled across[39;49;00m
PRE-RELEASE DEPENDENCIES	Run test suite	2026-10-02T14:06:34.6151064Z     [33m    chunks so each input always produces a single output vector regardless[39;49;00m
PRE-RELEASE DEPENDENCIES	Run test suite	2026-10-02T14:06:34.6151834Z     [33m    of sequence length. Special tokens (CLS / SEP / BOS / EOS) are re-added[39;49;00m
PRE-RELEASE DEPENDENCIES	Run test suite	2026-10-02T14:06:34.6152428Z     [33m    to each chunk so the model sees a self-contained span every time.[39;49;00m
PRE-RELEASE DEPENDENCIES	Run test suite	2026-10-02T14:06:34.6152850Z     [33m[39;49;00m
PRE-RELEASE DEPENDENCIES	Run test suite	2026-10-02T14:06:34.6153170Z     [33m    Why chunking instead of plain truncation:[39;49;00m
PRE-RELEASE DEPENDENCIES	Run test suite	2026-10-02T14:06:34.6153673Z     [33m        Several DNA LMs in our catalog (GENA-LM BERT 4.5 kb context,[39;49;00m
PRE-RELEASE DEPENDENCIES	Run test suite	2026-10-02T14:06:34.6154227Z     [33m        GENA-LM BigBird 36 kb, Nucleotide Transformer ~12 kb) have[39;49;00m
PRE-RELEASE DEPENDENCIES	Run test suite	2026-10-02T14:06:34.6154749Z     [33m        context windows much smaller than a full gene locus[39;49;00m
PRE-RELEASE DEPENDENCIES	Run test suite	2026-10-02T14:06:34.6155381Z     [33m        (150 kb+). Plain truncation would silently throw away[39;49;00m
PRE-RELEASE DEPENDENCIES	Run test suite	2026-10-02T14:06:34.6155907Z     [33m        99% of the sequence and produce a near-degenerate embedding.[39;49;00m
PRE-RELEASE DEPENDENCIES	Run test suite	2026-10-02T14:06:34.6156439Z     [33m        Chunk-and-mean keeps full coverage at the cost of more[39;49;00m
PRE-RELEASE DEPENDENCIES	Run test suite	2026-10-02T14:06:34.6156899Z     [33m        forward passes for long inputs.[39;49;00m
PRE-RELEASE DEPENDENCIES	Run test suite	2026-10-02T14:06:34.6157212Z     [33m[39;49;00m
PRE-RELEASE DEPENDENCIES	Run test suite	2026-10-02T14:06:34.6157464Z     [33m    Pooling semantics:[39;49;00m
PRE-RELEASE DEPENDENCIES	Run test suite	2026-10-02T14:06:34.6157886Z     [33m        ``mean / max / cls / last`` are applied PER CHUNK first; the[39;49;00m
PRE-RELEASE DEPENDENCIES	Run test suite	2026-10-02T14:06:34.6158445Z     [33m        resulting one-vector-per-chunk embeddings are then mean-pooled[39;49;00m
PRE-RELEASE DEPENDENCIES	Run test suite	2026-10-02T14:06:34.6158910Z     [33m        across chunks per input.[39;49;00m
PRE-RELEASE DEPENDENCIES	Run test suite	2026-10-02T14:06:34.6159204Z     [33m[39;49;00m
PRE-RELEASE DEPENDENCIES	Run test suite	2026-10-02T14:06:34.6159713Z     [33m        ``none`` is not compatible with chunked inference (no canonical[39;49;00m
PRE-RELEASE DEPENDENCIES	Run test suite	2026-10-02T14:06:34.6160290Z     [33m        way to stitch per-token embeddings across overlapping spans).[39;49;00m
PRE-RELEASE DEPENDENCIES	Run test suite	2026-10-02T14:06:34.6160904Z     [33m        For short inputs that fit in one chunk we still honour it; for[39;49;00m
PRE-RELEASE DEPENDENCIES	Run test suite	2026-10-02T14:06:34.6161465Z     [33m        long inputs we raise NotImplementedError so the caller picks[39;49;00m
PRE-RELEASE DEPENDENCIES	Run test suite	2026-10-02T14:06:34.6161908Z     [33m        another strategy.[39;49;00m
PRE-RELEASE DEPENDENCIES	Run test suite	2026-10-02T14:06:34.6162217Z     [33m    """[39;49;00m[90m[39;49;00m
PRE-RELEASE DEPENDENCIES	Run test suite	2026-10-02T14:06:34.6162581Z         [94mif[39;49;00m [95mnot[39;49;00m inputs:[90m[39;49;00m
PRE-RELEASE DEPENDENCIES	Run test suite	2026-10-02T14:06:34.6168309Z             [94mreturn[39;49;00m [][90m[39;49;00m
PRE-RELEASE DEPENDENCIES	Run test suite	2026-10-02T14:06:34.6168703Z     [90m[39;49;00m
PRE-RELEASE DEPENDENCIES	Run test suite	2026-10-02T14:06:34.6169061Z         ctx = _resolve_context_window(model, tokenizer)[90m[39;49;00m
PRE-RELEASE DEPENDENCIES	Run test suite	2026-10-02T14:06:34.6169758Z     [90m[39;49;00m
PRE-RELEASE DEPENDENCIES	Run test suite	2026-10-02T14:06:34.6170262Z         [90m# The encoding of an input includes special tokens (CLS, SEP, ...)[39;49;00m[90m[39;49;00m
PRE-RELEASE DEPENDENCIES	Run test suite	2026-10-02T14:06:34.6170969Z         [90m# added by the tokenizer. We have to account for those when deciding[39;49;00m[90m[39;49;00m
PRE-RELEASE DEPENDENCIES	Run test suite	2026-10-02T14:06:34.6171669Z         [90m# how many "content" tokens fit in one chunk -- otherwise we still[39;49;00m[90m[39;49;00m
PRE-RELEASE DEPENDENCIES	Run test suite	2026-10-02T14:06:34.6172231Z         [90m# overflow ctx by 1-2 tokens.[39;49;00m[90m[39;49;00m
PRE-RELEASE DEPENDENCIES	Run test suite	2026-10-02T14:06:34.6172938Z         cls_id = [96mgetattr[39;49;00m(tokenizer, [33m"[39;49;00m[33mcls_token_id[39;49;00m[33m"[39;49;00m, [94mNone[39;49;00m)[90m[39;49;00m
PRE-RELEASE DEPENDENCIES	Run test suite	2026-10-02T14:06:34.6173854Z         sep_id = [96mgetattr[39;49;00m(tokenizer, [33m"[39;49;00m[33msep_token_id[39;49;00m[33m"[39;49;00m, [94mNone[39;49;00m)[90m[39;49;00m
PRE-RELEASE DEPENDENCIES	Run test suite	2026-10-02T14:06:34.6174753Z         bos_id = [96mgetattr[39;49;00m(tokenizer, [33m"[39;49;00m[33mbos_token_id[39;49;00m[33m"[39;49;00m, [94mNone[39;49;00m)[90m[39;49;00m
PRE-RELEASE DEPENDENCIES	Run test suite	2026-10-02T14:06:34.6175644Z         eos_id = [96mgetattr[39;49;00m(tokenizer, [33m"[39;49;00m[33meos_token_id[39;49;00m[33m"[39;49;00m, [94mNone[39;49;00m)[90m[39;49;00m
PRE-RELEASE DEPENDENCIES	Run test suite	2026-10-02T14:06:34.6176542Z         pad_id = [96mgetattr[39;49;00m(tokenizer, [33m"[39;49;00m[33mpad_token_id[39;49;00m[33m"[39;49;00m, [94mNone[39;49;00m)[90m[39;49;00m
PRE-RELEASE DEPENDENCIES	Run test suite	2026-10-02T14:06:34.6177433Z         [94mif[39;49;00m pad_id [95mis[39;49;00m [94mNone[39;49;00m:[90m[39;49;00m
PRE-RELEASE DEPENDENCIES	Run test suite	2026-10-02T14:06:34.6178208Z             pad_id = eos_id [94mif[39;49;00m eos_id [95mis[39;49;00m [95mnot[39;49;00m [94mNone[39;49;00m [94melse[39;49;00m [94m0[39;49;00m[90m[39;49;00m
PRE-RELEASE DEPENDENCIES	Run test suite	2026-10-02T14:06:34.6179122Z         head_id = cls_id [94mif[39;49;00m cls_id [95mis[39;49;00m [95mnot[39;49;00m [94mNone[39;49;00m [94melse[39;49;00m bos_id[90m[39;49;00m
PRE-RELEASE DEPENDENCIES	Run test suite	2026-10-02T14:06:34.6180273Z         tail_id = sep_id [94mif[39;49;00m sep_id [95mis[39;49;00m [95mnot[39;49;00m [94mNone[39;49;00m [94melse[39;49;00m eos_id[90m[39;49;00m
PRE-RELEASE DEPENDENCIES	Run test suite	2026-10-02T14:06:34.6181242Z         head_cost = [94m1[39;49;00m [94mif[39;49;00m head_id [95mis[39;49;00m [95mnot[39;49;00m [94mNone[39;49;00m [94melse[39;49;00m [94m0[39;49;00m[90m[39;49;00m
PRE-RELEASE DEPENDENCIES	Run test suite	2026-10-02T14:06:34.6182406Z         tail_cost = [94m1[39;49;00m [94mif[39;49;00m tail_id [95mis[39;49;00m [95mnot[39;49;00m [94mNone[39;49;00m [94melse[39;49;00m [94m0[39;49;00m[90m[39;49;00m
PRE-RELEASE DEPENDENCIES	Run test suite	2026-10-02T14:06:34.6183102Z         inner_max = ctx - head_cost - tail_cost[90m[39;49;00m
PRE-RELEASE DEPENDENCIES	Run test suite	2026-10-02T14:06:34.6183548Z         [94mif[39;49;00m inner_max <= [94m0[39;49;00m:[90m[39;49;00m
PRE-RELEASE DEPENDENCIES	Run test suite	2026-10-02T14:06:34.6184019Z             [94mraise[39;49;00m [96mRuntimeError[39;49;00m([90m[39;49;00m
PRE-RELEASE DEPENDENCIES	Run test suite	2026-10-02T14:06:34.6184890Z                 [33mf[39;49;00m[33m"[39;49;00m[33mContext window [39;49;00m[33m{[39;49;00mctx[33m}[39;49;00m[33m too small after reserving room for [39;49;00m[33m"[39;49;00m[90m[39;49;00m
PRE-RELEASE DEPENDENCIES	Run test suite	2026-10-02T14:06:34.6186180Z                 [33mf[39;49;00m[33m"[39;49;00m[33mspecial tokens ([39;49;00m[33m{[39;49;00mhead_cost[33m}[39;49;00m[33m head + [39;49;00m[33m{[39;49;00mtail_cost[33m}[39;49;00m[33m tail).[39;49;00m[33m"[39;49;00m[90m[39;49;00m
PRE-RELEASE DEPENDENCIES	Run test suite	2026-10-02T14:06:34.6186968Z             )[90m[39;49;00m
PRE-RELEASE DEPENDENCIES	Run test suite	2026-10-02T14:06:34.6187223Z     [90m[39;49;00m
PRE-RELEASE DEPENDENCIES	Run test suite	2026-10-02T14:06:34.6187711Z         [90m# --- Step 1: tokenize each input WITHOUT truncation, then chunk. -------[39;49;00m[90m[39;49;00m
PRE-RELEASE DEPENDENCIES	Run test suite	2026-10-02T14:06:34.6188428Z         [90m# We carry chunk_to_input_idx so we can group chunks back per input[39;49;00m[90m[39;49;00m
PRE-RELEASE DEPENDENCIES	Run test suite	2026-10-02T14:06:34.6188976Z         [90m# after the forward pass.[39;49;00m[90m[39;49;00m
PRE-RELEASE DEPENDENCIES	Run test suite	2026-10-02T14:06:34.6189718Z         chunk_ids: [96mlist[39;49;00m[[96mlist[39;49;00m[[96mint[39;49;00m]] = [][90m[39;49;00m
PRE-RELEASE DEPENDENCIES	Run test suite	2026-10-02T14:06:34.6190370Z         chunk_attn: [96mlist[39;49;00m[[96mlist[39;49;00m[[96mint[39;49;00m]] = [][90m[39;49;00m
PRE-RELEASE DEPENDENCIES	Run test suite	2026-10-02T14:06:34.6190964Z         chunk_to_input_idx: [96mlist[39;49;00m[[96mint[39;49;00m] = [][90m[39;49;00m
PRE-RELEASE DEPENDENCIES	Run test suite	2026-10-02T14:06:34.6191456Z         overflow_warned = [94mFalse[39;49;00m[90m[39;49;00m
PRE-RELEASE DEPENDENCIES	Run test suite	2026-10-02T14:06:34.6191992Z         [94mfor[39;49;00m i, text [95min[39;49;00m [96menumerate[39;49;00m(inputs):[90m[39;49;00m
PRE-RELEASE DEPENDENCIES	Run test suite	2026-10-02T14:06:34.6192452Z             enc = tokenizer([90m[39;49;00m
PRE-RELEASE DEPENDENCIES	Run test suite	2026-10-02T14:06:34.6192765Z                 text,[90m[39;49;00m
PRE-RELEASE DEPENDENCIES	Run test suite	2026-10-02T14:06:34.6193131Z                 add_special_tokens=[94mFalse[39;49;00m,[90m[39;49;00m
PRE-RELEASE DEPENDENCIES	Run test suite	2026-10-02T14:06:34.6254105Z                 truncation=[94mFalse[39;49;00m,[90m[39;49;00m
PRE-RELEASE DEPENDENCIES	Run test suite	2026-10-02T14:06:34.6254825Z                 padding=[94mFalse[39;49;00m,[90m[39;49;00m
PRE-RELEASE DEPENDENCIES	Run test suite	2026-10-02T14:06:34.6255361Z                 return_tensors=[94mNone[39;49;00m,[90m[39;49;00m
PRE-RELEASE DEPENDENCIES	Run test suite	2026-10-02T14:06:34.6255792Z                 **(tokenizer_kwargs [95mor[39;49;00m {}),[90m[39;49;00m
PRE-RELEASE DEPENDENCIES	Run test suite	2026-10-02T14:06:34.6256152Z             )[90m[39;49;00m
PRE-RELEASE DEPENDENCIES	Run test suite	2026-10-02T14:06:34.6256572Z             ids = enc[[33m"[39;49;00m[33minput_ids[39;49;00m[33m"[39;49;00m][90m[39;49;00m
PRE-RELEASE DEPENDENCIES	Run test suite	2026-10-02T14:06:34.6257204Z             [90m# Some tokenizers return list[list[int]] for batch encoding;[39;49;00m[90m[39;49;00m
PRE-RELEASE DEPENDENCIES	Run test suite	2026-10-02T14:06:34.6257873Z             [90m# here we passed a single string so we expect list[int]. Coerce.[39;49;00m[90m[39;49;00m
PRE-RELEASE DEPENDENCIES	Run test suite	2026-10-02T14:06:34.6258818Z >           [94mif[39;49;00m ids [95mand[39;49;00m [96misinstance[39;49;00m(ids[[94m0[39;49;00m], [96mlist[39;49;00m):[90m[39;49;00m
PRE-RELEASE DEPENDENCIES	Run test suite	2026-10-02T14:06:34.6259363Z                ^^^[90m[39;49;00m
PRE-RELEASE DEPENDENCIES	Run test suite	2026-10-02T14:06:34.6260145Z [1m[31mE           RuntimeError: Boolean value of Tensor with more than one value is ambiguous[0m
PRE-RELEASE DEPENDENCIES	Run test suite	2026-10-02T14:06:34.6260529Z 
PRE-RELEASE DEPENDENCIES	Run test suite	2026-10-02T14:06:34.6261007Z [1m[31m/opt/hostedtoolcache/Python/3.12.14/x64/lib/python3.12/site-packages/embpy/models/dna_models.py[0m:223: RuntimeError
PRE-RELEASE DEPENDENCIES	Run test suite	2026-10-02T14:06:34.6261753Z [31m[1m__________________ TestGENALMWrapper.test_embed_target_layer ___________________[0m
PRE-RELEASE DEPENDENCIES	Run test suite	2026-10-02T14:06:34.6262083Z 
PRE-RELEASE DEPENDENCIES	Run test suite	2026-10-02T14:06:34.6262427Z self = <models.test_dna_models.TestGENALMWrapper object at 0x7fa7f5f0e540>
PRE-RELEASE DEPENDENCIES	Run test suite	2026-10-02T14:06:34.6262715Z 
PRE-RELEASE DEPENDENCIES	Run test suite	2026-10-02T14:06:34.6263099Z     [0m[94mdef[39;49;00m[90m [39;49;00m[92mtest_embed_target_layer[39;49;00m([96mself[39;49;00m):[90m[39;49;00m
PRE-RELEASE DEPENDENCIES	Run test suite	2026-10-02T14:06:34.6263649Z         hidden_dim = [94m768[39;49;00m[90m[39;49;00m
PRE-RELEASE DEPENDENCIES	Run test suite	2026-10-02T14:06:34.6264003Z         seq_len = [94m20[39;49;00m[90m[39;49;00m
PRE-RELEASE DEPENDENCIES	Run test suite	2026-10-02T14:06:34.6264415Z         w = [96mself[39;49;00m._loaded(hidden_dim, seq_len)[90m[39;49;00m
PRE-RELEASE DEPENDENCIES	Run test suite	2026-10-02T14:06:34.6264777Z     [90m[39;49;00m
PRE-RELEASE DEPENDENCIES	Run test suite	2026-10-02T14:06:34.6265153Z         layer0 = torch.randn([94m1[39;49;00m, seq_len, hidden_dim)[90m[39;49;00m
PRE-RELEASE DEPENDENCIES	Run test suite	2026-10-02T14:06:34.6265683Z         layer1 = torch.randn([94m1[39;49;00m, seq_len, hidden_dim)[90m[39;49;00m
PRE-RELEASE DEPENDENCIES	Run test suite	2026-10-02T14:06:34.6266097Z         out = MagicMock()[90m[39;49;00m
PRE-RELEASE DEPENDENCIES	Run test suite	2026-10-02T14:06:34.6266459Z         out.hidden_states = (layer0, layer1)[90m[39;49;00m
PRE-RELEASE DEPENDENCIES	Run test suite	2026-10-02T14:06:34.6266873Z         out.last_hidden_state = [94mNone[39;49;00m[90m[39;49;00m
PRE-RELEASE DEPENDENCIES	Run test suite	2026-10-02T14:06:34.6267303Z         w.model = MagicMock(return_value=out)[90m[39;49;00m
PRE-RELEASE DEPENDENCIES	Run test suite	2026-10-02T14:06:34.6267619Z     [90m[39;49;00m
PRE-RELEASE DEPENDENCIES	Run test suite	2026-10-02T14:06:34.6268112Z >       result = w.embed([33m"[39;49;00m[33mACGT[39;49;00m[33m"[39;49;00m, target_layer=[94m0[39;49;00m)[90m[39;49;00m
PRE-RELEASE DEPENDENCIES	Run test suite	2026-10-02T14:06:34.6268655Z                  ^^^^^^^^^^^^^^^^^^^^^^^^^^^^^^^[90m[39;49;00m
PRE-RELEASE DEPENDENCIES	Run test suite	2026-10-02T14:06:34.6268859Z 
PRE-RELEASE DEPENDENCIES	Run test suite	2026-10-02T14:06:34.6269034Z [1m[31mtests/embpy/models/test_dna_models.py[0m:860: 
PRE-RELEASE DEPENDENCIES	Run test suite	2026-10-02T14:06:34.6269392Z _ _ _ _ _ _ _ _ _ _ _ _ _ _ _ _ _ _ _ _ _ _ _ _ _ _ _ _ _ _ _ _ _ _ _ _ _ _ _ _ 
PRE-RELEASE DEPENDENCIES	Run test suite	2026-10-02T14:06:34.6270310Z [1m[31m/opt/hostedtoolcache/Python/3.12.14/x64/lib/python3.12/site-packages/embpy/models/dna_models.py[0m:1939: in embed
PRE-RELEASE DEPENDENCIES	Run test suite	2026-10-02T14:06:34.6270928Z     [0membeddings = _hf_batched_embed([90m[39;49;00m
PRE-RELEASE DEPENDENCIES	Run test suite	2026-10-02T14:06:34.6271271Z _ _ _ _ _ _ _ _ _ _ _ _ _ _ _ _ _ _ _ _ _ _ _ _ _ _ _ _ _ _ _ _ _ _ _ _ _ _ _ _ 
PRE-RELEASE DEPENDENCIES	Run test suite	2026-10-02T14:06:34.6271512Z 
PRE-RELEASE DEPENDENCIES	Run test suite	2026-10-02T14:06:34.6271606Z model = <MagicMock id='140359077071616'>
PRE-RELEASE DEPENDENCIES	Run test suite	2026-10-02T14:06:34.6271961Z tokenizer = <MagicMock id='140359077347104'>, device = device(type='cpu')
PRE-RELEASE DEPENDENCIES	Run test suite	2026-10-02T14:06:34.6272421Z inputs = ['ACGT'], pooling_strategy = 'mean', batch_size = 1, target_layer = 0
PRE-RELEASE DEPENDENCIES	Run test suite	2026-10-02T14:06:34.6272817Z tokenizer_kwargs = None, cast_float = False
PRE-RELEASE DEPENDENCIES	Run test suite	2026-10-02T14:06:34.6273007Z 
PRE-RELEASE DEPENDENCIES	Run test suite	2026-10-02T14:06:34.6273279Z     [0m[94mdef[39;49;00m[90m [39;49;00m[92m_hf_batched_embed[39;49;00m([90m[39;49;00m
PRE-RELEASE DEPENDENCIES	Run test suite	2026-10-02T14:06:34.6273696Z         model: Any,[90m[39;49;00m
PRE-RELEASE DEPENDENCIES	Run test suite	2026-10-02T14:06:34.6273979Z         tokenizer: Any,[90m[39;49;00m
PRE-RELEASE DEPENDENCIES	Run test suite	2026-10-02T14:06:34.6274267Z         device: Any,[90m[39;49;00m
PRE-RELEASE DEPENDENCIES	Run test suite	2026-10-02T14:06:34.6274614Z         inputs: Sequence[[96mstr[39;49;00m],[90m[39;49;00m
PRE-RELEASE DEPENDENCIES	Run test suite	2026-10-02T14:06:34.6275014Z         pooling_strategy: [96mstr[39;49;00m,[90m[39;49;00m
PRE-RELEASE DEPENDENCIES	Run test suite	2026-10-02T14:06:34.6275453Z         batch_size: [96mint[39;49;00m = [94m16[39;49;00m,[90m[39;49;00m
PRE-RELEASE DEPENDENCIES	Run test suite	2026-10-02T14:06:34.6276019Z         target_layer: [96mint[39;49;00m | [94mNone[39;49;00m = [94mNone[39;49;00m,[90m[39;49;00m
PRE-RELEASE DEPENDENCIES	Run test suite	2026-10-02T14:06:34.6276662Z         tokenizer_kwargs: [96mdict[39;49;00m | [94mNone[39;49;00m = [94mNone[39;49;00m,[90m[39;49;00m
PRE-RELEASE DEPENDENCIES	Run test suite	2026-10-02T14:06:34.6277382Z         cast_float: [96mbool[39;49;00m = [94mFalse[39;49;00m,[90m[39;49;00m
PRE-RELEASE DEPENDENCIES	Run test suite	2026-10-02T14:06:34.6277820Z     ) -> [96mlist[39;49;00m[np.ndarray]:[90m[39;49;00m
PRE-RELEASE DEPENDENCIES	Run test suite	2026-10-02T14:06:34.6278364Z     [90m    [39;49;00m[33m"""Chunked batched inference for HuggingFace-tokenizer DNA models.[39;49;00m
PRE-RELEASE DEPENDENCIES	Run test suite	2026-10-02T14:06:34.6278822Z     [33m[39;49;00m
PRE-RELEASE DEPENDENCIES	Run test suite	2026-10-02T14:06:34.6279224Z     [33m    Each input is tokenized without truncation, then split into chunks[39;49;00m
PRE-RELEASE DEPENDENCIES	Run test suite	2026-10-02T14:06:34.6279977Z     [33m    no larger than the model's context window (``max_position_embeddings``).[39;49;00m
PRE-RELEASE DEPENDENCIES	Run test suite	2026-10-02T14:06:34.6280605Z     [33m    Every chunk is embedded once; per-input results are mean-pooled across[39;49;00m
PRE-RELEASE DEPENDENCIES	Run test suite	2026-10-02T14:06:34.6281359Z     [33m    chunks so each input always produces a single output vector regardless[39;49;00m
PRE-RELEASE DEPENDENCIES	Run test suite	2026-10-02T14:06:34.6281980Z     [33m    of sequence length. Special tokens (CLS / SEP / BOS / EOS) are re-added[39;49;00m
PRE-RELEASE DEPENDENCIES	Run test suite	2026-10-02T14:06:34.6282581Z     [33m    to each chunk so the model sees a self-contained span every time.[39;49;00m
PRE-RELEASE DEPENDENCIES	Run test suite	2026-10-02T14:06:34.6282984Z     [33m[39;49;00m
PRE-RELEASE DEPENDENCIES	Run test suite	2026-10-02T14:06:34.6283294Z     [33m    Why chunking instead of plain truncation:[39;49;00m
PRE-RELEASE DEPENDENCIES	Run test suite	2026-10-02T14:06:34.6283781Z     [33m        Several DNA LMs in our catalog (GENA-LM BERT 4.5 kb context,[39;49;00m
PRE-RELEASE DEPENDENCIES	Run test suite	2026-10-02T14:06:34.6284318Z     [33m        GENA-LM BigBird 36 kb, Nucleotide Transformer ~12 kb) have[39;49;00m
PRE-RELEASE DEPENDENCIES	Run test suite	2026-10-02T14:06:34.6284841Z     [33m        context windows much smaller than a full gene locus[39;49;00m
PRE-RELEASE DEPENDENCIES	Run test suite	2026-10-02T14:06:34.6285342Z     [33m        (150 kb+). Plain truncation would silently throw away[39;49;00m
PRE-RELEASE DEPENDENCIES	Run test suite	2026-10-02T14:06:34.6285883Z     [33m        99% of the sequence and produce a near-degenerate embedding.[39;49;00m
PRE-RELEASE DEPENDENCIES	Run test suite	2026-10-02T14:06:34.6286433Z     [33m        Chunk-and-mean keeps full coverage at the cost of more[39;49;00m
PRE-RELEASE DEPENDENCIES	Run test suite	2026-10-02T14:06:34.6286889Z     [33m        forward passes for long inputs.[39;49;00m
PRE-RELEASE DEPENDENCIES	Run test suite	2026-10-02T14:06:34.6287210Z     [33m[39;49;00m
PRE-RELEASE DEPENDENCIES	Run test suite	2026-10-02T14:06:34.6287464Z     [33m    Pooling semantics:[39;49;00m
PRE-RELEASE DEPENDENCIES	Run test suite	2026-10-02T14:06:34.6287894Z     [33m        ``mean / max / cls / last`` are applied PER CHUNK first; the[39;49;00m
PRE-RELEASE DEPENDENCIES	Run test suite	2026-10-02T14:06:34.6288468Z     [33m        resulting one-vector-per-chunk embeddings are then mean-pooled[39;49;00m
PRE-RELEASE DEPENDENCIES	Run test suite	2026-10-02T14:06:34.6288939Z     [33m        across chunks per input.[39;49;00m
PRE-RELEASE DEPENDENCIES	Run test suite	2026-10-02T14:06:34.6289235Z     [33m[39;49;00m
PRE-RELEASE DEPENDENCIES	Run test suite	2026-10-02T14:06:34.6289748Z     [33m        ``none`` is not compatible with chunked inference (no canonical[39;49;00m
PRE-RELEASE DEPENDENCIES	Run test suite	2026-10-02T14:06:34.6290322Z     [33m        way to stitch per-token embeddings across overlapping spans).[39;49;00m
PRE-RELEASE DEPENDENCIES	Run test suite	2026-10-02T14:06:34.6290889Z     [33m        For short inputs that fit in one chunk we still honour it; for[39;49;00m
PRE-RELEASE DEPENDENCIES	Run test suite	2026-10-02T14:06:34.6291454Z     [33m        long inputs we raise NotImplementedError so the caller picks[39;49;00m
PRE-RELEASE DEPENDENCIES	Run test suite	2026-10-02T14:06:34.6291892Z     [33m        another strategy.[39;49;00m
PRE-RELEASE DEPENDENCIES	Run test suite	2026-10-02T14:06:34.6292212Z     [33m    """[39;49;00m[90m[39;49;00m
PRE-RELEASE DEPENDENCIES	Run test suite	2026-10-02T14:06:34.6292576Z         [94mif[39;49;00m [95mnot[39;49;00m inputs:[90m[39;49;00m
PRE-RELEASE DEPENDENCIES	Run test suite	2026-10-02T14:06:34.6292957Z             [94mreturn[39;49;00m [][90m[39;49;00m
PRE-RELEASE DEPENDENCIES	Run test suite	2026-10-02T14:06:34.6293238Z     [90m[39;49;00m
PRE-RELEASE DEPENDENCIES	Run test suite	2026-10-02T14:06:34.6293564Z         ctx = _resolve_context_window(model, tokenizer)[90m[39;49;00m
PRE-RELEASE DEPENDENCIES	Run test suite	2026-10-02T14:06:34.6293915Z     [90m[39;49;00m
PRE-RELEASE DEPENDENCIES	Run test suite	2026-10-02T14:06:34.6294361Z         [90m# The encoding of an input includes special tokens (CLS, SEP, ...)[39;49;00m[90m[39;49;00m
PRE-RELEASE DEPENDENCIES	Run test suite	2026-10-02T14:06:34.6295046Z         [90m# added by the tokenizer. We have to account for those when deciding[39;49;00m[90m[39;49;00m
PRE-RELEASE DEPENDENCIES	Run test suite	2026-10-02T14:06:34.6295741Z         [90m# how many "content" tokens fit in one chunk -- otherwise we still[39;49;00m[90m[39;49;00m
PRE-RELEASE DEPENDENCIES	Run test suite	2026-10-02T14:06:34.6296287Z         [90m# overflow ctx by 1-2 tokens.[39;49;00m[90m[39;49;00m
PRE-RELEASE DEPENDENCIES	Run test suite	2026-10-02T14:06:34.6296757Z         cls_id = [96mgetattr[39;49;00m(tokenizer, [33m"[39;49;00m[33mcls_token_id[39;49;00m[33m"[39;49;00m, [94mNone[39;49;00m)[90m[39;49;00m
PRE-RELEASE DEPENDENCIES	Run test suite	2026-10-02T14:06:34.6297342Z         sep_id = [96mgetattr[39;49;00m(tokenizer, [33m"[39;49;00m[33msep_token_id[39;49;00m[33m"[39;49;00m, [94mNone[39;49;00m)[90m[39;49;00m
PRE-RELEASE DEPENDENCIES	Run test suite	2026-10-02T14:06:34.6297789Z         bos_id = [96mgetattr[39;49;00m(tokenizer, [33m"[39;49;00m[33mbos_token_id[39;49;00m[33m"[39;49;00m, [94mNone[39;49;00m)[90m[39;49;00m
PRE-RELEASE DEPENDENCIES	Run test suite	2026-10-02T14:06:34.6298232Z         eos_id = [96mgetattr[39;49;00m(tokenizer, [33m"[39;49;00m[33meos_token_id[39;49;00m[33m"[39;49;00m, [94mNone[39;49;00m)[90m[39;49;00m
PRE-RELEASE DEPENDENCIES	Run test suite	2026-10-02T14:06:34.6298678Z         pad_id = [96mgetattr[39;49;00m(tokenizer, [33m"[39;49;00m[33mpad_token_id[39;49;00m[33m"[39;49;00m, [94mNone[39;49;00m)[90m[39;49;00m
PRE-RELEASE DEPENDENCIES	Run test suite	2026-10-02T14:06:34.6299039Z         [94mif[39;49;00m pad_id [95mis[39;49;00m [94mNone[39;49;00m:[90m[39;49;00m
PRE-RELEASE DEPENDENCIES	Run test suite	2026-10-02T14:06:34.6299780Z             pad_id = eos_id [94mif[39;49;00m eos_id [95mis[39;49;00m [95mnot[39;49;00m [94mNone[39;49;00m [94melse[39;49;00m [94m0[39;49;00m[90m[39;49;00m
PRE-RELEASE DEPENDENCIES	Run test suite	2026-10-02T14:06:34.6300259Z         head_id = cls_id [94mif[39;49;00m cls_id [95mis[39;49;00m [95mnot[39;49;00m [94mNone[39;49;00m [94melse[39;49;00m bos_id[90m[39;49;00m
PRE-RELEASE DEPENDENCIES	Run test suite	2026-10-02T14:06:34.6300702Z         tail_id = sep_id [94mif[39;49;00m sep_id [95mis[39;49;00m [95mnot[39;49;00m [94mNone[39;49;00m [94melse[39;49;00m eos_id[90m[39;49;00m
PRE-RELEASE DEPENDENCIES	Run test suite	2026-10-02T14:06:34.6301229Z         head_cost = [94m1[39;49;00m [94mif[39;49;00m head_id [95mis[39;49;00m [95mnot[39;49;00m [94mNone[39;49;00m [94melse[39;49;00m [94m0[39;49;00m[90m[39;49;00m
PRE-RELEASE DEPENDENCIES	Run test suite	2026-10-02T14:06:34.6301756Z         tail_cost = [94m1[39;49;00m [94mif[39;49;00m tail_id [95mis[39;49;00m [95mnot[39;49;00m [94mNone[39;49;00m [94melse[39;49;00m [94m0[39;49;00m[90m[39;49;00m
PRE-RELEASE DEPENDENCIES	Run test suite	2026-10-02T14:06:34.6301951Z         inner_max = ctx - head_cost - tail_cost[90m[39;49;00m
PRE-RELEASE DEPENDENCIES	Run test suite	2026-10-02T14:06:34.6302171Z         [94mif[39;49;00m inner_max <= [94m0[39;49;00m:[90m[39;49;00m
PRE-RELEASE DEPENDENCIES	Run test suite	2026-10-02T14:06:34.6302398Z             [94mraise[39;49;00m [96mRuntimeError[39;49;00m([90m[39;49;00m
PRE-RELEASE DEPENDENCIES	Run test suite	2026-10-02T14:06:34.6362233Z                 [33mf[39;49;00m[33m"[39;49;00m[33mContext window [39;49;00m[33m{[39;49;00mctx[33m}[39;49;00m[33m too small after reserving room for [39;49;00m[33m"[39;49;00m[90m[39;49;00m
PRE-RELEASE DEPENDENCIES	Run test suite	2026-10-02T14:06:34.6363291Z                 [33mf[39;49;00m[33m"[39;49;00m[33mspecial tokens ([39;49;00m[33m{[39;49;00mhead_cost[33m}[39;49;00m[33m head + [39;49;00m[33m{[39;49;00mtail_cost[33m}[39;49;00m[33m tail).[39;49;00m[33m"[39;49;00m[90m[39;49;00m
PRE-RELEASE DEPENDENCIES	Run test suite	2026-10-02T14:06:34.6363455Z             )[90m[39;49;00m
PRE-RELEASE DEPENDENCIES	Run test suite	2026-10-02T14:06:34.6363583Z     [90m[39;49;00m
PRE-RELEASE DEPENDENCIES	Run test suite	2026-10-02T14:06:34.6364052Z         [90m# --- Step 1: tokenize each input WITHOUT truncation, then chunk. -------[39;49;00m[90m[39;49;00m
PRE-RELEASE DEPENDENCIES	Run test suite	2026-10-02T14:06:34.6364478Z         [90m# We carry chunk_to_input_idx so we can group chunks back per input[39;49;00m[90m[39;49;00m
PRE-RELEASE DEPENDENCIES	Run test suite	2026-10-02T14:06:34.6364717Z         [90m# after the forward pass.[39;49;00m[90m[39;49;00m
PRE-RELEASE DEPENDENCIES	Run test suite	2026-10-02T14:06:34.6365094Z         chunk_ids: [96mlist[39;49;00m[[96mlist[39;49;00m[[96mint[39;49;00m]] = [][90m[39;49;00m
PRE-RELEASE DEPENDENCIES	Run test suite	2026-10-02T14:06:34.6365479Z         chunk_attn: [96mlist[39;49;00m[[96mlist[39;49;00m[[96mint[39;49;00m]] = [][90m[39;49;00m
PRE-RELEASE DEPENDENCIES	Run test suite	2026-10-02T14:06:34.6365812Z         chunk_to_input_idx: [96mlist[39;49;00m[[96mint[39;49;00m] = [][90m[39;49;00m
PRE-RELEASE DEPENDENCIES	Run test suite	2026-10-02T14:06:34.6366044Z         overflow_warned = [94mFalse[39;49;00m[90m[39;49;00m
PRE-RELEASE DEPENDENCIES	Run test suite	2026-10-02T14:06:34.6366431Z         [94mfor[39;49;00m i, text [95min[39;49;00m [96menumerate[39;49;00m(inputs):[90m[39;49;00m
PRE-RELEASE DEPENDENCIES	Run test suite	2026-10-02T14:06:34.6366607Z             enc = tokenizer([90m[39;49;00m
PRE-RELEASE DEPENDENCIES	Run test suite	2026-10-02T14:06:34.6366765Z                 text,[90m[39;49;00m
PRE-RELEASE DEPENDENCIES	Run test suite	2026-10-02T14:06:34.6367030Z                 add_special_tokens=[94mFalse[39;49;00m,[90m[39;49;00m
PRE-RELEASE DEPENDENCIES	Run test suite	2026-10-02T14:06:34.6367367Z                 truncation=[94mFalse[39;49;00m,[90m[39;49;00m
PRE-RELEASE DEPENDENCIES	Run test suite	2026-10-02T14:06:34.6367543Z                 padding=[94mFalse[39;49;00m,[90m[39;49;00m
PRE-RELEASE DEPENDENCIES	Run test suite	2026-10-02T14:06:34.6367725Z                 return_tensors=[94mNone[39;49;00m,[90m[39;49;00m
PRE-RELEASE DEPENDENCIES	Run test suite	2026-10-02T14:06:34.6367936Z                 **(tokenizer_kwargs [95mor[39;49;00m {}),[90m[39;49;00m
PRE-RELEASE DEPENDENCIES	Run test suite	2026-10-02T14:06:34.6368051Z             )[90m[39;49;00m
PRE-RELEASE DEPENDENCIES	Run test suite	2026-10-02T14:06:34.6368331Z             ids = enc[[33m"[39;49;00m[33minput_ids[39;49;00m[33m"[39;49;00m][90m[39;49;00m
PRE-RELEASE DEPENDENCIES	Run test suite	2026-10-02T14:06:34.6368656Z             [90m# Some tokenizers return list[list[int]] for batch encoding;[39;49;00m[90m[39;49;00m
PRE-RELEASE DEPENDENCIES	Run test suite	2026-10-02T14:06:34.6369096Z             [90m# here we passed a single string so we expect list[int]. Coerce.[39;49;00m[90m[39;49;00m
PRE-RELEASE DEPENDENCIES	Run test suite	2026-10-02T14:06:34.6369832Z >           [94mif[39;49;00m ids [95mand[39;49;00m [96misinstance[39;49;00m(ids[[94m0[39;49;00m], [96mlist[39;49;00m):[90m[39;49;00m
PRE-RELEASE DEPENDENCIES	Run test suite	2026-10-02T14:06:34.6369973Z                ^^^[90m[39;49;00m
PRE-RELEASE DEPENDENCIES	Run test suite	2026-10-02T14:06:34.6370305Z [1m[31mE           RuntimeError: Boolean value of Tensor with more than one value is ambiguous[0m
PRE-RELEASE DEPENDENCIES	Run test suite	2026-10-02T14:06:34.6370311Z 
PRE-RELEASE DEPENDENCIES	Run test suite	2026-10-02T14:06:34.6370772Z [1m[31m/opt/hostedtoolcache/Python/3.12.14/x64/lib/python3.12/site-packages/embpy/models/dna_models.py[0m:223: RuntimeError
PRE-RELEASE DEPENDENCIES	Run test suite	2026-10-02T14:06:34.6371069Z [31m[1m_________________ TestGENALMWrapper.test_embed_batch_multiple __________________[0m
PRE-RELEASE DEPENDENCIES	Run test suite	2026-10-02T14:06:34.6371075Z 
PRE-RELEASE DEPENDENCIES	Run test suite	2026-10-02T14:06:34.6371276Z self = <models.test_dna_models.TestGENALMWrapper object at 0x7fa7f5f0d9a0>
PRE-RELEASE DEPENDENCIES	Run test suite	2026-10-02T14:06:34.6371282Z 
PRE-RELEASE DEPENDENCIES	Run test suite	2026-10-02T14:06:34.6371668Z     [0m[94mdef[39;49;00m[90m [39;49;00m[92mtest_embed_batch_multiple[39;49;00m([96mself[39;49;00m):[90m[39;49;00m
PRE-RELEASE DEPENDENCIES	Run test suite	2026-10-02T14:06:34.6371837Z         hidden_dim = [94m768[39;49;00m[90m[39;49;00m
PRE-RELEASE DEPENDENCIES	Run test suite	2026-10-02T14:06:34.6372031Z         w = [96mself[39;49;00m._loaded(hidden_dim)[90m[39;49;00m
PRE-RELEASE DEPENDENCIES	Run test suite	2026-10-02T14:06:34.6372679Z >       results = w.embed_batch([[33m"[39;49;00m[33mACGT[39;49;00m[33m"[39;49;00m, [33m"[39;49;00m[33mGCTA[39;49;00m[33m"[39;49;00m, [33m"[39;49;00m[33mTTTT[39;49;00m[33m"[39;49;00m])[90m[39;49;00m
PRE-RELEASE DEPENDENCIES	Run test suite	2026-10-02T14:06:34.6372850Z                   ^^^^^^^^^^^^^^^^^^^^^^^^^^^^^^^^^^^^^^^[90m[39;49;00m
PRE-RELEASE DEPENDENCIES	Run test suite	2026-10-02T14:06:34.6372856Z 
PRE-RELEASE DEPENDENCIES	Run test suite	2026-10-02T14:06:34.6373034Z [1m[31mtests/embpy/models/test_dna_models.py[0m:866: 
PRE-RELEASE DEPENDENCIES	Run test suite	2026-10-02T14:06:34.6373173Z _ _ _ _ _ _ _ _ _ _ _ _ _ _ _ _ _ _ _ _ _ _ _ _ _ _ _ _ _ _ _ _ _ _ _ _ _ _ _ _ 
PRE-RELEASE DEPENDENCIES	Run test suite	2026-10-02T14:06:34.6373631Z [1m[31m/opt/hostedtoolcache/Python/3.12.14/x64/lib/python3.12/site-packages/embpy/models/dna_models.py[0m:1955: in embed_batch
PRE-RELEASE DEPENDENCIES	Run test suite	2026-10-02T14:06:34.6373830Z     [0m[94mreturn[39;49;00m _hf_batched_embed([90m[39;49;00m
PRE-RELEASE DEPENDENCIES	Run test suite	2026-10-02T14:06:34.6373963Z _ _ _ _ _ _ _ _ _ _ _ _ _ _ _ _ _ _ _ _ _ _ _ _ _ _ _ _ _ _ _ _ _ _ _ _ _ _ _ _ 
PRE-RELEASE DEPENDENCIES	Run test suite	2026-10-02T14:06:34.6373969Z 
PRE-RELEASE DEPENDENCIES	Run test suite	2026-10-02T14:06:34.6374074Z model = <MagicMock id='140359077107072'>
PRE-RELEASE DEPENDENCIES	Run test suite	2026-10-02T14:06:34.6374254Z tokenizer = <MagicMock id='140359077105584'>, device = device(type='cpu')
PRE-RELEASE DEPENDENCIES	Run test suite	2026-10-02T14:06:34.6374439Z inputs = ['ACGT', 'GCTA', 'TTTT'], pooling_strategy = 'mean', batch_size = 16
PRE-RELEASE DEPENDENCIES	Run test suite	2026-10-02T14:06:34.6374603Z target_layer = None, tokenizer_kwargs = None, cast_float = False
PRE-RELEASE DEPENDENCIES	Run test suite	2026-10-02T14:06:34.6374608Z 
PRE-RELEASE DEPENDENCIES	Run test suite	2026-10-02T14:06:34.6374873Z     [0m[94mdef[39;49;00m[90m [39;49;00m[92m_hf_batched_embed[39;49;00m([90m[39;49;00m
PRE-RELEASE DEPENDENCIES	Run test suite	2026-10-02T14:06:34.6375003Z         model: Any,[90m[39;49;00m
PRE-RELEASE DEPENDENCIES	Run test suite	2026-10-02T14:06:34.6375131Z         tokenizer: Any,[90m[39;49;00m
PRE-RELEASE DEPENDENCIES	Run test suite	2026-10-02T14:06:34.6375257Z         device: Any,[90m[39;49;00m
PRE-RELEASE DEPENDENCIES	Run test suite	2026-10-02T14:06:34.6375444Z         inputs: Sequence[[96mstr[39;49;00m],[90m[39;49;00m
PRE-RELEASE DEPENDENCIES	Run test suite	2026-10-02T14:06:34.6375626Z         pooling_strategy: [96mstr[39;49;00m,[90m[39;49;00m
PRE-RELEASE DEPENDENCIES	Run test suite	2026-10-02T14:06:34.6375854Z         batch_size: [96mint[39;49;00m = [94m16[39;49;00m,[90m[39;49;00m
PRE-RELEASE DEPENDENCIES	Run test suite	2026-10-02T14:06:34.6376156Z         target_layer: [96mint[39;49;00m | [94mNone[39;49;00m = [94mNone[39;49;00m,[90m[39;49;00m
PRE-RELEASE DEPENDENCIES	Run test suite	2026-10-02T14:06:34.6376625Z         tokenizer_kwargs: [96mdict[39;49;00m | [94mNone[39;49;00m = [94mNone[39;49;00m,[90m[39;49;00m
PRE-RELEASE DEPENDENCIES	Run test suite	2026-10-02T14:06:34.6376859Z         cast_float: [96mbool[39;49;00m = [94mFalse[39;49;00m,[90m[39;49;00m
PRE-RELEASE DEPENDENCIES	Run test suite	2026-10-02T14:06:34.6377042Z     ) -> [96mlist[39;49;00m[np.ndarray]:[90m[39;49;00m
PRE-RELEASE DEPENDENCIES	Run test suite	2026-10-02T14:06:34.6377385Z     [90m    [39;49;00m[33m"""Chunked batched inference for HuggingFace-tokenizer DNA models.[39;49;00m
PRE-RELEASE DEPENDENCIES	Run test suite	2026-10-02T14:06:34.6377490Z     [33m[39;49;00m
PRE-RELEASE DEPENDENCIES	Run test suite	2026-10-02T14:06:34.6377779Z     [33m    Each input is tokenized without truncation, then split into chunks[39;49;00m
PRE-RELEASE DEPENDENCIES	Run test suite	2026-10-02T14:06:34.6378217Z     [33m    no larger than the model's context window (``max_position_embeddings``).[39;49;00m
PRE-RELEASE DEPENDENCIES	Run test suite	2026-10-02T14:06:34.6378518Z     [33m    Every chunk is embedded once; per-input results are mean-pooled across[39;49;00m
PRE-RELEASE DEPENDENCIES	Run test suite	2026-10-02T14:06:34.6378816Z     [33m    chunks so each input always produces a single output vector regardless[39;49;00m
PRE-RELEASE DEPENDENCIES	Run test suite	2026-10-02T14:06:34.6379107Z     [33m    of sequence length. Special tokens (CLS / SEP / BOS / EOS) are re-added[39;49;00m
PRE-RELEASE DEPENDENCIES	Run test suite	2026-10-02T14:06:34.6379380Z     [33m    to each chunk so the model sees a self-contained span every time.[39;49;00m
PRE-RELEASE DEPENDENCIES	Run test suite	2026-10-02T14:06:34.6379615Z     [33m[39;49;00m
PRE-RELEASE DEPENDENCIES	Run test suite	2026-10-02T14:06:34.6379820Z     [33m    Why chunking instead of plain truncation:[39;49;00m
PRE-RELEASE DEPENDENCIES	Run test suite	2026-10-02T14:06:34.6380075Z     [33m        Several DNA LMs in our catalog (GENA-LM BERT 4.5 kb context,[39;49;00m
PRE-RELEASE DEPENDENCIES	Run test suite	2026-10-02T14:06:34.6380332Z     [33m        GENA-LM BigBird 36 kb, Nucleotide Transformer ~12 kb) have[39;49;00m
PRE-RELEASE DEPENDENCIES	Run test suite	2026-10-02T14:06:34.6380573Z     [33m        context windows much smaller than a full gene locus[39;49;00m
PRE-RELEASE DEPENDENCIES	Run test suite	2026-10-02T14:06:34.6380806Z     [33m        (150 kb+). Plain truncation would silently throw away[39;49;00m
PRE-RELEASE DEPENDENCIES	Run test suite	2026-10-02T14:06:34.6381061Z     [33m        99% of the sequence and produce a near-degenerate embedding.[39;49;00m
PRE-RELEASE DEPENDENCIES	Run test suite	2026-10-02T14:06:34.6381308Z     [33m        Chunk-and-mean keeps full coverage at the cost of more[39;49;00m
PRE-RELEASE DEPENDENCIES	Run test suite	2026-10-02T14:06:34.6381485Z     [33m        forward passes for long inputs.[39;49;00m
PRE-RELEASE DEPENDENCIES	Run test suite	2026-10-02T14:06:34.6381591Z     [33m[39;49;00m
PRE-RELEASE DEPENDENCIES	Run test suite	2026-10-02T14:06:34.6381725Z     [33m    Pooling semantics:[39;49;00m
PRE-RELEASE DEPENDENCIES	Run test suite	2026-10-02T14:06:34.6381970Z     [33m        ``mean / max / cls / last`` are applied PER CHUNK first; the[39;49;00m
PRE-RELEASE DEPENDENCIES	Run test suite	2026-10-02T14:06:34.6382251Z     [33m        resulting one-vector-per-chunk embeddings are then mean-pooled[39;49;00m
PRE-RELEASE DEPENDENCIES	Run test suite	2026-10-02T14:06:34.6382409Z     [33m        across chunks per input.[39;49;00m
PRE-RELEASE DEPENDENCIES	Run test suite	2026-10-02T14:06:34.6382509Z     [33m[39;49;00m
PRE-RELEASE DEPENDENCIES	Run test suite	2026-10-02T14:06:34.6382774Z     [33m        ``none`` is not compatible with chunked inference (no canonical[39;49;00m
PRE-RELEASE DEPENDENCIES	Run test suite	2026-10-02T14:06:34.6383045Z     [33m        way to stitch per-token embeddings across overlapping spans).[39;49;00m
PRE-RELEASE DEPENDENCIES	Run test suite	2026-10-02T14:06:34.6383302Z     [33m        For short inputs that fit in one chunk we still honour it; for[39;49;00m
PRE-RELEASE DEPENDENCIES	Run test suite	2026-10-02T14:06:34.6383572Z     [33m        long inputs we raise NotImplementedError so the caller picks[39;49;00m
PRE-RELEASE DEPENDENCIES	Run test suite	2026-10-02T14:06:34.6383710Z     [33m        another strategy.[39;49;00m
PRE-RELEASE DEPENDENCIES	Run test suite	2026-10-02T14:06:34.6383841Z     [33m    """[39;49;00m[90m[39;49;00m
PRE-RELEASE DEPENDENCIES	Run test suite	2026-10-02T14:06:34.6384041Z         [94mif[39;49;00m [95mnot[39;49;00m inputs:[90m[39;49;00m
PRE-RELEASE DEPENDENCIES	Run test suite	2026-10-02T14:06:34.6384187Z             [94mreturn[39;49;00m [][90m[39;49;00m
PRE-RELEASE DEPENDENCIES	Run test suite	2026-10-02T14:06:34.6384291Z     [90m[39;49;00m
PRE-RELEASE DEPENDENCIES	Run test suite	2026-10-02T14:06:34.6384507Z         ctx = _resolve_context_window(model, tokenizer)[90m[39;49;00m
PRE-RELEASE DEPENDENCIES	Run test suite	2026-10-02T14:06:34.6384612Z     [90m[39;49;00m
PRE-RELEASE DEPENDENCIES	Run test suite	2026-10-02T14:06:34.6384942Z         [90m# The encoding of an input includes special tokens (CLS, SEP, ...)[39;49;00m[90m[39;49;00m
PRE-RELEASE DEPENDENCIES	Run test suite	2026-10-02T14:06:34.6385285Z         [90m# added by the tokenizer. We have to account for those when deciding[39;49;00m[90m[39;49;00m
PRE-RELEASE DEPENDENCIES	Run test suite	2026-10-02T14:06:34.6385611Z         [90m# how many "content" tokens fit in one chunk -- otherwise we still[39;49;00m[90m[39;49;00m
PRE-RELEASE DEPENDENCIES	Run test suite	2026-10-02T14:06:34.6385939Z         [90m# overflow ctx by 1-2 tokens.[39;49;00m[90m[39;49;00m
PRE-RELEASE DEPENDENCIES	Run test suite	2026-10-02T14:06:34.6386411Z         cls_id = [96mgetattr[39;49;00m(tokenizer, [33m"[39;49;00m[33mcls_token_id[39;49;00m[33m"[39;49;00m, [94mNone[39;49;00m)[90m[39;49;00m
PRE-RELEASE DEPENDENCIES	Run test suite	2026-10-02T14:06:34.6386864Z         sep_id = [96mgetattr[39;49;00m(tokenizer, [33m"[39;49;00m[33msep_token_id[39;49;00m[33m"[39;49;00m, [94mNone[39;49;00m)[90m[39;49;00m
PRE-RELEASE DEPENDENCIES	Run test suite	2026-10-02T14:06:34.6387313Z         bos_id = [96mgetattr[39;49;00m(tokenizer, [33m"[39;49;00m[33mbos_token_id[39;49;00m[33m"[39;49;00m, [94mNone[39;49;00m)[90m[39;49;00m
PRE-RELEASE DEPENDENCIES	Run test suite	2026-10-02T14:06:34.6387870Z         eos_id = [96mgetattr[39;49;00m(tokenizer, [33m"[39;49;00m[33meos_token_id[39;49;00m[33m"[39;49;00m, [94mNone[39;49;00m)[90m[39;49;00m
PRE-RELEASE DEPENDENCIES	Run test suite	2026-10-02T14:06:34.6388316Z         pad_id = [96mgetattr[39;49;00m(tokenizer, [33m"[39;49;00m[33mpad_token_id[39;49;00m[33m"[39;49;00m, [94mNone[39;49;00m)[90m[39;49;00m
PRE-RELEASE DEPENDENCIES	Run test suite	2026-10-02T14:06:34.6388571Z         [94mif[39;49;00m pad_id [95mis[39;49;00m [94mNone[39;49;00m:[90m[39;49;00m
PRE-RELEASE DEPENDENCIES	Run test suite	2026-10-02T14:06:34.6389063Z             pad_id = eos_id [94mif[39;49;00m eos_id [95mis[39;49;00m [95mnot[39;49;00m [94mNone[39;49;00m [94melse[39;49;00m [94m0[39;49;00m[90m[39;49;00m
PRE-RELEASE DEPENDENCIES	Run test suite	2026-10-02T14:06:34.6464200Z         head_id = cls_id [94mif[39;49;00m cls_id [95mis[39;49;00m [95mnot[39;49;00m [94mNone[39;49;00m [94melse[39;49;00m bos_id[90m[39;49;00m
PRE-RELEASE DEPENDENCIES	Run test suite	2026-10-02T14:06:34.6465084Z         tail_id = sep_id [94mif[39;49;00m sep_id [95mis[39;49;00m [95mnot[39;49;00m [94mNone[39;49;00m [94melse[39;49;00m eos_id[90m[39;49;00m
PRE-RELEASE DEPENDENCIES	Run test suite	2026-10-02T14:06:34.6465772Z         head_cost = [94m1[39;49;00m [94mif[39;49;00m head_id [95mis[39;49;00m [95mnot[39;49;00m [94mNone[39;49;00m [94melse[39;49;00m [94m0[39;49;00m[90m[39;49;00m
PRE-RELEASE DEPENDENCIES	Run test suite	2026-10-02T14:06:34.6466418Z         tail_cost = [94m1[39;49;00m [94mif[39;49;00m tail_id [95mis[39;49;00m [95mnot[39;49;00m [94mNone[39;49;00m [94melse[39;49;00m [94m0[39;49;00m[90m[39;49;00m
PRE-RELEASE DEPENDENCIES	Run test suite	2026-10-02T14:06:34.6466673Z         inner_max = ctx - head_cost - tail_cost[90m[39;49;00m
PRE-RELEASE DEPENDENCIES	Run test suite	2026-10-02T14:06:34.6466936Z         [94mif[39;49;00m inner_max <= [94m0[39;49;00m:[90m[39;49;00m
PRE-RELEASE DEPENDENCIES	Run test suite	2026-10-02T14:06:34.6467226Z             [94mraise[39;49;00m [96mRuntimeError[39;49;00m([90m[39;49;00m
PRE-RELEASE DEPENDENCIES	Run test suite	2026-10-02T14:06:34.6467855Z                 [33mf[39;49;00m[33m"[39;49;00m[33mContext window [39;49;00m[33m{[39;49;00mctx[33m}[39;49;00m[33m too small after reserving room for [39;49;00m[33m"[39;49;00m[90m[39;49;00m
PRE-RELEASE DEPENDENCIES	Run test suite	2026-10-02T14:06:34.6468575Z                 [33mf[39;49;00m[33m"[39;49;00m[33mspecial tokens ([39;49;00m[33m{[39;49;00mhead_cost[33m}[39;49;00m[33m head + [39;49;00m[33m{[39;49;00mtail_cost[33m}[39;49;00m[33m tail).[39;49;00m[33m"[39;49;00m[90m[39;49;00m
PRE-RELEASE DEPENDENCIES	Run test suite	2026-10-02T14:06:34.6468699Z             )[90m[39;49;00m
PRE-RELEASE DEPENDENCIES	Run test suite	2026-10-02T14:06:34.6468808Z     [90m[39;49;00m
PRE-RELEASE DEPENDENCIES	Run test suite	2026-10-02T14:06:34.6469176Z         [90m# --- Step 1: tokenize each input WITHOUT truncation, then chunk. -------[39;49;00m[90m[39;49;00m
PRE-RELEASE DEPENDENCIES	Run test suite	2026-10-02T14:06:34.6469810Z         [90m# We carry chunk_to_input_idx so we can group chunks back per input[39;49;00m[90m[39;49;00m
PRE-RELEASE DEPENDENCIES	Run test suite	2026-10-02T14:06:34.6470013Z         [90m# after the forward pass.[39;49;00m[90m[39;49;00m
PRE-RELEASE DEPENDENCIES	Run test suite	2026-10-02T14:06:34.6470324Z         chunk_ids: [96mlist[39;49;00m[[96mlist[39;49;00m[[96mint[39;49;00m]] = [][90m[39;49;00m
PRE-RELEASE DEPENDENCIES	Run test suite	2026-10-02T14:06:34.6470626Z         chunk_attn: [96mlist[39;49;00m[[96mlist[39;49;00m[[96mint[39;49;00m]] = [][90m[39;49;00m
PRE-RELEASE DEPENDENCIES	Run test suite	2026-10-02T14:06:34.6470884Z         chunk_to_input_idx: [96mlist[39;49;00m[[96mint[39;49;00m] = [][90m[39;49;00m
PRE-RELEASE DEPENDENCIES	Run test suite	2026-10-02T14:06:34.6471081Z         overflow_warned = [94mFalse[39;49;00m[90m[39;49;00m
PRE-RELEASE DEPENDENCIES	Run test suite	2026-10-02T14:06:34.6471385Z         [94mfor[39;49;00m i, text [95min[39;49;00m [96menumerate[39;49;00m(inputs):[90m[39;49;00m
PRE-RELEASE DEPENDENCIES	Run test suite	2026-10-02T14:06:34.6471697Z             enc = tokenizer([90m[39;49;00m
PRE-RELEASE DEPENDENCIES	Run test suite	2026-10-02T14:06:34.6471826Z                 text,[90m[39;49;00m
PRE-RELEASE DEPENDENCIES	Run test suite	2026-10-02T14:06:34.6472030Z                 add_special_tokens=[94mFalse[39;49;00m,[90m[39;49;00m
PRE-RELEASE DEPENDENCIES	Run test suite	2026-10-02T14:06:34.6472211Z                 truncation=[94mFalse[39;49;00m,[90m[39;49;00m
PRE-RELEASE DEPENDENCIES	Run test suite	2026-10-02T14:06:34.6472378Z                 padding=[94mFalse[39;49;00m,[90m[39;49;00m
PRE-RELEASE DEPENDENCIES	Run test suite	2026-10-02T14:06:34.6472566Z                 return_tensors=[94mNone[39;49;00m,[90m[39;49;00m
PRE-RELEASE DEPENDENCIES	Run test suite	2026-10-02T14:06:34.6472767Z                 **(tokenizer_kwargs [95mor[39;49;00m {}),[90m[39;49;00m
PRE-RELEASE DEPENDENCIES	Run test suite	2026-10-02T14:06:34.6472885Z             )[90m[39;49;00m
PRE-RELEASE DEPENDENCIES	Run test suite	2026-10-02T14:06:34.6473162Z             ids = enc[[33m"[39;49;00m[33minput_ids[39;49;00m[33m"[39;49;00m][90m[39;49;00m
PRE-RELEASE DEPENDENCIES	Run test suite	2026-10-02T14:06:34.6473593Z             [90m# Some tokenizers return list[list[int]] for batch encoding;[39;49;00m[90m[39;49;00m
PRE-RELEASE DEPENDENCIES	Run test suite	2026-10-02T14:06:34.6473917Z             [90m# here we passed a single string so we expect list[int]. Coerce.[39;49;00m[90m[39;49;00m
PRE-RELEASE DEPENDENCIES	Run test suite	2026-10-02T14:06:34.6474340Z >           [94mif[39;49;00m ids [95mand[39;49;00m [96misinstance[39;49;00m(ids[[94m0[39;49;00m], [96mlist[39;49;00m):[90m[39;49;00m
PRE-RELEASE DEPENDENCIES	Run test suite	2026-10-02T14:06:34.6474462Z                ^^^[90m[39;49;00m
PRE-RELEASE DEPENDENCIES	Run test suite	2026-10-02T14:06:34.6474781Z [1m[31mE           RuntimeError: Boolean value of Tensor with more than one value is ambiguous[0m
PRE-RELEASE DEPENDENCIES	Run test suite	2026-10-02T14:06:34.6474788Z 
PRE-RELEASE DEPENDENCIES	Run test suite	2026-10-02T14:06:34.6475239Z [1m[31m/opt/hostedtoolcache/Python/3.12.14/x64/lib/python3.12/site-packages/embpy/models/dna_models.py[0m:223: RuntimeError
PRE-RELEASE DEPENDENCIES	Run test suite	2026-10-02T14:06:34.6475536Z [31m[1m________________ TestGENALMWrapper.test_embed_output_is_float32 ________________[0m
PRE-RELEASE DEPENDENCIES	Run test suite	2026-10-02T14:06:34.6475546Z 
PRE-RELEASE DEPENDENCIES	Run test suite	2026-10-02T14:06:34.6475746Z self = <models.test_dna_models.TestGENALMWrapper object at 0x7fa7f5f0c1a0>
PRE-RELEASE DEPENDENCIES	Run test suite	2026-10-02T14:06:34.6475757Z 
PRE-RELEASE DEPENDENCIES	Run test suite	2026-10-02T14:06:34.6476149Z     [0m[94mdef[39;49;00m[90m [39;49;00m[92mtest_embed_output_is_float32[39;49;00m([96mself[39;49;00m):[90m[39;49;00m
PRE-RELEASE DEPENDENCIES	Run test suite	2026-10-02T14:06:34.6476522Z >       result = [96mself[39;49;00m._loaded().embed([33m"[39;49;00m[33mACGT[39;49;00m[33m"[39;49;00m)[90m[39;49;00m
PRE-RELEASE DEPENDENCIES	Run test suite	2026-10-02T14:06:34.6476679Z                  ^^^^^^^^^^^^^^^^^^^^^^^^^^^^[90m[39;49;00m
PRE-RELEASE DEPENDENCIES	Run test suite	2026-10-02T14:06:34.6476685Z 
PRE-RELEASE DEPENDENCIES	Run test suite	2026-10-02T14:06:34.6476873Z [1m[31mtests/embpy/models/test_dna_models.py[0m:871: 
PRE-RELEASE DEPENDENCIES	Run test suite	2026-10-02T14:06:34.6477016Z _ _ _ _ _ _ _ _ _ _ _ _ _ _ _ _ _ _ _ _ _ _ _ _ _ _ _ _ _ _ _ _ _ _ _ _ _ _ _ _ 
PRE-RELEASE DEPENDENCIES	Run test suite	2026-10-02T14:06:34.6477459Z [1m[31m/opt/hostedtoolcache/Python/3.12.14/x64/lib/python3.12/site-packages/embpy/models/dna_models.py[0m:1939: in embed
PRE-RELEASE DEPENDENCIES	Run test suite	2026-10-02T14:06:34.6477638Z     [0membeddings = _hf_batched_embed([90m[39;49;00m
PRE-RELEASE DEPENDENCIES	Run test suite	2026-10-02T14:06:34.6477776Z _ _ _ _ _ _ _ _ _ _ _ _ _ _ _ _ _ _ _ _ _ _ _ _ _ _ _ _ _ _ _ _ _ _ _ _ _ _ _ _ 
PRE-RELEASE DEPENDENCIES	Run test suite	2026-10-02T14:06:34.6477782Z 
PRE-RELEASE DEPENDENCIES	Run test suite	2026-10-02T14:06:34.6477879Z model = <MagicMock id='140359076893456'>
PRE-RELEASE DEPENDENCIES	Run test suite	2026-10-02T14:06:34.6478065Z tokenizer = <MagicMock id='140359076889808'>, device = device(type='cpu')
PRE-RELEASE DEPENDENCIES	Run test suite	2026-10-02T14:06:34.6478210Z inputs = ['ACGT'], pooling_strategy = 'mean', batch_size = 1
PRE-RELEASE DEPENDENCIES	Run test suite	2026-10-02T14:06:34.6478376Z target_layer = None, tokenizer_kwargs = None, cast_float = False
PRE-RELEASE DEPENDENCIES	Run test suite	2026-10-02T14:06:34.6478566Z 
PRE-RELEASE DEPENDENCIES	Run test suite	2026-10-02T14:06:34.6479033Z     [0m[94mdef[39;49;00m[90m [39;49;00m[92m_hf_batched_embed[39;49;00m([90m[39;49;00m
PRE-RELEASE DEPENDENCIES	Run test suite	2026-10-02T14:06:34.6479255Z         model: Any,[90m[39;49;00m
PRE-RELEASE DEPENDENCIES	Run test suite	2026-10-02T14:06:34.6479463Z         tokenizer: Any,[90m[39;49;00m
PRE-RELEASE DEPENDENCIES	Run test suite	2026-10-02T14:06:34.6479899Z         device: Any,[90m[39;49;00m
PRE-RELEASE DEPENDENCIES	Run test suite	2026-10-02T14:06:34.6480244Z         inputs: Sequence[[96mstr[39;49;00m],[90m[39;49;00m
PRE-RELEASE DEPENDENCIES	Run test suite	2026-10-02T14:06:34.6480576Z         pooling_strategy: [96mstr[39;49;00m,[90m[39;49;00m
PRE-RELEASE DEPENDENCIES	Run test suite	2026-10-02T14:06:34.6480998Z         batch_size: [96mint[39;49;00m = [94m16[39;49;00m,[90m[39;49;00m
PRE-RELEASE DEPENDENCIES	Run test suite	2026-10-02T14:06:34.6481536Z         target_layer: [96mint[39;49;00m | [94mNone[39;49;00m = [94mNone[39;49;00m,[90m[39;49;00m
PRE-RELEASE DEPENDENCIES	Run test suite	2026-10-02T14:06:34.6482414Z         tokenizer_kwargs: [96mdict[39;49;00m | [94mNone[39;49;00m = [94mNone[39;49;00m,[90m[39;49;00m
PRE-RELEASE DEPENDENCIES	Run test suite	2026-10-02T14:06:34.6482878Z         cast_float: [96mbool[39;49;00m = [94mFalse[39;49;00m,[90m[39;49;00m
PRE-RELEASE DEPENDENCIES	Run test suite	2026-10-02T14:06:34.6483214Z     ) -> [96mlist[39;49;00m[np.ndarray]:[90m[39;49;00m
PRE-RELEASE DEPENDENCIES	Run test suite	2026-10-02T14:06:34.6483858Z     [90m    [39;49;00m[33m"""Chunked batched inference for HuggingFace-tokenizer DNA models.[39;49;00m
PRE-RELEASE DEPENDENCIES	Run test suite	2026-10-02T14:06:34.6484053Z     [33m[39;49;00m
PRE-RELEASE DEPENDENCIES	Run test suite	2026-10-02T14:06:34.6484571Z     [33m    Each input is tokenized without truncation, then split into chunks[39;49;00m
PRE-RELEASE DEPENDENCIES	Run test suite	2026-10-02T14:06:34.6485093Z     [33m    no larger than the model's context window (``max_position_embeddings``).[39;49;00m
PRE-RELEASE DEPENDENCIES	Run test suite	2026-10-02T14:06:34.6485952Z     [33m    Every chunk is embedded once; per-input results are mean-pooled across[39;49;00m
PRE-RELEASE DEPENDENCIES	Run test suite	2026-10-02T14:06:34.6486506Z     [33m    chunks so each input always produces a single output vector regardless[39;49;00m
PRE-RELEASE DEPENDENCIES	Run test suite	2026-10-02T14:06:34.6487040Z     [33m    of sequence length. Special tokens (CLS / SEP / BOS / EOS) are re-added[39;49;00m
PRE-RELEASE DEPENDENCIES	Run test suite	2026-10-02T14:06:34.6487519Z     [33m    to each chunk so the model sees a self-contained span every time.[39;49;00m
PRE-RELEASE DEPENDENCIES	Run test suite	2026-10-02T14:06:34.6487698Z     [33m[39;49;00m
PRE-RELEASE DEPENDENCIES	Run test suite	2026-10-02T14:06:34.6488034Z     [33m    Why chunking instead of plain truncation:[39;49;00m
PRE-RELEASE DEPENDENCIES	Run test suite	2026-10-02T14:06:34.6488495Z     [33m        Several DNA LMs in our catalog (GENA-LM BERT 4.5 kb context,[39;49;00m
PRE-RELEASE DEPENDENCIES	Run test suite	2026-10-02T14:06:34.6488768Z     [33m        GENA-LM BigBird 36 kb, Nucleotide Transformer ~12 kb) have[39;49;00m
PRE-RELEASE DEPENDENCIES	Run test suite	2026-10-02T14:06:34.6489010Z     [33m        context windows much smaller than a full gene locus[39;49;00m
PRE-RELEASE DEPENDENCIES	Run test suite	2026-10-02T14:06:34.6489253Z     [33m        (150 kb+). Plain truncation would silently throw away[39;49;00m
PRE-RELEASE DEPENDENCIES	Run test suite	2026-10-02T14:06:34.6489800Z     [33m        99% of the sequence and produce a near-degenerate embedding.[39;49;00m
PRE-RELEASE DEPENDENCIES	Run test suite	2026-10-02T14:06:34.6490066Z     [33m        Chunk-and-mean keeps full coverage at the cost of more[39;49;00m
PRE-RELEASE DEPENDENCIES	Run test suite	2026-10-02T14:06:34.6490251Z     [33m        forward passes for long inputs.[39;49;00m
PRE-RELEASE DEPENDENCIES	Run test suite	2026-10-02T14:06:34.6490358Z     [33m[39;49;00m
PRE-RELEASE DEPENDENCIES	Run test suite	2026-10-02T14:06:34.6490493Z     [33m    Pooling semantics:[39;49;00m
PRE-RELEASE DEPENDENCIES	Run test suite	2026-10-02T14:06:34.6490741Z     [33m        ``mean / max / cls / last`` are applied PER CHUNK first; the[39;49;00m
PRE-RELEASE DEPENDENCIES	Run test suite	2026-10-02T14:06:34.6491026Z     [33m        resulting one-vector-per-chunk embeddings are then mean-pooled[39;49;00m
PRE-RELEASE DEPENDENCIES	Run test suite	2026-10-02T14:06:34.6491185Z     [33m        across chunks per input.[39;49;00m
PRE-RELEASE DEPENDENCIES	Run test suite	2026-10-02T14:06:34.6491288Z     [33m[39;49;00m
PRE-RELEASE DEPENDENCIES	Run test suite	2026-10-02T14:06:34.6491552Z     [33m        ``none`` is not compatible with chunked inference (no canonical[39;49;00m
PRE-RELEASE DEPENDENCIES	Run test suite	2026-10-02T14:06:34.6491827Z     [33m        way to stitch per-token embeddings across overlapping spans).[39;49;00m
PRE-RELEASE DEPENDENCIES	Run test suite	2026-10-02T14:06:34.6492085Z     [33m        For short inputs that fit in one chunk we still honour it; for[39;49;00m
PRE-RELEASE DEPENDENCIES	Run test suite	2026-10-02T14:06:34.6492350Z     [33m        long inputs we raise NotImplementedError so the caller picks[39;49;00m
PRE-RELEASE DEPENDENCIES	Run test suite	2026-10-02T14:06:34.6492489Z     [33m        another strategy.[39;49;00m
PRE-RELEASE DEPENDENCIES	Run test suite	2026-10-02T14:06:34.6492618Z     [33m    """[39;49;00m[90m[39;49;00m
PRE-RELEASE DEPENDENCIES	Run test suite	2026-10-02T14:06:34.6492822Z         [94mif[39;49;00m [95mnot[39;49;00m inputs:[90m[39;49;00m
PRE-RELEASE DEPENDENCIES	Run test suite	2026-10-02T14:06:34.6492969Z             [94mreturn[39;49;00m [][90m[39;49;00m
PRE-RELEASE DEPENDENCIES	Run test suite	2026-10-02T14:06:34.6493077Z     [90m[39;49;00m
PRE-RELEASE DEPENDENCIES	Run test suite	2026-10-02T14:06:34.6493291Z         ctx = _resolve_context_window(model, tokenizer)[90m[39;49;00m
PRE-RELEASE DEPENDENCIES	Run test suite	2026-10-02T14:06:34.6493395Z     [90m[39;49;00m
PRE-RELEASE DEPENDENCIES	Run test suite	2026-10-02T14:06:34.6493728Z         [90m# The encoding of an input includes special tokens (CLS, SEP, ...)[39;49;00m[90m[39;49;00m
PRE-RELEASE DEPENDENCIES	Run test suite	2026-10-02T14:06:34.6494071Z         [90m# added by the tokenizer. We have to account for those when deciding[39;49;00m[90m[39;49;00m
PRE-RELEASE DEPENDENCIES	Run test suite	2026-10-02T14:06:34.6494409Z         [90m# how many "content" tokens fit in one chunk -- otherwise we still[39;49;00m[90m[39;49;00m
PRE-RELEASE DEPENDENCIES	Run test suite	2026-10-02T14:06:34.6494791Z         [90m# overflow ctx by 1-2 tokens.[39;49;00m[90m[39;49;00m
PRE-RELEASE DEPENDENCIES	Run test suite	2026-10-02T14:06:34.6495264Z         cls_id = [96mgetattr[39;49;00m(tokenizer, [33m"[39;49;00m[33mcls_token_id[39;49;00m[33m"[39;49;00m, [94mNone[39;49;00m)[90m[39;49;00m
PRE-RELEASE DEPENDENCIES	Run test suite	2026-10-02T14:06:34.6495718Z         sep_id = [96mgetattr[39;49;00m(tokenizer, [33m"[39;49;00m[33msep_token_id[39;49;00m[33m"[39;49;00m, [94mNone[39;49;00m)[90m[39;49;00m
PRE-RELEASE DEPENDENCIES	Run test suite	2026-10-02T14:06:34.6607507Z         bos_id = [96mgetattr[39;49;00m(tokenizer, [33m"[39;49;00m[33mbos_token_id[39;49;00m[33m"[39;49;00m, [94mNone[39;49;00m)[90m[39;49;00m
PRE-RELEASE DEPENDENCIES	Run test suite	2026-10-02T14:06:34.6608543Z         eos_id = [96mgetattr[39;49;00m(tokenizer, [33m"[39;49;00m[33meos_token_id[39;49;00m[33m"[39;49;00m, [94mNone[39;49;00m)[90m[39;49;00m
PRE-RELEASE DEPENDENCIES	Run test suite	2026-10-02T14:06:34.6609345Z         pad_id = [96mgetattr[39;49;00m(tokenizer, [33m"[39;49;00m[33mpad_token_id[39;49;00m[33m"[39;49;00m, [94mNone[39;49;00m)[90m[39;49;00m
PRE-RELEASE DEPENDENCIES	Run test suite	2026-10-02T14:06:34.6610049Z         [94mif[39;49;00m pad_id [95mis[39;49;00m [94mNone[39;49;00m:[90m[39;49;00m
PRE-RELEASE DEPENDENCIES	Run test suite	2026-10-02T14:06:34.6610678Z             pad_id = eos_id [94mif[39;49;00m eos_id [95mis[39;49;00m [95mnot[39;49;00m [94mNone[39;49;00m [94melse[39;49;00m [94m0[39;49;00m[90m[39;49;00m
PRE-RELEASE DEPENDENCIES	Run test suite	2026-10-02T14:06:34.6611244Z         head_id = cls_id [94mif[39;49;00m cls_id [95mis[39;49;00m [95mnot[39;49;00m [94mNone[39;49;00m [94melse[39;49;00m bos_id[90m[39;49;00m
PRE-RELEASE DEPENDENCIES	Run test suite	2026-10-02T14:06:34.6611794Z         tail_id = sep_id [94mif[39;49;00m sep_id [95mis[39;49;00m [95mnot[39;49;00m [94mNone[39;49;00m [94melse[39;49;00m eos_id[90m[39;49;00m
PRE-RELEASE DEPENDENCIES	Run test suite	2026-10-02T14:06:34.6612451Z         head_cost = [94m1[39;49;00m [94mif[39;49;00m head_id [95mis[39;49;00m [95mnot[39;49;00m [94mNone[39;49;00m [94melse[39;49;00m [94m0[39;49;00m[90m[39;49;00m
PRE-RELEASE DEPENDENCIES	Run test suite	2026-10-02T14:06:34.6613107Z         tail_cost = [94m1[39;49;00m [94mif[39;49;00m tail_id [95mis[39;49;00m [95mnot[39;49;00m [94mNone[39;49;00m [94melse[39;49;00m [94m0[39;49;00m[90m[39;49;00m
PRE-RELEASE DEPENDENCIES	Run test suite	2026-10-02T14:06:34.6613360Z         inner_max = ctx - head_cost - tail_cost[90m[39;49;00m
PRE-RELEASE DEPENDENCIES	Run test suite	2026-10-02T14:06:34.6613623Z         [94mif[39;49;00m inner_max <= [94m0[39;49;00m:[90m[39;49;00m
PRE-RELEASE DEPENDENCIES	Run test suite	2026-10-02T14:06:34.6613905Z             [94mraise[39;49;00m [96mRuntimeError[39;49;00m([90m[39;49;00m
PRE-RELEASE DEPENDENCIES	Run test suite	2026-10-02T14:06:34.6614684Z                 [33mf[39;49;00m[33m"[39;49;00m[33mContext window [39;49;00m[33m{[39;49;00mctx[33m}[39;49;00m[33m too small after reserving room for [39;49;00m[33m"[39;49;00m[90m[39;49;00m
PRE-RELEASE DEPENDENCIES	Run test suite	2026-10-02T14:06:34.6615583Z                 [33mf[39;49;00m[33m"[39;49;00m[33mspecial tokens ([39;49;00m[33m{[39;49;00mhead_cost[33m}[39;49;00m[33m head + [39;49;00m[33m{[39;49;00mtail_cost[33m}[39;49;00m[33m tail).[39;49;00m[33m"[39;49;00m[90m[39;49;00m
PRE-RELEASE DEPENDENCIES	Run test suite	2026-10-02T14:06:34.6615736Z             )[90m[39;49;00m
PRE-RELEASE DEPENDENCIES	Run test suite	2026-10-02T14:06:34.6615869Z     [90m[39;49;00m
PRE-RELEASE DEPENDENCIES	Run test suite	2026-10-02T14:06:34.6616328Z         [90m# --- Step 1: tokenize each input WITHOUT truncation, then chunk. -------[39;49;00m[90m[39;49;00m
PRE-RELEASE DEPENDENCIES	Run test suite	2026-10-02T14:06:34.6616756Z         [90m# We carry chunk_to_input_idx so we can group chunks back per input[39;49;00m[90m[39;49;00m
PRE-RELEASE DEPENDENCIES	Run test suite	2026-10-02T14:06:34.6616990Z         [90m# after the forward pass.[39;49;00m[90m[39;49;00m
PRE-RELEASE DEPENDENCIES	Run test suite	2026-10-02T14:06:34.6617373Z         chunk_ids: [96mlist[39;49;00m[[96mlist[39;49;00m[[96mint[39;49;00m]] = [][90m[39;49;00m
PRE-RELEASE DEPENDENCIES	Run test suite	2026-10-02T14:06:34.6617730Z         chunk_attn: [96mlist[39;49;00m[[96mlist[39;49;00m[[96mint[39;49;00m]] = [][90m[39;49;00m
PRE-RELEASE DEPENDENCIES	Run test suite	2026-10-02T14:06:34.6617988Z         chunk_to_input_idx: [96mlist[39;49;00m[[96mint[39;49;00m] = [][90m[39;49;00m
PRE-RELEASE DEPENDENCIES	Run test suite	2026-10-02T14:06:34.6618182Z         overflow_warned = [94mFalse[39;49;00m[90m[39;49;00m
PRE-RELEASE DEPENDENCIES	Run test suite	2026-10-02T14:06:34.6618482Z         [94mfor[39;49;00m i, text [95min[39;49;00m [96menumerate[39;49;00m(inputs):[90m[39;49;00m
PRE-RELEASE DEPENDENCIES	Run test suite	2026-10-02T14:06:34.6618622Z             enc = tokenizer([90m[39;49;00m
PRE-RELEASE DEPENDENCIES	Run test suite	2026-10-02T14:06:34.6618896Z                 text,[90m[39;49;00m
PRE-RELEASE DEPENDENCIES	Run test suite	2026-10-02T14:06:34.6619101Z                 add_special_tokens=[94mFalse[39;49;00m,[90m[39;49;00m
PRE-RELEASE DEPENDENCIES	Run test suite	2026-10-02T14:06:34.6619280Z                 truncation=[94mFalse[39;49;00m,[90m[39;49;00m
PRE-RELEASE DEPENDENCIES	Run test suite	2026-10-02T14:06:34.6619580Z                 padding=[94mFalse[39;49;00m,[90m[39;49;00m
PRE-RELEASE DEPENDENCIES	Run test suite	2026-10-02T14:06:34.6619778Z                 return_tensors=[94mNone[39;49;00m,[90m[39;49;00m
PRE-RELEASE DEPENDENCIES	Run test suite	2026-10-02T14:06:34.6619981Z                 **(tokenizer_kwargs [95mor[39;49;00m {}),[90m[39;49;00m
PRE-RELEASE DEPENDENCIES	Run test suite	2026-10-02T14:06:34.6620097Z             )[90m[39;49;00m
PRE-RELEASE DEPENDENCIES	Run test suite	2026-10-02T14:06:34.6620378Z             ids = enc[[33m"[39;49;00m[33minput_ids[39;49;00m[33m"[39;49;00m][90m[39;49;00m
PRE-RELEASE DEPENDENCIES	Run test suite	2026-10-02T14:06:34.6620821Z             [90m# Some tokenizers return list[list[int]] for batch encoding;[39;49;00m[90m[39;49;00m
PRE-RELEASE DEPENDENCIES	Run test suite	2026-10-02T14:06:34.6621154Z             [90m# here we passed a single string so we expect list[int]. Coerce.[39;49;00m[90m[39;49;00m
PRE-RELEASE DEPENDENCIES	Run test suite	2026-10-02T14:06:34.6621580Z >           [94mif[39;49;00m ids [95mand[39;49;00m [96misinstance[39;49;00m(ids[[94m0[39;49;00m], [96mlist[39;49;00m):[90m[39;49;00m
PRE-RELEASE DEPENDENCIES	Run test suite	2026-10-02T14:06:34.6621703Z                ^^^[90m[39;49;00m
PRE-RELEASE DEPENDENCIES	Run test suite	2026-10-02T14:06:34.6622026Z [1m[31mE           RuntimeError: Boolean value of Tensor with more than one value is ambiguous[0m
PRE-RELEASE DEPENDENCIES	Run test suite	2026-10-02T14:06:34.6622033Z 
PRE-RELEASE DEPENDENCIES	Run test suite	2026-10-02T14:06:34.6622485Z [1m[31m/opt/hostedtoolcache/Python/3.12.14/x64/lib/python3.12/site-packages/embpy/models/dna_models.py[0m:223: RuntimeError
PRE-RELEASE DEPENDENCIES	Run test suite	2026-10-02T14:06:34.6622826Z [31m[1m____ TestNucleotideTransformerWrapper.test_embed_batch_empty_returns_empty _____[0m
PRE-RELEASE DEPENDENCIES	Run test suite	2026-10-02T14:06:34.6622832Z 
PRE-RELEASE DEPENDENCIES	Run test suite	2026-10-02T14:06:34.6623091Z self = <models.test_dna_models.TestNucleotideTransformerWrapper object at 0x7fa7f5f0d910>
PRE-RELEASE DEPENDENCIES	Run test suite	2026-10-02T14:06:34.6623105Z 
PRE-RELEASE DEPENDENCIES	Run test suite	2026-10-02T14:06:34.6623529Z     [0m[94mdef[39;49;00m[90m [39;49;00m[92mtest_embed_batch_empty_returns_empty[39;49;00m([96mself[39;49;00m):[90m[39;49;00m
PRE-RELEASE DEPENDENCIES	Run test suite	2026-10-02T14:06:34.6623721Z         w = NucleotideTransformerWrapper()[90m[39;49;00m
PRE-RELEASE DEPENDENCIES	Run test suite	2026-10-02T14:06:34.6623859Z         w.model = MagicMock()[90m[39;49;00m
PRE-RELEASE DEPENDENCIES	Run test suite	2026-10-02T14:06:34.6624161Z         w.device = torch.device([33m"[39;49;00m[33mcpu[39;49;00m[33m"[39;49;00m)[90m[39;49;00m
PRE-RELEASE DEPENDENCIES	Run test suite	2026-10-02T14:06:34.6624362Z >       [94massert[39;49;00m w.embed_batch([]) == [][90m[39;49;00m
PRE-RELEASE DEPENDENCIES	Run test suite	2026-10-02T14:06:34.6624498Z                ^^^^^^^^^^^^^^^^^[90m[39;49;00m
PRE-RELEASE DEPENDENCIES	Run test suite	2026-10-02T14:06:34.6624504Z 
PRE-RELEASE DEPENDENCIES	Run test suite	2026-10-02T14:06:34.6624683Z [1m[31mtests/embpy/models/test_dna_models.py[0m:912: 
PRE-RELEASE DEPENDENCIES	Run test suite	2026-10-02T14:06:34.6624820Z _ _ _ _ _ _ _ _ _ _ _ _ _ _ _ _ _ _ _ _ _ _ _ _ _ _ _ _ _ _ _ _ _ _ _ _ _ _ _ _ 
PRE-RELEASE DEPENDENCIES	Run test suite	2026-10-02T14:06:34.6624825Z 
PRE-RELEASE DEPENDENCIES	Run test suite	2026-10-02T14:06:34.6625073Z self = <embpy.models.dna_models.NucleotideTransformerWrapper object at 0x7fa7e4e76750>
PRE-RELEASE DEPENDENCIES	Run test suite	2026-10-02T14:06:34.6625239Z inputs = [], pooling_strategy = 'mean', batch_size = 16, kwargs = {}
PRE-RELEASE DEPENDENCIES	Run test suite	2026-10-02T14:06:34.6625245Z 
PRE-RELEASE DEPENDENCIES	Run test suite	2026-10-02T14:06:34.6625487Z     [0m[94mdef[39;49;00m[90m [39;49;00m[92membed_batch[39;49;00m([90m[39;49;00m
PRE-RELEASE DEPENDENCIES	Run test suite	2026-10-02T14:06:34.6625628Z         [96mself[39;49;00m,[90m[39;49;00m
PRE-RELEASE DEPENDENCIES	Run test suite	2026-10-02T14:06:34.6625809Z         inputs: Sequence[[96mstr[39;49;00m],[90m[39;49;00m
PRE-RELEASE DEPENDENCIES	Run test suite	2026-10-02T14:06:34.6626169Z         pooling_strategy: [96mstr[39;49;00m = [33m"[39;49;00m[33mmean[39;49;00m[33m"[39;49;00m,[90m[39;49;00m
PRE-RELEASE DEPENDENCIES	Run test suite	2026-10-02T14:06:34.6626390Z         batch_size: [96mint[39;49;00m = [94m16[39;49;00m,[90m[39;49;00m
PRE-RELEASE DEPENDENCIES	Run test suite	2026-10-02T14:06:34.6626520Z         **kwargs: Any,[90m[39;49;00m
PRE-RELEASE DEPENDENCIES	Run test suite	2026-10-02T14:06:34.6626692Z     ) -> [96mlist[39;49;00m[np.ndarray]:[90m[39;49;00m
PRE-RELEASE DEPENDENCIES	Run test suite	2026-10-02T14:06:34.6627568Z         [94mif[39;49;00m [96mself[39;49;00m.model [95mis[39;49;00m [94mNone[39;49;00m [95mor[39;49;00m [96mself[39;49;00m.device [95mis[39;49;00m [94mNone[39;49;00m [95mor[39;49;00m [96mself[39;49;00m.tokenizer [95mis[39;49;00m [94mNone[39;49;00m:[90m[39;49;00m
PRE-RELEASE DEPENDENCIES	Run test suite	2026-10-02T14:06:34.6628095Z >           [94mraise[39;49;00m [96mRuntimeError[39;49;00m([33m"[39;49;00m[33mNT model not loaded. Call load() first.[39;49;00m[33m"[39;49;00m)[90m[39;49;00m
PRE-RELEASE DEPENDENCIES	Run test suite	2026-10-02T14:06:34.6628568Z [1m[31mE           RuntimeError: NT model not loaded. Call load() first.[0m
PRE-RELEASE DEPENDENCIES	Run test suite	2026-10-02T14:06:34.6628574Z 
PRE-RELEASE DEPENDENCIES	Run test suite	2026-10-02T14:06:34.6629307Z [1m[31m/opt/hostedtoolcache/Python/3.12.14/x64/lib/python3.12/site-packages/embpy/models/dna_models.py[0m:2089: RuntimeError
PRE-RELEASE DEPENDENCIES	Run test suite	2026-10-02T14:06:34.6629776Z [31m[1m__________ TestNucleotideTransformerWrapper.test_embed_batch_multiple __________[0m
PRE-RELEASE DEPENDENCIES	Run test suite	2026-10-02T14:06:34.6629785Z 
PRE-RELEASE DEPENDENCIES	Run test suite	2026-10-02T14:06:34.6630036Z self = <models.test_dna_models.TestNucleotideTransformerWrapper object at 0x7fa7f5f2de80>
PRE-RELEASE DEPENDENCIES	Run test suite	2026-10-02T14:06:34.6630047Z 
PRE-RELEASE DEPENDENCIES	Run test suite	2026-10-02T14:06:34.6630583Z     [0m[94mdef[39;49;00m[90m [39;49;00m[92mtest_embed_batch_multiple[39;49;00m([96mself[39;49;00m):[90m[39;49;00m
PRE-RELEASE DEPENDENCIES	Run test suite	2026-10-02T14:06:34.6630754Z         w = [96mself[39;49;00m._loaded()[90m[39;49;00m
PRE-RELEASE DEPENDENCIES	Run test suite	2026-10-02T14:06:34.6631385Z >       results = w.embed_batch([[33m"[39;49;00m[33mACGT[39;49;00m[33m"[39;49;00m, [33m"[39;49;00m[33mGCTA[39;49;00m[33m"[39;49;00m, [33m"[39;49;00m[33mTTTT[39;49;00m[33m"[39;49;00m])[90m[39;49;00m
PRE-RELEASE DEPENDENCIES	Run test suite	2026-10-02T14:06:34.6631564Z                   ^^^^^^^^^^^^^^^^^^^^^^^^^^^^^^^^^^^^^^^[90m[39;49;00m
PRE-RELEASE DEPENDENCIES	Run test suite	2026-10-02T14:06:34.6631571Z 
PRE-RELEASE DEPENDENCIES	Run test suite	2026-10-02T14:06:34.6631756Z [1m[31mtests/embpy/models/test_dna_models.py[0m:986: 
PRE-RELEASE DEPENDENCIES	Run test suite	2026-10-02T14:06:34.6631891Z _ _ _ _ _ _ _ _ _ _ _ _ _ _ _ _ _ _ _ _ _ _ _ _ _ _ _ _ _ _ _ _ _ _ _ _ _ _ _ _ 
PRE-RELEASE DEPENDENCIES	Run test suite	2026-10-02T14:06:34.6632351Z [1m[31m/opt/hostedtoolcache/Python/3.12.14/x64/lib/python3.12/site-packages/embpy/models/dna_models.py[0m:2090: in embed_batch
PRE-RELEASE DEPENDENCIES	Run test suite	2026-10-02T14:06:34.6632540Z     [0m[94mreturn[39;49;00m _hf_batched_embed([90m[39;49;00m
PRE-RELEASE DEPENDENCIES	Run test suite	2026-10-02T14:06:34.6632679Z _ _ _ _ _ _ _ _ _ _ _ _ _ _ _ _ _ _ _ _ _ _ _ _ _ _ _ _ _ _ _ _ _ _ _ _ _ _ _ _ 
PRE-RELEASE DEPENDENCIES	Run test suite	2026-10-02T14:06:34.6632684Z 
PRE-RELEASE DEPENDENCIES	Run test suite	2026-10-02T14:06:34.6632782Z model = <MagicMock id='140359077155456'>
PRE-RELEASE DEPENDENCIES	Run test suite	2026-10-02T14:06:34.6632967Z tokenizer = <MagicMock id='140359096243536'>, device = device(type='cpu')
PRE-RELEASE DEPENDENCIES	Run test suite	2026-10-02T14:06:34.6633151Z inputs = ['ACGT', 'GCTA', 'TTTT'], pooling_strategy = 'mean', batch_size = 16
PRE-RELEASE DEPENDENCIES	Run test suite	2026-10-02T14:06:34.6633309Z target_layer = None, tokenizer_kwargs = None, cast_float = False
PRE-RELEASE DEPENDENCIES	Run test suite	2026-10-02T14:06:34.6633315Z 
PRE-RELEASE DEPENDENCIES	Run test suite	2026-10-02T14:06:34.6633585Z     [0m[94mdef[39;49;00m[90m [39;49;00m[92m_hf_batched_embed[39;49;00m([90m[39;49;00m
PRE-RELEASE DEPENDENCIES	Run test suite	2026-10-02T14:06:34.6633709Z         model: Any,[90m[39;49;00m
PRE-RELEASE DEPENDENCIES	Run test suite	2026-10-02T14:06:34.6633842Z         tokenizer: Any,[90m[39;49;00m
PRE-RELEASE DEPENDENCIES	Run test suite	2026-10-02T14:06:34.6633968Z         device: Any,[90m[39;49;00m
PRE-RELEASE DEPENDENCIES	Run test suite	2026-10-02T14:06:34.6634152Z         inputs: Sequence[[96mstr[39;49;00m],[90m[39;49;00m
PRE-RELEASE DEPENDENCIES	Run test suite	2026-10-02T14:06:34.6634340Z         pooling_strategy: [96mstr[39;49;00m,[90m[39;49;00m
PRE-RELEASE DEPENDENCIES	Run test suite	2026-10-02T14:06:34.6634558Z         batch_size: [96mint[39;49;00m = [94m16[39;49;00m,[90m[39;49;00m
PRE-RELEASE DEPENDENCIES	Run test suite	2026-10-02T14:06:34.6634866Z         target_layer: [96mint[39;49;00m | [94mNone[39;49;00m = [94mNone[39;49;00m,[90m[39;49;00m
PRE-RELEASE DEPENDENCIES	Run test suite	2026-10-02T14:06:34.6635197Z         tokenizer_kwargs: [96mdict[39;49;00m | [94mNone[39;49;00m = [94mNone[39;49;00m,[90m[39;49;00m
PRE-RELEASE DEPENDENCIES	Run test suite	2026-10-02T14:06:34.6635432Z         cast_float: [96mbool[39;49;00m = [94mFalse[39;49;00m,[90m[39;49;00m
PRE-RELEASE DEPENDENCIES	Run test suite	2026-10-02T14:06:34.6635604Z     ) -> [96mlist[39;49;00m[np.ndarray]:[90m[39;49;00m
PRE-RELEASE DEPENDENCIES	Run test suite	2026-10-02T14:06:34.6651402Z     [90m    [39;49;00m[33m"""Chunked batched inference for HuggingFace-tokenizer DNA models.[39;49;00m
PRE-RELEASE DEPENDENCIES	Run test suite	2026-10-02T14:06:34.6651596Z     [33m[39;49;00m
PRE-RELEASE DEPENDENCIES	Run test suite	2026-10-02T14:06:34.6652108Z     [33m    Each input is tokenized without truncation, then split into chunks[39;49;00m
PRE-RELEASE DEPENDENCIES	Run test suite	2026-10-02T14:06:34.6652446Z     [33m    no larger than the model's context window (``max_position_embeddings``).[39;49;00m
PRE-RELEASE DEPENDENCIES	Run test suite	2026-10-02T14:06:34.6652757Z     [33m    Every chunk is embedded once; per-input results are mean-pooled across[39;49;00m
PRE-RELEASE DEPENDENCIES	Run test suite	2026-10-02T14:06:34.6653063Z     [33m    chunks so each input always produces a single output vector regardless[39;49;00m
PRE-RELEASE DEPENDENCIES	Run test suite	2026-10-02T14:06:34.6653518Z     [33m    of sequence length. Special tokens (CLS / SEP / BOS / EOS) are re-added[39;49;00m
PRE-RELEASE DEPENDENCIES	Run test suite	2026-10-02T14:06:34.6653799Z     [33m    to each chunk so the model sees a self-contained span every time.[39;49;00m
PRE-RELEASE DEPENDENCIES	Run test suite	2026-10-02T14:06:34.6653902Z     [33m[39;49;00m
PRE-RELEASE DEPENDENCIES	Run test suite	2026-10-02T14:06:34.6654116Z     [33m    Why chunking instead of plain truncation:[39;49;00m
PRE-RELEASE DEPENDENCIES	Run test suite	2026-10-02T14:06:34.6654389Z     [33m        Several DNA LMs in our catalog (GENA-LM BERT 4.5 kb context,[39;49;00m
PRE-RELEASE DEPENDENCIES	Run test suite	2026-10-02T14:06:34.6654662Z     [33m        GENA-LM BigBird 36 kb, Nucleotide Transformer ~12 kb) have[39;49;00m
PRE-RELEASE DEPENDENCIES	Run test suite	2026-10-02T14:06:34.6654901Z     [33m        context windows much smaller than a full gene locus[39;49;00m
PRE-RELEASE DEPENDENCIES	Run test suite	2026-10-02T14:06:34.6655245Z     [33m        (150 kb+). Plain truncation would silently throw away[39;49;00m
PRE-RELEASE DEPENDENCIES	Run test suite	2026-10-02T14:06:34.6655505Z     [33m        99% of the sequence and produce a near-degenerate embedding.[39;49;00m
PRE-RELEASE DEPENDENCIES	Run test suite	2026-10-02T14:06:34.6655755Z     [33m        Chunk-and-mean keeps full coverage at the cost of more[39;49;00m
PRE-RELEASE DEPENDENCIES	Run test suite	2026-10-02T14:06:34.6655934Z     [33m        forward passes for long inputs.[39;49;00m
PRE-RELEASE DEPENDENCIES	Run test suite	2026-10-02T14:06:34.6656041Z     [33m[39;49;00m
PRE-RELEASE DEPENDENCIES	Run test suite	2026-10-02T14:06:34.6656176Z     [33m    Pooling semantics:[39;49;00m
PRE-RELEASE DEPENDENCIES	Run test suite	2026-10-02T14:06:34.6656419Z     [33m        ``mean / max / cls / last`` are applied PER CHUNK first; the[39;49;00m
PRE-RELEASE DEPENDENCIES	Run test suite	2026-10-02T14:06:34.6656708Z     [33m        resulting one-vector-per-chunk embeddings are then mean-pooled[39;49;00m
PRE-RELEASE DEPENDENCIES	Run test suite	2026-10-02T14:06:34.6656866Z     [33m        across chunks per input.[39;49;00m
PRE-RELEASE DEPENDENCIES	Run test suite	2026-10-02T14:06:34.6656966Z     [33m[39;49;00m
PRE-RELEASE DEPENDENCIES	Run test suite	2026-10-02T14:06:34.6657232Z     [33m        ``none`` is not compatible with chunked inference (no canonical[39;49;00m
PRE-RELEASE DEPENDENCIES	Run test suite	2026-10-02T14:06:34.6657502Z     [33m        way to stitch per-token embeddings across overlapping spans).[39;49;00m
PRE-RELEASE DEPENDENCIES	Run test suite	2026-10-02T14:06:34.6657766Z     [33m        For short inputs that fit in one chunk we still honour it; for[39;49;00m
PRE-RELEASE DEPENDENCIES	Run test suite	2026-10-02T14:06:34.6658034Z     [33m        long inputs we raise NotImplementedError so the caller picks[39;49;00m
PRE-RELEASE DEPENDENCIES	Run test suite	2026-10-02T14:06:34.6658172Z     [33m        another strategy.[39;49;00m
PRE-RELEASE DEPENDENCIES	Run test suite	2026-10-02T14:06:34.6658303Z     [33m    """[39;49;00m[90m[39;49;00m
PRE-RELEASE DEPENDENCIES	Run test suite	2026-10-02T14:06:34.6658507Z         [94mif[39;49;00m [95mnot[39;49;00m inputs:[90m[39;49;00m
PRE-RELEASE DEPENDENCIES	Run test suite	2026-10-02T14:06:34.6658655Z             [94mreturn[39;49;00m [][90m[39;49;00m
PRE-RELEASE DEPENDENCIES	Run test suite	2026-10-02T14:06:34.6658761Z     [90m[39;49;00m
PRE-RELEASE DEPENDENCIES	Run test suite	2026-10-02T14:06:34.6658977Z         ctx = _resolve_context_window(model, tokenizer)[90m[39;49;00m
PRE-RELEASE DEPENDENCIES	Run test suite	2026-10-02T14:06:34.6659081Z     [90m[39;49;00m
PRE-RELEASE DEPENDENCIES	Run test suite	2026-10-02T14:06:34.6659688Z         [90m# The encoding of an input includes special tokens (CLS, SEP, ...)[39;49;00m[90m[39;49;00m
PRE-RELEASE DEPENDENCIES	Run test suite	2026-10-02T14:06:34.6660073Z         [90m# added by the tokenizer. We have to account for those when deciding[39;49;00m[90m[39;49;00m
PRE-RELEASE DEPENDENCIES	Run test suite	2026-10-02T14:06:34.6660404Z         [90m# how many "content" tokens fit in one chunk -- otherwise we still[39;49;00m[90m[39;49;00m
PRE-RELEASE DEPENDENCIES	Run test suite	2026-10-02T14:06:34.6660609Z         [90m# overflow ctx by 1-2 tokens.[39;49;00m[90m[39;49;00m
PRE-RELEASE DEPENDENCIES	Run test suite	2026-10-02T14:06:34.6661080Z         cls_id = [96mgetattr[39;49;00m(tokenizer, [33m"[39;49;00m[33mcls_token_id[39;49;00m[33m"[39;49;00m, [94mNone[39;49;00m)[90m[39;49;00m
PRE-RELEASE DEPENDENCIES	Run test suite	2026-10-02T14:06:34.6661534Z         sep_id = [96mgetattr[39;49;00m(tokenizer, [33m"[39;49;00m[33msep_token_id[39;49;00m[33m"[39;49;00m, [94mNone[39;49;00m)[90m[39;49;00m
PRE-RELEASE DEPENDENCIES	Run test suite	2026-10-02T14:06:34.6661982Z         bos_id = [96mgetattr[39;49;00m(tokenizer, [33m"[39;49;00m[33mbos_token_id[39;49;00m[33m"[39;49;00m, [94mNone[39;49;00m)[90m[39;49;00m
PRE-RELEASE DEPENDENCIES	Run test suite	2026-10-02T14:06:34.6662427Z         eos_id = [96mgetattr[39;49;00m(tokenizer, [33m"[39;49;00m[33meos_token_id[39;49;00m[33m"[39;49;00m, [94mNone[39;49;00m)[90m[39;49;00m
PRE-RELEASE DEPENDENCIES	Run test suite	2026-10-02T14:06:34.6662874Z         pad_id = [96mgetattr[39;49;00m(tokenizer, [33m"[39;49;00m[33mpad_token_id[39;49;00m[33m"[39;49;00m, [94mNone[39;49;00m)[90m[39;49;00m
PRE-RELEASE DEPENDENCIES	Run test suite	2026-10-02T14:06:34.6663271Z         [94mif[39;49;00m pad_id [95mis[39;49;00m [94mNone[39;49;00m:[90m[39;49;00m
PRE-RELEASE DEPENDENCIES	Run test suite	2026-10-02T14:06:34.6663762Z             pad_id = eos_id [94mif[39;49;00m eos_id [95mis[39;49;00m [95mnot[39;49;00m [94mNone[39;49;00m [94melse[39;49;00m [94m0[39;49;00m[90m[39;49;00m
PRE-RELEASE DEPENDENCIES	Run test suite	2026-10-02T14:06:34.6664205Z         head_id = cls_id [94mif[39;49;00m cls_id [95mis[39;49;00m [95mnot[39;49;00m [94mNone[39;49;00m [94melse[39;49;00m bos_id[90m[39;49;00m
PRE-RELEASE DEPENDENCIES	Run test suite	2026-10-02T14:06:34.6664652Z         tail_id = sep_id [94mif[39;49;00m sep_id [95mis[39;49;00m [95mnot[39;49;00m [94mNone[39;49;00m [94melse[39;49;00m eos_id[90m[39;49;00m
PRE-RELEASE DEPENDENCIES	Run test suite	2026-10-02T14:06:34.6665173Z         head_cost = [94m1[39;49;00m [94mif[39;49;00m head_id [95mis[39;49;00m [95mnot[39;49;00m [94mNone[39;49;00m [94melse[39;49;00m [94m0[39;49;00m[90m[39;49;00m
PRE-RELEASE DEPENDENCIES	Run test suite	2026-10-02T14:06:34.6665860Z         tail_cost = [94m1[39;49;00m [94mif[39;49;00m tail_id [95mis[39;49;00m [95mnot[39;49;00m [94mNone[39;49;00m [94melse[39;49;00m [94m0[39;49;00m[90m[39;49;00m
PRE-RELEASE DEPENDENCIES	Run test suite	2026-10-02T14:06:34.6666062Z         inner_max = ctx - head_cost - tail_cost[90m[39;49;00m
PRE-RELEASE DEPENDENCIES	Run test suite	2026-10-02T14:06:34.6666265Z         [94mif[39;49;00m inner_max <= [94m0[39;49;00m:[90m[39;49;00m
PRE-RELEASE DEPENDENCIES	Run test suite	2026-10-02T14:06:34.6666493Z             [94mraise[39;49;00m [96mRuntimeError[39;49;00m([90m[39;49;00m
PRE-RELEASE DEPENDENCIES	Run test suite	2026-10-02T14:06:34.6667107Z                 [33mf[39;49;00m[33m"[39;49;00m[33mContext window [39;49;00m[33m{[39;49;00mctx[33m}[39;49;00m[33m too small after reserving room for [39;49;00m[33m"[39;49;00m[90m[39;49;00m
PRE-RELEASE DEPENDENCIES	Run test suite	2026-10-02T14:06:34.6667834Z                 [33mf[39;49;00m[33m"[39;49;00m[33mspecial tokens ([39;49;00m[33m{[39;49;00mhead_cost[33m}[39;49;00m[33m head + [39;49;00m[33m{[39;49;00mtail_cost[33m}[39;49;00m[33m tail).[39;49;00m[33m"[39;49;00m[90m[39;49;00m
PRE-RELEASE DEPENDENCIES	Run test suite	2026-10-02T14:06:34.6667957Z             )[90m[39;49;00m
PRE-RELEASE DEPENDENCIES	Run test suite	2026-10-02T14:06:34.6668059Z     [90m[39;49;00m
PRE-RELEASE DEPENDENCIES	Run test suite	2026-10-02T14:06:34.6668429Z         [90m# --- Step 1: tokenize each input WITHOUT truncation, then chunk. -------[39;49;00m[90m[39;49;00m
PRE-RELEASE DEPENDENCIES	Run test suite	2026-10-02T14:06:34.6668758Z         [90m# We carry chunk_to_input_idx so we can group chunks back per input[39;49;00m[90m[39;49;00m
PRE-RELEASE DEPENDENCIES	Run test suite	2026-10-02T14:06:34.6668948Z         [90m# after the forward pass.[39;49;00m[90m[39;49;00m
PRE-RELEASE DEPENDENCIES	Run test suite	2026-10-02T14:06:34.6669256Z         chunk_ids: [96mlist[39;49;00m[[96mlist[39;49;00m[[96mint[39;49;00m]] = [][90m[39;49;00m
PRE-RELEASE DEPENDENCIES	Run test suite	2026-10-02T14:06:34.6669712Z         chunk_attn: [96mlist[39;49;00m[[96mlist[39;49;00m[[96mint[39;49;00m]] = [][90m[39;49;00m
PRE-RELEASE DEPENDENCIES	Run test suite	2026-10-02T14:06:34.6669984Z         chunk_to_input_idx: [96mlist[39;49;00m[[96mint[39;49;00m] = [][90m[39;49;00m
PRE-RELEASE DEPENDENCIES	Run test suite	2026-10-02T14:06:34.6670177Z         overflow_warned = [94mFalse[39;49;00m[90m[39;49;00m
PRE-RELEASE DEPENDENCIES	Run test suite	2026-10-02T14:06:34.6670475Z         [94mfor[39;49;00m i, text [95min[39;49;00m [96menumerate[39;49;00m(inputs):[90m[39;49;00m
PRE-RELEASE DEPENDENCIES	Run test suite	2026-10-02T14:06:34.6670621Z             enc = tokenizer([90m[39;49;00m
PRE-RELEASE DEPENDENCIES	Run test suite	2026-10-02T14:06:34.6670743Z                 text,[90m[39;49;00m
PRE-RELEASE DEPENDENCIES	Run test suite	2026-10-02T14:06:34.6670956Z                 add_special_tokens=[94mFalse[39;49;00m,[90m[39;49;00m
PRE-RELEASE DEPENDENCIES	Run test suite	2026-10-02T14:06:34.6671131Z                 truncation=[94mFalse[39;49;00m,[90m[39;49;00m
PRE-RELEASE DEPENDENCIES	Run test suite	2026-10-02T14:06:34.6671302Z                 padding=[94mFalse[39;49;00m,[90m[39;49;00m
PRE-RELEASE DEPENDENCIES	Run test suite	2026-10-02T14:06:34.6671490Z                 return_tensors=[94mNone[39;49;00m,[90m[39;49;00m
PRE-RELEASE DEPENDENCIES	Run test suite	2026-10-02T14:06:34.6671692Z                 **(tokenizer_kwargs [95mor[39;49;00m {}),[90m[39;49;00m
PRE-RELEASE DEPENDENCIES	Run test suite	2026-10-02T14:06:34.6671807Z             )[90m[39;49;00m
PRE-RELEASE DEPENDENCIES	Run test suite	2026-10-02T14:06:34.6672078Z             ids = enc[[33m"[39;49;00m[33minput_ids[39;49;00m[33m"[39;49;00m][90m[39;49;00m
PRE-RELEASE DEPENDENCIES	Run test suite	2026-10-02T14:06:34.6672402Z             [90m# Some tokenizers return list[list[int]] for batch encoding;[39;49;00m[90m[39;49;00m
PRE-RELEASE DEPENDENCIES	Run test suite	2026-10-02T14:06:34.6672731Z             [90m# here we passed a single string so we expect list[int]. Coerce.[39;49;00m[90m[39;49;00m
PRE-RELEASE DEPENDENCIES	Run test suite	2026-10-02T14:06:34.6673280Z >           [94mif[39;49;00m ids [95mand[39;49;00m [96misinstance[39;49;00m(ids[[94m0[39;49;00m], [96mlist[39;49;00m):[90m[39;49;00m
PRE-RELEASE DEPENDENCIES	Run test suite	2026-10-02T14:06:34.6673403Z                ^^^[90m[39;49;00m
PRE-RELEASE DEPENDENCIES	Run test suite	2026-10-02T14:06:34.6673719Z [1m[31mE           RuntimeError: Boolean value of Tensor with more than one value is ambiguous[0m
PRE-RELEASE DEPENDENCIES	Run test suite	2026-10-02T14:06:34.6673725Z 
PRE-RELEASE DEPENDENCIES	Run test suite	2026-10-02T14:06:34.6674178Z [1m[31m/opt/hostedtoolcache/Python/3.12.14/x64/lib/python3.12/site-packages/embpy/models/dna_models.py[0m:223: RuntimeError
PRE-RELEASE DEPENDENCIES	Run test suite	2026-10-02T14:06:34.6674486Z [31m[1m___________ TestHyenaDNAWrapper.test_embed_batch_empty_returns_empty ___________[0m
PRE-RELEASE DEPENDENCIES	Run test suite	2026-10-02T14:06:34.6674493Z 
PRE-RELEASE DEPENDENCIES	Run test suite	2026-10-02T14:06:34.6674805Z self = <models.test_dna_models.TestHyenaDNAWrapper object at 0x7fa81ae155e0>
PRE-RELEASE DEPENDENCIES	Run test suite	2026-10-02T14:06:34.6674812Z 
PRE-RELEASE DEPENDENCIES	Run test suite	2026-10-02T14:06:34.6675241Z     [0m[94mdef[39;49;00m[90m [39;49;00m[92mtest_embed_batch_empty_returns_empty[39;49;00m([96mself[39;49;00m):[90m[39;49;00m
PRE-RELEASE DEPENDENCIES	Run test suite	2026-10-02T14:06:34.6675391Z         w = HyenaDNAWrapper()[90m[39;49;00m
PRE-RELEASE DEPENDENCIES	Run test suite	2026-10-02T14:06:34.6675531Z         w.model = MagicMock()[90m[39;49;00m
PRE-RELEASE DEPENDENCIES	Run test suite	2026-10-02T14:06:34.6675831Z         w.device = torch.device([33m"[39;49;00m[33mcpu[39;49;00m[33m"[39;49;00m)[90m[39;49;00m
PRE-RELEASE DEPENDENCIES	Run test suite	2026-10-02T14:06:34.6676032Z >       [94massert[39;49;00m w.embed_batch([]) == [][90m[39;49;00m
PRE-RELEASE DEPENDENCIES	Run test suite	2026-10-02T14:06:34.6676184Z                ^^^^^^^^^^^^^^^^^[90m[39;49;00m
PRE-RELEASE DEPENDENCIES	Run test suite	2026-10-02T14:06:34.6676190Z 
PRE-RELEASE DEPENDENCIES	Run test suite	2026-10-02T14:06:34.6676370Z [1m[31mtests/embpy/models/test_dna_models.py[0m:1052: 
PRE-RELEASE DEPENDENCIES	Run test suite	2026-10-02T14:06:34.6676513Z _ _ _ _ _ _ _ _ _ _ _ _ _ _ _ _ _ _ _ _ _ _ _ _ _ _ _ _ _ _ _ _ _ _ _ _ _ _ _ _ 
PRE-RELEASE DEPENDENCIES	Run test suite	2026-10-02T14:06:34.6676519Z 
PRE-RELEASE DEPENDENCIES	Run test suite	2026-10-02T14:06:34.6676716Z self = <embpy.models.dna_models.HyenaDNAWrapper object at 0x7fa7e4efc230>
PRE-RELEASE DEPENDENCIES	Run test suite	2026-10-02T14:06:34.6676885Z inputs = [], pooling_strategy = 'mean', batch_size = 16, kwargs = {}
PRE-RELEASE DEPENDENCIES	Run test suite	2026-10-02T14:06:34.6676891Z 
PRE-RELEASE DEPENDENCIES	Run test suite	2026-10-02T14:06:34.6677138Z     [0m[94mdef[39;49;00m[90m [39;49;00m[92membed_batch[39;49;00m([90m[39;49;00m
PRE-RELEASE DEPENDENCIES	Run test suite	2026-10-02T14:06:34.6677274Z         [96mself[39;49;00m,[90m[39;49;00m
PRE-RELEASE DEPENDENCIES	Run test suite	2026-10-02T14:06:34.6677460Z         inputs: Sequence[[96mstr[39;49;00m],[90m[39;49;00m
PRE-RELEASE DEPENDENCIES	Run test suite	2026-10-02T14:06:34.6759304Z         pooling_strategy: [96mstr[39;49;00m = [33m"[39;49;00m[33mmean[39;49;00m[33m"[39;49;00m,[90m[39;49;00m
PRE-RELEASE DEPENDENCIES	Run test suite	2026-10-02T14:06:34.6760162Z         batch_size: [96mint[39;49;00m = [94m16[39;49;00m,[90m[39;49;00m
PRE-RELEASE DEPENDENCIES	Run test suite	2026-10-02T14:06:34.6760420Z         **kwargs: Any,[90m[39;49;00m
PRE-RELEASE DEPENDENCIES	Run test suite	2026-10-02T14:06:34.6760645Z     ) -> [96mlist[39;49;00m[np.ndarray]:[90m[39;49;00m
PRE-RELEASE DEPENDENCIES	Run test suite	2026-10-02T14:06:34.6761739Z         [94mif[39;49;00m [96mself[39;49;00m.model [95mis[39;49;00m [94mNone[39;49;00m [95mor[39;49;00m [96mself[39;49;00m.device [95mis[39;49;00m [94mNone[39;49;00m [95mor[39;49;00m [96mself[39;49;00m.tokenizer [95mis[39;49;00m [94mNone[39;49;00m:[90m[39;49;00m
PRE-RELEASE DEPENDENCIES	Run test suite	2026-10-02T14:06:34.6762418Z >           [94mraise[39;49;00m [96mRuntimeError[39;49;00m([33m"[39;49;00m[33mHyenaDNA not loaded. Call load() first.[39;49;00m[33m"[39;49;00m)[90m[39;49;00m
PRE-RELEASE DEPENDENCIES	Run test suite	2026-10-02T14:06:34.6762721Z [1m[31mE           RuntimeError: HyenaDNA not loaded. Call load() first.[0m
PRE-RELEASE DEPENDENCIES	Run test suite	2026-10-02T14:06:34.6762729Z 
PRE-RELEASE DEPENDENCIES	Run test suite	2026-10-02T14:06:34.6763309Z [1m[31m/opt/hostedtoolcache/Python/3.12.14/x64/lib/python3.12/site-packages/embpy/models/dna_models.py[0m:2350: RuntimeError
PRE-RELEASE DEPENDENCIES	Run test suite	2026-10-02T14:06:34.6763686Z [31m[1m________________ TestHyenaDNAWrapper.test_embed_batch_multiple _________________[0m
PRE-RELEASE DEPENDENCIES	Run test suite	2026-10-02T14:06:34.6763693Z 
PRE-RELEASE DEPENDENCIES	Run test suite	2026-10-02T14:06:34.6763951Z self = <models.test_dna_models.TestHyenaDNAWrapper object at 0x7fa81adf7cb0>
PRE-RELEASE DEPENDENCIES	Run test suite	2026-10-02T14:06:34.6763958Z 
PRE-RELEASE DEPENDENCIES	Run test suite	2026-10-02T14:06:34.6764443Z     [0m[94mdef[39;49;00m[90m [39;49;00m[92mtest_embed_batch_multiple[39;49;00m([96mself[39;49;00m):[90m[39;49;00m
PRE-RELEASE DEPENDENCIES	Run test suite	2026-10-02T14:06:34.6764658Z         w = [96mself[39;49;00m._loaded()[90m[39;49;00m
PRE-RELEASE DEPENDENCIES	Run test suite	2026-10-02T14:06:34.6765458Z >       results = w.embed_batch([[33m"[39;49;00m[33mACGT[39;49;00m[33m"[39;49;00m, [33m"[39;49;00m[33mGCTA[39;49;00m[33m"[39;49;00m, [33m"[39;49;00m[33mTTTT[39;49;00m[33m"[39;49;00m])[90m[39;49;00m
PRE-RELEASE DEPENDENCIES	Run test suite	2026-10-02T14:06:34.6765919Z                   ^^^^^^^^^^^^^^^^^^^^^^^^^^^^^^^^^^^^^^^[90m[39;49;00m
PRE-RELEASE DEPENDENCIES	Run test suite	2026-10-02T14:06:34.6765927Z 
PRE-RELEASE DEPENDENCIES	Run test suite	2026-10-02T14:06:34.6766150Z [1m[31mtests/embpy/models/test_dna_models.py[0m:1117: 
PRE-RELEASE DEPENDENCIES	Run test suite	2026-10-02T14:06:34.6766323Z _ _ _ _ _ _ _ _ _ _ _ _ _ _ _ _ _ _ _ _ _ _ _ _ _ _ _ _ _ _ _ _ _ _ _ _ _ _ _ _ 
PRE-RELEASE DEPENDENCIES	Run test suite	2026-10-02T14:06:34.6766895Z [1m[31m/opt/hostedtoolcache/Python/3.12.14/x64/lib/python3.12/site-packages/embpy/models/dna_models.py[0m:2351: in embed_batch
PRE-RELEASE DEPENDENCIES	Run test suite	2026-10-02T14:06:34.6767139Z     [0m[94mreturn[39;49;00m _hf_batched_embed([90m[39;49;00m
PRE-RELEASE DEPENDENCIES	Run test suite	2026-10-02T14:06:34.6767442Z _ _ _ _ _ _ _ _ _ _ _ _ _ _ _ _ _ _ _ _ _ _ _ _ _ _ _ _ _ _ _ _ _ _ _ _ _ _ _ _ 
PRE-RELEASE DEPENDENCIES	Run test suite	2026-10-02T14:06:34.6767450Z 
PRE-RELEASE DEPENDENCIES	Run test suite	2026-10-02T14:06:34.6767567Z model = <MagicMock id='140359076901136'>
PRE-RELEASE DEPENDENCIES	Run test suite	2026-10-02T14:06:34.6767798Z tokenizer = <MagicMock id='140359077212816'>, device = device(type='cpu')
PRE-RELEASE DEPENDENCIES	Run test suite	2026-10-02T14:06:34.6768032Z inputs = ['ACGT', 'GCTA', 'TTTT'], pooling_strategy = 'mean', batch_size = 16
PRE-RELEASE DEPENDENCIES	Run test suite	2026-10-02T14:06:34.6768201Z target_layer = None, tokenizer_kwargs = None, cast_float = True
PRE-RELEASE DEPENDENCIES	Run test suite	2026-10-02T14:06:34.6768207Z 
PRE-RELEASE DEPENDENCIES	Run test suite	2026-10-02T14:06:34.6768479Z     [0m[94mdef[39;49;00m[90m [39;49;00m[92m_hf_batched_embed[39;49;00m([90m[39;49;00m
PRE-RELEASE DEPENDENCIES	Run test suite	2026-10-02T14:06:34.6768601Z         model: Any,[90m[39;49;00m
PRE-RELEASE DEPENDENCIES	Run test suite	2026-10-02T14:06:34.6768733Z         tokenizer: Any,[90m[39;49;00m
PRE-RELEASE DEPENDENCIES	Run test suite	2026-10-02T14:06:34.6768859Z         device: Any,[90m[39;49;00m
PRE-RELEASE DEPENDENCIES	Run test suite	2026-10-02T14:06:34.6769048Z         inputs: Sequence[[96mstr[39;49;00m],[90m[39;49;00m
PRE-RELEASE DEPENDENCIES	Run test suite	2026-10-02T14:06:34.6769230Z         pooling_strategy: [96mstr[39;49;00m,[90m[39;49;00m
PRE-RELEASE DEPENDENCIES	Run test suite	2026-10-02T14:06:34.6769667Z         batch_size: [96mint[39;49;00m = [94m16[39;49;00m,[90m[39;49;00m
PRE-RELEASE DEPENDENCIES	Run test suite	2026-10-02T14:06:34.6769995Z         target_layer: [96mint[39;49;00m | [94mNone[39;49;00m = [94mNone[39;49;00m,[90m[39;49;00m
PRE-RELEASE DEPENDENCIES	Run test suite	2026-10-02T14:06:34.6770329Z         tokenizer_kwargs: [96mdict[39;49;00m | [94mNone[39;49;00m = [94mNone[39;49;00m,[90m[39;49;00m
PRE-RELEASE DEPENDENCIES	Run test suite	2026-10-02T14:06:34.6770568Z         cast_float: [96mbool[39;49;00m = [94mFalse[39;49;00m,[90m[39;49;00m
PRE-RELEASE DEPENDENCIES	Run test suite	2026-10-02T14:06:34.6770736Z     ) -> [96mlist[39;49;00m[np.ndarray]:[90m[39;49;00m
PRE-RELEASE DEPENDENCIES	Run test suite	2026-10-02T14:06:34.6771081Z     [90m    [39;49;00m[33m"""Chunked batched inference for HuggingFace-tokenizer DNA models.[39;49;00m
PRE-RELEASE DEPENDENCIES	Run test suite	2026-10-02T14:06:34.6771190Z     [33m[39;49;00m
PRE-RELEASE DEPENDENCIES	Run test suite	2026-10-02T14:06:34.6771474Z     [33m    Each input is tokenized without truncation, then split into chunks[39;49;00m
PRE-RELEASE DEPENDENCIES	Run test suite	2026-10-02T14:06:34.6771777Z     [33m    no larger than the model's context window (``max_position_embeddings``).[39;49;00m
PRE-RELEASE DEPENDENCIES	Run test suite	2026-10-02T14:06:34.6772077Z     [33m    Every chunk is embedded once; per-input results are mean-pooled across[39;49;00m
PRE-RELEASE DEPENDENCIES	Run test suite	2026-10-02T14:06:34.6772373Z     [33m    chunks so each input always produces a single output vector regardless[39;49;00m
PRE-RELEASE DEPENDENCIES	Run test suite	2026-10-02T14:06:34.6772674Z     [33m    of sequence length. Special tokens (CLS / SEP / BOS / EOS) are re-added[39;49;00m
PRE-RELEASE DEPENDENCIES	Run test suite	2026-10-02T14:06:34.6772941Z     [33m    to each chunk so the model sees a self-contained span every time.[39;49;00m
PRE-RELEASE DEPENDENCIES	Run test suite	2026-10-02T14:06:34.6773049Z     [33m[39;49;00m
PRE-RELEASE DEPENDENCIES	Run test suite	2026-10-02T14:06:34.6773241Z     [33m    Why chunking instead of plain truncation:[39;49;00m
PRE-RELEASE DEPENDENCIES	Run test suite	2026-10-02T14:06:34.6773502Z     [33m        Several DNA LMs in our catalog (GENA-LM BERT 4.5 kb context,[39;49;00m
PRE-RELEASE DEPENDENCIES	Run test suite	2026-10-02T14:06:34.6773759Z     [33m        GENA-LM BigBird 36 kb, Nucleotide Transformer ~12 kb) have[39;49;00m
PRE-RELEASE DEPENDENCIES	Run test suite	2026-10-02T14:06:34.6773993Z     [33m        context windows much smaller than a full gene locus[39;49;00m
PRE-RELEASE DEPENDENCIES	Run test suite	2026-10-02T14:06:34.6774232Z     [33m        (150 kb+). Plain truncation would silently throw away[39;49;00m
PRE-RELEASE DEPENDENCIES	Run test suite	2026-10-02T14:06:34.6774487Z     [33m        99% of the sequence and produce a near-degenerate embedding.[39;49;00m
PRE-RELEASE DEPENDENCIES	Run test suite	2026-10-02T14:06:34.6774737Z     [33m        Chunk-and-mean keeps full coverage at the cost of more[39;49;00m
PRE-RELEASE DEPENDENCIES	Run test suite	2026-10-02T14:06:34.6775047Z     [33m        forward passes for long inputs.[39;49;00m
PRE-RELEASE DEPENDENCIES	Run test suite	2026-10-02T14:06:34.6775154Z     [33m[39;49;00m
PRE-RELEASE DEPENDENCIES	Run test suite	2026-10-02T14:06:34.6775293Z     [33m    Pooling semantics:[39;49;00m
PRE-RELEASE DEPENDENCIES	Run test suite	2026-10-02T14:06:34.6775531Z     [33m        ``mean / max / cls / last`` are applied PER CHUNK first; the[39;49;00m
PRE-RELEASE DEPENDENCIES	Run test suite	2026-10-02T14:06:34.6775819Z     [33m        resulting one-vector-per-chunk embeddings are then mean-pooled[39;49;00m
PRE-RELEASE DEPENDENCIES	Run test suite	2026-10-02T14:06:34.6775972Z     [33m        across chunks per input.[39;49;00m
PRE-RELEASE DEPENDENCIES	Run test suite	2026-10-02T14:06:34.6776078Z     [33m[39;49;00m
PRE-RELEASE DEPENDENCIES	Run test suite	2026-10-02T14:06:34.6776338Z     [33m        ``none`` is not compatible with chunked inference (no canonical[39;49;00m
PRE-RELEASE DEPENDENCIES	Run test suite	2026-10-02T14:06:34.6776720Z     [33m        way to stitch per-token embeddings across overlapping spans).[39;49;00m
PRE-RELEASE DEPENDENCIES	Run test suite	2026-10-02T14:06:34.6776986Z     [33m        For short inputs that fit in one chunk we still honour it; for[39;49;00m
PRE-RELEASE DEPENDENCIES	Run test suite	2026-10-02T14:06:34.6777247Z     [33m        long inputs we raise NotImplementedError so the caller picks[39;49;00m
PRE-RELEASE DEPENDENCIES	Run test suite	2026-10-02T14:06:34.6777389Z     [33m        another strategy.[39;49;00m
PRE-RELEASE DEPENDENCIES	Run test suite	2026-10-02T14:06:34.6777515Z     [33m    """[39;49;00m[90m[39;49;00m
PRE-RELEASE DEPENDENCIES	Run test suite	2026-10-02T14:06:34.6777716Z         [94mif[39;49;00m [95mnot[39;49;00m inputs:[90m[39;49;00m
PRE-RELEASE DEPENDENCIES	Run test suite	2026-10-02T14:06:34.6777868Z             [94mreturn[39;49;00m [][90m[39;49;00m
PRE-RELEASE DEPENDENCIES	Run test suite	2026-10-02T14:06:34.6777969Z     [90m[39;49;00m
PRE-RELEASE DEPENDENCIES	Run test suite	2026-10-02T14:06:34.6778187Z         ctx = _resolve_context_window(model, tokenizer)[90m[39;49;00m
PRE-RELEASE DEPENDENCIES	Run test suite	2026-10-02T14:06:34.6778285Z     [90m[39;49;00m
PRE-RELEASE DEPENDENCIES	Run test suite	2026-10-02T14:06:34.6778622Z         [90m# The encoding of an input includes special tokens (CLS, SEP, ...)[39;49;00m[90m[39;49;00m
PRE-RELEASE DEPENDENCIES	Run test suite	2026-10-02T14:06:34.6778962Z         [90m# added by the tokenizer. We have to account for those when deciding[39;49;00m[90m[39;49;00m
PRE-RELEASE DEPENDENCIES	Run test suite	2026-10-02T14:06:34.6779289Z         [90m# how many "content" tokens fit in one chunk -- otherwise we still[39;49;00m[90m[39;49;00m
PRE-RELEASE DEPENDENCIES	Run test suite	2026-10-02T14:06:34.6779790Z         [90m# overflow ctx by 1-2 tokens.[39;49;00m[90m[39;49;00m
PRE-RELEASE DEPENDENCIES	Run test suite	2026-10-02T14:06:34.6780290Z         cls_id = [96mgetattr[39;49;00m(tokenizer, [33m"[39;49;00m[33mcls_token_id[39;49;00m[33m"[39;49;00m, [94mNone[39;49;00m)[90m[39;49;00m
PRE-RELEASE DEPENDENCIES	Run test suite	2026-10-02T14:06:34.6780756Z         sep_id = [96mgetattr[39;49;00m(tokenizer, [33m"[39;49;00m[33msep_token_id[39;49;00m[33m"[39;49;00m, [94mNone[39;49;00m)[90m[39;49;00m
PRE-RELEASE DEPENDENCIES	Run test suite	2026-10-02T14:06:34.6781202Z         bos_id = [96mgetattr[39;49;00m(tokenizer, [33m"[39;49;00m[33mbos_token_id[39;49;00m[33m"[39;49;00m, [94mNone[39;49;00m)[90m[39;49;00m
PRE-RELEASE DEPENDENCIES	Run test suite	2026-10-02T14:06:34.6781649Z         eos_id = [96mgetattr[39;49;00m(tokenizer, [33m"[39;49;00m[33meos_token_id[39;49;00m[33m"[39;49;00m, [94mNone[39;49;00m)[90m[39;49;00m
PRE-RELEASE DEPENDENCIES	Run test suite	2026-10-02T14:06:34.6782103Z         pad_id = [96mgetattr[39;49;00m(tokenizer, [33m"[39;49;00m[33mpad_token_id[39;49;00m[33m"[39;49;00m, [94mNone[39;49;00m)[90m[39;49;00m
PRE-RELEASE DEPENDENCIES	Run test suite	2026-10-02T14:06:34.6782356Z         [94mif[39;49;00m pad_id [95mis[39;49;00m [94mNone[39;49;00m:[90m[39;49;00m
PRE-RELEASE DEPENDENCIES	Run test suite	2026-10-02T14:06:34.6782846Z             pad_id = eos_id [94mif[39;49;00m eos_id [95mis[39;49;00m [95mnot[39;49;00m [94mNone[39;49;00m [94melse[39;49;00m [94m0[39;49;00m[90m[39;49;00m
PRE-RELEASE DEPENDENCIES	Run test suite	2026-10-02T14:06:34.6783298Z         head_id = cls_id [94mif[39;49;00m cls_id [95mis[39;49;00m [95mnot[39;49;00m [94mNone[39;49;00m [94melse[39;49;00m bos_id[90m[39;49;00m
PRE-RELEASE DEPENDENCIES	Run test suite	2026-10-02T14:06:34.6783739Z         tail_id = sep_id [94mif[39;49;00m sep_id [95mis[39;49;00m [95mnot[39;49;00m [94mNone[39;49;00m [94melse[39;49;00m eos_id[90m[39;49;00m
PRE-RELEASE DEPENDENCIES	Run test suite	2026-10-02T14:06:34.6784268Z         head_cost = [94m1[39;49;00m [94mif[39;49;00m head_id [95mis[39;49;00m [95mnot[39;49;00m [94mNone[39;49;00m [94melse[39;49;00m [94m0[39;49;00m[90m[39;49;00m
PRE-RELEASE DEPENDENCIES	Run test suite	2026-10-02T14:06:34.6784782Z         tail_cost = [94m1[39;49;00m [94mif[39;49;00m tail_id [95mis[39;49;00m [95mnot[39;49;00m [94mNone[39;49;00m [94melse[39;49;00m [94m0[39;49;00m[90m[39;49;00m
PRE-RELEASE DEPENDENCIES	Run test suite	2026-10-02T14:06:34.6785125Z         inner_max = ctx - head_cost - tail_cost[90m[39;49;00m
PRE-RELEASE DEPENDENCIES	Run test suite	2026-10-02T14:06:34.6785336Z         [94mif[39;49;00m inner_max <= [94m0[39;49;00m:[90m[39;49;00m
PRE-RELEASE DEPENDENCIES	Run test suite	2026-10-02T14:06:34.6785556Z             [94mraise[39;49;00m [96mRuntimeError[39;49;00m([90m[39;49;00m
PRE-RELEASE DEPENDENCIES	Run test suite	2026-10-02T14:06:34.6786170Z                 [33mf[39;49;00m[33m"[39;49;00m[33mContext window [39;49;00m[33m{[39;49;00mctx[33m}[39;49;00m[33m too small after reserving room for [39;49;00m[33m"[39;49;00m[90m[39;49;00m
PRE-RELEASE DEPENDENCIES	Run test suite	2026-10-02T14:06:34.6786890Z                 [33mf[39;49;00m[33m"[39;49;00m[33mspecial tokens ([39;49;00m[33m{[39;49;00mhead_cost[33m}[39;49;00m[33m head + [39;49;00m[33m{[39;49;00mtail_cost[33m}[39;49;00m[33m tail).[39;49;00m[33m"[39;49;00m[90m[39;49;00m
PRE-RELEASE DEPENDENCIES	Run test suite	2026-10-02T14:06:34.6787117Z             )[90m[39;49;00m
PRE-RELEASE DEPENDENCIES	Run test suite	2026-10-02T14:06:34.6787223Z     [90m[39;49;00m
PRE-RELEASE DEPENDENCIES	Run test suite	2026-10-02T14:06:34.6907426Z         [90m# --- Step 1: tokenize each input WITHOUT truncation, then chunk. -------[39;49;00m[90m[39;49;00m
PRE-RELEASE DEPENDENCIES	Run test suite	2026-10-02T14:06:34.6908228Z         [90m# We carry chunk_to_input_idx so we can group chunks back per input[39;49;00m[90m[39;49;00m
PRE-RELEASE DEPENDENCIES	Run test suite	2026-10-02T14:06:34.6908490Z         [90m# after the forward pass.[39;49;00m[90m[39;49;00m
PRE-RELEASE DEPENDENCIES	Run test suite	2026-10-02T14:06:34.6908862Z         chunk_ids: [96mlist[39;49;00m[[96mlist[39;49;00m[[96mint[39;49;00m]] = [][90m[39;49;00m
PRE-RELEASE DEPENDENCIES	Run test suite	2026-10-02T14:06:34.6909236Z         chunk_attn: [96mlist[39;49;00m[[96mlist[39;49;00m[[96mint[39;49;00m]] = [][90m[39;49;00m
PRE-RELEASE DEPENDENCIES	Run test suite	2026-10-02T14:06:34.6909928Z         chunk_to_input_idx: [96mlist[39;49;00m[[96mint[39;49;00m] = [][90m[39;49;00m
PRE-RELEASE DEPENDENCIES	Run test suite	2026-10-02T14:06:34.6910191Z         overflow_warned = [94mFalse[39;49;00m[90m[39;49;00m
PRE-RELEASE DEPENDENCIES	Run test suite	2026-10-02T14:06:34.6910579Z         [94mfor[39;49;00m i, text [95min[39;49;00m [96menumerate[39;49;00m(inputs):[90m[39;49;00m
PRE-RELEASE DEPENDENCIES	Run test suite	2026-10-02T14:06:34.6910786Z             enc = tokenizer([90m[39;49;00m
PRE-RELEASE DEPENDENCIES	Run test suite	2026-10-02T14:06:34.6910950Z                 text,[90m[39;49;00m
PRE-RELEASE DEPENDENCIES	Run test suite	2026-10-02T14:06:34.6911212Z                 add_special_tokens=[94mFalse[39;49;00m,[90m[39;49;00m
PRE-RELEASE DEPENDENCIES	Run test suite	2026-10-02T14:06:34.6911432Z                 truncation=[94mFalse[39;49;00m,[90m[39;49;00m
PRE-RELEASE DEPENDENCIES	Run test suite	2026-10-02T14:06:34.6911648Z                 padding=[94mFalse[39;49;00m,[90m[39;49;00m
PRE-RELEASE DEPENDENCIES	Run test suite	2026-10-02T14:06:34.6911876Z                 return_tensors=[94mNone[39;49;00m,[90m[39;49;00m
PRE-RELEASE DEPENDENCIES	Run test suite	2026-10-02T14:06:34.6912133Z                 **(tokenizer_kwargs [95mor[39;49;00m {}),[90m[39;49;00m
PRE-RELEASE DEPENDENCIES	Run test suite	2026-10-02T14:06:34.6912271Z             )[90m[39;49;00m
PRE-RELEASE DEPENDENCIES	Run test suite	2026-10-02T14:06:34.6912619Z             ids = enc[[33m"[39;49;00m[33minput_ids[39;49;00m[33m"[39;49;00m][90m[39;49;00m
PRE-RELEASE DEPENDENCIES	Run test suite	2026-10-02T14:06:34.6913028Z             [90m# Some tokenizers return list[list[int]] for batch encoding;[39;49;00m[90m[39;49;00m
PRE-RELEASE DEPENDENCIES	Run test suite	2026-10-02T14:06:34.6913430Z             [90m# here we passed a single string so we expect list[int]. Coerce.[39;49;00m[90m[39;49;00m
PRE-RELEASE DEPENDENCIES	Run test suite	2026-10-02T14:06:34.6913965Z >           [94mif[39;49;00m ids [95mand[39;49;00m [96misinstance[39;49;00m(ids[[94m0[39;49;00m], [96mlist[39;49;00m):[90m[39;49;00m
PRE-RELEASE DEPENDENCIES	Run test suite	2026-10-02T14:06:34.6914110Z                ^^^[90m[39;49;00m
PRE-RELEASE DEPENDENCIES	Run test suite	2026-10-02T14:06:34.6914511Z [1m[31mE           RuntimeError: Boolean value of Tensor with more than one value is ambiguous[0m
PRE-RELEASE DEPENDENCIES	Run test suite	2026-10-02T14:06:34.6914520Z 
PRE-RELEASE DEPENDENCIES	Run test suite	2026-10-02T14:06:34.6915088Z [1m[31m/opt/hostedtoolcache/Python/3.12.14/x64/lib/python3.12/site-packages/embpy/models/dna_models.py[0m:223: RuntimeError
PRE-RELEASE DEPENDENCIES	Run test suite	2026-10-02T14:06:34.6915469Z [31m[1m___________ TestCaduceusWrapper.test_embed_batch_empty_returns_empty ___________[0m
PRE-RELEASE DEPENDENCIES	Run test suite	2026-10-02T14:06:34.6915476Z 
PRE-RELEASE DEPENDENCIES	Run test suite	2026-10-02T14:06:34.6915734Z self = <models.test_dna_models.TestCaduceusWrapper object at 0x7fa81ae15bb0>
PRE-RELEASE DEPENDENCIES	Run test suite	2026-10-02T14:06:34.6915745Z 
PRE-RELEASE DEPENDENCIES	Run test suite	2026-10-02T14:06:34.6916279Z     [0m[94mdef[39;49;00m[90m [39;49;00m[92mtest_embed_batch_empty_returns_empty[39;49;00m([96mself[39;49;00m):[90m[39;49;00m
PRE-RELEASE DEPENDENCIES	Run test suite	2026-10-02T14:06:34.6916674Z         w = CaduceusWrapper()[90m[39;49;00m
PRE-RELEASE DEPENDENCIES	Run test suite	2026-10-02T14:06:34.6916847Z         w.model = MagicMock()[90m[39;49;00m
PRE-RELEASE DEPENDENCIES	Run test suite	2026-10-02T14:06:34.6917219Z         w.device = torch.device([33m"[39;49;00m[33mcpu[39;49;00m[33m"[39;49;00m)[90m[39;49;00m
PRE-RELEASE DEPENDENCIES	Run test suite	2026-10-02T14:06:34.6917478Z >       [94massert[39;49;00m w.embed_batch([]) == [][90m[39;49;00m
PRE-RELEASE DEPENDENCIES	Run test suite	2026-10-02T14:06:34.6917643Z                ^^^^^^^^^^^^^^^^^[90m[39;49;00m
PRE-RELEASE DEPENDENCIES	Run test suite	2026-10-02T14:06:34.6917656Z 
PRE-RELEASE DEPENDENCIES	Run test suite	2026-10-02T14:06:34.6917885Z [1m[31mtests/embpy/models/test_dna_models.py[0m:1157: 
PRE-RELEASE DEPENDENCIES	Run test suite	2026-10-02T14:06:34.6918076Z _ _ _ _ _ _ _ _ _ _ _ _ _ _ _ _ _ _ _ _ _ _ _ _ _ _ _ _ _ _ _ _ _ _ _ _ _ _ _ _ 
PRE-RELEASE DEPENDENCIES	Run test suite	2026-10-02T14:06:34.6918085Z 
PRE-RELEASE DEPENDENCIES	Run test suite	2026-10-02T14:06:34.6918468Z self = <embpy.models.dna_models.CaduceusWrapper object at 0x7fa7e4efd7f0>
PRE-RELEASE DEPENDENCIES	Run test suite	2026-10-02T14:06:34.6918938Z inputs = [], pooling_strategy = 'mean', batch_size = 16, kwargs = {}
PRE-RELEASE DEPENDENCIES	Run test suite	2026-10-02T14:06:34.6918948Z 
PRE-RELEASE DEPENDENCIES	Run test suite	2026-10-02T14:06:34.6919397Z     [0m[94mdef[39;49;00m[90m [39;49;00m[92membed_batch[39;49;00m([90m[39;49;00m
PRE-RELEASE DEPENDENCIES	Run test suite	2026-10-02T14:06:34.6919717Z         [96mself[39;49;00m,[90m[39;49;00m
PRE-RELEASE DEPENDENCIES	Run test suite	2026-10-02T14:06:34.6919912Z         inputs: Sequence[[96mstr[39;49;00m],[90m[39;49;00m
PRE-RELEASE DEPENDENCIES	Run test suite	2026-10-02T14:06:34.6920272Z         pooling_strategy: [96mstr[39;49;00m = [33m"[39;49;00m[33mmean[39;49;00m[33m"[39;49;00m,[90m[39;49;00m
PRE-RELEASE DEPENDENCIES	Run test suite	2026-10-02T14:06:34.6920502Z         batch_size: [96mint[39;49;00m = [94m16[39;49;00m,[90m[39;49;00m
PRE-RELEASE DEPENDENCIES	Run test suite	2026-10-02T14:06:34.6920630Z         **kwargs: Any,[90m[39;49;00m
PRE-RELEASE DEPENDENCIES	Run test suite	2026-10-02T14:06:34.6920806Z     ) -> [96mlist[39;49;00m[np.ndarray]:[90m[39;49;00m
PRE-RELEASE DEPENDENCIES	Run test suite	2026-10-02T14:06:34.6921708Z         [94mif[39;49;00m [96mself[39;49;00m.model [95mis[39;49;00m [94mNone[39;49;00m [95mor[39;49;00m [96mself[39;49;00m.device [95mis[39;49;00m [94mNone[39;49;00m [95mor[39;49;00m [96mself[39;49;00m.tokenizer [95mis[39;49;00m [94mNone[39;49;00m:[90m[39;49;00m
PRE-RELEASE DEPENDENCIES	Run test suite	2026-10-02T14:06:34.6922254Z >           [94mraise[39;49;00m [96mRuntimeError[39;49;00m([33m"[39;49;00m[33mCaduceus not loaded. Call load() first.[39;49;00m[33m"[39;49;00m)[90m[39;49;00m
PRE-RELEASE DEPENDENCIES	Run test suite	2026-10-02T14:06:34.6922500Z [1m[31mE           RuntimeError: Caduceus not loaded. Call load() first.[0m
PRE-RELEASE DEPENDENCIES	Run test suite	2026-10-02T14:06:34.6922505Z 
PRE-RELEASE DEPENDENCIES	Run test suite	2026-10-02T14:06:34.6922974Z [1m[31m/opt/hostedtoolcache/Python/3.12.14/x64/lib/python3.12/site-packages/embpy/models/dna_models.py[0m:2472: RuntimeError
PRE-RELEASE DEPENDENCIES	Run test suite	2026-10-02T14:06:34.6923280Z [31m[1m________________ TestCaduceusWrapper.test_embed_batch_multiple _________________[0m
PRE-RELEASE DEPENDENCIES	Run test suite	2026-10-02T14:06:34.6923285Z 
PRE-RELEASE DEPENDENCIES	Run test suite	2026-10-02T14:06:34.6923495Z self = <models.test_dna_models.TestCaduceusWrapper object at 0x7fa7f5f337a0>
PRE-RELEASE DEPENDENCIES	Run test suite	2026-10-02T14:06:34.6923502Z 
PRE-RELEASE DEPENDENCIES	Run test suite	2026-10-02T14:06:34.6923885Z     [0m[94mdef[39;49;00m[90m [39;49;00m[92mtest_embed_batch_multiple[39;49;00m([96mself[39;49;00m):[90m[39;49;00m
PRE-RELEASE DEPENDENCIES	Run test suite	2026-10-02T14:06:34.6924059Z         w = [96mself[39;49;00m._loaded()[90m[39;49;00m
PRE-RELEASE DEPENDENCIES	Run test suite	2026-10-02T14:06:34.6924707Z >       results = w.embed_batch([[33m"[39;49;00m[33mACGT[39;49;00m[33m"[39;49;00m, [33m"[39;49;00m[33mGCTA[39;49;00m[33m"[39;49;00m, [33m"[39;49;00m[33mTTTT[39;49;00m[33m"[39;49;00m])[90m[39;49;00m
PRE-RELEASE DEPENDENCIES	Run test suite	2026-10-02T14:06:34.6924884Z                   ^^^^^^^^^^^^^^^^^^^^^^^^^^^^^^^^^^^^^^^[90m[39;49;00m
PRE-RELEASE DEPENDENCIES	Run test suite	2026-10-02T14:06:34.6924890Z 
PRE-RELEASE DEPENDENCIES	Run test suite	2026-10-02T14:06:34.6925075Z [1m[31mtests/embpy/models/test_dna_models.py[0m:1218: 
PRE-RELEASE DEPENDENCIES	Run test suite	2026-10-02T14:06:34.6925211Z _ _ _ _ _ _ _ _ _ _ _ _ _ _ _ _ _ _ _ _ _ _ _ _ _ _ _ _ _ _ _ _ _ _ _ _ _ _ _ _ 
PRE-RELEASE DEPENDENCIES	Run test suite	2026-10-02T14:06:34.6925682Z [1m[31m/opt/hostedtoolcache/Python/3.12.14/x64/lib/python3.12/site-packages/embpy/models/dna_models.py[0m:2473: in embed_batch
PRE-RELEASE DEPENDENCIES	Run test suite	2026-10-02T14:06:34.6925879Z     [0m[94mreturn[39;49;00m _hf_batched_embed([90m[39;49;00m
PRE-RELEASE DEPENDENCIES	Run test suite	2026-10-02T14:06:34.6926015Z _ _ _ _ _ _ _ _ _ _ _ _ _ _ _ _ _ _ _ _ _ _ _ _ _ _ _ _ _ _ _ _ _ _ _ _ _ _ _ _ 
PRE-RELEASE DEPENDENCIES	Run test suite	2026-10-02T14:06:34.6926020Z 
PRE-RELEASE DEPENDENCIES	Run test suite	2026-10-02T14:06:34.6926123Z model = <MagicMock id='140359076890528'>
PRE-RELEASE DEPENDENCIES	Run test suite	2026-10-02T14:06:34.6926308Z tokenizer = <MagicMock id='140359096243728'>, device = device(type='cpu')
PRE-RELEASE DEPENDENCIES	Run test suite	2026-10-02T14:06:34.6926637Z inputs = ['ACGT', 'GCTA', 'TTTT'], pooling_strategy = 'mean', batch_size = 16
PRE-RELEASE DEPENDENCIES	Run test suite	2026-10-02T14:06:34.6926804Z target_layer = None, tokenizer_kwargs = None, cast_float = True
PRE-RELEASE DEPENDENCIES	Run test suite	2026-10-02T14:06:34.6926810Z 
PRE-RELEASE DEPENDENCIES	Run test suite	2026-10-02T14:06:34.6927083Z     [0m[94mdef[39;49;00m[90m [39;49;00m[92m_hf_batched_embed[39;49;00m([90m[39;49;00m
PRE-RELEASE DEPENDENCIES	Run test suite	2026-10-02T14:06:34.6927215Z         model: Any,[90m[39;49;00m
PRE-RELEASE DEPENDENCIES	Run test suite	2026-10-02T14:06:34.6927342Z         tokenizer: Any,[90m[39;49;00m
PRE-RELEASE DEPENDENCIES	Run test suite	2026-10-02T14:06:34.6927470Z         device: Any,[90m[39;49;00m
PRE-RELEASE DEPENDENCIES	Run test suite	2026-10-02T14:06:34.6927660Z         inputs: Sequence[[96mstr[39;49;00m],[90m[39;49;00m
PRE-RELEASE DEPENDENCIES	Run test suite	2026-10-02T14:06:34.6927842Z         pooling_strategy: [96mstr[39;49;00m,[90m[39;49;00m
PRE-RELEASE DEPENDENCIES	Run test suite	2026-10-02T14:06:34.6928200Z         batch_size: [96mint[39;49;00m = [94m16[39;49;00m,[90m[39;49;00m
PRE-RELEASE DEPENDENCIES	Run test suite	2026-10-02T14:06:34.6928511Z         target_layer: [96mint[39;49;00m | [94mNone[39;49;00m = [94mNone[39;49;00m,[90m[39;49;00m
PRE-RELEASE DEPENDENCIES	Run test suite	2026-10-02T14:06:34.6928844Z         tokenizer_kwargs: [96mdict[39;49;00m | [94mNone[39;49;00m = [94mNone[39;49;00m,[90m[39;49;00m
PRE-RELEASE DEPENDENCIES	Run test suite	2026-10-02T14:06:34.6929077Z         cast_float: [96mbool[39;49;00m = [94mFalse[39;49;00m,[90m[39;49;00m
PRE-RELEASE DEPENDENCIES	Run test suite	2026-10-02T14:06:34.6929249Z     ) -> [96mlist[39;49;00m[np.ndarray]:[90m[39;49;00m
PRE-RELEASE DEPENDENCIES	Run test suite	2026-10-02T14:06:34.6929721Z     [90m    [39;49;00m[33m"""Chunked batched inference for HuggingFace-tokenizer DNA models.[39;49;00m
PRE-RELEASE DEPENDENCIES	Run test suite	2026-10-02T14:06:34.6929828Z     [33m[39;49;00m
PRE-RELEASE DEPENDENCIES	Run test suite	2026-10-02T14:06:34.6930115Z     [33m    Each input is tokenized without truncation, then split into chunks[39;49;00m
PRE-RELEASE DEPENDENCIES	Run test suite	2026-10-02T14:06:34.6930406Z     [33m    no larger than the model's context window (``max_position_embeddings``).[39;49;00m
PRE-RELEASE DEPENDENCIES	Run test suite	2026-10-02T14:06:34.6930708Z     [33m    Every chunk is embedded once; per-input results are mean-pooled across[39;49;00m
PRE-RELEASE DEPENDENCIES	Run test suite	2026-10-02T14:06:34.6931004Z     [33m    chunks so each input always produces a single output vector regardless[39;49;00m
PRE-RELEASE DEPENDENCIES	Run test suite	2026-10-02T14:06:34.6931300Z     [33m    of sequence length. Special tokens (CLS / SEP / BOS / EOS) are re-added[39;49;00m
PRE-RELEASE DEPENDENCIES	Run test suite	2026-10-02T14:06:34.6931570Z     [33m    to each chunk so the model sees a self-contained span every time.[39;49;00m
PRE-RELEASE DEPENDENCIES	Run test suite	2026-10-02T14:06:34.6931671Z     [33m[39;49;00m
PRE-RELEASE DEPENDENCIES	Run test suite	2026-10-02T14:06:34.6931870Z     [33m    Why chunking instead of plain truncation:[39;49;00m
PRE-RELEASE DEPENDENCIES	Run test suite	2026-10-02T14:06:34.6932129Z     [33m        Several DNA LMs in our catalog (GENA-LM BERT 4.5 kb context,[39;49;00m
PRE-RELEASE DEPENDENCIES	Run test suite	2026-10-02T14:06:34.6932378Z     [33m        GENA-LM BigBird 36 kb, Nucleotide Transformer ~12 kb) have[39;49;00m
PRE-RELEASE DEPENDENCIES	Run test suite	2026-10-02T14:06:34.6932616Z     [33m        context windows much smaller than a full gene locus[39;49;00m
PRE-RELEASE DEPENDENCIES	Run test suite	2026-10-02T14:06:34.6932845Z     [33m        (150 kb+). Plain truncation would silently throw away[39;49;00m
PRE-RELEASE DEPENDENCIES	Run test suite	2026-10-02T14:06:34.6933105Z     [33m        99% of the sequence and produce a near-degenerate embedding.[39;49;00m
PRE-RELEASE DEPENDENCIES	Run test suite	2026-10-02T14:06:34.6933350Z     [33m        Chunk-and-mean keeps full coverage at the cost of more[39;49;00m
PRE-RELEASE DEPENDENCIES	Run test suite	2026-10-02T14:06:34.6933530Z     [33m        forward passes for long inputs.[39;49;00m
PRE-RELEASE DEPENDENCIES	Run test suite	2026-10-02T14:06:34.6933635Z     [33m[39;49;00m
PRE-RELEASE DEPENDENCIES	Run test suite	2026-10-02T14:06:34.6933769Z     [33m    Pooling semantics:[39;49;00m
PRE-RELEASE DEPENDENCIES	Run test suite	2026-10-02T14:06:34.6934013Z     [33m        ``mean / max / cls / last`` are applied PER CHUNK first; the[39;49;00m
PRE-RELEASE DEPENDENCIES	Run test suite	2026-10-02T14:06:34.6934294Z     [33m        resulting one-vector-per-chunk embeddings are then mean-pooled[39;49;00m
PRE-RELEASE DEPENDENCIES	Run test suite	2026-10-02T14:06:34.6934450Z     [33m        across chunks per input.[39;49;00m
PRE-RELEASE DEPENDENCIES	Run test suite	2026-10-02T14:06:34.6934555Z     [33m[39;49;00m
PRE-RELEASE DEPENDENCIES	Run test suite	2026-10-02T14:06:34.6934817Z     [33m        ``none`` is not compatible with chunked inference (no canonical[39;49;00m
PRE-RELEASE DEPENDENCIES	Run test suite	2026-10-02T14:06:34.6935093Z     [33m        way to stitch per-token embeddings across overlapping spans).[39;49;00m
PRE-RELEASE DEPENDENCIES	Run test suite	2026-10-02T14:06:34.6935352Z     [33m        For short inputs that fit in one chunk we still honour it; for[39;49;00m
PRE-RELEASE DEPENDENCIES	Run test suite	2026-10-02T14:06:34.6935616Z     [33m        long inputs we raise NotImplementedError so the caller picks[39;49;00m
PRE-RELEASE DEPENDENCIES	Run test suite	2026-10-02T14:06:34.6935882Z     [33m        another strategy.[39;49;00m
PRE-RELEASE DEPENDENCIES	Run test suite	2026-10-02T14:06:34.6936013Z     [33m    """[39;49;00m[90m[39;49;00m
PRE-RELEASE DEPENDENCIES	Run test suite	2026-10-02T14:06:34.6936213Z         [94mif[39;49;00m [95mnot[39;49;00m inputs:[90m[39;49;00m
PRE-RELEASE DEPENDENCIES	Run test suite	2026-10-02T14:06:34.6964138Z             [94mreturn[39;49;00m [][90m[39;49;00m
PRE-RELEASE DEPENDENCIES	Run test suite	2026-10-02T14:06:34.6964400Z     [90m[39;49;00m
PRE-RELEASE DEPENDENCIES	Run test suite	2026-10-02T14:06:34.6964887Z         ctx = _resolve_context_window(model, tokenizer)[90m[39;49;00m
PRE-RELEASE DEPENDENCIES	Run test suite	2026-10-02T14:06:34.6965104Z     [90m[39;49;00m
PRE-RELEASE DEPENDENCIES	Run test suite	2026-10-02T14:06:34.6965751Z         [90m# The encoding of an input includes special tokens (CLS, SEP, ...)[39;49;00m[90m[39;49;00m
PRE-RELEASE DEPENDENCIES	Run test suite	2026-10-02T14:06:34.6966385Z         [90m# added by the tokenizer. We have to account for those when deciding[39;49;00m[90m[39;49;00m
PRE-RELEASE DEPENDENCIES	Run test suite	2026-10-02T14:06:34.6966795Z         [90m# how many "content" tokens fit in one chunk -- otherwise we still[39;49;00m[90m[39;49;00m
PRE-RELEASE DEPENDENCIES	Run test suite	2026-10-02T14:06:34.6967052Z         [90m# overflow ctx by 1-2 tokens.[39;49;00m[90m[39;49;00m
PRE-RELEASE DEPENDENCIES	Run test suite	2026-10-02T14:06:34.6967641Z         cls_id = [96mgetattr[39;49;00m(tokenizer, [33m"[39;49;00m[33mcls_token_id[39;49;00m[33m"[39;49;00m, [94mNone[39;49;00m)[90m[39;49;00m
PRE-RELEASE DEPENDENCIES	Run test suite	2026-10-02T14:06:34.6968215Z         sep_id = [96mgetattr[39;49;00m(tokenizer, [33m"[39;49;00m[33msep_token_id[39;49;00m[33m"[39;49;00m, [94mNone[39;49;00m)[90m[39;49;00m
PRE-RELEASE DEPENDENCIES	Run test suite	2026-10-02T14:06:34.6968664Z         bos_id = [96mgetattr[39;49;00m(tokenizer, [33m"[39;49;00m[33mbos_token_id[39;49;00m[33m"[39;49;00m, [94mNone[39;49;00m)[90m[39;49;00m
PRE-RELEASE DEPENDENCIES	Run test suite	2026-10-02T14:06:34.6969110Z         eos_id = [96mgetattr[39;49;00m(tokenizer, [33m"[39;49;00m[33meos_token_id[39;49;00m[33m"[39;49;00m, [94mNone[39;49;00m)[90m[39;49;00m
PRE-RELEASE DEPENDENCIES	Run test suite	2026-10-02T14:06:34.6969877Z         pad_id = [96mgetattr[39;49;00m(tokenizer, [33m"[39;49;00m[33mpad_token_id[39;49;00m[33m"[39;49;00m, [94mNone[39;49;00m)[90m[39;49;00m
PRE-RELEASE DEPENDENCIES	Run test suite	2026-10-02T14:06:34.6970153Z         [94mif[39;49;00m pad_id [95mis[39;49;00m [94mNone[39;49;00m:[90m[39;49;00m
PRE-RELEASE DEPENDENCIES	Run test suite	2026-10-02T14:06:34.6970646Z             pad_id = eos_id [94mif[39;49;00m eos_id [95mis[39;49;00m [95mnot[39;49;00m [94mNone[39;49;00m [94melse[39;49;00m [94m0[39;49;00m[90m[39;49;00m
PRE-RELEASE DEPENDENCIES	Run test suite	2026-10-02T14:06:34.6971093Z         head_id = cls_id [94mif[39;49;00m cls_id [95mis[39;49;00m [95mnot[39;49;00m [94mNone[39;49;00m [94melse[39;49;00m bos_id[90m[39;49;00m
PRE-RELEASE DEPENDENCIES	Run test suite	2026-10-02T14:06:34.6971538Z         tail_id = sep_id [94mif[39;49;00m sep_id [95mis[39;49;00m [95mnot[39;49;00m [94mNone[39;49;00m [94melse[39;49;00m eos_id[90m[39;49;00m
PRE-RELEASE DEPENDENCIES	Run test suite	2026-10-02T14:06:34.6972065Z         head_cost = [94m1[39;49;00m [94mif[39;49;00m head_id [95mis[39;49;00m [95mnot[39;49;00m [94mNone[39;49;00m [94melse[39;49;00m [94m0[39;49;00m[90m[39;49;00m
PRE-RELEASE DEPENDENCIES	Run test suite	2026-10-02T14:06:34.6972600Z         tail_cost = [94m1[39;49;00m [94mif[39;49;00m tail_id [95mis[39;49;00m [95mnot[39;49;00m [94mNone[39;49;00m [94melse[39;49;00m [94m0[39;49;00m[90m[39;49;00m
PRE-RELEASE DEPENDENCIES	Run test suite	2026-10-02T14:06:34.6972798Z         inner_max = ctx - head_cost - tail_cost[90m[39;49;00m
PRE-RELEASE DEPENDENCIES	Run test suite	2026-10-02T14:06:34.6973002Z         [94mif[39;49;00m inner_max <= [94m0[39;49;00m:[90m[39;49;00m
PRE-RELEASE DEPENDENCIES	Run test suite	2026-10-02T14:06:34.6973228Z             [94mraise[39;49;00m [96mRuntimeError[39;49;00m([90m[39;49;00m
PRE-RELEASE DEPENDENCIES	Run test suite	2026-10-02T14:06:34.6973844Z                 [33mf[39;49;00m[33m"[39;49;00m[33mContext window [39;49;00m[33m{[39;49;00mctx[33m}[39;49;00m[33m too small after reserving room for [39;49;00m[33m"[39;49;00m[90m[39;49;00m
PRE-RELEASE DEPENDENCIES	Run test suite	2026-10-02T14:06:34.6974563Z                 [33mf[39;49;00m[33m"[39;49;00m[33mspecial tokens ([39;49;00m[33m{[39;49;00mhead_cost[33m}[39;49;00m[33m head + [39;49;00m[33m{[39;49;00mtail_cost[33m}[39;49;00m[33m tail).[39;49;00m[33m"[39;49;00m[90m[39;49;00m
PRE-RELEASE DEPENDENCIES	Run test suite	2026-10-02T14:06:34.6974685Z             )[90m[39;49;00m
PRE-RELEASE DEPENDENCIES	Run test suite	2026-10-02T14:06:34.6974790Z     [90m[39;49;00m
PRE-RELEASE DEPENDENCIES	Run test suite	2026-10-02T14:06:34.6975150Z         [90m# --- Step 1: tokenize each input WITHOUT truncation, then chunk. -------[39;49;00m[90m[39;49;00m
PRE-RELEASE DEPENDENCIES	Run test suite	2026-10-02T14:06:34.6975684Z         [90m# We carry chunk_to_input_idx so we can group chunks back per input[39;49;00m[90m[39;49;00m
PRE-RELEASE DEPENDENCIES	Run test suite	2026-10-02T14:06:34.6975873Z         [90m# after the forward pass.[39;49;00m[90m[39;49;00m
PRE-RELEASE DEPENDENCIES	Run test suite	2026-10-02T14:06:34.6976179Z         chunk_ids: [96mlist[39;49;00m[[96mlist[39;49;00m[[96mint[39;49;00m]] = [][90m[39;49;00m
PRE-RELEASE DEPENDENCIES	Run test suite	2026-10-02T14:06:34.6976475Z         chunk_attn: [96mlist[39;49;00m[[96mlist[39;49;00m[[96mint[39;49;00m]] = [][90m[39;49;00m
PRE-RELEASE DEPENDENCIES	Run test suite	2026-10-02T14:06:34.6976753Z         chunk_to_input_idx: [96mlist[39;49;00m[[96mint[39;49;00m] = [][90m[39;49;00m
PRE-RELEASE DEPENDENCIES	Run test suite	2026-10-02T14:06:34.6976943Z         overflow_warned = [94mFalse[39;49;00m[90m[39;49;00m
PRE-RELEASE DEPENDENCIES	Run test suite	2026-10-02T14:06:34.6977356Z         [94mfor[39;49;00m i, text [95min[39;49;00m [96menumerate[39;49;00m(inputs):[90m[39;49;00m
PRE-RELEASE DEPENDENCIES	Run test suite	2026-10-02T14:06:34.6977497Z             enc = tokenizer([90m[39;49;00m
PRE-RELEASE DEPENDENCIES	Run test suite	2026-10-02T14:06:34.6977623Z                 text,[90m[39;49;00m
PRE-RELEASE DEPENDENCIES	Run test suite	2026-10-02T14:06:34.6977834Z                 add_special_tokens=[94mFalse[39;49;00m,[90m[39;49;00m
PRE-RELEASE DEPENDENCIES	Run test suite	2026-10-02T14:06:34.6978013Z                 truncation=[94mFalse[39;49;00m,[90m[39;49;00m
PRE-RELEASE DEPENDENCIES	Run test suite	2026-10-02T14:06:34.6978189Z                 padding=[94mFalse[39;49;00m,[90m[39;49;00m
PRE-RELEASE DEPENDENCIES	Run test suite	2026-10-02T14:06:34.6978381Z                 return_tensors=[94mNone[39;49;00m,[90m[39;49;00m
PRE-RELEASE DEPENDENCIES	Run test suite	2026-10-02T14:06:34.6978583Z                 **(tokenizer_kwargs [95mor[39;49;00m {}),[90m[39;49;00m
PRE-RELEASE DEPENDENCIES	Run test suite	2026-10-02T14:06:34.6978701Z             )[90m[39;49;00m
PRE-RELEASE DEPENDENCIES	Run test suite	2026-10-02T14:06:34.6978991Z             ids = enc[[33m"[39;49;00m[33minput_ids[39;49;00m[33m"[39;49;00m][90m[39;49;00m
PRE-RELEASE DEPENDENCIES	Run test suite	2026-10-02T14:06:34.6979310Z             [90m# Some tokenizers return list[list[int]] for batch encoding;[39;49;00m[90m[39;49;00m
PRE-RELEASE DEPENDENCIES	Run test suite	2026-10-02T14:06:34.6979779Z             [90m# here we passed a single string so we expect list[int]. Coerce.[39;49;00m[90m[39;49;00m
PRE-RELEASE DEPENDENCIES	Run test suite	2026-10-02T14:06:34.6980212Z >           [94mif[39;49;00m ids [95mand[39;49;00m [96misinstance[39;49;00m(ids[[94m0[39;49;00m], [96mlist[39;49;00m):[90m[39;49;00m
PRE-RELEASE DEPENDENCIES	Run test suite	2026-10-02T14:06:34.6980336Z                ^^^[90m[39;49;00m
PRE-RELEASE DEPENDENCIES	Run test suite	2026-10-02T14:06:34.6980655Z [1m[31mE           RuntimeError: Boolean value of Tensor with more than one value is ambiguous[0m
PRE-RELEASE DEPENDENCIES	Run test suite	2026-10-02T14:06:34.6980661Z 
PRE-RELEASE DEPENDENCIES	Run test suite	2026-10-02T14:06:34.6981114Z [1m[31m/opt/hostedtoolcache/Python/3.12.14/x64/lib/python3.12/site-packages/embpy/models/dna_models.py[0m:223: RuntimeError
PRE-RELEASE DEPENDENCIES	Run test suite	2026-10-02T14:06:34.6981406Z [31m[1m____________________ TestChembertaWrapper.test_embed_batch _____________________[0m
PRE-RELEASE DEPENDENCIES	Run test suite	2026-10-02T14:06:34.6981412Z 
PRE-RELEASE DEPENDENCIES	Run test suite	2026-10-02T14:06:34.6981643Z self = <models.test_molecule_models.TestChembertaWrapper object at 0x7fa81ae16e70>
PRE-RELEASE DEPENDENCIES	Run test suite	2026-10-02T14:06:34.6981652Z 
PRE-RELEASE DEPENDENCIES	Run test suite	2026-10-02T14:06:34.6981994Z     [0m[94mdef[39;49;00m[90m [39;49;00m[92mtest_embed_batch[39;49;00m([96mself[39;49;00m):[90m[39;49;00m
PRE-RELEASE DEPENDENCIES	Run test suite	2026-10-02T14:06:34.6982757Z         [94mfrom[39;49;00m[90m [39;49;00m[04m[96membpy[39;49;00m[04m[96m.[39;49;00m[04m[96mmodels[39;49;00m[04m[96m.[39;49;00m[04m[96mmolecule_models[39;49;00m[90m [39;49;00m[94mimport[39;49;00m ChembertaWrapper[90m[39;49;00m
PRE-RELEASE DEPENDENCIES	Run test suite	2026-10-02T14:06:34.6982861Z     [90m[39;49;00m
PRE-RELEASE DEPENDENCIES	Run test suite	2026-10-02T14:06:34.6983012Z         w = ChembertaWrapper()[90m[39;49;00m
PRE-RELEASE DEPENDENCIES	Run test suite	2026-10-02T14:06:34.6983321Z         w.device = torch.device([33m"[39;49;00m[33mcpu[39;49;00m[33m"[39;49;00m)[90m[39;49;00m
PRE-RELEASE DEPENDENCIES	Run test suite	2026-10-02T14:06:34.6983479Z         w.max_len = [94m512[39;49;00m[90m[39;49;00m
PRE-RELEASE DEPENDENCIES	Run test suite	2026-10-02T14:06:34.6983585Z     [90m[39;49;00m
PRE-RELEASE DEPENDENCIES	Run test suite	2026-10-02T14:06:34.6983743Z         hidden_dim = [94m768[39;49;00m[90m[39;49;00m
PRE-RELEASE DEPENDENCIES	Run test suite	2026-10-02T14:06:34.6983970Z         mock_emb = np.zeros(hidden_dim, dtype=np.float32)[90m[39;49;00m
PRE-RELEASE DEPENDENCIES	Run test suite	2026-10-02T14:06:34.6984170Z         w.embed = MagicMock(return_value=mock_emb)[90m[39;49;00m
PRE-RELEASE DEPENDENCIES	Run test suite	2026-10-02T14:06:34.6984274Z     [90m[39;49;00m
PRE-RELEASE DEPENDENCIES	Run test suite	2026-10-02T14:06:34.6984743Z >       results = w.embed_batch([[33m"[39;49;00m[33mCCO[39;49;00m[33m"[39;49;00m, [33m"[39;49;00m[33mCCC[39;49;00m[33m"[39;49;00m])[90m[39;49;00m
PRE-RELEASE DEPENDENCIES	Run test suite	2026-10-02T14:06:34.6985028Z                   ^^^^^^^^^^^^^^^^^^^^^^^^^^^^^[90m[39;49;00m
PRE-RELEASE DEPENDENCIES	Run test suite	2026-10-02T14:06:34.6985035Z 
PRE-RELEASE DEPENDENCIES	Run test suite	2026-10-02T14:06:34.6985235Z [1m[31mtests/embpy/models/test_molecule_models.py[0m:135: 
PRE-RELEASE DEPENDENCIES	Run test suite	2026-10-02T14:06:34.6985372Z _ _ _ _ _ _ _ _ _ _ _ _ _ _ _ _ _ _ _ _ _ _ _ _ _ _ _ _ _ _ _ _ _ _ _ _ _ _ _ _ 
PRE-RELEASE DEPENDENCIES	Run test suite	2026-10-02T14:06:34.6985377Z 
PRE-RELEASE DEPENDENCIES	Run test suite	2026-10-02T14:06:34.6985598Z self = <embpy.models.molecule_models.ChembertaWrapper object at 0x7fa7e61b9820>
PRE-RELEASE DEPENDENCIES	Run test suite	2026-10-02T14:06:34.6985761Z input = ['CCO', 'CCC'], pooling_strategy = 'mean', use_pooler = False
PRE-RELEASE DEPENDENCIES	Run test suite	2026-10-02T14:06:34.6985850Z batch_size = 64, kwargs = {}
PRE-RELEASE DEPENDENCIES	Run test suite	2026-10-02T14:06:34.6985975Z 
PRE-RELEASE DEPENDENCIES	Run test suite	2026-10-02T14:06:34.6986230Z     [0m[94mdef[39;49;00m[90m [39;49;00m[92membed_batch[39;49;00m([90m[39;49;00m
PRE-RELEASE DEPENDENCIES	Run test suite	2026-10-02T14:06:34.6986366Z         [96mself[39;49;00m,[90m[39;49;00m
PRE-RELEASE DEPENDENCIES	Run test suite	2026-10-02T14:06:34.6986621Z         [96minput[39;49;00m: [96mlist[39;49;00m[[96mstr[39;49;00m],[90m[39;49;00m
PRE-RELEASE DEPENDENCIES	Run test suite	2026-10-02T14:06:34.6986980Z         pooling_strategy: [96mstr[39;49;00m = [33m"[39;49;00m[33mmean[39;49;00m[33m"[39;49;00m,[90m[39;49;00m
PRE-RELEASE DEPENDENCIES	Run test suite	2026-10-02T14:06:34.6987223Z         use_pooler: [96mbool[39;49;00m = [94mFalse[39;49;00m,[90m[39;49;00m
PRE-RELEASE DEPENDENCIES	Run test suite	2026-10-02T14:06:34.6987445Z         batch_size: [96mint[39;49;00m = [94m64[39;49;00m,[90m[39;49;00m
PRE-RELEASE DEPENDENCIES	Run test suite	2026-10-02T14:06:34.6987572Z         **kwargs: Any,[90m[39;49;00m
PRE-RELEASE DEPENDENCIES	Run test suite	2026-10-02T14:06:34.6987806Z     ) -> [96mlist[39;49;00m[np.ndarray | [94mNone[39;49;00m]:[90m[39;49;00m
PRE-RELEASE DEPENDENCIES	Run test suite	2026-10-02T14:06:34.6987937Z     [90m    [39;49;00m[33m"""[39;49;00m
PRE-RELEASE DEPENDENCIES	Run test suite	2026-10-02T14:06:34.6988192Z     [33m    Embed a batch of SMILES strings with true batched inference.[39;49;00m
PRE-RELEASE DEPENDENCIES	Run test suite	2026-10-02T14:06:34.6988301Z     [33m[39;49;00m
PRE-RELEASE DEPENDENCIES	Run test suite	2026-10-02T14:06:34.6988542Z     [33m    Filters out too-long SMILES, batches the valid ones for a[39;49;00m
PRE-RELEASE DEPENDENCIES	Run test suite	2026-10-02T14:06:34.6988804Z     [33m    single forward pass per chunk, then reassembles the results[39;49;00m
PRE-RELEASE DEPENDENCIES	Run test suite	2026-10-02T14:06:34.6988958Z     [33m    preserving original order.[39;49;00m
PRE-RELEASE DEPENDENCIES	Run test suite	2026-10-02T14:06:34.6989063Z     [33m[39;49;00m
PRE-RELEASE DEPENDENCIES	Run test suite	2026-10-02T14:06:34.6989324Z     [33m    Returns a list of 1D numpy arrays (or None for skipped SMILES).[39;49;00m
PRE-RELEASE DEPENDENCIES	Run test suite	2026-10-02T14:06:34.6989697Z     [33m    """[39;49;00m[90m[39;49;00m
PRE-RELEASE DEPENDENCIES	Run test suite	2026-10-02T14:06:34.6990602Z         [94mif[39;49;00m [96mself[39;49;00m.model [95mis[39;49;00m [94mNone[39;49;00m [95mor[39;49;00m [96mself[39;49;00m.device [95mis[39;49;00m [94mNone[39;49;00m [95mor[39;49;00m [96mself[39;49;00m.tokenizer [95mis[39;49;00m [94mNone[39;49;00m:[90m[39;49;00m
PRE-RELEASE DEPENDENCIES	Run test suite	2026-10-02T14:06:34.6991050Z >           [94mraise[39;49;00m [96mRuntimeError[39;49;00m([33m"[39;49;00m[33mCall load() first.[39;49;00m[33m"[39;49;00m)[90m[39;49;00m
PRE-RELEASE DEPENDENCIES	Run test suite	2026-10-02T14:06:34.6991228Z [1m[31mE           RuntimeError: Call load() first.[0m
PRE-RELEASE DEPENDENCIES	Run test suite	2026-10-02T14:06:34.6991234Z 
PRE-RELEASE DEPENDENCIES	Run test suite	2026-10-02T14:06:34.7138180Z [1m[31m/opt/hostedtoolcache/Python/3.12.14/x64/lib/python3.12/site-packages/embpy/models/molecule_models.py[0m:164: RuntimeError
PRE-RELEASE DEPENDENCIES	Run test suite	2026-10-02T14:06:34.7138740Z [31m[1m__________________ TestSubCellWrapperInit.test_default_params __________________[0m
PRE-RELEASE DEPENDENCIES	Run test suite	2026-10-02T14:06:34.7138750Z 
PRE-RELEASE DEPENDENCIES	Run test suite	2026-10-02T14:06:34.7139062Z self = <models.test_morphology_models.TestSubCellWrapperInit object at 0x7fa7f5f6f350>
PRE-RELEASE DEPENDENCIES	Run test suite	2026-10-02T14:06:34.7139070Z 
PRE-RELEASE DEPENDENCIES	Run test suite	2026-10-02T14:06:34.7139861Z     [0m[94mdef[39;49;00m[90m [39;49;00m[92mtest_default_params[39;49;00m([96mself[39;49;00m):[90m[39;49;00m
PRE-RELEASE DEPENDENCIES	Run test suite	2026-10-02T14:06:34.7140837Z         [94mfrom[39;49;00m[90m [39;49;00m[04m[96membpy[39;49;00m[04m[96m.[39;49;00m[04m[96mmodels[39;49;00m[04m[96m.[39;49;00m[04m[96mmorphology_models[39;49;00m[90m [39;49;00m[94mimport[39;49;00m SubCellWrapper[90m[39;49;00m
PRE-RELEASE DEPENDENCIES	Run test suite	2026-10-02T14:06:34.7140985Z     [90m[39;49;00m
PRE-RELEASE DEPENDENCIES	Run test suite	2026-10-02T14:06:34.7141161Z         w = SubCellWrapper()[90m[39;49;00m
PRE-RELEASE DEPENDENCIES	Run test suite	2026-10-02T14:06:34.7141625Z         [94massert[39;49;00m w.model_type == [33m"[39;49;00m[33mmorphology[39;49;00m[33m"[39;49;00m[90m[39;49;00m
PRE-RELEASE DEPENDENCIES	Run test suite	2026-10-02T14:06:34.7142284Z >       [94massert[39;49;00m w.variant == [33m"[39;49;00m[33mcontrast[39;49;00m[33m"[39;49;00m[90m[39;49;00m
PRE-RELEASE DEPENDENCIES	Run test suite	2026-10-02T14:06:34.7142437Z                ^^^^^^^^^[90m[39;49;00m
PRE-RELEASE DEPENDENCIES	Run test suite	2026-10-02T14:06:34.7142815Z [1m[31mE       AttributeError: 'SubCellWrapper' object has no attribute 'variant'[0m
PRE-RELEASE DEPENDENCIES	Run test suite	2026-10-02T14:06:34.7142823Z 
PRE-RELEASE DEPENDENCIES	Run test suite	2026-10-02T14:06:34.7143150Z [1m[31mtests/embpy/models/test_morphology_models.py[0m:18: AttributeError
PRE-RELEASE DEPENDENCIES	Run test suite	2026-10-02T14:06:34.7143520Z [31m[1m__________________ TestSubCellWrapperInit.test_custom_variant __________________[0m
PRE-RELEASE DEPENDENCIES	Run test suite	2026-10-02T14:06:34.7143527Z 
PRE-RELEASE DEPENDENCIES	Run test suite	2026-10-02T14:06:34.7143975Z self = <models.test_morphology_models.TestSubCellWrapperInit object at 0x7fa7f5f6f1d0>
PRE-RELEASE DEPENDENCIES	Run test suite	2026-10-02T14:06:34.7143983Z 
PRE-RELEASE DEPENDENCIES	Run test suite	2026-10-02T14:06:34.7144439Z     [0m[94mdef[39;49;00m[90m [39;49;00m[92mtest_custom_variant[39;49;00m([96mself[39;49;00m):[90m[39;49;00m
PRE-RELEASE DEPENDENCIES	Run test suite	2026-10-02T14:06:34.7145381Z         [94mfrom[39;49;00m[90m [39;49;00m[04m[96membpy[39;49;00m[04m[96m.[39;49;00m[04m[96mmodels[39;49;00m[04m[96m.[39;49;00m[04m[96mmorphology_models[39;49;00m[90m [39;49;00m[94mimport[39;49;00m SubCellWrapper[90m[39;49;00m
PRE-RELEASE DEPENDENCIES	Run test suite	2026-10-02T14:06:34.7145514Z     [90m[39;49;00m
PRE-RELEASE DEPENDENCIES	Run test suite	2026-10-02T14:06:34.7145910Z         w = SubCellWrapper(variant=[33m"[39;49;00m[33mmae[39;49;00m[33m"[39;49;00m)[90m[39;49;00m
PRE-RELEASE DEPENDENCIES	Run test suite	2026-10-02T14:06:34.7146319Z >       [94massert[39;49;00m w.variant == [33m"[39;49;00m[33mmae[39;49;00m[33m"[39;49;00m[90m[39;49;00m
PRE-RELEASE DEPENDENCIES	Run test suite	2026-10-02T14:06:34.7146481Z                ^^^^^^^^^[90m[39;49;00m
PRE-RELEASE DEPENDENCIES	Run test suite	2026-10-02T14:06:34.7146820Z [1m[31mE       AttributeError: 'SubCellWrapper' object has no attribute 'variant'[0m
PRE-RELEASE DEPENDENCIES	Run test suite	2026-10-02T14:06:34.7146832Z 
PRE-RELEASE DEPENDENCIES	Run test suite	2026-10-02T14:06:34.7147146Z [1m[31mtests/embpy/models/test_morphology_models.py[0m:25: AttributeError
PRE-RELEASE DEPENDENCIES	Run test suite	2026-10-02T14:06:34.7147539Z [31m[1m_____________ TestSubCellPreprocessing.test_wrong_channels_raises ______________[0m
PRE-RELEASE DEPENDENCIES	Run test suite	2026-10-02T14:06:34.7147558Z 
PRE-RELEASE DEPENDENCIES	Run test suite	2026-10-02T14:06:34.7147855Z self = <models.test_morphology_models.TestSubCellPreprocessing object at 0x7fa7f5f06cc0>
PRE-RELEASE DEPENDENCIES	Run test suite	2026-10-02T14:06:34.7148151Z wrapper = <embpy.models.morphology_models.SubCellWrapper object at 0x7fa7e4e9a0c0>
PRE-RELEASE DEPENDENCIES	Run test suite	2026-10-02T14:06:34.7148158Z 
PRE-RELEASE DEPENDENCIES	Run test suite	2026-10-02T14:06:34.7148721Z     [0m[94mdef[39;49;00m[90m [39;49;00m[92mtest_wrong_channels_raises[39;49;00m([96mself[39;49;00m, wrapper):[90m[39;49;00m
PRE-RELEASE DEPENDENCIES	Run test suite	2026-10-02T14:06:34.7149153Z         img = np.random.rand([94m3[39;49;00m, [94m100[39;49;00m, [94m100[39;49;00m).astype(np.float32)[90m[39;49;00m
PRE-RELEASE DEPENDENCIES	Run test suite	2026-10-02T14:06:34.7149858Z >       [94mwith[39;49;00m pytest.raises([96mValueError[39;49;00m, match=[33m"[39;49;00m[33m4 channels[39;49;00m[33m"[39;49;00m):[90m[39;49;00m
PRE-RELEASE DEPENDENCIES	Run test suite	2026-10-02T14:06:34.7150060Z              ^^^^^^^^^^^^^^^^^^^^^^^^^^^^^^^^^^^^^^^^^^^^^[90m[39;49;00m
PRE-RELEASE DEPENDENCIES	Run test suite	2026-10-02T14:06:34.7150245Z [1m[31mE       Failed: DID NOT RAISE ValueError[0m
PRE-RELEASE DEPENDENCIES	Run test suite	2026-10-02T14:06:34.7150255Z 
PRE-RELEASE DEPENDENCIES	Run test suite	2026-10-02T14:06:34.7150505Z [1m[31mtests/embpy/models/test_morphology_models.py[0m:64: Failed
PRE-RELEASE DEPENDENCIES	Run test suite	2026-10-02T14:06:34.7150851Z [31m[1m________________ TestSubCellEmbed.test_attention_pool_fallback _________________[0m
PRE-RELEASE DEPENDENCIES	Run test suite	2026-10-02T14:06:34.7150856Z 
PRE-RELEASE DEPENDENCIES	Run test suite	2026-10-02T14:06:34.7151107Z self = <models.test_morphology_models.TestSubCellEmbed object at 0x7fa7f5f06030>
PRE-RELEASE DEPENDENCIES	Run test suite	2026-10-02T14:06:34.7151385Z mock_wrapper = <embpy.models.morphology_models.SubCellWrapper object at 0x7fa7e4efe270>
PRE-RELEASE DEPENDENCIES	Run test suite	2026-10-02T14:06:34.7151390Z 
PRE-RELEASE DEPENDENCIES	Run test suite	2026-10-02T14:06:34.7151899Z     [0m[94mdef[39;49;00m[90m [39;49;00m[92mtest_attention_pool_fallback[39;49;00m([96mself[39;49;00m, mock_wrapper):[90m[39;49;00m
PRE-RELEASE DEPENDENCIES	Run test suite	2026-10-02T14:06:34.7152315Z         img = np.random.rand([94m4[39;49;00m, [94m448[39;49;00m, [94m448[39;49;00m).astype(np.float32)[90m[39;49;00m
PRE-RELEASE DEPENDENCIES	Run test suite	2026-10-02T14:06:34.7152828Z >       emb = mock_wrapper.embed(img, pooling_strategy=[33m"[39;49;00m[33mattention_pool[39;49;00m[33m"[39;49;00m)[90m[39;49;00m
PRE-RELEASE DEPENDENCIES	Run test suite	2026-10-02T14:06:34.7153331Z               ^^^^^^^^^^^^^^^^^^^^^^^^^^^^^^^^^^^^^^^^^^^^^^^^^^^^^^^^^^[90m[39;49;00m
PRE-RELEASE DEPENDENCIES	Run test suite	2026-10-02T14:06:34.7153338Z 
PRE-RELEASE DEPENDENCIES	Run test suite	2026-10-02T14:06:34.7153564Z [1m[31mtests/embpy/models/test_morphology_models.py[0m:114: 
PRE-RELEASE DEPENDENCIES	Run test suite	2026-10-02T14:06:34.7153725Z _ _ _ _ _ _ _ _ _ _ _ _ _ _ _ _ _ _ _ _ _ _ _ _ _ _ _ _ _ _ _ _ _ _ _ _ _ _ _ _ 
PRE-RELEASE DEPENDENCIES	Run test suite	2026-10-02T14:06:34.7153731Z 
PRE-RELEASE DEPENDENCIES	Run test suite	2026-10-02T14:06:34.7153976Z self = <embpy.models.morphology_models.SubCellWrapper object at 0x7fa7e4efe270>
PRE-RELEASE DEPENDENCIES	Run test suite	2026-10-02T14:06:34.7154148Z input = array([[[5.2820456e-01, 4.1561630e-01, 5.8606553e-01, ...,
PRE-RELEASE DEPENDENCIES	Run test suite	2026-10-02T14:06:34.7154274Z          5.6213927e-01, 3.0708927e-01, 7.8808013e-03],
PRE-RELEASE DEPENDENCIES	Run test suite	2026-10-02T14:06:34.7154367Z     ... 5.3540450e-02, ...,
PRE-RELEASE DEPENDENCIES	Run test suite	2026-10-02T14:06:34.7154494Z          9.6080369e-01, 8.1767553e-01, 6.7845058e-01]]],
PRE-RELEASE DEPENDENCIES	Run test suite	2026-10-02T14:06:34.7154712Z       shape=(4, 448, 448), dtype=float32)
PRE-RELEASE DEPENDENCIES	Run test suite	2026-10-02T14:06:34.7154853Z pooling_strategy = 'attention_pool', kwargs = {}
PRE-RELEASE DEPENDENCIES	Run test suite	2026-10-02T14:06:34.7154858Z 
PRE-RELEASE DEPENDENCIES	Run test suite	2026-10-02T14:06:34.7155117Z     [0m[94mdef[39;49;00m[90m [39;49;00m[92membed[39;49;00m([90m[39;49;00m
PRE-RELEASE DEPENDENCIES	Run test suite	2026-10-02T14:06:34.7155268Z         [96mself[39;49;00m,[90m[39;49;00m
PRE-RELEASE DEPENDENCIES	Run test suite	2026-10-02T14:06:34.7155581Z         [96minput[39;49;00m: [96mstr[39;49;00m | np.ndarray | torch.Tensor,[90m[39;49;00m
PRE-RELEASE DEPENDENCIES	Run test suite	2026-10-02T14:06:34.7155969Z         pooling_strategy: [96mstr[39;49;00m = [33m"[39;49;00m[33mcls[39;49;00m[33m"[39;49;00m,[90m[39;49;00m
PRE-RELEASE DEPENDENCIES	Run test suite	2026-10-02T14:06:34.7156112Z         **kwargs: Any,[90m[39;49;00m
PRE-RELEASE DEPENDENCIES	Run test suite	2026-10-02T14:06:34.7156253Z     ) -> np.ndarray:[90m[39;49;00m
PRE-RELEASE DEPENDENCIES	Run test suite	2026-10-02T14:06:34.7156580Z     [90m    [39;49;00m[33m"""Compute morphology embedding for a microscopy image.[39;49;00m
PRE-RELEASE DEPENDENCIES	Run test suite	2026-10-02T14:06:34.7156697Z     [33m[39;49;00m
PRE-RELEASE DEPENDENCIES	Run test suite	2026-10-02T14:06:34.7156836Z     [33m    Parameters[39;49;00m
PRE-RELEASE DEPENDENCIES	Run test suite	2026-10-02T14:06:34.7156970Z     [33m    ----------[39;49;00m
PRE-RELEASE DEPENDENCIES	Run test suite	2026-10-02T14:06:34.7157095Z     [33m    input[39;49;00m
PRE-RELEASE DEPENDENCIES	Run test suite	2026-10-02T14:06:34.7157323Z     [33m        Image path, numpy array, or torch tensor.[39;49;00m
PRE-RELEASE DEPENDENCIES	Run test suite	2026-10-02T14:06:34.7157472Z     [33m    pooling_strategy[39;49;00m
PRE-RELEASE DEPENDENCIES	Run test suite	2026-10-02T14:06:34.7157664Z     [33m        ``"cls"`` (768d), ``"mean"`` (768d),[39;49;00m
PRE-RELEASE DEPENDENCIES	Run test suite	2026-10-02T14:06:34.7157896Z     [33m        ``"attention_pool"`` (1536d, recommended), or[39;49;00m
PRE-RELEASE DEPENDENCIES	Run test suite	2026-10-02T14:06:34.7158151Z     [33m        ``"none"`` (num_tokens x 768 -- raw per-patch tokens).[39;49;00m
PRE-RELEASE DEPENDENCIES	Run test suite	2026-10-02T14:06:34.7158269Z     [33m[39;49;00m
PRE-RELEASE DEPENDENCIES	Run test suite	2026-10-02T14:06:34.7158396Z     [33m    Returns[39;49;00m
PRE-RELEASE DEPENDENCIES	Run test suite	2026-10-02T14:06:34.7158531Z     [33m    -------[39;49;00m
PRE-RELEASE DEPENDENCIES	Run test suite	2026-10-02T14:06:34.7158661Z     [33m    np.ndarray[39;49;00m
PRE-RELEASE DEPENDENCIES	Run test suite	2026-10-02T14:06:34.7158978Z     [33m        1D for pooled strategies, 2D ``(num_tokens, 768)`` for ``"none"``.[39;49;00m
PRE-RELEASE DEPENDENCIES	Run test suite	2026-10-02T14:06:34.7159123Z     [33m    """[39;49;00m[90m[39;49;00m
PRE-RELEASE DEPENDENCIES	Run test suite	2026-10-02T14:06:34.7159595Z         [94mif[39;49;00m [96mself[39;49;00m._encoder [95mis[39;49;00m [94mNone[39;49;00m:[90m[39;49;00m
PRE-RELEASE DEPENDENCIES	Run test suite	2026-10-02T14:06:34.7160118Z             [94mraise[39;49;00m [96mRuntimeError[39;49;00m([33m"[39;49;00m[33mModel not loaded. Call load() first.[39;49;00m[33m"[39;49;00m)[90m[39;49;00m
PRE-RELEASE DEPENDENCIES	Run test suite	2026-10-02T14:06:34.7160223Z     [90m[39;49;00m
PRE-RELEASE DEPENDENCIES	Run test suite	2026-10-02T14:06:34.7160645Z         pixel_values = [96mself[39;49;00m._preprocess_image([96minput[39;49;00m).to([96mself[39;49;00m.device)[90m[39;49;00m
PRE-RELEASE DEPENDENCIES	Run test suite	2026-10-02T14:06:34.7160749Z     [90m[39;49;00m
PRE-RELEASE DEPENDENCIES	Run test suite	2026-10-02T14:06:34.7160923Z         [94mwith[39;49;00m torch.no_grad():[90m[39;49;00m
PRE-RELEASE DEPENDENCIES	Run test suite	2026-10-02T14:06:34.7161062Z             [94mtry[39;49;00m:[90m[39;49;00m
PRE-RELEASE DEPENDENCIES	Run test suite	2026-10-02T14:06:34.7161463Z                 outputs = [96mself[39;49;00m._encoder(pixel_values=pixel_values, mask_ratio=[94m0.0[39;49;00m)[90m[39;49;00m
PRE-RELEASE DEPENDENCIES	Run test suite	2026-10-02T14:06:34.7161684Z             [94mexcept[39;49;00m [96mTypeError[39;49;00m:[90m[39;49;00m
PRE-RELEASE DEPENDENCIES	Run test suite	2026-10-02T14:06:34.7161969Z                 outputs = [96mself[39;49;00m._encoder(pixel_values=pixel_values)[90m[39;49;00m
PRE-RELEASE DEPENDENCIES	Run test suite	2026-10-02T14:06:34.7162147Z             hidden = outputs.last_hidden_state[90m[39;49;00m
PRE-RELEASE DEPENDENCIES	Run test suite	2026-10-02T14:06:34.7162399Z     [90m[39;49;00m
PRE-RELEASE DEPENDENCIES	Run test suite	2026-10-02T14:06:34.7162748Z             [94mif[39;49;00m pooling_strategy == [33m"[39;49;00m[33mnone[39;49;00m[33m"[39;49;00m:[90m[39;49;00m
PRE-RELEASE DEPENDENCIES	Run test suite	2026-10-02T14:06:34.7162992Z                 emb = hidden.squeeze([94m0[39;49;00m).cpu().numpy()[90m[39;49;00m
PRE-RELEASE DEPENDENCIES	Run test suite	2026-10-02T14:06:34.7163343Z             [94melif[39;49;00m pooling_strategy == [33m"[39;49;00m[33mcls[39;49;00m[33m"[39;49;00m:[90m[39;49;00m
PRE-RELEASE DEPENDENCIES	Run test suite	2026-10-02T14:06:34.7163647Z                 emb = hidden[:, [94m0[39;49;00m, :].cpu().numpy().squeeze([94m0[39;49;00m)[90m[39;49;00m
PRE-RELEASE DEPENDENCIES	Run test suite	2026-10-02T14:06:34.7164005Z             [94melif[39;49;00m pooling_strategy == [33m"[39;49;00m[33mmean[39;49;00m[33m"[39;49;00m:[90m[39;49;00m
PRE-RELEASE DEPENDENCIES	Run test suite	2026-10-02T14:06:34.7164507Z                 emb = hidden[:, [94m1[39;49;00m:, :].mean(dim=[94m1[39;49;00m).cpu().numpy().squeeze([94m0[39;49;00m)[90m[39;49;00m
PRE-RELEASE DEPENDENCIES	Run test suite	2026-10-02T14:06:34.7164906Z             [94melif[39;49;00m pooling_strategy == [33m"[39;49;00m[33mattention_pool[39;49;00m[33m"[39;49;00m:[90m[39;49;00m
PRE-RELEASE DEPENDENCIES	Run test suite	2026-10-02T14:06:34.7165228Z >               pooled, _ = [96mself[39;49;00m._pool_model(hidden[:, [94m1[39;49;00m:, :])[90m[39;49;00m
PRE-RELEASE DEPENDENCIES	Run test suite	2026-10-02T14:06:34.7165405Z                             ^^^^^^^^^^^^^^^^^^^^^^^^^^^^^^^^^^[90m[39;49;00m
PRE-RELEASE DEPENDENCIES	Run test suite	2026-10-02T14:06:34.7165618Z [1m[31mE               TypeError: 'NoneType' object is not callable[0m
PRE-RELEASE DEPENDENCIES	Run test suite	2026-10-02T14:06:34.7165624Z 
PRE-RELEASE DEPENDENCIES	Run test suite	2026-10-02T14:06:34.7166095Z [1m[31m/opt/hostedtoolcache/Python/3.12.14/x64/lib/python3.12/site-packages/embpy/models/morphology_models.py[0m:355: TypeError
PRE-RELEASE DEPENDENCIES	Run test suite	2026-10-02T14:06:34.7166396Z [31m[1m_____________ TestESM2Wrapper.test_embed_batch_empty_returns_empty _____________[0m
PRE-RELEASE DEPENDENCIES	Run test suite	2026-10-02T14:06:34.7166405Z 
PRE-RELEASE DEPENDENCIES	Run test suite	2026-10-02T14:06:34.7166611Z self = <models.test_protein_models.TestESM2Wrapper object at 0x7fa7f5f7e990>
PRE-RELEASE DEPENDENCIES	Run test suite	2026-10-02T14:06:34.7166617Z 
PRE-RELEASE DEPENDENCIES	Run test suite	2026-10-02T14:06:34.7167037Z     [0m[94mdef[39;49;00m[90m [39;49;00m[92mtest_embed_batch_empty_returns_empty[39;49;00m([96mself[39;49;00m):[90m[39;49;00m
PRE-RELEASE DEPENDENCIES	Run test suite	2026-10-02T14:06:34.7167177Z         w = ESM2Wrapper()[90m[39;49;00m
PRE-RELEASE DEPENDENCIES	Run test suite	2026-10-02T14:06:34.7167314Z         w.model = MagicMock()[90m[39;49;00m
PRE-RELEASE DEPENDENCIES	Run test suite	2026-10-02T14:06:34.7167620Z         w.device = torch.device([33m"[39;49;00m[33mcpu[39;49;00m[33m"[39;49;00m)[90m[39;49;00m
PRE-RELEASE DEPENDENCIES	Run test suite	2026-10-02T14:06:34.7304909Z >       [94massert[39;49;00m w.embed_batch([]) == [][90m[39;49;00m
PRE-RELEASE DEPENDENCIES	Run test suite	2026-10-02T14:06:34.7305214Z                ^^^^^^^^^^^^^^^^^[90m[39;49;00m
PRE-RELEASE DEPENDENCIES	Run test suite	2026-10-02T14:06:34.7305226Z 
PRE-RELEASE DEPENDENCIES	Run test suite	2026-10-02T14:06:34.7305703Z [1m[31mtests/embpy/models/test_protein_models.py[0m:41: 
PRE-RELEASE DEPENDENCIES	Run test suite	2026-10-02T14:06:34.7306005Z _ _ _ _ _ _ _ _ _ _ _ _ _ _ _ _ _ _ _ _ _ _ _ _ _ _ _ _ _ _ _ _ _ _ _ _ _ _ _ _ 
PRE-RELEASE DEPENDENCIES	Run test suite	2026-10-02T14:06:34.7306025Z 
PRE-RELEASE DEPENDENCIES	Run test suite	2026-10-02T14:06:34.7306427Z self = <embpy.models.protein_models.ESM2Wrapper object at 0x7fa7e48fdd60>
PRE-RELEASE DEPENDENCIES	Run test suite	2026-10-02T14:06:34.7306656Z inputs = [], pooling_strategy = 'mean', target_layer = None, kwargs = {}
PRE-RELEASE DEPENDENCIES	Run test suite	2026-10-02T14:06:34.7306663Z 
PRE-RELEASE DEPENDENCIES	Run test suite	2026-10-02T14:06:34.7306995Z     [0m[94mdef[39;49;00m[90m [39;49;00m[92membed_batch[39;49;00m([90m[39;49;00m
PRE-RELEASE DEPENDENCIES	Run test suite	2026-10-02T14:06:34.7307166Z         [96mself[39;49;00m,[90m[39;49;00m
PRE-RELEASE DEPENDENCIES	Run test suite	2026-10-02T14:06:34.7307443Z         inputs: [96mlist[39;49;00m[[96mstr[39;49;00m],[90m[39;49;00m
PRE-RELEASE DEPENDENCIES	Run test suite	2026-10-02T14:06:34.7307891Z         pooling_strategy: [96mstr[39;49;00m = [33m"[39;49;00m[33mmean[39;49;00m[33m"[39;49;00m,[90m[39;49;00m
PRE-RELEASE DEPENDENCIES	Run test suite	2026-10-02T14:06:34.7308270Z         target_layer: [96mint[39;49;00m | [94mNone[39;49;00m = [94mNone[39;49;00m,[90m[39;49;00m
PRE-RELEASE DEPENDENCIES	Run test suite	2026-10-02T14:06:34.7308447Z         **kwargs: Any,[90m[39;49;00m
PRE-RELEASE DEPENDENCIES	Run test suite	2026-10-02T14:06:34.7308682Z     ) -> [96mlist[39;49;00m[np.ndarray]:[90m[39;49;00m
PRE-RELEASE DEPENDENCIES	Run test suite	2026-10-02T14:06:34.7308867Z     [90m    [39;49;00m[33m"""[39;49;00m
PRE-RELEASE DEPENDENCIES	Run test suite	2026-10-02T14:06:34.7309191Z     [33m    Compute embeddings for multiple protein sequences with chunking[39;49;00m
PRE-RELEASE DEPENDENCIES	Run test suite	2026-10-02T14:06:34.7309635Z     [33m    and a model-aware default batch size.[39;49;00m
PRE-RELEASE DEPENDENCIES	Run test suite	2026-10-02T14:06:34.7309987Z     [33m[39;49;00m
PRE-RELEASE DEPENDENCIES	Run test suite	2026-10-02T14:06:34.7310302Z     [33m    Sequences longer than the model's context window are split into[39;49;00m
PRE-RELEASE DEPENDENCIES	Run test suite	2026-10-02T14:06:34.7310613Z     [33m    non-overlapping chunks, embedded separately, and mean-pooled[39;49;00m
PRE-RELEASE DEPENDENCIES	Run test suite	2026-10-02T14:06:34.7310837Z     [33m    across chunks. This matches the DNA path in[39;49;00m
PRE-RELEASE DEPENDENCIES	Run test suite	2026-10-02T14:06:34.7311128Z     [33m    ``embpy.models.dna_models._hf_batched_embed`` and was added[39;49;00m
PRE-RELEASE DEPENDENCIES	Run test suite	2026-10-02T14:06:34.7311468Z     [33m    because a) some proteins exceed ESM-2's 1024-token context (e.g.[39;49;00m
PRE-RELEASE DEPENDENCIES	Run test suite	2026-10-02T14:06:34.7311773Z     [33m    titin) and b) plain truncation would silently discard the entire[39;49;00m
PRE-RELEASE DEPENDENCIES	Run test suite	2026-10-02T14:06:34.7311916Z     [33m    C-terminus.[39;49;00m
PRE-RELEASE DEPENDENCIES	Run test suite	2026-10-02T14:06:34.7312181Z     [33m[39;49;00m
PRE-RELEASE DEPENDENCIES	Run test suite	2026-10-02T14:06:34.7312321Z     [33m    Parameters[39;49;00m
PRE-RELEASE DEPENDENCIES	Run test suite	2026-10-02T14:06:34.7312451Z     [33m    ----------[39;49;00m
PRE-RELEASE DEPENDENCIES	Run test suite	2026-10-02T14:06:34.7312583Z     [33m    inputs[39;49;00m
PRE-RELEASE DEPENDENCIES	Run test suite	2026-10-02T14:06:34.7312801Z     [33m        A list of protein sequence strings.[39;49;00m
PRE-RELEASE DEPENDENCIES	Run test suite	2026-10-02T14:06:34.7312945Z     [33m    pooling_strategy[39;49;00m
PRE-RELEASE DEPENDENCIES	Run test suite	2026-10-02T14:06:34.7313202Z     [33m        One of {"mean", "max", "cls", "none"}. ``none`` is only[39;49;00m
PRE-RELEASE DEPENDENCIES	Run test suite	2026-10-02T14:06:34.7313499Z     [33m        supported when no input exceeds the context window (chunked[39;49;00m
PRE-RELEASE DEPENDENCIES	Run test suite	2026-10-02T14:06:34.7313768Z     [33m        inputs do not have a canonical per-token stitching).[39;49;00m
PRE-RELEASE DEPENDENCIES	Run test suite	2026-10-02T14:06:34.7313905Z     [33m    target_layer[39;49;00m
PRE-RELEASE DEPENDENCIES	Run test suite	2026-10-02T14:06:34.7314205Z     [33m        If specified, extract embeddings from a particular hidden[39;49;00m
PRE-RELEASE DEPENDENCIES	Run test suite	2026-10-02T14:06:34.7314493Z     [33m        state layer instead of the default ``last_hidden_state``.[39;49;00m
PRE-RELEASE DEPENDENCIES	Run test suite	2026-10-02T14:06:34.7314628Z     [33m    batch_size[39;49;00m
PRE-RELEASE DEPENDENCIES	Run test suite	2026-10-02T14:06:34.7314972Z     [33m        Optional override; otherwise picked from ``_default_batch_size()``.[39;49;00m
PRE-RELEASE DEPENDENCIES	Run test suite	2026-10-02T14:06:34.7315083Z     [33m[39;49;00m
PRE-RELEASE DEPENDENCIES	Run test suite	2026-10-02T14:06:34.7315219Z     [33m    Returns[39;49;00m
PRE-RELEASE DEPENDENCIES	Run test suite	2026-10-02T14:06:34.7315345Z     [33m    -------[39;49;00m
PRE-RELEASE DEPENDENCIES	Run test suite	2026-10-02T14:06:34.7315492Z     [33m    list[np.ndarray][39;49;00m
PRE-RELEASE DEPENDENCIES	Run test suite	2026-10-02T14:06:34.7315667Z     [33m        One 1D vector per input.[39;49;00m
PRE-RELEASE DEPENDENCIES	Run test suite	2026-10-02T14:06:34.7315779Z     [33m[39;49;00m
PRE-RELEASE DEPENDENCIES	Run test suite	2026-10-02T14:06:34.7315910Z     [33m    Raises[39;49;00m
PRE-RELEASE DEPENDENCIES	Run test suite	2026-10-02T14:06:34.7316073Z     [33m    ------[39;49;00m
PRE-RELEASE DEPENDENCIES	Run test suite	2026-10-02T14:06:34.7316215Z     [33m    RuntimeError[39;49;00m
PRE-RELEASE DEPENDENCIES	Run test suite	2026-10-02T14:06:34.7316407Z     [33m        If the model has not been loaded.[39;49;00m
PRE-RELEASE DEPENDENCIES	Run test suite	2026-10-02T14:06:34.7316547Z     [33m    ValueError[39;49;00m
PRE-RELEASE DEPENDENCIES	Run test suite	2026-10-02T14:06:34.7316764Z     [33m        If ``pooling_strategy`` is unsupported.[39;49;00m
PRE-RELEASE DEPENDENCIES	Run test suite	2026-10-02T14:06:34.7316918Z     [33m    NotImplementedError[39;49;00m
PRE-RELEASE DEPENDENCIES	Run test suite	2026-10-02T14:06:34.7317204Z     [33m        If ``pooling_strategy='none'`` is requested with sequences[39;49;00m
PRE-RELEASE DEPENDENCIES	Run test suite	2026-10-02T14:06:34.7317394Z     [33m        that overflow the context window.[39;49;00m
PRE-RELEASE DEPENDENCIES	Run test suite	2026-10-02T14:06:34.7317540Z     [33m    """[39;49;00m[90m[39;49;00m
PRE-RELEASE DEPENDENCIES	Run test suite	2026-10-02T14:06:34.7318556Z         [94mif[39;49;00m [96mself[39;49;00m.model [95mis[39;49;00m [94mNone[39;49;00m [95mor[39;49;00m [96mself[39;49;00m.device [95mis[39;49;00m [94mNone[39;49;00m [95mor[39;49;00m [96mself[39;49;00m.tokenizer [95mis[39;49;00m [94mNone[39;49;00m:[90m[39;49;00m
PRE-RELEASE DEPENDENCIES	Run test suite	2026-10-02T14:06:34.7319212Z >           [94mraise[39;49;00m [96mRuntimeError[39;49;00m([33m"[39;49;00m[33mESM2 model not loaded. Please call load() first.[39;49;00m[33m"[39;49;00m)[90m[39;49;00m
PRE-RELEASE DEPENDENCIES	Run test suite	2026-10-02T14:06:34.7319623Z [1m[31mE           RuntimeError: ESM2 model not loaded. Please call load() first.[0m
PRE-RELEASE DEPENDENCIES	Run test suite	2026-10-02T14:06:34.7319636Z 
PRE-RELEASE DEPENDENCIES	Run test suite	2026-10-02T14:06:34.7320111Z [1m[31m/opt/hostedtoolcache/Python/3.12.14/x64/lib/python3.12/site-packages/embpy/models/protein_models.py[0m:252: RuntimeError
PRE-RELEASE DEPENDENCIES	Run test suite	2026-10-02T14:06:34.7320410Z [31m[1m________________ TestESM2Wrapper.test_embed_batch_returns_list _________________[0m
PRE-RELEASE DEPENDENCIES	Run test suite	2026-10-02T14:06:34.7320541Z 
PRE-RELEASE DEPENDENCIES	Run test suite	2026-10-02T14:06:34.7320755Z self = <models.test_protein_models.TestESM2Wrapper object at 0x7fa7f5f7d100>
PRE-RELEASE DEPENDENCIES	Run test suite	2026-10-02T14:06:34.7320761Z 
PRE-RELEASE DEPENDENCIES	Run test suite	2026-10-02T14:06:34.7321157Z     [0m[94mdef[39;49;00m[90m [39;49;00m[92mtest_embed_batch_returns_list[39;49;00m([96mself[39;49;00m):[90m[39;49;00m
PRE-RELEASE DEPENDENCIES	Run test suite	2026-10-02T14:06:34.7321295Z         w = ESM2Wrapper()[90m[39;49;00m
PRE-RELEASE DEPENDENCIES	Run test suite	2026-10-02T14:06:34.7321600Z         w.device = torch.device([33m"[39;49;00m[33mcpu[39;49;00m[33m"[39;49;00m)[90m[39;49;00m
PRE-RELEASE DEPENDENCIES	Run test suite	2026-10-02T14:06:34.7321702Z     [90m[39;49;00m
PRE-RELEASE DEPENDENCIES	Run test suite	2026-10-02T14:06:34.7321871Z         hidden_dim = [94m320[39;49;00m[90m[39;49;00m
PRE-RELEASE DEPENDENCIES	Run test suite	2026-10-02T14:06:34.7322021Z         seq_len = [94m12[39;49;00m[90m[39;49;00m
PRE-RELEASE DEPENDENCIES	Run test suite	2026-10-02T14:06:34.7322237Z     [90m[39;49;00m
PRE-RELEASE DEPENDENCIES	Run test suite	2026-10-02T14:06:34.7322383Z         mock_output = MagicMock()[90m[39;49;00m
PRE-RELEASE DEPENDENCIES	Run test suite	2026-10-02T14:06:34.7322734Z         mock_output.last_hidden_state = torch.randn([94m1[39;49;00m, seq_len, hidden_dim)[90m[39;49;00m
PRE-RELEASE DEPENDENCIES	Run test suite	2026-10-02T14:06:34.7322960Z         mock_output.hidden_states = [94mNone[39;49;00m[90m[39;49;00m
PRE-RELEASE DEPENDENCIES	Run test suite	2026-10-02T14:06:34.7323059Z     [90m[39;49;00m
PRE-RELEASE DEPENDENCIES	Run test suite	2026-10-02T14:06:34.7323206Z         mock_model = MagicMock()[90m[39;49;00m
PRE-RELEASE DEPENDENCIES	Run test suite	2026-10-02T14:06:34.7323387Z         mock_model.return_value = mock_output[90m[39;49;00m
PRE-RELEASE DEPENDENCIES	Run test suite	2026-10-02T14:06:34.7323529Z         w.model = mock_model[90m[39;49;00m
PRE-RELEASE DEPENDENCIES	Run test suite	2026-10-02T14:06:34.7323629Z     [90m[39;49;00m
PRE-RELEASE DEPENDENCIES	Run test suite	2026-10-02T14:06:34.7323786Z         mock_tokenizer = MagicMock()[90m[39;49;00m
PRE-RELEASE DEPENDENCIES	Run test suite	2026-10-02T14:06:34.7323955Z         mock_tokenizer.return_value = {[90m[39;49;00m
PRE-RELEASE DEPENDENCIES	Run test suite	2026-10-02T14:06:34.7324388Z             [33m"[39;49;00m[33minput_ids[39;49;00m[33m"[39;49;00m: torch.zeros([94m1[39;49;00m, seq_len, dtype=torch.long),[90m[39;49;00m
PRE-RELEASE DEPENDENCIES	Run test suite	2026-10-02T14:06:34.7324844Z             [33m"[39;49;00m[33mattention_mask[39;49;00m[33m"[39;49;00m: torch.ones([94m1[39;49;00m, seq_len, dtype=torch.long),[90m[39;49;00m
PRE-RELEASE DEPENDENCIES	Run test suite	2026-10-02T14:06:34.7324954Z         }[90m[39;49;00m
PRE-RELEASE DEPENDENCIES	Run test suite	2026-10-02T14:06:34.7325121Z         w.tokenizer = mock_tokenizer[90m[39;49;00m
PRE-RELEASE DEPENDENCIES	Run test suite	2026-10-02T14:06:34.7325226Z     [90m[39;49;00m
PRE-RELEASE DEPENDENCIES	Run test suite	2026-10-02T14:06:34.7325746Z >       results = w.embed_batch([[33m"[39;49;00m[33mMTEYKLVVVG[39;49;00m[33m"[39;49;00m, [33m"[39;49;00m[33mACDEFGHIKL[39;49;00m[33m"[39;49;00m])[90m[39;49;00m
PRE-RELEASE DEPENDENCIES	Run test suite	2026-10-02T14:06:34.7325930Z                   ^^^^^^^^^^^^^^^^^^^^^^^^^^^^^^^^^^^^^^^^^^^[90m[39;49;00m
PRE-RELEASE DEPENDENCIES	Run test suite	2026-10-02T14:06:34.7325936Z 
PRE-RELEASE DEPENDENCIES	Run test suite	2026-10-02T14:06:34.7326128Z [1m[31mtests/embpy/models/test_protein_models.py[0m:167: 
PRE-RELEASE DEPENDENCIES	Run test suite	2026-10-02T14:06:34.7326270Z _ _ _ _ _ _ _ _ _ _ _ _ _ _ _ _ _ _ _ _ _ _ _ _ _ _ _ _ _ _ _ _ _ _ _ _ _ _ _ _ 
PRE-RELEASE DEPENDENCIES	Run test suite	2026-10-02T14:06:34.7326276Z 
PRE-RELEASE DEPENDENCIES	Run test suite	2026-10-02T14:06:34.7326479Z self = <embpy.models.protein_models.ESM2Wrapper object at 0x7fa7e4e8c800>
PRE-RELEASE DEPENDENCIES	Run test suite	2026-10-02T14:06:34.7326640Z inputs = ['MTEYKLVVVG', 'ACDEFGHIKL'], pooling_strategy = 'mean'
PRE-RELEASE DEPENDENCIES	Run test suite	2026-10-02T14:06:34.7326742Z target_layer = None, kwargs = {}
PRE-RELEASE DEPENDENCIES	Run test suite	2026-10-02T14:06:34.7326747Z 
PRE-RELEASE DEPENDENCIES	Run test suite	2026-10-02T14:06:34.7326995Z     [0m[94mdef[39;49;00m[90m [39;49;00m[92membed_batch[39;49;00m([90m[39;49;00m
PRE-RELEASE DEPENDENCIES	Run test suite	2026-10-02T14:06:34.7327135Z         [96mself[39;49;00m,[90m[39;49;00m
PRE-RELEASE DEPENDENCIES	Run test suite	2026-10-02T14:06:34.7327347Z         inputs: [96mlist[39;49;00m[[96mstr[39;49;00m],[90m[39;49;00m
PRE-RELEASE DEPENDENCIES	Run test suite	2026-10-02T14:06:34.7327705Z         pooling_strategy: [96mstr[39;49;00m = [33m"[39;49;00m[33mmean[39;49;00m[33m"[39;49;00m,[90m[39;49;00m
PRE-RELEASE DEPENDENCIES	Run test suite	2026-10-02T14:06:34.7328012Z         target_layer: [96mint[39;49;00m | [94mNone[39;49;00m = [94mNone[39;49;00m,[90m[39;49;00m
PRE-RELEASE DEPENDENCIES	Run test suite	2026-10-02T14:06:34.7328140Z         **kwargs: Any,[90m[39;49;00m
PRE-RELEASE DEPENDENCIES	Run test suite	2026-10-02T14:06:34.7328316Z     ) -> [96mlist[39;49;00m[np.ndarray]:[90m[39;49;00m
PRE-RELEASE DEPENDENCIES	Run test suite	2026-10-02T14:06:34.7328445Z     [90m    [39;49;00m[33m"""[39;49;00m
PRE-RELEASE DEPENDENCIES	Run test suite	2026-10-02T14:06:34.7328730Z     [33m    Compute embeddings for multiple protein sequences with chunking[39;49;00m
PRE-RELEASE DEPENDENCIES	Run test suite	2026-10-02T14:06:34.7328923Z     [33m    and a model-aware default batch size.[39;49;00m
PRE-RELEASE DEPENDENCIES	Run test suite	2026-10-02T14:06:34.7329114Z     [33m[39;49;00m
PRE-RELEASE DEPENDENCIES	Run test suite	2026-10-02T14:06:34.7329388Z     [33m    Sequences longer than the model's context window are split into[39;49;00m
PRE-RELEASE DEPENDENCIES	Run test suite	2026-10-02T14:06:34.7329789Z     [33m    non-overlapping chunks, embedded separately, and mean-pooled[39;49;00m
PRE-RELEASE DEPENDENCIES	Run test suite	2026-10-02T14:06:34.7329995Z     [33m    across chunks. This matches the DNA path in[39;49;00m
PRE-RELEASE DEPENDENCIES	Run test suite	2026-10-02T14:06:34.7330244Z     [33m    ``embpy.models.dna_models._hf_batched_embed`` and was added[39;49;00m
PRE-RELEASE DEPENDENCIES	Run test suite	2026-10-02T14:06:34.7330519Z     [33m    because a) some proteins exceed ESM-2's 1024-token context (e.g.[39;49;00m
PRE-RELEASE DEPENDENCIES	Run test suite	2026-10-02T14:06:34.7330785Z     [33m    titin) and b) plain truncation would silently discard the entire[39;49;00m
PRE-RELEASE DEPENDENCIES	Run test suite	2026-10-02T14:06:34.7330907Z     [33m    C-terminus.[39;49;00m
PRE-RELEASE DEPENDENCIES	Run test suite	2026-10-02T14:06:34.7331158Z     [33m[39;49;00m
PRE-RELEASE DEPENDENCIES	Run test suite	2026-10-02T14:06:34.7331281Z     [33m    Parameters[39;49;00m
PRE-RELEASE DEPENDENCIES	Run test suite	2026-10-02T14:06:34.7331401Z     [33m    ----------[39;49;00m
PRE-RELEASE DEPENDENCIES	Run test suite	2026-10-02T14:06:34.7331521Z     [33m    inputs[39;49;00m
PRE-RELEASE DEPENDENCIES	Run test suite	2026-10-02T14:06:34.7331709Z     [33m        A list of protein sequence strings.[39;49;00m
PRE-RELEASE DEPENDENCIES	Run test suite	2026-10-02T14:06:34.7331844Z     [33m    pooling_strategy[39;49;00m
PRE-RELEASE DEPENDENCIES	Run test suite	2026-10-02T14:06:34.7332067Z     [33m        One of {"mean", "max", "cls", "none"}. ``none`` is only[39;49;00m
PRE-RELEASE DEPENDENCIES	Run test suite	2026-10-02T14:06:34.7332330Z     [33m        supported when no input exceeds the context window (chunked[39;49;00m
PRE-RELEASE DEPENDENCIES	Run test suite	2026-10-02T14:06:34.7332559Z     [33m        inputs do not have a canonical per-token stitching).[39;49;00m
PRE-RELEASE DEPENDENCIES	Run test suite	2026-10-02T14:06:34.7332686Z     [33m    target_layer[39;49;00m
PRE-RELEASE DEPENDENCIES	Run test suite	2026-10-02T14:06:34.7332943Z     [33m        If specified, extract embeddings from a particular hidden[39;49;00m
PRE-RELEASE DEPENDENCIES	Run test suite	2026-10-02T14:06:34.7333186Z     [33m        state layer instead of the default ``last_hidden_state``.[39;49;00m
PRE-RELEASE DEPENDENCIES	Run test suite	2026-10-02T14:06:34.7333311Z     [33m    batch_size[39;49;00m
PRE-RELEASE DEPENDENCIES	Run test suite	2026-10-02T14:06:34.7333608Z     [33m        Optional override; otherwise picked from ``_default_batch_size()``.[39;49;00m
PRE-RELEASE DEPENDENCIES	Run test suite	2026-10-02T14:06:34.7333713Z     [33m[39;49;00m
PRE-RELEASE DEPENDENCIES	Run test suite	2026-10-02T14:06:34.7333830Z     [33m    Returns[39;49;00m
PRE-RELEASE DEPENDENCIES	Run test suite	2026-10-02T14:06:34.7333946Z     [33m    -------[39;49;00m
PRE-RELEASE DEPENDENCIES	Run test suite	2026-10-02T14:06:34.7334082Z     [33m    list[np.ndarray][39;49;00m
PRE-RELEASE DEPENDENCIES	Run test suite	2026-10-02T14:06:34.7350599Z     [33m        One 1D vector per input.[39;49;00m
PRE-RELEASE DEPENDENCIES	Run test suite	2026-10-02T14:06:34.7350791Z     [33m[39;49;00m
PRE-RELEASE DEPENDENCIES	Run test suite	2026-10-02T14:06:34.7350993Z     [33m    Raises[39;49;00m
PRE-RELEASE DEPENDENCIES	Run test suite	2026-10-02T14:06:34.7351193Z     [33m    ------[39;49;00m
PRE-RELEASE DEPENDENCIES	Run test suite	2026-10-02T14:06:34.7351440Z     [33m    RuntimeError[39;49;00m
PRE-RELEASE DEPENDENCIES	Run test suite	2026-10-02T14:06:34.7351719Z     [33m        If the model has not been loaded.[39;49;00m
PRE-RELEASE DEPENDENCIES	Run test suite	2026-10-02T14:06:34.7351852Z     [33m    ValueError[39;49;00m
PRE-RELEASE DEPENDENCIES	Run test suite	2026-10-02T14:06:34.7352048Z     [33m        If ``pooling_strategy`` is unsupported.[39;49;00m
PRE-RELEASE DEPENDENCIES	Run test suite	2026-10-02T14:06:34.7352200Z     [33m    NotImplementedError[39;49;00m
PRE-RELEASE DEPENDENCIES	Run test suite	2026-10-02T14:06:34.7352461Z     [33m        If ``pooling_strategy='none'`` is requested with sequences[39;49;00m
PRE-RELEASE DEPENDENCIES	Run test suite	2026-10-02T14:06:34.7352636Z     [33m        that overflow the context window.[39;49;00m
PRE-RELEASE DEPENDENCIES	Run test suite	2026-10-02T14:06:34.7352769Z     [33m    """[39;49;00m[90m[39;49;00m
PRE-RELEASE DEPENDENCIES	Run test suite	2026-10-02T14:06:34.7353651Z         [94mif[39;49;00m [96mself[39;49;00m.model [95mis[39;49;00m [94mNone[39;49;00m [95mor[39;49;00m [96mself[39;49;00m.device [95mis[39;49;00m [94mNone[39;49;00m [95mor[39;49;00m [96mself[39;49;00m.tokenizer [95mis[39;49;00m [94mNone[39;49;00m:[90m[39;49;00m
PRE-RELEASE DEPENDENCIES	Run test suite	2026-10-02T14:06:34.7354227Z             [94mraise[39;49;00m [96mRuntimeError[39;49;00m([33m"[39;49;00m[33mESM2 model not loaded. Please call load() first.[39;49;00m[33m"[39;49;00m)[90m[39;49;00m
PRE-RELEASE DEPENDENCIES	Run test suite	2026-10-02T14:06:34.7354433Z         [94mif[39;49;00m [95mnot[39;49;00m inputs:[90m[39;49;00m
PRE-RELEASE DEPENDENCIES	Run test suite	2026-10-02T14:06:34.7354579Z             [94mreturn[39;49;00m [][90m[39;49;00m
PRE-RELEASE DEPENDENCIES	Run test suite	2026-10-02T14:06:34.7355053Z         [94mif[39;49;00m pooling_strategy [95mnot[39;49;00m [95min[39;49;00m [96mself[39;49;00m.available_pooling_strategies:[90m[39;49;00m
PRE-RELEASE DEPENDENCIES	Run test suite	2026-10-02T14:06:34.7355271Z             [94mraise[39;49;00m [96mValueError[39;49;00m([90m[39;49;00m
PRE-RELEASE DEPENDENCIES	Run test suite	2026-10-02T14:06:34.7356473Z                 [33mf[39;49;00m[33m"[39;49;00m[33mInvalid pooling strategy [39;49;00m[33m'[39;49;00m[33m{[39;49;00mpooling_strategy[33m}[39;49;00m[33m'[39;49;00m[33m. Choose from [39;49;00m[33m{[39;49;00m[96mself[39;49;00m.available_pooling_strategies[33m}[39;49;00m[33m"[39;49;00m[90m[39;49;00m
PRE-RELEASE DEPENDENCIES	Run test suite	2026-10-02T14:06:34.7356594Z             )[90m[39;49;00m
PRE-RELEASE DEPENDENCIES	Run test suite	2026-10-02T14:06:34.7356694Z     [90m[39;49;00m
PRE-RELEASE DEPENDENCIES	Run test suite	2026-10-02T14:06:34.7357229Z         batch_size = [96mint[39;49;00m(kwargs.pop([33m"[39;49;00m[33mbatch_size[39;49;00m[33m"[39;49;00m, [96mself[39;49;00m._default_batch_size()))[90m[39;49;00m
PRE-RELEASE DEPENDENCIES	Run test suite	2026-10-02T14:06:34.7357336Z     [90m[39;49;00m
PRE-RELEASE DEPENDENCIES	Run test suite	2026-10-02T14:06:34.7357928Z         cfg = [96mgetattr[39;49;00m([96mself[39;49;00m.model, [33m"[39;49;00m[33mconfig[39;49;00m[33m"[39;49;00m, [94mNone[39;49;00m)[90m[39;49;00m
PRE-RELEASE DEPENDENCIES	Run test suite	2026-10-02T14:06:34.7358808Z         ctx_model = [96mgetattr[39;49;00m(cfg, [33m"[39;49;00m[33mmax_position_embeddings[39;49;00m[33m"[39;49;00m, [94mNone[39;49;00m) [94mif[39;49;00m cfg [95mis[39;49;00m [95mnot[39;49;00m [94mNone[39;49;00m [94melse[39;49;00m [94mNone[39;49;00m[90m[39;49;00m
PRE-RELEASE DEPENDENCIES	Run test suite	2026-10-02T14:06:34.7359364Z         ctx_tok = [96mgetattr[39;49;00m([96mself[39;49;00m.tokenizer, [33m"[39;49;00m[33mmodel_max_length[39;49;00m[33m"[39;49;00m, [94mNone[39;49;00m)[90m[39;49;00m
PRE-RELEASE DEPENDENCIES	Run test suite	2026-10-02T14:06:34.7359804Z         candidates = [[90m[39;49;00m
PRE-RELEASE DEPENDENCIES	Run test suite	2026-10-02T14:06:34.7360138Z             [96mint[39;49;00m(x) [94mfor[39;49;00m x [95min[39;49;00m (ctx_model, ctx_tok)[90m[39;49;00m
PRE-RELEASE DEPENDENCIES	Run test suite	2026-10-02T14:06:34.7360614Z             [94mif[39;49;00m [96misinstance[39;49;00m(x, [96mint[39;49;00m) [95mand[39;49;00m [94m0[39;49;00m < x < [94m1_000_000[39;49;00m[90m[39;49;00m
PRE-RELEASE DEPENDENCIES	Run test suite	2026-10-02T14:06:34.7360736Z         ][90m[39;49;00m
PRE-RELEASE DEPENDENCIES	Run test suite	2026-10-02T14:06:34.7361143Z         ctx = [96mmin[39;49;00m(candidates) [94mif[39;49;00m candidates [94melse[39;49;00m [94m1024[39;49;00m[90m[39;49;00m
PRE-RELEASE DEPENDENCIES	Run test suite	2026-10-02T14:06:34.7361252Z     [90m[39;49;00m
PRE-RELEASE DEPENDENCIES	Run test suite	2026-10-02T14:06:34.7361777Z         cls_id = [96mgetattr[39;49;00m([96mself[39;49;00m.tokenizer, [33m"[39;49;00m[33mcls_token_id[39;49;00m[33m"[39;49;00m, [94mNone[39;49;00m)[90m[39;49;00m
PRE-RELEASE DEPENDENCIES	Run test suite	2026-10-02T14:06:34.7362294Z         sep_id = [96mgetattr[39;49;00m([96mself[39;49;00m.tokenizer, [33m"[39;49;00m[33msep_token_id[39;49;00m[33m"[39;49;00m, [94mNone[39;49;00m)[90m[39;49;00m
PRE-RELEASE DEPENDENCIES	Run test suite	2026-10-02T14:06:34.7362813Z         bos_id = [96mgetattr[39;49;00m([96mself[39;49;00m.tokenizer, [33m"[39;49;00m[33mbos_token_id[39;49;00m[33m"[39;49;00m, [94mNone[39;49;00m)[90m[39;49;00m
PRE-RELEASE DEPENDENCIES	Run test suite	2026-10-02T14:06:34.7363323Z         eos_id = [96mgetattr[39;49;00m([96mself[39;49;00m.tokenizer, [33m"[39;49;00m[33meos_token_id[39;49;00m[33m"[39;49;00m, [94mNone[39;49;00m)[90m[39;49;00m
PRE-RELEASE DEPENDENCIES	Run test suite	2026-10-02T14:06:34.7363844Z         pad_id = [96mgetattr[39;49;00m([96mself[39;49;00m.tokenizer, [33m"[39;49;00m[33mpad_token_id[39;49;00m[33m"[39;49;00m, [94mNone[39;49;00m)[90m[39;49;00m
PRE-RELEASE DEPENDENCIES	Run test suite	2026-10-02T14:06:34.7364105Z         [94mif[39;49;00m pad_id [95mis[39;49;00m [94mNone[39;49;00m:[90m[39;49;00m
PRE-RELEASE DEPENDENCIES	Run test suite	2026-10-02T14:06:34.7364591Z             pad_id = eos_id [94mif[39;49;00m eos_id [95mis[39;49;00m [95mnot[39;49;00m [94mNone[39;49;00m [94melse[39;49;00m [94m0[39;49;00m[90m[39;49;00m
PRE-RELEASE DEPENDENCIES	Run test suite	2026-10-02T14:06:34.7365043Z         head_id = cls_id [94mif[39;49;00m cls_id [95mis[39;49;00m [95mnot[39;49;00m [94mNone[39;49;00m [94melse[39;49;00m bos_id[90m[39;49;00m
PRE-RELEASE DEPENDENCIES	Run test suite	2026-10-02T14:06:34.7365494Z         tail_id = sep_id [94mif[39;49;00m sep_id [95mis[39;49;00m [95mnot[39;49;00m [94mNone[39;49;00m [94melse[39;49;00m eos_id[90m[39;49;00m
PRE-RELEASE DEPENDENCIES	Run test suite	2026-10-02T14:06:34.7366023Z         head_cost = [94m1[39;49;00m [94mif[39;49;00m head_id [95mis[39;49;00m [95mnot[39;49;00m [94mNone[39;49;00m [94melse[39;49;00m [94m0[39;49;00m[90m[39;49;00m
PRE-RELEASE DEPENDENCIES	Run test suite	2026-10-02T14:06:34.7366684Z         tail_cost = [94m1[39;49;00m [94mif[39;49;00m tail_id [95mis[39;49;00m [95mnot[39;49;00m [94mNone[39;49;00m [94melse[39;49;00m [94m0[39;49;00m[90m[39;49;00m
PRE-RELEASE DEPENDENCIES	Run test suite	2026-10-02T14:06:34.7366878Z         inner_max = ctx - head_cost - tail_cost[90m[39;49;00m
PRE-RELEASE DEPENDENCIES	Run test suite	2026-10-02T14:06:34.7367095Z         [94mif[39;49;00m inner_max <= [94m0[39;49;00m:[90m[39;49;00m
PRE-RELEASE DEPENDENCIES	Run test suite	2026-10-02T14:06:34.7367322Z             [94mraise[39;49;00m [96mRuntimeError[39;49;00m([90m[39;49;00m
PRE-RELEASE DEPENDENCIES	Run test suite	2026-10-02T14:06:34.7367995Z                 [33mf[39;49;00m[33m"[39;49;00m[33mContext window [39;49;00m[33m{[39;49;00mctx[33m}[39;49;00m[33m too small after reserving room for special tokens.[39;49;00m[33m"[39;49;00m[90m[39;49;00m
PRE-RELEASE DEPENDENCIES	Run test suite	2026-10-02T14:06:34.7368224Z             )[90m[39;49;00m
PRE-RELEASE DEPENDENCIES	Run test suite	2026-10-02T14:06:34.7368331Z     [90m[39;49;00m
PRE-RELEASE DEPENDENCIES	Run test suite	2026-10-02T14:06:34.7368638Z         chunk_ids: [96mlist[39;49;00m[[96mlist[39;49;00m[[96mint[39;49;00m]] = [][90m[39;49;00m
PRE-RELEASE DEPENDENCIES	Run test suite	2026-10-02T14:06:34.7368952Z         chunk_attn: [96mlist[39;49;00m[[96mlist[39;49;00m[[96mint[39;49;00m]] = [][90m[39;49;00m
PRE-RELEASE DEPENDENCIES	Run test suite	2026-10-02T14:06:34.7369216Z         chunk_to_input_idx: [96mlist[39;49;00m[[96mint[39;49;00m] = [][90m[39;49;00m
PRE-RELEASE DEPENDENCIES	Run test suite	2026-10-02T14:06:34.7369404Z         overflow_warned = [94mFalse[39;49;00m[90m[39;49;00m
PRE-RELEASE DEPENDENCIES	Run test suite	2026-10-02T14:06:34.7369853Z         [94mfor[39;49;00m i, text [95min[39;49;00m [96menumerate[39;49;00m(inputs):[90m[39;49;00m
PRE-RELEASE DEPENDENCIES	Run test suite	2026-10-02T14:06:34.7370040Z             enc = [96mself[39;49;00m.tokenizer([90m[39;49;00m
PRE-RELEASE DEPENDENCIES	Run test suite	2026-10-02T14:06:34.7370172Z                 text,[90m[39;49;00m
PRE-RELEASE DEPENDENCIES	Run test suite	2026-10-02T14:06:34.7370376Z                 add_special_tokens=[94mFalse[39;49;00m,[90m[39;49;00m
PRE-RELEASE DEPENDENCIES	Run test suite	2026-10-02T14:06:34.7370553Z                 truncation=[94mFalse[39;49;00m,[90m[39;49;00m
PRE-RELEASE DEPENDENCIES	Run test suite	2026-10-02T14:06:34.7370725Z                 padding=[94mFalse[39;49;00m,[90m[39;49;00m
PRE-RELEASE DEPENDENCIES	Run test suite	2026-10-02T14:06:34.7370915Z                 return_tensors=[94mNone[39;49;00m,[90m[39;49;00m
PRE-RELEASE DEPENDENCIES	Run test suite	2026-10-02T14:06:34.7371027Z             )[90m[39;49;00m
PRE-RELEASE DEPENDENCIES	Run test suite	2026-10-02T14:06:34.7371307Z             ids = enc[[33m"[39;49;00m[33minput_ids[39;49;00m[33m"[39;49;00m][90m[39;49;00m
PRE-RELEASE DEPENDENCIES	Run test suite	2026-10-02T14:06:34.7371739Z >           [94mif[39;49;00m ids [95mand[39;49;00m [96misinstance[39;49;00m(ids[[94m0[39;49;00m], [96mlist[39;49;00m):[90m[39;49;00m
PRE-RELEASE DEPENDENCIES	Run test suite	2026-10-02T14:06:34.7371858Z                ^^^[90m[39;49;00m
PRE-RELEASE DEPENDENCIES	Run test suite	2026-10-02T14:06:34.7372182Z [1m[31mE           RuntimeError: Boolean value of Tensor with more than one value is ambiguous[0m
PRE-RELEASE DEPENDENCIES	Run test suite	2026-10-02T14:06:34.7372189Z 
PRE-RELEASE DEPENDENCIES	Run test suite	2026-10-02T14:06:34.7372658Z [1m[31m/opt/hostedtoolcache/Python/3.12.14/x64/lib/python3.12/site-packages/embpy/models/protein_models.py[0m:301: RuntimeError
PRE-RELEASE DEPENDENCIES	Run test suite	2026-10-02T14:06:34.7372972Z [31m[1m____________ TestProtT5Wrapper.test_embed_batch_empty_returns_empty ____________[0m
PRE-RELEASE DEPENDENCIES	Run test suite	2026-10-02T14:06:34.7372982Z 
PRE-RELEASE DEPENDENCIES	Run test suite	2026-10-02T14:06:34.7373202Z self = <models.test_protein_models.TestProtT5Wrapper object at 0x7fa7f5f07410>
PRE-RELEASE DEPENDENCIES	Run test suite	2026-10-02T14:06:34.7373208Z 
PRE-RELEASE DEPENDENCIES	Run test suite	2026-10-02T14:06:34.7373640Z     [0m[94mdef[39;49;00m[90m [39;49;00m[92mtest_embed_batch_empty_returns_empty[39;49;00m([96mself[39;49;00m):[90m[39;49;00m
PRE-RELEASE DEPENDENCIES	Run test suite	2026-10-02T14:06:34.7374388Z         [94mfrom[39;49;00m[90m [39;49;00m[04m[96membpy[39;49;00m[04m[96m.[39;49;00m[04m[96mmodels[39;49;00m[04m[96m.[39;49;00m[04m[96mprotein_models[39;49;00m[90m [39;49;00m[94mimport[39;49;00m ProtT5Wrapper[90m[39;49;00m
PRE-RELEASE DEPENDENCIES	Run test suite	2026-10-02T14:06:34.7374497Z     [90m[39;49;00m
PRE-RELEASE DEPENDENCIES	Run test suite	2026-10-02T14:06:34.7374636Z         w = ProtT5Wrapper()[90m[39;49;00m
PRE-RELEASE DEPENDENCIES	Run test suite	2026-10-02T14:06:34.7374780Z         w.model = MagicMock()[90m[39;49;00m
PRE-RELEASE DEPENDENCIES	Run test suite	2026-10-02T14:06:34.7375082Z         w.device = torch.device([33m"[39;49;00m[33mcpu[39;49;00m[33m"[39;49;00m)[90m[39;49;00m
PRE-RELEASE DEPENDENCIES	Run test suite	2026-10-02T14:06:34.7375292Z >       [94massert[39;49;00m w.embed_batch([]) == [][90m[39;49;00m
PRE-RELEASE DEPENDENCIES	Run test suite	2026-10-02T14:06:34.7375427Z                ^^^^^^^^^^^^^^^^^[90m[39;49;00m
PRE-RELEASE DEPENDENCIES	Run test suite	2026-10-02T14:06:34.7375438Z 
PRE-RELEASE DEPENDENCIES	Run test suite	2026-10-02T14:06:34.7375632Z [1m[31mtests/embpy/models/test_protein_models.py[0m:213: 
PRE-RELEASE DEPENDENCIES	Run test suite	2026-10-02T14:06:34.7375901Z _ _ _ _ _ _ _ _ _ _ _ _ _ _ _ _ _ _ _ _ _ _ _ _ _ _ _ _ _ _ _ _ _ _ _ _ _ _ _ _ 
PRE-RELEASE DEPENDENCIES	Run test suite	2026-10-02T14:06:34.7375906Z 
PRE-RELEASE DEPENDENCIES	Run test suite	2026-10-02T14:06:34.7376114Z self = <embpy.models.protein_models.ProtT5Wrapper object at 0x7fa7e4ef6ba0>
PRE-RELEASE DEPENDENCIES	Run test suite	2026-10-02T14:06:34.7376296Z inputs = [], pooling_strategy = 'mean', target_layer = None, kwargs = {}
PRE-RELEASE DEPENDENCIES	Run test suite	2026-10-02T14:06:34.7376302Z 
PRE-RELEASE DEPENDENCIES	Run test suite	2026-10-02T14:06:34.7376554Z     [0m[94mdef[39;49;00m[90m [39;49;00m[92membed_batch[39;49;00m([90m[39;49;00m
PRE-RELEASE DEPENDENCIES	Run test suite	2026-10-02T14:06:34.7376689Z         [96mself[39;49;00m,[90m[39;49;00m
PRE-RELEASE DEPENDENCIES	Run test suite	2026-10-02T14:06:34.7376908Z         inputs: [96mlist[39;49;00m[[96mstr[39;49;00m],[90m[39;49;00m
PRE-RELEASE DEPENDENCIES	Run test suite	2026-10-02T14:06:34.7474941Z         pooling_strategy: [96mstr[39;49;00m = [33m"[39;49;00m[33mmean[39;49;00m[33m"[39;49;00m,[90m[39;49;00m
PRE-RELEASE DEPENDENCIES	Run test suite	2026-10-02T14:06:34.7475886Z         target_layer: [96mint[39;49;00m | [94mNone[39;49;00m = [94mNone[39;49;00m,[90m[39;49;00m
PRE-RELEASE DEPENDENCIES	Run test suite	2026-10-02T14:06:34.7476073Z         **kwargs: Any,[90m[39;49;00m
PRE-RELEASE DEPENDENCIES	Run test suite	2026-10-02T14:06:34.7476297Z     ) -> [96mlist[39;49;00m[np.ndarray]:[90m[39;49;00m
PRE-RELEASE DEPENDENCIES	Run test suite	2026-10-02T14:06:34.7476580Z     [90m    [39;49;00m[33m"""Embed multiple protein sequences.[39;49;00m
PRE-RELEASE DEPENDENCIES	Run test suite	2026-10-02T14:06:34.7476712Z     [33m[39;49;00m
PRE-RELEASE DEPENDENCIES	Run test suite	2026-10-02T14:06:34.7476866Z     [33m    Parameters[39;49;00m
PRE-RELEASE DEPENDENCIES	Run test suite	2026-10-02T14:06:34.7477017Z     [33m    ----------[39;49;00m
PRE-RELEASE DEPENDENCIES	Run test suite	2026-10-02T14:06:34.7477165Z     [33m    inputs[39;49;00m
PRE-RELEASE DEPENDENCIES	Run test suite	2026-10-02T14:06:34.7477403Z     [33m        List of amino-acid sequence strings.[39;49;00m
PRE-RELEASE DEPENDENCIES	Run test suite	2026-10-02T14:06:34.7477568Z     [33m    pooling_strategy[39;49;00m
PRE-RELEASE DEPENDENCIES	Run test suite	2026-10-02T14:06:34.7477831Z     [33m        One of ``"mean"`` (default), ``"max"``, ``"cls"``.[39;49;00m
PRE-RELEASE DEPENDENCIES	Run test suite	2026-10-02T14:06:34.7477988Z     [33m    target_layer[39;49;00m
PRE-RELEASE DEPENDENCIES	Run test suite	2026-10-02T14:06:34.7478197Z     [33m        Optional encoder layer index.[39;49;00m
PRE-RELEASE DEPENDENCIES	Run test suite	2026-10-02T14:06:34.7478326Z     [33m[39;49;00m
PRE-RELEASE DEPENDENCIES	Run test suite	2026-10-02T14:06:34.7478469Z     [33m    Returns[39;49;00m
PRE-RELEASE DEPENDENCIES	Run test suite	2026-10-02T14:06:34.7478617Z     [33m    -------[39;49;00m
PRE-RELEASE DEPENDENCIES	Run test suite	2026-10-02T14:06:34.7478776Z     [33m    list[np.ndarray][39;49;00m
PRE-RELEASE DEPENDENCIES	Run test suite	2026-10-02T14:06:34.7479087Z     [33m        One 1-D array of shape ``(1024,)`` per input sequence.[39;49;00m
PRE-RELEASE DEPENDENCIES	Run test suite	2026-10-02T14:06:34.7479223Z     [33m    """[39;49;00m[90m[39;49;00m
PRE-RELEASE DEPENDENCIES	Run test suite	2026-10-02T14:06:34.7480402Z         [94mif[39;49;00m [96mself[39;49;00m.model [95mis[39;49;00m [94mNone[39;49;00m [95mor[39;49;00m [96mself[39;49;00m.device [95mis[39;49;00m [94mNone[39;49;00m [95mor[39;49;00m [96mself[39;49;00m.tokenizer [95mis[39;49;00m [94mNone[39;49;00m:[90m[39;49;00m
PRE-RELEASE DEPENDENCIES	Run test suite	2026-10-02T14:06:34.7480962Z >           [94mraise[39;49;00m [96mRuntimeError[39;49;00m([33m"[39;49;00m[33mProtT5 model not loaded. Call load() first.[39;49;00m[33m"[39;49;00m)[90m[39;49;00m
PRE-RELEASE DEPENDENCIES	Run test suite	2026-10-02T14:06:34.7481220Z [1m[31mE           RuntimeError: ProtT5 model not loaded. Call load() first.[0m
PRE-RELEASE DEPENDENCIES	Run test suite	2026-10-02T14:06:34.7481226Z 
PRE-RELEASE DEPENDENCIES	Run test suite	2026-10-02T14:06:34.7481706Z [1m[31m/opt/hostedtoolcache/Python/3.12.14/x64/lib/python3.12/site-packages/embpy/models/protein_models.py[0m:815: RuntimeError
PRE-RELEASE DEPENDENCIES	Run test suite	2026-10-02T14:06:34.7482015Z [31m[1m_______________ TestProtT5Wrapper.test_embed_batch_returns_list ________________[0m
PRE-RELEASE DEPENDENCIES	Run test suite	2026-10-02T14:06:34.7482021Z 
PRE-RELEASE DEPENDENCIES	Run test suite	2026-10-02T14:06:34.7482233Z self = <models.test_protein_models.TestProtT5Wrapper object at 0x7fa7f5f7fec0>
PRE-RELEASE DEPENDENCIES	Run test suite	2026-10-02T14:06:34.7482239Z 
PRE-RELEASE DEPENDENCIES	Run test suite	2026-10-02T14:06:34.7482644Z     [0m[94mdef[39;49;00m[90m [39;49;00m[92mtest_embed_batch_returns_list[39;49;00m([96mself[39;49;00m):[90m[39;49;00m
PRE-RELEASE DEPENDENCIES	Run test suite	2026-10-02T14:06:34.7482862Z         w, _ = [96mself[39;49;00m._make_loaded_wrapper()[90m[39;49;00m
PRE-RELEASE DEPENDENCIES	Run test suite	2026-10-02T14:06:34.7483391Z         results = w.embed_batch([[33m"[39;49;00m[33mMTEYKLVVVG[39;49;00m[33m"[39;49;00m, [33m"[39;49;00m[33mACDEFGHIKL[39;49;00m[33m"[39;49;00m])[90m[39;49;00m
PRE-RELEASE DEPENDENCIES	Run test suite	2026-10-02T14:06:34.7490114Z >       [94massert[39;49;00m [96mlen[39;49;00m(results) == [94m2[39;49;00m[90m[39;49;00m
PRE-RELEASE DEPENDENCIES	Run test suite	2026-10-02T14:06:34.7490343Z [1m[31mE       assert 1 == 2[0m
PRE-RELEASE DEPENDENCIES	Run test suite	2026-10-02T14:06:34.7491106Z [1m[31mE        +  where 1 = len([array([-0.3297085 , -0.18166345,  0.04127124, ...,  0.4458356 ,\n       -0.36110055, -0.06942654], shape=(1024,), dtype=float32)])[0m
PRE-RELEASE DEPENDENCIES	Run test suite	2026-10-02T14:06:34.7491115Z 
PRE-RELEASE DEPENDENCIES	Run test suite	2026-10-02T14:06:34.7491379Z [1m[31mtests/embpy/models/test_protein_models.py[0m:352: AssertionError
PRE-RELEASE DEPENDENCIES	Run test suite	2026-10-02T14:06:34.7491673Z [31m[1m_____________________ TestESM3Wrapper.test_embed_with_mock _____________________[0m
PRE-RELEASE DEPENDENCIES	Run test suite	2026-10-02T14:06:34.7491679Z 
PRE-RELEASE DEPENDENCIES	Run test suite	2026-10-02T14:06:34.7491899Z self = <models.test_protein_models.TestESM3Wrapper object at 0x7fa7f5f7da90>
PRE-RELEASE DEPENDENCIES	Run test suite	2026-10-02T14:06:34.7491904Z 
PRE-RELEASE DEPENDENCIES	Run test suite	2026-10-02T14:06:34.7492272Z     [0m[94mdef[39;49;00m[90m [39;49;00m[92mtest_embed_with_mock[39;49;00m([96mself[39;49;00m):[90m[39;49;00m
PRE-RELEASE DEPENDENCIES	Run test suite	2026-10-02T14:06:34.7493128Z         [94mfrom[39;49;00m[90m [39;49;00m[04m[96membpy[39;49;00m[04m[96m.[39;49;00m[04m[96mmodels[39;49;00m[04m[96m.[39;49;00m[04m[96mprotein_models[39;49;00m[90m [39;49;00m[94mimport[39;49;00m ESM3Wrapper[90m[39;49;00m
PRE-RELEASE DEPENDENCIES	Run test suite	2026-10-02T14:06:34.7493247Z     [90m[39;49;00m
PRE-RELEASE DEPENDENCIES	Run test suite	2026-10-02T14:06:34.7493380Z         w = ESM3Wrapper()[90m[39;49;00m
PRE-RELEASE DEPENDENCIES	Run test suite	2026-10-02T14:06:34.7493535Z         mock_client = MagicMock()[90m[39;49;00m
PRE-RELEASE DEPENDENCIES	Run test suite	2026-10-02T14:06:34.7493755Z         mock_client.encode.return_value = MagicMock()[90m[39;49;00m
PRE-RELEASE DEPENDENCIES	Run test suite	2026-10-02T14:06:34.7493862Z     [90m[39;49;00m
PRE-RELEASE DEPENDENCIES	Run test suite	2026-10-02T14:06:34.7494031Z         mock_logits_output = MagicMock()[90m[39;49;00m
PRE-RELEASE DEPENDENCIES	Run test suite	2026-10-02T14:06:34.7494441Z         mock_logits_output.embeddings = torch.randn([94m1[39;49;00m, [94m10[39;49;00m, [94m64[39;49;00m)[90m[39;49;00m
PRE-RELEASE DEPENDENCIES	Run test suite	2026-10-02T14:06:34.7494687Z         mock_client.logits.return_value = mock_logits_output[90m[39;49;00m
PRE-RELEASE DEPENDENCIES	Run test suite	2026-10-02T14:06:34.7494788Z     [90m[39;49;00m
PRE-RELEASE DEPENDENCIES	Run test suite	2026-10-02T14:06:34.7494943Z         w._client = mock_client[90m[39;49;00m
PRE-RELEASE DEPENDENCIES	Run test suite	2026-10-02T14:06:34.7495248Z         w.device = torch.device([33m"[39;49;00m[33mcpu[39;49;00m[33m"[39;49;00m)[90m[39;49;00m
PRE-RELEASE DEPENDENCIES	Run test suite	2026-10-02T14:06:34.7495400Z         w.model = mock_client[90m[39;49;00m
PRE-RELEASE DEPENDENCIES	Run test suite	2026-10-02T14:06:34.7495509Z     [90m[39;49;00m
PRE-RELEASE DEPENDENCIES	Run test suite	2026-10-02T14:06:34.7496040Z >       emb = w.embed([33m"[39;49;00m[33mMTEYKLVVVG[39;49;00m[33m"[39;49;00m, pooling_strategy=[33m"[39;49;00m[33mmean[39;49;00m[33m"[39;49;00m)[90m[39;49;00m
PRE-RELEASE DEPENDENCIES	Run test suite	2026-10-02T14:06:34.7496226Z               ^^^^^^^^^^^^^^^^^^^^^^^^^^^^^^^^^^^^^^^^^^^^^^[90m[39;49;00m
PRE-RELEASE DEPENDENCIES	Run test suite	2026-10-02T14:06:34.7496232Z 
PRE-RELEASE DEPENDENCIES	Run test suite	2026-10-02T14:06:34.7496430Z [1m[31mtests/embpy/models/test_protein_models.py[0m:442: 
PRE-RELEASE DEPENDENCIES	Run test suite	2026-10-02T14:06:34.7496575Z _ _ _ _ _ _ _ _ _ _ _ _ _ _ _ _ _ _ _ _ _ _ _ _ _ _ _ _ _ _ _ _ _ _ _ _ _ _ _ _ 
PRE-RELEASE DEPENDENCIES	Run test suite	2026-10-02T14:06:34.7496580Z 
PRE-RELEASE DEPENDENCIES	Run test suite	2026-10-02T14:06:34.7496781Z self = <embpy.models.protein_models.ESM3Wrapper object at 0x7fa7e4f21970>
PRE-RELEASE DEPENDENCIES	Run test suite	2026-10-02T14:06:34.7496933Z input = 'MTEYKLVVVG', pooling_strategy = 'mean', kwargs = {}
PRE-RELEASE DEPENDENCIES	Run test suite	2026-10-02T14:06:34.7496939Z 
PRE-RELEASE DEPENDENCIES	Run test suite	2026-10-02T14:06:34.7497173Z     [0m[94mdef[39;49;00m[90m [39;49;00m[92membed[39;49;00m([90m[39;49;00m
PRE-RELEASE DEPENDENCIES	Run test suite	2026-10-02T14:06:34.7497309Z         [96mself[39;49;00m,[90m[39;49;00m
PRE-RELEASE DEPENDENCIES	Run test suite	2026-10-02T14:06:34.7497508Z         [96minput[39;49;00m: [96mstr[39;49;00m,[90m[39;49;00m
PRE-RELEASE DEPENDENCIES	Run test suite	2026-10-02T14:06:34.7497867Z         pooling_strategy: [96mstr[39;49;00m = [33m"[39;49;00m[33mmean[39;49;00m[33m"[39;49;00m,[90m[39;49;00m
PRE-RELEASE DEPENDENCIES	Run test suite	2026-10-02T14:06:34.7497997Z         **kwargs: Any,[90m[39;49;00m
PRE-RELEASE DEPENDENCIES	Run test suite	2026-10-02T14:06:34.7498131Z     ) -> np.ndarray:[90m[39;49;00m
PRE-RELEASE DEPENDENCIES	Run test suite	2026-10-02T14:06:34.7498384Z     [90m    [39;49;00m[33m"""Embed a single protein sequence using ESM3.[39;49;00m
PRE-RELEASE DEPENDENCIES	Run test suite	2026-10-02T14:06:34.7498491Z     [33m[39;49;00m
PRE-RELEASE DEPENDENCIES	Run test suite	2026-10-02T14:06:34.7498747Z     [33m    Uses the ESM3 encoder to get per-residue embeddings from the[39;49;00m
PRE-RELEASE DEPENDENCIES	Run test suite	2026-10-02T14:06:34.7498920Z     [33m    sequence track, then pools them.[39;49;00m
PRE-RELEASE DEPENDENCIES	Run test suite	2026-10-02T14:06:34.7499057Z     [33m    """[39;49;00m[90m[39;49;00m
PRE-RELEASE DEPENDENCIES	Run test suite	2026-10-02T14:06:34.7499387Z         [94mif[39;49;00m [96mself[39;49;00m._client [95mis[39;49;00m [94mNone[39;49;00m:[90m[39;49;00m
PRE-RELEASE DEPENDENCIES	Run test suite	2026-10-02T14:06:34.7500343Z             [94mraise[39;49;00m [96mRuntimeError[39;49;00m([33m"[39;49;00m[33mESM3 not loaded. Call load() first.[39;49;00m[33m"[39;49;00m)[90m[39;49;00m
PRE-RELEASE DEPENDENCIES	Run test suite	2026-10-02T14:06:34.7500807Z         [94mif[39;49;00m pooling_strategy [95mnot[39;49;00m [95min[39;49;00m [96mself[39;49;00m.available_pooling_strategies:[90m[39;49;00m
PRE-RELEASE DEPENDENCIES	Run test suite	2026-10-02T14:06:34.7501029Z             [94mraise[39;49;00m [96mValueError[39;49;00m([90m[39;49;00m
PRE-RELEASE DEPENDENCIES	Run test suite	2026-10-02T14:06:34.7501669Z                 [33mf[39;49;00m[33m"[39;49;00m[33mInvalid pooling [39;49;00m[33m'[39;49;00m[33m{[39;49;00mpooling_strategy[33m}[39;49;00m[33m'[39;49;00m[33m. [39;49;00m[33m"[39;49;00m[90m[39;49;00m
PRE-RELEASE DEPENDENCIES	Run test suite	2026-10-02T14:06:34.7502251Z                 [33mf[39;49;00m[33m"[39;49;00m[33mChoose from [39;49;00m[33m{[39;49;00m[96mself[39;49;00m.available_pooling_strategies[33m}[39;49;00m[33m"[39;49;00m[90m[39;49;00m
PRE-RELEASE DEPENDENCIES	Run test suite	2026-10-02T14:06:34.7502488Z             )[90m[39;49;00m
PRE-RELEASE DEPENDENCIES	Run test suite	2026-10-02T14:06:34.7502592Z     [90m[39;49;00m
PRE-RELEASE DEPENDENCIES	Run test suite	2026-10-02T14:06:34.7502841Z >       protein = ESMProtein(sequence=[96minput[39;49;00m)[90m[39;49;00m
PRE-RELEASE DEPENDENCIES	Run test suite	2026-10-02T14:06:34.7502977Z                   ^^^^^^^^^^[90m[39;49;00m
PRE-RELEASE DEPENDENCIES	Run test suite	2026-10-02T14:06:34.7503174Z [1m[31mE       NameError: name 'ESMProtein' is not defined[0m
PRE-RELEASE DEPENDENCIES	Run test suite	2026-10-02T14:06:34.7503180Z 
PRE-RELEASE DEPENDENCIES	Run test suite	2026-10-02T14:06:34.7503645Z [1m[31m/opt/hostedtoolcache/Python/3.12.14/x64/lib/python3.12/site-packages/embpy/models/protein_models.py[0m:954: NameError
PRE-RELEASE DEPENDENCIES	Run test suite	2026-10-02T14:06:34.7503929Z [31m[1m_______________________ TestESM3Wrapper.test_embed_batch _______________________[0m
PRE-RELEASE DEPENDENCIES	Run test suite	2026-10-02T14:06:34.7503941Z 
PRE-RELEASE DEPENDENCIES	Run test suite	2026-10-02T14:06:34.7504143Z self = <models.test_protein_models.TestESM3Wrapper object at 0x7fa7f5f7cef0>
PRE-RELEASE DEPENDENCIES	Run test suite	2026-10-02T14:06:34.7504148Z 
PRE-RELEASE DEPENDENCIES	Run test suite	2026-10-02T14:06:34.7504509Z     [0m[94mdef[39;49;00m[90m [39;49;00m[92mtest_embed_batch[39;49;00m([96mself[39;49;00m):[90m[39;49;00m
PRE-RELEASE DEPENDENCIES	Run test suite	2026-10-02T14:06:34.7505250Z         [94mfrom[39;49;00m[90m [39;49;00m[04m[96membpy[39;49;00m[04m[96m.[39;49;00m[04m[96mmodels[39;49;00m[04m[96m.[39;49;00m[04m[96mprotein_models[39;49;00m[90m [39;49;00m[94mimport[39;49;00m ESM3Wrapper[90m[39;49;00m
PRE-RELEASE DEPENDENCIES	Run test suite	2026-10-02T14:06:34.7505366Z     [90m[39;49;00m
PRE-RELEASE DEPENDENCIES	Run test suite	2026-10-02T14:06:34.7505507Z         w = ESM3Wrapper()[90m[39;49;00m
PRE-RELEASE DEPENDENCIES	Run test suite	2026-10-02T14:06:34.7505656Z         mock_client = MagicMock()[90m[39;49;00m
PRE-RELEASE DEPENDENCIES	Run test suite	2026-10-02T14:06:34.7505879Z         mock_client.encode.return_value = MagicMock()[90m[39;49;00m
PRE-RELEASE DEPENDENCIES	Run test suite	2026-10-02T14:06:34.7505980Z     [90m[39;49;00m
PRE-RELEASE DEPENDENCIES	Run test suite	2026-10-02T14:06:34.7506152Z         mock_logits_output = MagicMock()[90m[39;49;00m
PRE-RELEASE DEPENDENCIES	Run test suite	2026-10-02T14:06:34.7506552Z         mock_logits_output.embeddings = torch.randn([94m1[39;49;00m, [94m10[39;49;00m, [94m64[39;49;00m)[90m[39;49;00m
PRE-RELEASE DEPENDENCIES	Run test suite	2026-10-02T14:06:34.7506801Z         mock_client.logits.return_value = mock_logits_output[90m[39;49;00m
PRE-RELEASE DEPENDENCIES	Run test suite	2026-10-02T14:06:34.7506910Z     [90m[39;49;00m
PRE-RELEASE DEPENDENCIES	Run test suite	2026-10-02T14:06:34.7507054Z         w._client = mock_client[90m[39;49;00m
PRE-RELEASE DEPENDENCIES	Run test suite	2026-10-02T14:06:34.7507359Z         w.device = torch.device([33m"[39;49;00m[33mcpu[39;49;00m[33m"[39;49;00m)[90m[39;49;00m
PRE-RELEASE DEPENDENCIES	Run test suite	2026-10-02T14:06:34.7507501Z         w.model = mock_client[90m[39;49;00m
PRE-RELEASE DEPENDENCIES	Run test suite	2026-10-02T14:06:34.7507607Z     [90m[39;49;00m
PRE-RELEASE DEPENDENCIES	Run test suite	2026-10-02T14:06:34.7508124Z >       results = w.embed_batch([[33m"[39;49;00m[33mMTEYKLVVVG[39;49;00m[33m"[39;49;00m, [33m"[39;49;00m[33mACDEFGHIK[39;49;00m[33m"[39;49;00m])[90m[39;49;00m
PRE-RELEASE DEPENDENCIES	Run test suite	2026-10-02T14:06:34.7508305Z                   ^^^^^^^^^^^^^^^^^^^^^^^^^^^^^^^^^^^^^^^^^^[90m[39;49;00m
PRE-RELEASE DEPENDENCIES	Run test suite	2026-10-02T14:06:34.7508311Z 
PRE-RELEASE DEPENDENCIES	Run test suite	2026-10-02T14:06:34.7508510Z [1m[31mtests/embpy/models/test_protein_models.py[0m:461: 
PRE-RELEASE DEPENDENCIES	Run test suite	2026-10-02T14:06:34.7508647Z _ _ _ _ _ _ _ _ _ _ _ _ _ _ _ _ _ _ _ _ _ _ _ _ _ _ _ _ _ _ _ _ _ _ _ _ _ _ _ _ 
PRE-RELEASE DEPENDENCIES	Run test suite	2026-10-02T14:06:34.7509142Z [1m[31m/opt/hostedtoolcache/Python/3.12.14/x64/lib/python3.12/site-packages/embpy/models/protein_models.py[0m:984: in embed_batch
PRE-RELEASE DEPENDENCIES	Run test suite	2026-10-02T14:06:34.7509652Z     [0m[96mself[39;49;00m.embed(seq, pooling_strategy=pooling_strategy, **kwargs)[90m[39;49;00m
PRE-RELEASE DEPENDENCIES	Run test suite	2026-10-02T14:06:34.7597399Z _ _ _ _ _ _ _ _ _ _ _ _ _ _ _ _ _ _ _ _ _ _ _ _ _ _ _ _ _ _ _ _ _ _ _ _ _ _ _ _ 
PRE-RELEASE DEPENDENCIES	Run test suite	2026-10-02T14:06:34.7597627Z 
PRE-RELEASE DEPENDENCIES	Run test suite	2026-10-02T14:06:34.7597992Z self = <embpy.models.protein_models.ESM3Wrapper object at 0x7fa7e4f21220>
PRE-RELEASE DEPENDENCIES	Run test suite	2026-10-02T14:06:34.7598282Z input = 'MTEYKLVVVG', pooling_strategy = 'mean', kwargs = {}
PRE-RELEASE DEPENDENCIES	Run test suite	2026-10-02T14:06:34.7598291Z 
PRE-RELEASE DEPENDENCIES	Run test suite	2026-10-02T14:06:34.7598725Z     [0m[94mdef[39;49;00m[90m [39;49;00m[92membed[39;49;00m([90m[39;49;00m
PRE-RELEASE DEPENDENCIES	Run test suite	2026-10-02T14:06:34.7598954Z         [96mself[39;49;00m,[90m[39;49;00m
PRE-RELEASE DEPENDENCIES	Run test suite	2026-10-02T14:06:34.7599155Z         [96minput[39;49;00m: [96mstr[39;49;00m,[90m[39;49;00m
PRE-RELEASE DEPENDENCIES	Run test suite	2026-10-02T14:06:34.7599797Z         pooling_strategy: [96mstr[39;49;00m = [33m"[39;49;00m[33mmean[39;49;00m[33m"[39;49;00m,[90m[39;49;00m
PRE-RELEASE DEPENDENCIES	Run test suite	2026-10-02T14:06:34.7600128Z         **kwargs: Any,[90m[39;49;00m
PRE-RELEASE DEPENDENCIES	Run test suite	2026-10-02T14:06:34.7600259Z     ) -> np.ndarray:[90m[39;49;00m
PRE-RELEASE DEPENDENCIES	Run test suite	2026-10-02T14:06:34.7600520Z     [90m    [39;49;00m[33m"""Embed a single protein sequence using ESM3.[39;49;00m
PRE-RELEASE DEPENDENCIES	Run test suite	2026-10-02T14:06:34.7600626Z     [33m[39;49;00m
PRE-RELEASE DEPENDENCIES	Run test suite	2026-10-02T14:06:34.7600889Z     [33m    Uses the ESM3 encoder to get per-residue embeddings from the[39;49;00m
PRE-RELEASE DEPENDENCIES	Run test suite	2026-10-02T14:06:34.7601062Z     [33m    sequence track, then pools them.[39;49;00m
PRE-RELEASE DEPENDENCIES	Run test suite	2026-10-02T14:06:34.7601189Z     [33m    """[39;49;00m[90m[39;49;00m
PRE-RELEASE DEPENDENCIES	Run test suite	2026-10-02T14:06:34.7601520Z         [94mif[39;49;00m [96mself[39;49;00m._client [95mis[39;49;00m [94mNone[39;49;00m:[90m[39;49;00m
PRE-RELEASE DEPENDENCIES	Run test suite	2026-10-02T14:06:34.7602030Z             [94mraise[39;49;00m [96mRuntimeError[39;49;00m([33m"[39;49;00m[33mESM3 not loaded. Call load() first.[39;49;00m[33m"[39;49;00m)[90m[39;49;00m
PRE-RELEASE DEPENDENCIES	Run test suite	2026-10-02T14:06:34.7602493Z         [94mif[39;49;00m pooling_strategy [95mnot[39;49;00m [95min[39;49;00m [96mself[39;49;00m.available_pooling_strategies:[90m[39;49;00m
PRE-RELEASE DEPENDENCIES	Run test suite	2026-10-02T14:06:34.7602716Z             [94mraise[39;49;00m [96mValueError[39;49;00m([90m[39;49;00m
PRE-RELEASE DEPENDENCIES	Run test suite	2026-10-02T14:06:34.7603349Z                 [33mf[39;49;00m[33m"[39;49;00m[33mInvalid pooling [39;49;00m[33m'[39;49;00m[33m{[39;49;00mpooling_strategy[33m}[39;49;00m[33m'[39;49;00m[33m. [39;49;00m[33m"[39;49;00m[90m[39;49;00m
PRE-RELEASE DEPENDENCIES	Run test suite	2026-10-02T14:06:34.7603941Z                 [33mf[39;49;00m[33m"[39;49;00m[33mChoose from [39;49;00m[33m{[39;49;00m[96mself[39;49;00m.available_pooling_strategies[33m}[39;49;00m[33m"[39;49;00m[90m[39;49;00m
PRE-RELEASE DEPENDENCIES	Run test suite	2026-10-02T14:06:34.7604056Z             )[90m[39;49;00m
PRE-RELEASE DEPENDENCIES	Run test suite	2026-10-02T14:06:34.7604163Z     [90m[39;49;00m
PRE-RELEASE DEPENDENCIES	Run test suite	2026-10-02T14:06:34.7604403Z >       protein = ESMProtein(sequence=[96minput[39;49;00m)[90m[39;49;00m
PRE-RELEASE DEPENDENCIES	Run test suite	2026-10-02T14:06:34.7604530Z                   ^^^^^^^^^^[90m[39;49;00m
PRE-RELEASE DEPENDENCIES	Run test suite	2026-10-02T14:06:34.7604731Z [1m[31mE       NameError: name 'ESMProtein' is not defined[0m
PRE-RELEASE DEPENDENCIES	Run test suite	2026-10-02T14:06:34.7604741Z 
PRE-RELEASE DEPENDENCIES	Run test suite	2026-10-02T14:06:34.7605192Z [1m[31m/opt/hostedtoolcache/Python/3.12.14/x64/lib/python3.12/site-packages/embpy/models/protein_models.py[0m:954: NameError
PRE-RELEASE DEPENDENCIES	Run test suite	2026-10-02T14:06:34.7605498Z [31m[1m__________________ TestBenchmarkScalarTarget.test_all_models ___________________[0m
PRE-RELEASE DEPENDENCIES	Run test suite	2026-10-02T14:06:34.7605504Z 
PRE-RELEASE DEPENDENCIES	Run test suite	2026-10-02T14:06:34.7605589Z name = 'xgboost'
PRE-RELEASE DEPENDENCIES	Run test suite	2026-10-02T14:06:34.7605595Z 
PRE-RELEASE DEPENDENCIES	Run test suite	2026-10-02T14:06:34.7605999Z     [0m[94mdef[39;49;00m[90m [39;49;00m[92m_build_model[39;49;00m(name: [96mstr[39;49;00m) -> RegressorMixin:[90m[39;49;00m
PRE-RELEASE DEPENDENCIES	Run test suite	2026-10-02T14:06:34.7606340Z     [90m    [39;49;00m[33m"""Instantiate an sklearn regressor by short name."""[39;49;00m[90m[39;49;00m
PRE-RELEASE DEPENDENCIES	Run test suite	2026-10-02T14:06:34.7606641Z         [94mif[39;49;00m name == [33m"[39;49;00m[33mlinear[39;49;00m[33m"[39;49;00m:[90m[39;49;00m
PRE-RELEASE DEPENDENCIES	Run test suite	2026-10-02T14:06:34.7606843Z             [94mreturn[39;49;00m LinearRegression()[90m[39;49;00m
PRE-RELEASE DEPENDENCIES	Run test suite	2026-10-02T14:06:34.7607149Z         [94mif[39;49;00m name == [33m"[39;49;00m[33mridge[39;49;00m[33m"[39;49;00m:[90m[39;49;00m
PRE-RELEASE DEPENDENCIES	Run test suite	2026-10-02T14:06:34.7607383Z             [94mreturn[39;49;00m Ridge(alpha=[94m1.0[39;49;00m)[90m[39;49;00m
PRE-RELEASE DEPENDENCIES	Run test suite	2026-10-02T14:06:34.7607805Z         [94mif[39;49;00m name == [33m"[39;49;00m[33mknn[39;49;00m[33m"[39;49;00m:[90m[39;49;00m
PRE-RELEASE DEPENDENCIES	Run test suite	2026-10-02T14:06:34.7608114Z             [94mreturn[39;49;00m KNeighborsRegressor(n_neighbors=[94m5[39;49;00m)[90m[39;49;00m
PRE-RELEASE DEPENDENCIES	Run test suite	2026-10-02T14:06:34.7608439Z         [94mif[39;49;00m name == [33m"[39;49;00m[33mrandom_forest[39;49;00m[33m"[39;49;00m:[90m[39;49;00m
PRE-RELEASE DEPENDENCIES	Run test suite	2026-10-02T14:06:34.7608983Z             [94mreturn[39;49;00m RandomForestRegressor(n_estimators=[94m100[39;49;00m, random_state=[94m0[39;49;00m, n_jobs=-[94m1[39;49;00m)[90m[39;49;00m
PRE-RELEASE DEPENDENCIES	Run test suite	2026-10-02T14:06:34.7609291Z         [94mif[39;49;00m name == [33m"[39;49;00m[33mxgboost[39;49;00m[33m"[39;49;00m:[90m[39;49;00m
PRE-RELEASE DEPENDENCIES	Run test suite	2026-10-02T14:06:34.7609593Z             [94mtry[39;49;00m:[90m[39;49;00m
PRE-RELEASE DEPENDENCIES	Run test suite	2026-10-02T14:06:34.7610152Z >               [94mfrom[39;49;00m[90m [39;49;00m[04m[96mxgboost[39;49;00m[90m [39;49;00m[94mimport[39;49;00m XGBRegressor[90m[39;49;00m
PRE-RELEASE DEPENDENCIES	Run test suite	2026-10-02T14:06:34.7610380Z [1m[31mE               ModuleNotFoundError: No module named 'xgboost'[0m
PRE-RELEASE DEPENDENCIES	Run test suite	2026-10-02T14:06:34.7610390Z 
PRE-RELEASE DEPENDENCIES	Run test suite	2026-10-02T14:06:34.7610849Z [1m[31m/opt/hostedtoolcache/Python/3.12.14/x64/lib/python3.12/site-packages/embpy/tl/benchmark.py[0m:93: ModuleNotFoundError
PRE-RELEASE DEPENDENCIES	Run test suite	2026-10-02T14:06:34.7610856Z 
PRE-RELEASE DEPENDENCIES	Run test suite	2026-10-02T14:06:34.7611110Z [33mThe above exception was the direct cause of the following exception:[0m
PRE-RELEASE DEPENDENCIES	Run test suite	2026-10-02T14:06:34.7611116Z 
PRE-RELEASE DEPENDENCIES	Run test suite	2026-10-02T14:06:34.7611364Z self = <tests.embpy.test_benchmark.TestBenchmarkScalarTarget object at 0x7fa7eec6bc50>
PRE-RELEASE DEPENDENCIES	Run test suite	2026-10-02T14:06:34.7611565Z scalar_adata = AnnData object with n_obs ├ù n_vars = 60 ├ù 20
PRE-RELEASE DEPENDENCIES	Run test suite	2026-10-02T14:06:34.7611688Z     obs: 'drug_name', 'ic50', 'perturbation_type'
PRE-RELEASE DEPENDENCIES	Run test suite	2026-10-02T14:06:34.7611769Z     obsm: 'X_emb'
PRE-RELEASE DEPENDENCIES	Run test suite	2026-10-02T14:06:34.7611858Z     layers: None (.X)
PRE-RELEASE DEPENDENCIES	Run test suite	2026-10-02T14:06:34.7611864Z 
PRE-RELEASE DEPENDENCIES	Run test suite	2026-10-02T14:06:34.7612253Z     [0m[94mdef[39;49;00m[90m [39;49;00m[92mtest_all_models[39;49;00m([96mself[39;49;00m, scalar_adata):[90m[39;49;00m
PRE-RELEASE DEPENDENCIES	Run test suite	2026-10-02T14:06:34.7613017Z         [94mfrom[39;49;00m[90m [39;49;00m[04m[96membpy[39;49;00m[04m[96m.[39;49;00m[04m[96mtl[39;49;00m[04m[96m.[39;49;00m[04m[96mbenchmark[39;49;00m[90m [39;49;00m[94mimport[39;49;00m benchmark_embeddings[90m[39;49;00m
PRE-RELEASE DEPENDENCIES	Run test suite	2026-10-02T14:06:34.7613132Z     [90m[39;49;00m
PRE-RELEASE DEPENDENCIES	Run test suite	2026-10-02T14:06:34.7613305Z >       results = benchmark_embeddings([90m[39;49;00m
PRE-RELEASE DEPENDENCIES	Run test suite	2026-10-02T14:06:34.7613434Z             scalar_adata,[90m[39;49;00m
PRE-RELEASE DEPENDENCIES	Run test suite	2026-10-02T14:06:34.7613764Z             perturbation_column=[33m"[39;49;00m[33mdrug_name[39;49;00m[33m"[39;49;00m,[90m[39;49;00m
PRE-RELEASE DEPENDENCIES	Run test suite	2026-10-02T14:06:34.7614070Z             perturbation_type=[33m"[39;49;00m[33mchemical[39;49;00m[33m"[39;49;00m,[90m[39;49;00m
PRE-RELEASE DEPENDENCIES	Run test suite	2026-10-02T14:06:34.7614314Z             target=[33m"[39;49;00m[33mic50[39;49;00m[33m"[39;49;00m,[90m[39;49;00m
PRE-RELEASE DEPENDENCIES	Run test suite	2026-10-02T14:06:34.7614574Z             obsm_key=[33m"[39;49;00m[33mX_emb[39;49;00m[33m"[39;49;00m,[90m[39;49;00m
PRE-RELEASE DEPENDENCIES	Run test suite	2026-10-02T14:06:34.7614683Z         )[90m[39;49;00m
PRE-RELEASE DEPENDENCIES	Run test suite	2026-10-02T14:06:34.7614692Z 
PRE-RELEASE DEPENDENCIES	Run test suite	2026-10-02T14:06:34.7614853Z [1m[31mtests/embpy/test_benchmark.py[0m:76: 
PRE-RELEASE DEPENDENCIES	Run test suite	2026-10-02T14:06:34.7614988Z _ _ _ _ _ _ _ _ _ _ _ _ _ _ _ _ _ _ _ _ _ _ _ _ _ _ _ _ _ _ _ _ _ _ _ _ _ _ _ _ 
PRE-RELEASE DEPENDENCIES	Run test suite	2026-10-02T14:06:34.7615464Z [1m[31m/opt/hostedtoolcache/Python/3.12.14/x64/lib/python3.12/site-packages/embpy/tl/benchmark.py[0m:482: in benchmark_embeddings
PRE-RELEASE DEPENDENCIES	Run test suite	2026-10-02T14:06:34.7615609Z     [0mresults = _run_quick([90m[39;49;00m
PRE-RELEASE DEPENDENCIES	Run test suite	2026-10-02T14:06:34.7616030Z [1m[31m/opt/hostedtoolcache/Python/3.12.14/x64/lib/python3.12/site-packages/embpy/tl/benchmark.py[0m:207: in _run_quick
PRE-RELEASE DEPENDENCIES	Run test suite	2026-10-02T14:06:34.7616197Z     [0mreg = _build_model(model_name)[90m[39;49;00m
PRE-RELEASE DEPENDENCIES	Run test suite	2026-10-02T14:06:34.7616331Z           ^^^^^^^^^^^^^^^^^^^^^^^^[90m[39;49;00m
PRE-RELEASE DEPENDENCIES	Run test suite	2026-10-02T14:06:34.7616472Z _ _ _ _ _ _ _ _ _ _ _ _ _ _ _ _ _ _ _ _ _ _ _ _ _ _ _ _ _ _ _ _ _ _ _ _ _ _ _ _ 
PRE-RELEASE DEPENDENCIES	Run test suite	2026-10-02T14:06:34.7616477Z 
PRE-RELEASE DEPENDENCIES	Run test suite	2026-10-02T14:06:34.7616560Z name = 'xgboost'
PRE-RELEASE DEPENDENCIES	Run test suite	2026-10-02T14:06:34.7616566Z 
PRE-RELEASE DEPENDENCIES	Run test suite	2026-10-02T14:06:34.7616965Z     [0m[94mdef[39;49;00m[90m [39;49;00m[92m_build_model[39;49;00m(name: [96mstr[39;49;00m) -> RegressorMixin:[90m[39;49;00m
PRE-RELEASE DEPENDENCIES	Run test suite	2026-10-02T14:06:34.7617432Z     [90m    [39;49;00m[33m"""Instantiate an sklearn regressor by short name."""[39;49;00m[90m[39;49;00m
PRE-RELEASE DEPENDENCIES	Run test suite	2026-10-02T14:06:34.7617726Z         [94mif[39;49;00m name == [33m"[39;49;00m[33mlinear[39;49;00m[33m"[39;49;00m:[90m[39;49;00m
PRE-RELEASE DEPENDENCIES	Run test suite	2026-10-02T14:06:34.7617927Z             [94mreturn[39;49;00m LinearRegression()[90m[39;49;00m
PRE-RELEASE DEPENDENCIES	Run test suite	2026-10-02T14:06:34.7618221Z         [94mif[39;49;00m name == [33m"[39;49;00m[33mridge[39;49;00m[33m"[39;49;00m:[90m[39;49;00m
PRE-RELEASE DEPENDENCIES	Run test suite	2026-10-02T14:06:34.7618452Z             [94mreturn[39;49;00m Ridge(alpha=[94m1.0[39;49;00m)[90m[39;49;00m
PRE-RELEASE DEPENDENCIES	Run test suite	2026-10-02T14:06:34.7618870Z         [94mif[39;49;00m name == [33m"[39;49;00m[33mknn[39;49;00m[33m"[39;49;00m:[90m[39;49;00m
PRE-RELEASE DEPENDENCIES	Run test suite	2026-10-02T14:06:34.7619178Z             [94mreturn[39;49;00m KNeighborsRegressor(n_neighbors=[94m5[39;49;00m)[90m[39;49;00m
PRE-RELEASE DEPENDENCIES	Run test suite	2026-10-02T14:06:34.7619641Z         [94mif[39;49;00m name == [33m"[39;49;00m[33mrandom_forest[39;49;00m[33m"[39;49;00m:[90m[39;49;00m
PRE-RELEASE DEPENDENCIES	Run test suite	2026-10-02T14:06:34.7620178Z             [94mreturn[39;49;00m RandomForestRegressor(n_estimators=[94m100[39;49;00m, random_state=[94m0[39;49;00m, n_jobs=-[94m1[39;49;00m)[90m[39;49;00m
PRE-RELEASE DEPENDENCIES	Run test suite	2026-10-02T14:06:34.7620478Z         [94mif[39;49;00m name == [33m"[39;49;00m[33mxgboost[39;49;00m[33m"[39;49;00m:[90m[39;49;00m
PRE-RELEASE DEPENDENCIES	Run test suite	2026-10-02T14:06:34.7620620Z             [94mtry[39;49;00m:[90m[39;49;00m
PRE-RELEASE DEPENDENCIES	Run test suite	2026-10-02T14:06:34.7621043Z                 [94mfrom[39;49;00m[90m [39;49;00m[04m[96mxgboost[39;49;00m[90m [39;49;00m[94mimport[39;49;00m XGBRegressor[90m[39;49;00m
PRE-RELEASE DEPENDENCIES	Run test suite	2026-10-02T14:06:34.7621336Z             [94mexcept[39;49;00m [96mImportError[39;49;00m [94mas[39;49;00m e:[90m[39;49;00m
PRE-RELEASE DEPENDENCIES	Run test suite	2026-10-02T14:06:34.7621567Z >               [94mraise[39;49;00m [96mImportError[39;49;00m([90m[39;49;00m
PRE-RELEASE DEPENDENCIES	Run test suite	2026-10-02T14:06:34.7622205Z                     [33m"[39;49;00m[33mxgboost is required for the [39;49;00m[33m'[39;49;00m[33mxgboost[39;49;00m[33m'[39;49;00m[33m model but is not installed. [39;49;00m[33m"[39;49;00m[90m[39;49;00m
PRE-RELEASE DEPENDENCIES	Run test suite	2026-10-02T14:06:34.7622569Z                     [33m"[39;49;00m[33mInstall it with:  pip install xgboost[39;49;00m[33m"[39;49;00m[90m[39;49;00m
PRE-RELEASE DEPENDENCIES	Run test suite	2026-10-02T14:06:34.7622812Z                 ) [94mfrom[39;49;00m[90m [39;49;00m[04m[96me[39;49;00m[90m[39;49;00m
PRE-RELEASE DEPENDENCIES	Run test suite	2026-10-02T14:06:34.7623285Z [1m[31mE               ImportError: xgboost is required for the 'xgboost' model but is not installed. Install it with:  pip install xgboost[0m
PRE-RELEASE DEPENDENCIES	Run test suite	2026-10-02T14:06:34.7623292Z 
PRE-RELEASE DEPENDENCIES	Run test suite	2026-10-02T14:06:34.7623710Z [1m[31m/opt/hostedtoolcache/Python/3.12.14/x64/lib/python3.12/site-packages/embpy/tl/benchmark.py[0m:95: ImportError
PRE-RELEASE DEPENDENCIES	Run test suite	2026-10-02T14:06:34.7624008Z [31m[1m_________________ TestBenchmarkScalarTarget.test_stored_in_uns _________________[0m
PRE-RELEASE DEPENDENCIES	Run test suite	2026-10-02T14:06:34.7624014Z 
PRE-RELEASE DEPENDENCIES	Run test suite	2026-10-02T14:06:34.7624093Z name = 'xgboost'
PRE-RELEASE DEPENDENCIES	Run test suite	2026-10-02T14:06:34.7624102Z 
PRE-RELEASE DEPENDENCIES	Run test suite	2026-10-02T14:06:34.7680656Z     [0m[94mdef[39;49;00m[90m [39;49;00m[92m_build_model[39;49;00m(name: [96mstr[39;49;00m) -> RegressorMixin:[90m[39;49;00m
PRE-RELEASE DEPENDENCIES	Run test suite	2026-10-02T14:06:34.7681406Z     [90m    [39;49;00m[33m"""Instantiate an sklearn regressor by short name."""[39;49;00m[90m[39;49;00m
PRE-RELEASE DEPENDENCIES	Run test suite	2026-10-02T14:06:34.7681804Z         [94mif[39;49;00m name == [33m"[39;49;00m[33mlinear[39;49;00m[33m"[39;49;00m:[90m[39;49;00m
PRE-RELEASE DEPENDENCIES	Run test suite	2026-10-02T14:06:34.7682057Z             [94mreturn[39;49;00m LinearRegression()[90m[39;49;00m
PRE-RELEASE DEPENDENCIES	Run test suite	2026-10-02T14:06:34.7682428Z         [94mif[39;49;00m name == [33m"[39;49;00m[33mridge[39;49;00m[33m"[39;49;00m:[90m[39;49;00m
PRE-RELEASE DEPENDENCIES	Run test suite	2026-10-02T14:06:34.7682732Z             [94mreturn[39;49;00m Ridge(alpha=[94m1.0[39;49;00m)[90m[39;49;00m
PRE-RELEASE DEPENDENCIES	Run test suite	2026-10-02T14:06:34.7683095Z         [94mif[39;49;00m name == [33m"[39;49;00m[33mknn[39;49;00m[33m"[39;49;00m:[90m[39;49;00m
PRE-RELEASE DEPENDENCIES	Run test suite	2026-10-02T14:06:34.7683488Z             [94mreturn[39;49;00m KNeighborsRegressor(n_neighbors=[94m5[39;49;00m)[90m[39;49;00m
PRE-RELEASE DEPENDENCIES	Run test suite	2026-10-02T14:06:34.7684097Z         [94mif[39;49;00m name == [33m"[39;49;00m[33mrandom_forest[39;49;00m[33m"[39;49;00m:[90m[39;49;00m
PRE-RELEASE DEPENDENCIES	Run test suite	2026-10-02T14:06:34.7684756Z             [94mreturn[39;49;00m RandomForestRegressor(n_estimators=[94m100[39;49;00m, random_state=[94m0[39;49;00m, n_jobs=-[94m1[39;49;00m)[90m[39;49;00m
PRE-RELEASE DEPENDENCIES	Run test suite	2026-10-02T14:06:34.7685137Z         [94mif[39;49;00m name == [33m"[39;49;00m[33mxgboost[39;49;00m[33m"[39;49;00m:[90m[39;49;00m
PRE-RELEASE DEPENDENCIES	Run test suite	2026-10-02T14:06:34.7685309Z             [94mtry[39;49;00m:[90m[39;49;00m
PRE-RELEASE DEPENDENCIES	Run test suite	2026-10-02T14:06:34.7685842Z >               [94mfrom[39;49;00m[90m [39;49;00m[04m[96mxgboost[39;49;00m[90m [39;49;00m[94mimport[39;49;00m XGBRegressor[90m[39;49;00m
PRE-RELEASE DEPENDENCIES	Run test suite	2026-10-02T14:06:34.7686264Z [1m[31mE               ModuleNotFoundError: No module named 'xgboost'[0m
PRE-RELEASE DEPENDENCIES	Run test suite	2026-10-02T14:06:34.7686272Z 
PRE-RELEASE DEPENDENCIES	Run test suite	2026-10-02T14:06:34.7686856Z [1m[31m/opt/hostedtoolcache/Python/3.12.14/x64/lib/python3.12/site-packages/embpy/tl/benchmark.py[0m:93: ModuleNotFoundError
PRE-RELEASE DEPENDENCIES	Run test suite	2026-10-02T14:06:34.7686869Z 
PRE-RELEASE DEPENDENCIES	Run test suite	2026-10-02T14:06:34.7687198Z [33mThe above exception was the direct cause of the following exception:[0m
PRE-RELEASE DEPENDENCIES	Run test suite	2026-10-02T14:06:34.7687204Z 
PRE-RELEASE DEPENDENCIES	Run test suite	2026-10-02T14:06:34.7687516Z self = <tests.embpy.test_benchmark.TestBenchmarkScalarTarget object at 0x7fa7eec68d70>
PRE-RELEASE DEPENDENCIES	Run test suite	2026-10-02T14:06:34.7687766Z scalar_adata = AnnData object with n_obs ├ù n_vars = 60 ├ù 20
PRE-RELEASE DEPENDENCIES	Run test suite	2026-10-02T14:06:34.7687917Z     obs: 'drug_name', 'ic50', 'perturbation_type'
PRE-RELEASE DEPENDENCIES	Run test suite	2026-10-02T14:06:34.7688013Z     obsm: 'X_emb'
PRE-RELEASE DEPENDENCIES	Run test suite	2026-10-02T14:06:34.7688121Z     layers: None (.X)
PRE-RELEASE DEPENDENCIES	Run test suite	2026-10-02T14:06:34.7688128Z 
PRE-RELEASE DEPENDENCIES	Run test suite	2026-10-02T14:06:34.7688621Z     [0m[94mdef[39;49;00m[90m [39;49;00m[92mtest_stored_in_uns[39;49;00m([96mself[39;49;00m, scalar_adata):[90m[39;49;00m
PRE-RELEASE DEPENDENCIES	Run test suite	2026-10-02T14:06:34.7689822Z         [94mfrom[39;49;00m[90m [39;49;00m[04m[96membpy[39;49;00m[04m[96m.[39;49;00m[04m[96mtl[39;49;00m[04m[96m.[39;49;00m[04m[96mbenchmark[39;49;00m[90m [39;49;00m[94mimport[39;49;00m benchmark_embeddings[90m[39;49;00m
PRE-RELEASE DEPENDENCIES	Run test suite	2026-10-02T14:06:34.7689956Z     [90m[39;49;00m
PRE-RELEASE DEPENDENCIES	Run test suite	2026-10-02T14:06:34.7690103Z >       benchmark_embeddings([90m[39;49;00m
PRE-RELEASE DEPENDENCIES	Run test suite	2026-10-02T14:06:34.7690239Z             scalar_adata,[90m[39;49;00m
PRE-RELEASE DEPENDENCIES	Run test suite	2026-10-02T14:06:34.7690566Z             perturbation_column=[33m"[39;49;00m[33mdrug_name[39;49;00m[33m"[39;49;00m,[90m[39;49;00m
PRE-RELEASE DEPENDENCIES	Run test suite	2026-10-02T14:06:34.7690878Z             perturbation_type=[33m"[39;49;00m[33mchemical[39;49;00m[33m"[39;49;00m,[90m[39;49;00m
PRE-RELEASE DEPENDENCIES	Run test suite	2026-10-02T14:06:34.7691125Z             target=[33m"[39;49;00m[33mic50[39;49;00m[33m"[39;49;00m,[90m[39;49;00m
PRE-RELEASE DEPENDENCIES	Run test suite	2026-10-02T14:06:34.7691374Z             obsm_key=[33m"[39;49;00m[33mX_emb[39;49;00m[33m"[39;49;00m,[90m[39;49;00m
PRE-RELEASE DEPENDENCIES	Run test suite	2026-10-02T14:06:34.7691492Z         )[90m[39;49;00m
PRE-RELEASE DEPENDENCIES	Run test suite	2026-10-02T14:06:34.7691498Z 
PRE-RELEASE DEPENDENCIES	Run test suite	2026-10-02T14:06:34.7691654Z [1m[31mtests/embpy/test_benchmark.py[0m:94: 
PRE-RELEASE DEPENDENCIES	Run test suite	2026-10-02T14:06:34.7691798Z _ _ _ _ _ _ _ _ _ _ _ _ _ _ _ _ _ _ _ _ _ _ _ _ _ _ _ _ _ _ _ _ _ _ _ _ _ _ _ _ 
PRE-RELEASE DEPENDENCIES	Run test suite	2026-10-02T14:06:34.7692284Z [1m[31m/opt/hostedtoolcache/Python/3.12.14/x64/lib/python3.12/site-packages/embpy/tl/benchmark.py[0m:482: in benchmark_embeddings
PRE-RELEASE DEPENDENCIES	Run test suite	2026-10-02T14:06:34.7692423Z     [0mresults = _run_quick([90m[39;49;00m
PRE-RELEASE DEPENDENCIES	Run test suite	2026-10-02T14:06:34.7692847Z [1m[31m/opt/hostedtoolcache/Python/3.12.14/x64/lib/python3.12/site-packages/embpy/tl/benchmark.py[0m:207: in _run_quick
PRE-RELEASE DEPENDENCIES	Run test suite	2026-10-02T14:06:34.7693011Z     [0mreg = _build_model(model_name)[90m[39;49;00m
PRE-RELEASE DEPENDENCIES	Run test suite	2026-10-02T14:06:34.7693153Z           ^^^^^^^^^^^^^^^^^^^^^^^^[90m[39;49;00m
PRE-RELEASE DEPENDENCIES	Run test suite	2026-10-02T14:06:34.7693290Z _ _ _ _ _ _ _ _ _ _ _ _ _ _ _ _ _ _ _ _ _ _ _ _ _ _ _ _ _ _ _ _ _ _ _ _ _ _ _ _ 
PRE-RELEASE DEPENDENCIES	Run test suite	2026-10-02T14:06:34.7693295Z 
PRE-RELEASE DEPENDENCIES	Run test suite	2026-10-02T14:06:34.7693372Z name = 'xgboost'
PRE-RELEASE DEPENDENCIES	Run test suite	2026-10-02T14:06:34.7693381Z 
PRE-RELEASE DEPENDENCIES	Run test suite	2026-10-02T14:06:34.7693786Z     [0m[94mdef[39;49;00m[90m [39;49;00m[92m_build_model[39;49;00m(name: [96mstr[39;49;00m) -> RegressorMixin:[90m[39;49;00m
PRE-RELEASE DEPENDENCIES	Run test suite	2026-10-02T14:06:34.7694119Z     [90m    [39;49;00m[33m"""Instantiate an sklearn regressor by short name."""[39;49;00m[90m[39;49;00m
PRE-RELEASE DEPENDENCIES	Run test suite	2026-10-02T14:06:34.7694565Z         [94mif[39;49;00m name == [33m"[39;49;00m[33mlinear[39;49;00m[33m"[39;49;00m:[90m[39;49;00m
PRE-RELEASE DEPENDENCIES	Run test suite	2026-10-02T14:06:34.7694769Z             [94mreturn[39;49;00m LinearRegression()[90m[39;49;00m
PRE-RELEASE DEPENDENCIES	Run test suite	2026-10-02T14:06:34.7695056Z         [94mif[39;49;00m name == [33m"[39;49;00m[33mridge[39;49;00m[33m"[39;49;00m:[90m[39;49;00m
PRE-RELEASE DEPENDENCIES	Run test suite	2026-10-02T14:06:34.7695291Z             [94mreturn[39;49;00m Ridge(alpha=[94m1.0[39;49;00m)[90m[39;49;00m
PRE-RELEASE DEPENDENCIES	Run test suite	2026-10-02T14:06:34.7695570Z         [94mif[39;49;00m name == [33m"[39;49;00m[33mknn[39;49;00m[33m"[39;49;00m:[90m[39;49;00m
PRE-RELEASE DEPENDENCIES	Run test suite	2026-10-02T14:06:34.7695880Z             [94mreturn[39;49;00m KNeighborsRegressor(n_neighbors=[94m5[39;49;00m)[90m[39;49;00m
PRE-RELEASE DEPENDENCIES	Run test suite	2026-10-02T14:06:34.7696319Z         [94mif[39;49;00m name == [33m"[39;49;00m[33mrandom_forest[39;49;00m[33m"[39;49;00m:[90m[39;49;00m
PRE-RELEASE DEPENDENCIES	Run test suite	2026-10-02T14:06:34.7696845Z             [94mreturn[39;49;00m RandomForestRegressor(n_estimators=[94m100[39;49;00m, random_state=[94m0[39;49;00m, n_jobs=-[94m1[39;49;00m)[90m[39;49;00m
PRE-RELEASE DEPENDENCIES	Run test suite	2026-10-02T14:06:34.7697151Z         [94mif[39;49;00m name == [33m"[39;49;00m[33mxgboost[39;49;00m[33m"[39;49;00m:[90m[39;49;00m
PRE-RELEASE DEPENDENCIES	Run test suite	2026-10-02T14:06:34.7697289Z             [94mtry[39;49;00m:[90m[39;49;00m
PRE-RELEASE DEPENDENCIES	Run test suite	2026-10-02T14:06:34.7697715Z                 [94mfrom[39;49;00m[90m [39;49;00m[04m[96mxgboost[39;49;00m[90m [39;49;00m[94mimport[39;49;00m XGBRegressor[90m[39;49;00m
PRE-RELEASE DEPENDENCIES	Run test suite	2026-10-02T14:06:34.7698013Z             [94mexcept[39;49;00m [96mImportError[39;49;00m [94mas[39;49;00m e:[90m[39;49;00m
PRE-RELEASE DEPENDENCIES	Run test suite	2026-10-02T14:06:34.7698245Z >               [94mraise[39;49;00m [96mImportError[39;49;00m([90m[39;49;00m
PRE-RELEASE DEPENDENCIES	Run test suite	2026-10-02T14:06:34.7698901Z                     [33m"[39;49;00m[33mxgboost is required for the [39;49;00m[33m'[39;49;00m[33mxgboost[39;49;00m[33m'[39;49;00m[33m model but is not installed. [39;49;00m[33m"[39;49;00m[90m[39;49;00m
PRE-RELEASE DEPENDENCIES	Run test suite	2026-10-02T14:06:34.7699260Z                     [33m"[39;49;00m[33mInstall it with:  pip install xgboost[39;49;00m[33m"[39;49;00m[90m[39;49;00m
PRE-RELEASE DEPENDENCIES	Run test suite	2026-10-02T14:06:34.7699653Z                 ) [94mfrom[39;49;00m[90m [39;49;00m[04m[96me[39;49;00m[90m[39;49;00m
PRE-RELEASE DEPENDENCIES	Run test suite	2026-10-02T14:06:34.7700138Z [1m[31mE               ImportError: xgboost is required for the 'xgboost' model but is not installed. Install it with:  pip install xgboost[0m
PRE-RELEASE DEPENDENCIES	Run test suite	2026-10-02T14:06:34.7700145Z 
PRE-RELEASE DEPENDENCIES	Run test suite	2026-10-02T14:06:34.7700568Z [1m[31m/opt/hostedtoolcache/Python/3.12.14/x64/lib/python3.12/site-packages/embpy/tl/benchmark.py[0m:95: ImportError
PRE-RELEASE DEPENDENCIES	Run test suite	2026-10-02T14:06:34.7700878Z [31m[1m____________ TestBenchmarkScalarTarget.test_no_delta_l2_for_scalar _____________[0m
PRE-RELEASE DEPENDENCIES	Run test suite	2026-10-02T14:06:34.7700884Z 
PRE-RELEASE DEPENDENCIES	Run test suite	2026-10-02T14:06:34.7700970Z name = 'xgboost'
PRE-RELEASE DEPENDENCIES	Run test suite	2026-10-02T14:06:34.7700976Z 
PRE-RELEASE DEPENDENCIES	Run test suite	2026-10-02T14:06:34.7701375Z     [0m[94mdef[39;49;00m[90m [39;49;00m[92m_build_model[39;49;00m(name: [96mstr[39;49;00m) -> RegressorMixin:[90m[39;49;00m
PRE-RELEASE DEPENDENCIES	Run test suite	2026-10-02T14:06:34.7701716Z     [90m    [39;49;00m[33m"""Instantiate an sklearn regressor by short name."""[39;49;00m[90m[39;49;00m
PRE-RELEASE DEPENDENCIES	Run test suite	2026-10-02T14:06:34.7702150Z         [94mif[39;49;00m name == [33m"[39;49;00m[33mlinear[39;49;00m[33m"[39;49;00m:[90m[39;49;00m
PRE-RELEASE DEPENDENCIES	Run test suite	2026-10-02T14:06:34.7702429Z             [94mreturn[39;49;00m LinearRegression()[90m[39;49;00m
PRE-RELEASE DEPENDENCIES	Run test suite	2026-10-02T14:06:34.7702733Z         [94mif[39;49;00m name == [33m"[39;49;00m[33mridge[39;49;00m[33m"[39;49;00m:[90m[39;49;00m
PRE-RELEASE DEPENDENCIES	Run test suite	2026-10-02T14:06:34.7702967Z             [94mreturn[39;49;00m Ridge(alpha=[94m1.0[39;49;00m)[90m[39;49;00m
PRE-RELEASE DEPENDENCIES	Run test suite	2026-10-02T14:06:34.7703254Z         [94mif[39;49;00m name == [33m"[39;49;00m[33mknn[39;49;00m[33m"[39;49;00m:[90m[39;49;00m
PRE-RELEASE DEPENDENCIES	Run test suite	2026-10-02T14:06:34.7703564Z             [94mreturn[39;49;00m KNeighborsRegressor(n_neighbors=[94m5[39;49;00m)[90m[39;49;00m
PRE-RELEASE DEPENDENCIES	Run test suite	2026-10-02T14:06:34.7703890Z         [94mif[39;49;00m name == [33m"[39;49;00m[33mrandom_forest[39;49;00m[33m"[39;49;00m:[90m[39;49;00m
PRE-RELEASE DEPENDENCIES	Run test suite	2026-10-02T14:06:34.7704569Z             [94mreturn[39;49;00m RandomForestRegressor(n_estimators=[94m100[39;49;00m, random_state=[94m0[39;49;00m, n_jobs=-[94m1[39;49;00m)[90m[39;49;00m
PRE-RELEASE DEPENDENCIES	Run test suite	2026-10-02T14:06:34.7704867Z         [94mif[39;49;00m name == [33m"[39;49;00m[33mxgboost[39;49;00m[33m"[39;49;00m:[90m[39;49;00m
PRE-RELEASE DEPENDENCIES	Run test suite	2026-10-02T14:06:34.7705010Z             [94mtry[39;49;00m:[90m[39;49;00m
PRE-RELEASE DEPENDENCIES	Run test suite	2026-10-02T14:06:34.7705433Z >               [94mfrom[39;49;00m[90m [39;49;00m[04m[96mxgboost[39;49;00m[90m [39;49;00m[94mimport[39;49;00m XGBRegressor[90m[39;49;00m
PRE-RELEASE DEPENDENCIES	Run test suite	2026-10-02T14:06:34.7705657Z [1m[31mE               ModuleNotFoundError: No module named 'xgboost'[0m
PRE-RELEASE DEPENDENCIES	Run test suite	2026-10-02T14:06:34.7705663Z 
PRE-RELEASE DEPENDENCIES	Run test suite	2026-10-02T14:06:34.7706128Z [1m[31m/opt/hostedtoolcache/Python/3.12.14/x64/lib/python3.12/site-packages/embpy/tl/benchmark.py[0m:93: ModuleNotFoundError
PRE-RELEASE DEPENDENCIES	Run test suite	2026-10-02T14:06:34.7706241Z 
PRE-RELEASE DEPENDENCIES	Run test suite	2026-10-02T14:06:34.7706501Z [33mThe above exception was the direct cause of the following exception:[0m
PRE-RELEASE DEPENDENCIES	Run test suite	2026-10-02T14:06:34.7706511Z 
PRE-RELEASE DEPENDENCIES	Run test suite	2026-10-02T14:06:34.7706762Z self = <tests.embpy.test_benchmark.TestBenchmarkScalarTarget object at 0x7fa7eec68740>
PRE-RELEASE DEPENDENCIES	Run test suite	2026-10-02T14:06:34.7706969Z scalar_adata = AnnData object with n_obs ├ù n_vars = 60 ├ù 20
PRE-RELEASE DEPENDENCIES	Run test suite	2026-10-02T14:06:34.7707083Z     obs: 'drug_name', 'ic50', 'perturbation_type'
PRE-RELEASE DEPENDENCIES	Run test suite	2026-10-02T14:06:34.7707164Z     obsm: 'X_emb'
PRE-RELEASE DEPENDENCIES	Run test suite	2026-10-02T14:06:34.7707246Z     layers: None (.X)
PRE-RELEASE DEPENDENCIES	Run test suite	2026-10-02T14:06:34.7707251Z 
PRE-RELEASE DEPENDENCIES	Run test suite	2026-10-02T14:06:34.7707685Z     [0m[94mdef[39;49;00m[90m [39;49;00m[92mtest_no_delta_l2_for_scalar[39;49;00m([96mself[39;49;00m, scalar_adata):[90m[39;49;00m
PRE-RELEASE DEPENDENCIES	Run test suite	2026-10-02T14:06:34.7708408Z         [94mfrom[39;49;00m[90m [39;49;00m[04m[96membpy[39;49;00m[04m[96m.[39;49;00m[04m[96mtl[39;49;00m[04m[96m.[39;49;00m[04m[96mbenchmark[39;49;00m[90m [39;49;00m[94mimport[39;49;00m benchmark_embeddings[90m[39;49;00m
PRE-RELEASE DEPENDENCIES	Run test suite	2026-10-02T14:06:34.7708525Z     [90m[39;49;00m
PRE-RELEASE DEPENDENCIES	Run test suite	2026-10-02T14:06:34.7708698Z >       results = benchmark_embeddings([90m[39;49;00m
PRE-RELEASE DEPENDENCIES	Run test suite	2026-10-02T14:06:34.7783566Z             scalar_adata,[90m[39;49;00m
PRE-RELEASE DEPENDENCIES	Run test suite	2026-10-02T14:06:34.7784369Z             perturbation_column=[33m"[39;49;00m[33mdrug_name[39;49;00m[33m"[39;49;00m,[90m[39;49;00m
PRE-RELEASE DEPENDENCIES	Run test suite	2026-10-02T14:06:34.7785090Z             perturbation_type=[33m"[39;49;00m[33mchemical[39;49;00m[33m"[39;49;00m,[90m[39;49;00m
PRE-RELEASE DEPENDENCIES	Run test suite	2026-10-02T14:06:34.7785425Z             target=[33m"[39;49;00m[33mic50[39;49;00m[33m"[39;49;00m,[90m[39;49;00m
PRE-RELEASE DEPENDENCIES	Run test suite	2026-10-02T14:06:34.7785746Z             obsm_key=[33m"[39;49;00m[33mX_emb[39;49;00m[33m"[39;49;00m,[90m[39;49;00m
PRE-RELEASE DEPENDENCIES	Run test suite	2026-10-02T14:06:34.7785885Z         )[90m[39;49;00m
PRE-RELEASE DEPENDENCIES	Run test suite	2026-10-02T14:06:34.7785899Z 
PRE-RELEASE DEPENDENCIES	Run test suite	2026-10-02T14:06:34.7786103Z [1m[31mtests/embpy/test_benchmark.py[0m:106: 
PRE-RELEASE DEPENDENCIES	Run test suite	2026-10-02T14:06:34.7786287Z _ _ _ _ _ _ _ _ _ _ _ _ _ _ _ _ _ _ _ _ _ _ _ _ _ _ _ _ _ _ _ _ _ _ _ _ _ _ _ _ 
PRE-RELEASE DEPENDENCIES	Run test suite	2026-10-02T14:06:34.7786911Z [1m[31m/opt/hostedtoolcache/Python/3.12.14/x64/lib/python3.12/site-packages/embpy/tl/benchmark.py[0m:482: in benchmark_embeddings
PRE-RELEASE DEPENDENCIES	Run test suite	2026-10-02T14:06:34.7787105Z     [0mresults = _run_quick([90m[39;49;00m
PRE-RELEASE DEPENDENCIES	Run test suite	2026-10-02T14:06:34.7787646Z [1m[31m/opt/hostedtoolcache/Python/3.12.14/x64/lib/python3.12/site-packages/embpy/tl/benchmark.py[0m:207: in _run_quick
PRE-RELEASE DEPENDENCIES	Run test suite	2026-10-02T14:06:34.7787859Z     [0mreg = _build_model(model_name)[90m[39;49;00m
PRE-RELEASE DEPENDENCIES	Run test suite	2026-10-02T14:06:34.7788035Z           ^^^^^^^^^^^^^^^^^^^^^^^^[90m[39;49;00m
PRE-RELEASE DEPENDENCIES	Run test suite	2026-10-02T14:06:34.7788205Z _ _ _ _ _ _ _ _ _ _ _ _ _ _ _ _ _ _ _ _ _ _ _ _ _ _ _ _ _ _ _ _ _ _ _ _ _ _ _ _ 
PRE-RELEASE DEPENDENCIES	Run test suite	2026-10-02T14:06:34.7788212Z 
PRE-RELEASE DEPENDENCIES	Run test suite	2026-10-02T14:06:34.7788312Z name = 'xgboost'
PRE-RELEASE DEPENDENCIES	Run test suite	2026-10-02T14:06:34.7788320Z 
PRE-RELEASE DEPENDENCIES	Run test suite	2026-10-02T14:06:34.7788829Z     [0m[94mdef[39;49;00m[90m [39;49;00m[92m_build_model[39;49;00m(name: [96mstr[39;49;00m) -> RegressorMixin:[90m[39;49;00m
PRE-RELEASE DEPENDENCIES	Run test suite	2026-10-02T14:06:34.7789257Z     [90m    [39;49;00m[33m"""Instantiate an sklearn regressor by short name."""[39;49;00m[90m[39;49;00m
PRE-RELEASE DEPENDENCIES	Run test suite	2026-10-02T14:06:34.7789954Z         [94mif[39;49;00m name == [33m"[39;49;00m[33mlinear[39;49;00m[33m"[39;49;00m:[90m[39;49;00m
PRE-RELEASE DEPENDENCIES	Run test suite	2026-10-02T14:06:34.7790387Z             [94mreturn[39;49;00m LinearRegression()[90m[39;49;00m
PRE-RELEASE DEPENDENCIES	Run test suite	2026-10-02T14:06:34.7790695Z         [94mif[39;49;00m name == [33m"[39;49;00m[33mridge[39;49;00m[33m"[39;49;00m:[90m[39;49;00m
PRE-RELEASE DEPENDENCIES	Run test suite	2026-10-02T14:06:34.7790931Z             [94mreturn[39;49;00m Ridge(alpha=[94m1.0[39;49;00m)[90m[39;49;00m
PRE-RELEASE DEPENDENCIES	Run test suite	2026-10-02T14:06:34.7791222Z         [94mif[39;49;00m name == [33m"[39;49;00m[33mknn[39;49;00m[33m"[39;49;00m:[90m[39;49;00m
PRE-RELEASE DEPENDENCIES	Run test suite	2026-10-02T14:06:34.7791538Z             [94mreturn[39;49;00m KNeighborsRegressor(n_neighbors=[94m5[39;49;00m)[90m[39;49;00m
PRE-RELEASE DEPENDENCIES	Run test suite	2026-10-02T14:06:34.7791861Z         [94mif[39;49;00m name == [33m"[39;49;00m[33mrandom_forest[39;49;00m[33m"[39;49;00m:[90m[39;49;00m
PRE-RELEASE DEPENDENCIES	Run test suite	2026-10-02T14:06:34.7792515Z             [94mreturn[39;49;00m RandomForestRegressor(n_estimators=[94m100[39;49;00m, random_state=[94m0[39;49;00m, n_jobs=-[94m1[39;49;00m)[90m[39;49;00m
PRE-RELEASE DEPENDENCIES	Run test suite	2026-10-02T14:06:34.7792818Z         [94mif[39;49;00m name == [33m"[39;49;00m[33mxgboost[39;49;00m[33m"[39;49;00m:[90m[39;49;00m
PRE-RELEASE DEPENDENCIES	Run test suite	2026-10-02T14:06:34.7792968Z             [94mtry[39;49;00m:[90m[39;49;00m
PRE-RELEASE DEPENDENCIES	Run test suite	2026-10-02T14:06:34.7793400Z                 [94mfrom[39;49;00m[90m [39;49;00m[04m[96mxgboost[39;49;00m[90m [39;49;00m[94mimport[39;49;00m XGBRegressor[90m[39;49;00m
PRE-RELEASE DEPENDENCIES	Run test suite	2026-10-02T14:06:34.7793691Z             [94mexcept[39;49;00m [96mImportError[39;49;00m [94mas[39;49;00m e:[90m[39;49;00m
PRE-RELEASE DEPENDENCIES	Run test suite	2026-10-02T14:06:34.7793919Z >               [94mraise[39;49;00m [96mImportError[39;49;00m([90m[39;49;00m
PRE-RELEASE DEPENDENCIES	Run test suite	2026-10-02T14:06:34.7794565Z                     [33m"[39;49;00m[33mxgboost is required for the [39;49;00m[33m'[39;49;00m[33mxgboost[39;49;00m[33m'[39;49;00m[33m model but is not installed. [39;49;00m[33m"[39;49;00m[90m[39;49;00m
PRE-RELEASE DEPENDENCIES	Run test suite	2026-10-02T14:06:34.7794930Z                     [33m"[39;49;00m[33mInstall it with:  pip install xgboost[39;49;00m[33m"[39;49;00m[90m[39;49;00m
PRE-RELEASE DEPENDENCIES	Run test suite	2026-10-02T14:06:34.7795177Z                 ) [94mfrom[39;49;00m[90m [39;49;00m[04m[96me[39;49;00m[90m[39;49;00m
PRE-RELEASE DEPENDENCIES	Run test suite	2026-10-02T14:06:34.7795655Z [1m[31mE               ImportError: xgboost is required for the 'xgboost' model but is not installed. Install it with:  pip install xgboost[0m
PRE-RELEASE DEPENDENCIES	Run test suite	2026-10-02T14:06:34.7795662Z 
PRE-RELEASE DEPENDENCIES	Run test suite	2026-10-02T14:06:34.7796082Z [1m[31m/opt/hostedtoolcache/Python/3.12.14/x64/lib/python3.12/site-packages/embpy/tl/benchmark.py[0m:95: ImportError
PRE-RELEASE DEPENDENCIES	Run test suite	2026-10-02T14:06:34.7796400Z [31m[1m____________ TestBenchmarkExpressionTarget.test_expression_metrics _____________[0m
PRE-RELEASE DEPENDENCIES	Run test suite	2026-10-02T14:06:34.7796406Z 
PRE-RELEASE DEPENDENCIES	Run test suite	2026-10-02T14:06:34.7796484Z name = 'xgboost'
PRE-RELEASE DEPENDENCIES	Run test suite	2026-10-02T14:06:34.7796496Z 
PRE-RELEASE DEPENDENCIES	Run test suite	2026-10-02T14:06:34.7796895Z     [0m[94mdef[39;49;00m[90m [39;49;00m[92m_build_model[39;49;00m(name: [96mstr[39;49;00m) -> RegressorMixin:[90m[39;49;00m
PRE-RELEASE DEPENDENCIES	Run test suite	2026-10-02T14:06:34.7797234Z     [90m    [39;49;00m[33m"""Instantiate an sklearn regressor by short name."""[39;49;00m[90m[39;49;00m
PRE-RELEASE DEPENDENCIES	Run test suite	2026-10-02T14:06:34.7797532Z         [94mif[39;49;00m name == [33m"[39;49;00m[33mlinear[39;49;00m[33m"[39;49;00m:[90m[39;49;00m
PRE-RELEASE DEPENDENCIES	Run test suite	2026-10-02T14:06:34.7797736Z             [94mreturn[39;49;00m LinearRegression()[90m[39;49;00m
PRE-RELEASE DEPENDENCIES	Run test suite	2026-10-02T14:06:34.7798027Z         [94mif[39;49;00m name == [33m"[39;49;00m[33mridge[39;49;00m[33m"[39;49;00m:[90m[39;49;00m
PRE-RELEASE DEPENDENCIES	Run test suite	2026-10-02T14:06:34.7798276Z             [94mreturn[39;49;00m Ridge(alpha=[94m1.0[39;49;00m)[90m[39;49;00m
PRE-RELEASE DEPENDENCIES	Run test suite	2026-10-02T14:06:34.7798572Z         [94mif[39;49;00m name == [33m"[39;49;00m[33mknn[39;49;00m[33m"[39;49;00m:[90m[39;49;00m
PRE-RELEASE DEPENDENCIES	Run test suite	2026-10-02T14:06:34.7798885Z             [94mreturn[39;49;00m KNeighborsRegressor(n_neighbors=[94m5[39;49;00m)[90m[39;49;00m
PRE-RELEASE DEPENDENCIES	Run test suite	2026-10-02T14:06:34.7799216Z         [94mif[39;49;00m name == [33m"[39;49;00m[33mrandom_forest[39;49;00m[33m"[39;49;00m:[90m[39;49;00m
PRE-RELEASE DEPENDENCIES	Run test suite	2026-10-02T14:06:34.7799894Z             [94mreturn[39;49;00m RandomForestRegressor(n_estimators=[94m100[39;49;00m, random_state=[94m0[39;49;00m, n_jobs=-[94m1[39;49;00m)[90m[39;49;00m
PRE-RELEASE DEPENDENCIES	Run test suite	2026-10-02T14:06:34.7800337Z         [94mif[39;49;00m name == [33m"[39;49;00m[33mxgboost[39;49;00m[33m"[39;49;00m:[90m[39;49;00m
PRE-RELEASE DEPENDENCIES	Run test suite	2026-10-02T14:06:34.7800478Z             [94mtry[39;49;00m:[90m[39;49;00m
PRE-RELEASE DEPENDENCIES	Run test suite	2026-10-02T14:06:34.7800901Z >               [94mfrom[39;49;00m[90m [39;49;00m[04m[96mxgboost[39;49;00m[90m [39;49;00m[94mimport[39;49;00m XGBRegressor[90m[39;49;00m
PRE-RELEASE DEPENDENCIES	Run test suite	2026-10-02T14:06:34.7801139Z [1m[31mE               ModuleNotFoundError: No module named 'xgboost'[0m
PRE-RELEASE DEPENDENCIES	Run test suite	2026-10-02T14:06:34.7801146Z 
PRE-RELEASE DEPENDENCIES	Run test suite	2026-10-02T14:06:34.7801611Z [1m[31m/opt/hostedtoolcache/Python/3.12.14/x64/lib/python3.12/site-packages/embpy/tl/benchmark.py[0m:93: ModuleNotFoundError
PRE-RELEASE DEPENDENCIES	Run test suite	2026-10-02T14:06:34.7801618Z 
PRE-RELEASE DEPENDENCIES	Run test suite	2026-10-02T14:06:34.7801872Z [33mThe above exception was the direct cause of the following exception:[0m
PRE-RELEASE DEPENDENCIES	Run test suite	2026-10-02T14:06:34.7801988Z 
PRE-RELEASE DEPENDENCIES	Run test suite	2026-10-02T14:06:34.7802258Z self = <tests.embpy.test_benchmark.TestBenchmarkExpressionTarget object at 0x7fa7eec6b320>
PRE-RELEASE DEPENDENCIES	Run test suite	2026-10-02T14:06:34.7802482Z expression_adata = AnnData object with n_obs ├ù n_vars = 60 ├ù 30
PRE-RELEASE DEPENDENCIES	Run test suite	2026-10-02T14:06:34.7802582Z     obs: 'gene_name', 'condition'
PRE-RELEASE DEPENDENCIES	Run test suite	2026-10-02T14:06:34.7802679Z     obsm: 'X_emb', 'X_emb_alt'
PRE-RELEASE DEPENDENCIES	Run test suite	2026-10-02T14:06:34.7802762Z     layers: None (.X)
PRE-RELEASE DEPENDENCIES	Run test suite	2026-10-02T14:06:34.7802768Z 
PRE-RELEASE DEPENDENCIES	Run test suite	2026-10-02T14:06:34.7803215Z     [0m[94mdef[39;49;00m[90m [39;49;00m[92mtest_expression_metrics[39;49;00m([96mself[39;49;00m, expression_adata):[90m[39;49;00m
PRE-RELEASE DEPENDENCIES	Run test suite	2026-10-02T14:06:34.7803951Z         [94mfrom[39;49;00m[90m [39;49;00m[04m[96membpy[39;49;00m[04m[96m.[39;49;00m[04m[96mtl[39;49;00m[04m[96m.[39;49;00m[04m[96mbenchmark[39;49;00m[90m [39;49;00m[94mimport[39;49;00m benchmark_embeddings[90m[39;49;00m
PRE-RELEASE DEPENDENCIES	Run test suite	2026-10-02T14:06:34.7804053Z     [90m[39;49;00m
PRE-RELEASE DEPENDENCIES	Run test suite	2026-10-02T14:06:34.7804232Z >       results = benchmark_embeddings([90m[39;49;00m
PRE-RELEASE DEPENDENCIES	Run test suite	2026-10-02T14:06:34.7804371Z             expression_adata,[90m[39;49;00m
PRE-RELEASE DEPENDENCIES	Run test suite	2026-10-02T14:06:34.7804703Z             perturbation_column=[33m"[39;49;00m[33mgene_name[39;49;00m[33m"[39;49;00m,[90m[39;49;00m
PRE-RELEASE DEPENDENCIES	Run test suite	2026-10-02T14:06:34.7805014Z             perturbation_type=[33m"[39;49;00m[33mgenetic[39;49;00m[33m"[39;49;00m,[90m[39;49;00m
PRE-RELEASE DEPENDENCIES	Run test suite	2026-10-02T14:06:34.7805249Z             target=[33m"[39;49;00m[33mX[39;49;00m[33m"[39;49;00m,[90m[39;49;00m
PRE-RELEASE DEPENDENCIES	Run test suite	2026-10-02T14:06:34.7805504Z             obsm_key=[33m"[39;49;00m[33mX_emb[39;49;00m[33m"[39;49;00m,[90m[39;49;00m
PRE-RELEASE DEPENDENCIES	Run test suite	2026-10-02T14:06:34.7805613Z         )[90m[39;49;00m
PRE-RELEASE DEPENDENCIES	Run test suite	2026-10-02T14:06:34.7805619Z 
PRE-RELEASE DEPENDENCIES	Run test suite	2026-10-02T14:06:34.7805778Z [1m[31mtests/embpy/test_benchmark.py[0m:123: 
PRE-RELEASE DEPENDENCIES	Run test suite	2026-10-02T14:06:34.7805920Z _ _ _ _ _ _ _ _ _ _ _ _ _ _ _ _ _ _ _ _ _ _ _ _ _ _ _ _ _ _ _ _ _ _ _ _ _ _ _ _ 
PRE-RELEASE DEPENDENCIES	Run test suite	2026-10-02T14:06:34.7806400Z [1m[31m/opt/hostedtoolcache/Python/3.12.14/x64/lib/python3.12/site-packages/embpy/tl/benchmark.py[0m:482: in benchmark_embeddings
PRE-RELEASE DEPENDENCIES	Run test suite	2026-10-02T14:06:34.7806552Z     [0mresults = _run_quick([90m[39;49;00m
PRE-RELEASE DEPENDENCIES	Run test suite	2026-10-02T14:06:34.7806971Z [1m[31m/opt/hostedtoolcache/Python/3.12.14/x64/lib/python3.12/site-packages/embpy/tl/benchmark.py[0m:207: in _run_quick
PRE-RELEASE DEPENDENCIES	Run test suite	2026-10-02T14:06:34.7807144Z     [0mreg = _build_model(model_name)[90m[39;49;00m
PRE-RELEASE DEPENDENCIES	Run test suite	2026-10-02T14:06:34.7807280Z           ^^^^^^^^^^^^^^^^^^^^^^^^[90m[39;49;00m
PRE-RELEASE DEPENDENCIES	Run test suite	2026-10-02T14:06:34.7807417Z _ _ _ _ _ _ _ _ _ _ _ _ _ _ _ _ _ _ _ _ _ _ _ _ _ _ _ _ _ _ _ _ _ _ _ _ _ _ _ _ 
PRE-RELEASE DEPENDENCIES	Run test suite	2026-10-02T14:06:34.7807423Z 
PRE-RELEASE DEPENDENCIES	Run test suite	2026-10-02T14:06:34.7807504Z name = 'xgboost'
PRE-RELEASE DEPENDENCIES	Run test suite	2026-10-02T14:06:34.7807509Z 
PRE-RELEASE DEPENDENCIES	Run test suite	2026-10-02T14:06:34.7807907Z     [0m[94mdef[39;49;00m[90m [39;49;00m[92m_build_model[39;49;00m(name: [96mstr[39;49;00m) -> RegressorMixin:[90m[39;49;00m
PRE-RELEASE DEPENDENCIES	Run test suite	2026-10-02T14:06:34.7808245Z     [90m    [39;49;00m[33m"""Instantiate an sklearn regressor by short name."""[39;49;00m[90m[39;49;00m
PRE-RELEASE DEPENDENCIES	Run test suite	2026-10-02T14:06:34.7808542Z         [94mif[39;49;00m name == [33m"[39;49;00m[33mlinear[39;49;00m[33m"[39;49;00m:[90m[39;49;00m
PRE-RELEASE DEPENDENCIES	Run test suite	2026-10-02T14:06:34.7808746Z             [94mreturn[39;49;00m LinearRegression()[90m[39;49;00m
PRE-RELEASE DEPENDENCIES	Run test suite	2026-10-02T14:06:34.7809042Z         [94mif[39;49;00m name == [33m"[39;49;00m[33mridge[39;49;00m[33m"[39;49;00m:[90m[39;49;00m
PRE-RELEASE DEPENDENCIES	Run test suite	2026-10-02T14:06:34.7809365Z             [94mreturn[39;49;00m Ridge(alpha=[94m1.0[39;49;00m)[90m[39;49;00m
PRE-RELEASE DEPENDENCIES	Run test suite	2026-10-02T14:06:34.7809790Z         [94mif[39;49;00m name == [33m"[39;49;00m[33mknn[39;49;00m[33m"[39;49;00m:[90m[39;49;00m
PRE-RELEASE DEPENDENCIES	Run test suite	2026-10-02T14:06:34.7810099Z             [94mreturn[39;49;00m KNeighborsRegressor(n_neighbors=[94m5[39;49;00m)[90m[39;49;00m
PRE-RELEASE DEPENDENCIES	Run test suite	2026-10-02T14:06:34.7810427Z         [94mif[39;49;00m name == [33m"[39;49;00m[33mrandom_forest[39;49;00m[33m"[39;49;00m:[90m[39;49;00m
PRE-RELEASE DEPENDENCIES	Run test suite	2026-10-02T14:06:34.7810958Z             [94mreturn[39;49;00m RandomForestRegressor(n_estimators=[94m100[39;49;00m, random_state=[94m0[39;49;00m, n_jobs=-[94m1[39;49;00m)[90m[39;49;00m
PRE-RELEASE DEPENDENCIES	Run test suite	2026-10-02T14:06:34.7888020Z         [94mif[39;49;00m name == [33m"[39;49;00m[33mxgboost[39;49;00m[33m"[39;49;00m:[90m[39;49;00m
PRE-RELEASE DEPENDENCIES	Run test suite	2026-10-02T14:06:34.7888387Z             [94mtry[39;49;00m:[90m[39;49;00m
PRE-RELEASE DEPENDENCIES	Run test suite	2026-10-02T14:06:34.7889366Z                 [94mfrom[39;49;00m[90m [39;49;00m[04m[96mxgboost[39;49;00m[90m [39;49;00m[94mimport[39;49;00m XGBRegressor[90m[39;49;00m
PRE-RELEASE DEPENDENCIES	Run test suite	2026-10-02T14:06:34.7890296Z             [94mexcept[39;49;00m [96mImportError[39;49;00m [94mas[39;49;00m e:[90m[39;49;00m
PRE-RELEASE DEPENDENCIES	Run test suite	2026-10-02T14:06:34.7890806Z >               [94mraise[39;49;00m [96mImportError[39;49;00m([90m[39;49;00m
PRE-RELEASE DEPENDENCIES	Run test suite	2026-10-02T14:06:34.7892268Z                     [33m"[39;49;00m[33mxgboost is required for the [39;49;00m[33m'[39;49;00m[33mxgboost[39;49;00m[33m'[39;49;00m[33m model but is not installed. [39;49;00m[33m"[39;49;00m[90m[39;49;00m
PRE-RELEASE DEPENDENCIES	Run test suite	2026-10-02T14:06:34.7892909Z                     [33m"[39;49;00m[33mInstall it with:  pip install xgboost[39;49;00m[33m"[39;49;00m[90m[39;49;00m
PRE-RELEASE DEPENDENCIES	Run test suite	2026-10-02T14:06:34.7893236Z                 ) [94mfrom[39;49;00m[90m [39;49;00m[04m[96me[39;49;00m[90m[39;49;00m
PRE-RELEASE DEPENDENCIES	Run test suite	2026-10-02T14:06:34.7893827Z [1m[31mE               ImportError: xgboost is required for the 'xgboost' model but is not installed. Install it with:  pip install xgboost[0m
PRE-RELEASE DEPENDENCIES	Run test suite	2026-10-02T14:06:34.7893847Z 
PRE-RELEASE DEPENDENCIES	Run test suite	2026-10-02T14:06:34.7894380Z [1m[31m/opt/hostedtoolcache/Python/3.12.14/x64/lib/python3.12/site-packages/embpy/tl/benchmark.py[0m:95: ImportError
PRE-RELEASE DEPENDENCIES	Run test suite	2026-10-02T14:06:34.7894758Z [31m[1m_______________ TestBenchmarkWithControls.test_delta_l2_computed _______________[0m
PRE-RELEASE DEPENDENCIES	Run test suite	2026-10-02T14:06:34.7894766Z 
PRE-RELEASE DEPENDENCIES	Run test suite	2026-10-02T14:06:34.7894861Z name = 'xgboost'
PRE-RELEASE DEPENDENCIES	Run test suite	2026-10-02T14:06:34.7894868Z 
PRE-RELEASE DEPENDENCIES	Run test suite	2026-10-02T14:06:34.7895380Z     [0m[94mdef[39;49;00m[90m [39;49;00m[92m_build_model[39;49;00m(name: [96mstr[39;49;00m) -> RegressorMixin:[90m[39;49;00m
PRE-RELEASE DEPENDENCIES	Run test suite	2026-10-02T14:06:34.7895803Z     [90m    [39;49;00m[33m"""Instantiate an sklearn regressor by short name."""[39;49;00m[90m[39;49;00m
PRE-RELEASE DEPENDENCIES	Run test suite	2026-10-02T14:06:34.7896180Z         [94mif[39;49;00m name == [33m"[39;49;00m[33mlinear[39;49;00m[33m"[39;49;00m:[90m[39;49;00m
PRE-RELEASE DEPENDENCIES	Run test suite	2026-10-02T14:06:34.7896431Z             [94mreturn[39;49;00m LinearRegression()[90m[39;49;00m
PRE-RELEASE DEPENDENCIES	Run test suite	2026-10-02T14:06:34.7896792Z         [94mif[39;49;00m name == [33m"[39;49;00m[33mridge[39;49;00m[33m"[39;49;00m:[90m[39;49;00m
PRE-RELEASE DEPENDENCIES	Run test suite	2026-10-02T14:06:34.7897086Z             [94mreturn[39;49;00m Ridge(alpha=[94m1.0[39;49;00m)[90m[39;49;00m
PRE-RELEASE DEPENDENCIES	Run test suite	2026-10-02T14:06:34.7897437Z         [94mif[39;49;00m name == [33m"[39;49;00m[33mknn[39;49;00m[33m"[39;49;00m:[90m[39;49;00m
PRE-RELEASE DEPENDENCIES	Run test suite	2026-10-02T14:06:34.7897825Z             [94mreturn[39;49;00m KNeighborsRegressor(n_neighbors=[94m5[39;49;00m)[90m[39;49;00m
PRE-RELEASE DEPENDENCIES	Run test suite	2026-10-02T14:06:34.7898240Z         [94mif[39;49;00m name == [33m"[39;49;00m[33mrandom_forest[39;49;00m[33m"[39;49;00m:[90m[39;49;00m
PRE-RELEASE DEPENDENCIES	Run test suite	2026-10-02T14:06:34.7898897Z             [94mreturn[39;49;00m RandomForestRegressor(n_estimators=[94m100[39;49;00m, random_state=[94m0[39;49;00m, n_jobs=-[94m1[39;49;00m)[90m[39;49;00m
PRE-RELEASE DEPENDENCIES	Run test suite	2026-10-02T14:06:34.7899279Z         [94mif[39;49;00m name == [33m"[39;49;00m[33mxgboost[39;49;00m[33m"[39;49;00m:[90m[39;49;00m
PRE-RELEASE DEPENDENCIES	Run test suite	2026-10-02T14:06:34.7899688Z             [94mtry[39;49;00m:[90m[39;49;00m
PRE-RELEASE DEPENDENCIES	Run test suite	2026-10-02T14:06:34.7900379Z >               [94mfrom[39;49;00m[90m [39;49;00m[04m[96mxgboost[39;49;00m[90m [39;49;00m[94mimport[39;49;00m XGBRegressor[90m[39;49;00m
PRE-RELEASE DEPENDENCIES	Run test suite	2026-10-02T14:06:34.7900608Z [1m[31mE               ModuleNotFoundError: No module named 'xgboost'[0m
PRE-RELEASE DEPENDENCIES	Run test suite	2026-10-02T14:06:34.7900615Z 
PRE-RELEASE DEPENDENCIES	Run test suite	2026-10-02T14:06:34.7901073Z [1m[31m/opt/hostedtoolcache/Python/3.12.14/x64/lib/python3.12/site-packages/embpy/tl/benchmark.py[0m:93: ModuleNotFoundError
PRE-RELEASE DEPENDENCIES	Run test suite	2026-10-02T14:06:34.7901078Z 
PRE-RELEASE DEPENDENCIES	Run test suite	2026-10-02T14:06:34.7901342Z [33mThe above exception was the direct cause of the following exception:[0m
PRE-RELEASE DEPENDENCIES	Run test suite	2026-10-02T14:06:34.7901347Z 
PRE-RELEASE DEPENDENCIES	Run test suite	2026-10-02T14:06:34.7901608Z self = <tests.embpy.test_benchmark.TestBenchmarkWithControls object at 0x7fa7eec9a3f0>
PRE-RELEASE DEPENDENCIES	Run test suite	2026-10-02T14:06:34.7901937Z expression_adata = AnnData object with n_obs ├ù n_vars = 60 ├ù 30
PRE-RELEASE DEPENDENCIES	Run test suite	2026-10-02T14:06:34.7902038Z     obs: 'gene_name', 'condition'
PRE-RELEASE DEPENDENCIES	Run test suite	2026-10-02T14:06:34.7902129Z     obsm: 'X_emb', 'X_emb_alt'
PRE-RELEASE DEPENDENCIES	Run test suite	2026-10-02T14:06:34.7902222Z     layers: None (.X)
PRE-RELEASE DEPENDENCIES	Run test suite	2026-10-02T14:06:34.7902227Z 
PRE-RELEASE DEPENDENCIES	Run test suite	2026-10-02T14:06:34.7902668Z     [0m[94mdef[39;49;00m[90m [39;49;00m[92mtest_delta_l2_computed[39;49;00m([96mself[39;49;00m, expression_adata):[90m[39;49;00m
PRE-RELEASE DEPENDENCIES	Run test suite	2026-10-02T14:06:34.7903401Z         [94mfrom[39;49;00m[90m [39;49;00m[04m[96membpy[39;49;00m[04m[96m.[39;49;00m[04m[96mtl[39;49;00m[04m[96m.[39;49;00m[04m[96mbenchmark[39;49;00m[90m [39;49;00m[94mimport[39;49;00m benchmark_embeddings[90m[39;49;00m
PRE-RELEASE DEPENDENCIES	Run test suite	2026-10-02T14:06:34.7903512Z     [90m[39;49;00m
PRE-RELEASE DEPENDENCIES	Run test suite	2026-10-02T14:06:34.7903680Z >       results = benchmark_embeddings([90m[39;49;00m
PRE-RELEASE DEPENDENCIES	Run test suite	2026-10-02T14:06:34.7903827Z             expression_adata,[90m[39;49;00m
PRE-RELEASE DEPENDENCIES	Run test suite	2026-10-02T14:06:34.7904161Z             perturbation_column=[33m"[39;49;00m[33mgene_name[39;49;00m[33m"[39;49;00m,[90m[39;49;00m
PRE-RELEASE DEPENDENCIES	Run test suite	2026-10-02T14:06:34.7904473Z             perturbation_type=[33m"[39;49;00m[33mgenetic[39;49;00m[33m"[39;49;00m,[90m[39;49;00m
PRE-RELEASE DEPENDENCIES	Run test suite	2026-10-02T14:06:34.7904713Z             target=[33m"[39;49;00m[33mX[39;49;00m[33m"[39;49;00m,[90m[39;49;00m
PRE-RELEASE DEPENDENCIES	Run test suite	2026-10-02T14:06:34.7904961Z             obsm_key=[33m"[39;49;00m[33mX_emb[39;49;00m[33m"[39;49;00m,[90m[39;49;00m
PRE-RELEASE DEPENDENCIES	Run test suite	2026-10-02T14:06:34.7905263Z             control_column=[33m"[39;49;00m[33mcondition[39;49;00m[33m"[39;49;00m,[90m[39;49;00m
PRE-RELEASE DEPENDENCIES	Run test suite	2026-10-02T14:06:34.7905536Z             control_value=[33m"[39;49;00m[33mDMSO[39;49;00m[33m"[39;49;00m,[90m[39;49;00m
PRE-RELEASE DEPENDENCIES	Run test suite	2026-10-02T14:06:34.7905645Z         )[90m[39;49;00m
PRE-RELEASE DEPENDENCIES	Run test suite	2026-10-02T14:06:34.7905651Z 
PRE-RELEASE DEPENDENCIES	Run test suite	2026-10-02T14:06:34.7905810Z [1m[31mtests/embpy/test_benchmark.py[0m:144: 
PRE-RELEASE DEPENDENCIES	Run test suite	2026-10-02T14:06:34.7905947Z _ _ _ _ _ _ _ _ _ _ _ _ _ _ _ _ _ _ _ _ _ _ _ _ _ _ _ _ _ _ _ _ _ _ _ _ _ _ _ _ 
PRE-RELEASE DEPENDENCIES	Run test suite	2026-10-02T14:06:34.7906436Z [1m[31m/opt/hostedtoolcache/Python/3.12.14/x64/lib/python3.12/site-packages/embpy/tl/benchmark.py[0m:482: in benchmark_embeddings
PRE-RELEASE DEPENDENCIES	Run test suite	2026-10-02T14:06:34.7906580Z     [0mresults = _run_quick([90m[39;49;00m
PRE-RELEASE DEPENDENCIES	Run test suite	2026-10-02T14:06:34.7907003Z [1m[31m/opt/hostedtoolcache/Python/3.12.14/x64/lib/python3.12/site-packages/embpy/tl/benchmark.py[0m:207: in _run_quick
PRE-RELEASE DEPENDENCIES	Run test suite	2026-10-02T14:06:34.7907176Z     [0mreg = _build_model(model_name)[90m[39;49;00m
PRE-RELEASE DEPENDENCIES	Run test suite	2026-10-02T14:06:34.7907312Z           ^^^^^^^^^^^^^^^^^^^^^^^^[90m[39;49;00m
PRE-RELEASE DEPENDENCIES	Run test suite	2026-10-02T14:06:34.7907451Z _ _ _ _ _ _ _ _ _ _ _ _ _ _ _ _ _ _ _ _ _ _ _ _ _ _ _ _ _ _ _ _ _ _ _ _ _ _ _ _ 
PRE-RELEASE DEPENDENCIES	Run test suite	2026-10-02T14:06:34.7907457Z 
PRE-RELEASE DEPENDENCIES	Run test suite	2026-10-02T14:06:34.7907532Z name = 'xgboost'
PRE-RELEASE DEPENDENCIES	Run test suite	2026-10-02T14:06:34.7907543Z 
PRE-RELEASE DEPENDENCIES	Run test suite	2026-10-02T14:06:34.7907940Z     [0m[94mdef[39;49;00m[90m [39;49;00m[92m_build_model[39;49;00m(name: [96mstr[39;49;00m) -> RegressorMixin:[90m[39;49;00m
PRE-RELEASE DEPENDENCIES	Run test suite	2026-10-02T14:06:34.7908279Z     [90m    [39;49;00m[33m"""Instantiate an sklearn regressor by short name."""[39;49;00m[90m[39;49;00m
PRE-RELEASE DEPENDENCIES	Run test suite	2026-10-02T14:06:34.7908580Z         [94mif[39;49;00m name == [33m"[39;49;00m[33mlinear[39;49;00m[33m"[39;49;00m:[90m[39;49;00m
PRE-RELEASE DEPENDENCIES	Run test suite	2026-10-02T14:06:34.7908782Z             [94mreturn[39;49;00m LinearRegression()[90m[39;49;00m
PRE-RELEASE DEPENDENCIES	Run test suite	2026-10-02T14:06:34.7909166Z         [94mif[39;49;00m name == [33m"[39;49;00m[33mridge[39;49;00m[33m"[39;49;00m:[90m[39;49;00m
PRE-RELEASE DEPENDENCIES	Run test suite	2026-10-02T14:06:34.7909403Z             [94mreturn[39;49;00m Ridge(alpha=[94m1.0[39;49;00m)[90m[39;49;00m
PRE-RELEASE DEPENDENCIES	Run test suite	2026-10-02T14:06:34.7910001Z         [94mif[39;49;00m name == [33m"[39;49;00m[33mknn[39;49;00m[33m"[39;49;00m:[90m[39;49;00m
PRE-RELEASE DEPENDENCIES	Run test suite	2026-10-02T14:06:34.7910321Z             [94mreturn[39;49;00m KNeighborsRegressor(n_neighbors=[94m5[39;49;00m)[90m[39;49;00m
PRE-RELEASE DEPENDENCIES	Run test suite	2026-10-02T14:06:34.7910653Z         [94mif[39;49;00m name == [33m"[39;49;00m[33mrandom_forest[39;49;00m[33m"[39;49;00m:[90m[39;49;00m
PRE-RELEASE DEPENDENCIES	Run test suite	2026-10-02T14:06:34.7911182Z             [94mreturn[39;49;00m RandomForestRegressor(n_estimators=[94m100[39;49;00m, random_state=[94m0[39;49;00m, n_jobs=-[94m1[39;49;00m)[90m[39;49;00m
PRE-RELEASE DEPENDENCIES	Run test suite	2026-10-02T14:06:34.7911670Z         [94mif[39;49;00m name == [33m"[39;49;00m[33mxgboost[39;49;00m[33m"[39;49;00m:[90m[39;49;00m
PRE-RELEASE DEPENDENCIES	Run test suite	2026-10-02T14:06:34.7911819Z             [94mtry[39;49;00m:[90m[39;49;00m
PRE-RELEASE DEPENDENCIES	Run test suite	2026-10-02T14:06:34.7912243Z                 [94mfrom[39;49;00m[90m [39;49;00m[04m[96mxgboost[39;49;00m[90m [39;49;00m[94mimport[39;49;00m XGBRegressor[90m[39;49;00m
PRE-RELEASE DEPENDENCIES	Run test suite	2026-10-02T14:06:34.7912537Z             [94mexcept[39;49;00m [96mImportError[39;49;00m [94mas[39;49;00m e:[90m[39;49;00m
PRE-RELEASE DEPENDENCIES	Run test suite	2026-10-02T14:06:34.7912764Z >               [94mraise[39;49;00m [96mImportError[39;49;00m([90m[39;49;00m
PRE-RELEASE DEPENDENCIES	Run test suite	2026-10-02T14:06:34.7913401Z                     [33m"[39;49;00m[33mxgboost is required for the [39;49;00m[33m'[39;49;00m[33mxgboost[39;49;00m[33m'[39;49;00m[33m model but is not installed. [39;49;00m[33m"[39;49;00m[90m[39;49;00m
PRE-RELEASE DEPENDENCIES	Run test suite	2026-10-02T14:06:34.7913758Z                     [33m"[39;49;00m[33mInstall it with:  pip install xgboost[39;49;00m[33m"[39;49;00m[90m[39;49;00m
PRE-RELEASE DEPENDENCIES	Run test suite	2026-10-02T14:06:34.7914005Z                 ) [94mfrom[39;49;00m[90m [39;49;00m[04m[96me[39;49;00m[90m[39;49;00m
PRE-RELEASE DEPENDENCIES	Run test suite	2026-10-02T14:06:34.7914489Z [1m[31mE               ImportError: xgboost is required for the 'xgboost' model but is not installed. Install it with:  pip install xgboost[0m
PRE-RELEASE DEPENDENCIES	Run test suite	2026-10-02T14:06:34.7914496Z 
PRE-RELEASE DEPENDENCIES	Run test suite	2026-10-02T14:06:34.7914957Z [1m[31m/opt/hostedtoolcache/Python/3.12.14/x64/lib/python3.12/site-packages/embpy/tl/benchmark.py[0m:95: ImportError
PRE-RELEASE DEPENDENCIES	Run test suite	2026-10-02T14:06:34.7915261Z [31m[1m_______________ TestBenchmarkNoControlsNoDelta.test_no_controls ________________[0m
PRE-RELEASE DEPENDENCIES	Run test suite	2026-10-02T14:06:34.7915267Z 
PRE-RELEASE DEPENDENCIES	Run test suite	2026-10-02T14:06:34.7915348Z name = 'xgboost'
PRE-RELEASE DEPENDENCIES	Run test suite	2026-10-02T14:06:34.7915354Z 
PRE-RELEASE DEPENDENCIES	Run test suite	2026-10-02T14:06:34.7915755Z     [0m[94mdef[39;49;00m[90m [39;49;00m[92m_build_model[39;49;00m(name: [96mstr[39;49;00m) -> RegressorMixin:[90m[39;49;00m
PRE-RELEASE DEPENDENCIES	Run test suite	2026-10-02T14:06:34.7916091Z     [90m    [39;49;00m[33m"""Instantiate an sklearn regressor by short name."""[39;49;00m[90m[39;49;00m
PRE-RELEASE DEPENDENCIES	Run test suite	2026-10-02T14:06:34.7916404Z         [94mif[39;49;00m name == [33m"[39;49;00m[33mlinear[39;49;00m[33m"[39;49;00m:[90m[39;49;00m
PRE-RELEASE DEPENDENCIES	Run test suite	2026-10-02T14:06:34.7916604Z             [94mreturn[39;49;00m LinearRegression()[90m[39;49;00m
PRE-RELEASE DEPENDENCIES	Run test suite	2026-10-02T14:06:34.7916899Z         [94mif[39;49;00m name == [33m"[39;49;00m[33mridge[39;49;00m[33m"[39;49;00m:[90m[39;49;00m
PRE-RELEASE DEPENDENCIES	Run test suite	2026-10-02T14:06:34.7917129Z             [94mreturn[39;49;00m Ridge(alpha=[94m1.0[39;49;00m)[90m[39;49;00m
PRE-RELEASE DEPENDENCIES	Run test suite	2026-10-02T14:06:34.7917414Z         [94mif[39;49;00m name == [33m"[39;49;00m[33mknn[39;49;00m[33m"[39;49;00m:[90m[39;49;00m
PRE-RELEASE DEPENDENCIES	Run test suite	2026-10-02T14:06:34.7917726Z             [94mreturn[39;49;00m KNeighborsRegressor(n_neighbors=[94m5[39;49;00m)[90m[39;49;00m
PRE-RELEASE DEPENDENCIES	Run test suite	2026-10-02T14:06:34.7972335Z         [94mif[39;49;00m name == [33m"[39;49;00m[33mrandom_forest[39;49;00m[33m"[39;49;00m:[90m[39;49;00m
PRE-RELEASE DEPENDENCIES	Run test suite	2026-10-02T14:06:34.7973436Z             [94mreturn[39;49;00m RandomForestRegressor(n_estimators=[94m100[39;49;00m, random_state=[94m0[39;49;00m, n_jobs=-[94m1[39;49;00m)[90m[39;49;00m
PRE-RELEASE DEPENDENCIES	Run test suite	2026-10-02T14:06:34.7973844Z         [94mif[39;49;00m name == [33m"[39;49;00m[33mxgboost[39;49;00m[33m"[39;49;00m:[90m[39;49;00m
PRE-RELEASE DEPENDENCIES	Run test suite	2026-10-02T14:06:34.7974206Z             [94mtry[39;49;00m:[90m[39;49;00m
PRE-RELEASE DEPENDENCIES	Run test suite	2026-10-02T14:06:34.7974745Z >               [94mfrom[39;49;00m[90m [39;49;00m[04m[96mxgboost[39;49;00m[90m [39;49;00m[94mimport[39;49;00m XGBRegressor[90m[39;49;00m
PRE-RELEASE DEPENDENCIES	Run test suite	2026-10-02T14:06:34.7975022Z [1m[31mE               ModuleNotFoundError: No module named 'xgboost'[0m
PRE-RELEASE DEPENDENCIES	Run test suite	2026-10-02T14:06:34.7975031Z 
PRE-RELEASE DEPENDENCIES	Run test suite	2026-10-02T14:06:34.7975605Z [1m[31m/opt/hostedtoolcache/Python/3.12.14/x64/lib/python3.12/site-packages/embpy/tl/benchmark.py[0m:93: ModuleNotFoundError
PRE-RELEASE DEPENDENCIES	Run test suite	2026-10-02T14:06:34.7975613Z 
PRE-RELEASE DEPENDENCIES	Run test suite	2026-10-02T14:06:34.7975943Z [33mThe above exception was the direct cause of the following exception:[0m
PRE-RELEASE DEPENDENCIES	Run test suite	2026-10-02T14:06:34.7975951Z 
PRE-RELEASE DEPENDENCIES	Run test suite	2026-10-02T14:06:34.7976431Z self = <tests.embpy.test_benchmark.TestBenchmarkNoControlsNoDelta object at 0x7fa7eec99ac0>
PRE-RELEASE DEPENDENCIES	Run test suite	2026-10-02T14:06:34.7976702Z expression_adata = AnnData object with n_obs ├ù n_vars = 60 ├ù 30
PRE-RELEASE DEPENDENCIES	Run test suite	2026-10-02T14:06:34.7976827Z     obs: 'gene_name', 'condition'
PRE-RELEASE DEPENDENCIES	Run test suite	2026-10-02T14:06:34.7976944Z     obsm: 'X_emb', 'X_emb_alt'
PRE-RELEASE DEPENDENCIES	Run test suite	2026-10-02T14:06:34.7977050Z     layers: None (.X)
PRE-RELEASE DEPENDENCIES	Run test suite	2026-10-02T14:06:34.7977056Z 
PRE-RELEASE DEPENDENCIES	Run test suite	2026-10-02T14:06:34.7977567Z     [0m[94mdef[39;49;00m[90m [39;49;00m[92mtest_no_controls[39;49;00m([96mself[39;49;00m, expression_adata):[90m[39;49;00m
PRE-RELEASE DEPENDENCIES	Run test suite	2026-10-02T14:06:34.7978479Z         [94mfrom[39;49;00m[90m [39;49;00m[04m[96membpy[39;49;00m[04m[96m.[39;49;00m[04m[96mtl[39;49;00m[04m[96m.[39;49;00m[04m[96mbenchmark[39;49;00m[90m [39;49;00m[94mimport[39;49;00m benchmark_embeddings[90m[39;49;00m
PRE-RELEASE DEPENDENCIES	Run test suite	2026-10-02T14:06:34.7978611Z     [90m[39;49;00m
PRE-RELEASE DEPENDENCIES	Run test suite	2026-10-02T14:06:34.7978817Z >       results = benchmark_embeddings([90m[39;49;00m
PRE-RELEASE DEPENDENCIES	Run test suite	2026-10-02T14:06:34.7978997Z             expression_adata,[90m[39;49;00m
PRE-RELEASE DEPENDENCIES	Run test suite	2026-10-02T14:06:34.7979718Z             perturbation_column=[33m"[39;49;00m[33mgene_name[39;49;00m[33m"[39;49;00m,[90m[39;49;00m
PRE-RELEASE DEPENDENCIES	Run test suite	2026-10-02T14:06:34.7980160Z             perturbation_type=[33m"[39;49;00m[33mgenetic[39;49;00m[33m"[39;49;00m,[90m[39;49;00m
PRE-RELEASE DEPENDENCIES	Run test suite	2026-10-02T14:06:34.7980402Z             target=[33m"[39;49;00m[33mX[39;49;00m[33m"[39;49;00m,[90m[39;49;00m
PRE-RELEASE DEPENDENCIES	Run test suite	2026-10-02T14:06:34.7980650Z             obsm_key=[33m"[39;49;00m[33mX_emb[39;49;00m[33m"[39;49;00m,[90m[39;49;00m
PRE-RELEASE DEPENDENCIES	Run test suite	2026-10-02T14:06:34.7980763Z         )[90m[39;49;00m
PRE-RELEASE DEPENDENCIES	Run test suite	2026-10-02T14:06:34.7980769Z 
PRE-RELEASE DEPENDENCIES	Run test suite	2026-10-02T14:06:34.7980923Z [1m[31mtests/embpy/test_benchmark.py[0m:164: 
PRE-RELEASE DEPENDENCIES	Run test suite	2026-10-02T14:06:34.7981065Z _ _ _ _ _ _ _ _ _ _ _ _ _ _ _ _ _ _ _ _ _ _ _ _ _ _ _ _ _ _ _ _ _ _ _ _ _ _ _ _ 
PRE-RELEASE DEPENDENCIES	Run test suite	2026-10-02T14:06:34.7981554Z [1m[31m/opt/hostedtoolcache/Python/3.12.14/x64/lib/python3.12/site-packages/embpy/tl/benchmark.py[0m:482: in benchmark_embeddings
PRE-RELEASE DEPENDENCIES	Run test suite	2026-10-02T14:06:34.7981703Z     [0mresults = _run_quick([90m[39;49;00m
PRE-RELEASE DEPENDENCIES	Run test suite	2026-10-02T14:06:34.7982143Z [1m[31m/opt/hostedtoolcache/Python/3.12.14/x64/lib/python3.12/site-packages/embpy/tl/benchmark.py[0m:207: in _run_quick
PRE-RELEASE DEPENDENCIES	Run test suite	2026-10-02T14:06:34.7982307Z     [0mreg = _build_model(model_name)[90m[39;49;00m
PRE-RELEASE DEPENDENCIES	Run test suite	2026-10-02T14:06:34.7982451Z           ^^^^^^^^^^^^^^^^^^^^^^^^[90m[39;49;00m
PRE-RELEASE DEPENDENCIES	Run test suite	2026-10-02T14:06:34.7982588Z _ _ _ _ _ _ _ _ _ _ _ _ _ _ _ _ _ _ _ _ _ _ _ _ _ _ _ _ _ _ _ _ _ _ _ _ _ _ _ _ 
PRE-RELEASE DEPENDENCIES	Run test suite	2026-10-02T14:06:34.7982594Z 
PRE-RELEASE DEPENDENCIES	Run test suite	2026-10-02T14:06:34.7982670Z name = 'xgboost'
PRE-RELEASE DEPENDENCIES	Run test suite	2026-10-02T14:06:34.7982675Z 
PRE-RELEASE DEPENDENCIES	Run test suite	2026-10-02T14:06:34.7983080Z     [0m[94mdef[39;49;00m[90m [39;49;00m[92m_build_model[39;49;00m(name: [96mstr[39;49;00m) -> RegressorMixin:[90m[39;49;00m
PRE-RELEASE DEPENDENCIES	Run test suite	2026-10-02T14:06:34.7983413Z     [90m    [39;49;00m[33m"""Instantiate an sklearn regressor by short name."""[39;49;00m[90m[39;49;00m
PRE-RELEASE DEPENDENCIES	Run test suite	2026-10-02T14:06:34.7983719Z         [94mif[39;49;00m name == [33m"[39;49;00m[33mlinear[39;49;00m[33m"[39;49;00m:[90m[39;49;00m
PRE-RELEASE DEPENDENCIES	Run test suite	2026-10-02T14:06:34.7983925Z             [94mreturn[39;49;00m LinearRegression()[90m[39;49;00m
PRE-RELEASE DEPENDENCIES	Run test suite	2026-10-02T14:06:34.7984216Z         [94mif[39;49;00m name == [33m"[39;49;00m[33mridge[39;49;00m[33m"[39;49;00m:[90m[39;49;00m
PRE-RELEASE DEPENDENCIES	Run test suite	2026-10-02T14:06:34.7984451Z             [94mreturn[39;49;00m Ridge(alpha=[94m1.0[39;49;00m)[90m[39;49;00m
PRE-RELEASE DEPENDENCIES	Run test suite	2026-10-02T14:06:34.7984871Z         [94mif[39;49;00m name == [33m"[39;49;00m[33mknn[39;49;00m[33m"[39;49;00m:[90m[39;49;00m
PRE-RELEASE DEPENDENCIES	Run test suite	2026-10-02T14:06:34.7985184Z             [94mreturn[39;49;00m KNeighborsRegressor(n_neighbors=[94m5[39;49;00m)[90m[39;49;00m
PRE-RELEASE DEPENDENCIES	Run test suite	2026-10-02T14:06:34.7985511Z         [94mif[39;49;00m name == [33m"[39;49;00m[33mrandom_forest[39;49;00m[33m"[39;49;00m:[90m[39;49;00m
PRE-RELEASE DEPENDENCIES	Run test suite	2026-10-02T14:06:34.7986041Z             [94mreturn[39;49;00m RandomForestRegressor(n_estimators=[94m100[39;49;00m, random_state=[94m0[39;49;00m, n_jobs=-[94m1[39;49;00m)[90m[39;49;00m
PRE-RELEASE DEPENDENCIES	Run test suite	2026-10-02T14:06:34.7986342Z         [94mif[39;49;00m name == [33m"[39;49;00m[33mxgboost[39;49;00m[33m"[39;49;00m:[90m[39;49;00m
PRE-RELEASE DEPENDENCIES	Run test suite	2026-10-02T14:06:34.7986590Z             [94mtry[39;49;00m:[90m[39;49;00m
PRE-RELEASE DEPENDENCIES	Run test suite	2026-10-02T14:06:34.7987020Z                 [94mfrom[39;49;00m[90m [39;49;00m[04m[96mxgboost[39;49;00m[90m [39;49;00m[94mimport[39;49;00m XGBRegressor[90m[39;49;00m
PRE-RELEASE DEPENDENCIES	Run test suite	2026-10-02T14:06:34.7987322Z             [94mexcept[39;49;00m [96mImportError[39;49;00m [94mas[39;49;00m e:[90m[39;49;00m
PRE-RELEASE DEPENDENCIES	Run test suite	2026-10-02T14:06:34.7987544Z >               [94mraise[39;49;00m [96mImportError[39;49;00m([90m[39;49;00m
PRE-RELEASE DEPENDENCIES	Run test suite	2026-10-02T14:06:34.7988193Z                     [33m"[39;49;00m[33mxgboost is required for the [39;49;00m[33m'[39;49;00m[33mxgboost[39;49;00m[33m'[39;49;00m[33m model but is not installed. [39;49;00m[33m"[39;49;00m[90m[39;49;00m
PRE-RELEASE DEPENDENCIES	Run test suite	2026-10-02T14:06:34.7988547Z                     [33m"[39;49;00m[33mInstall it with:  pip install xgboost[39;49;00m[33m"[39;49;00m[90m[39;49;00m
PRE-RELEASE DEPENDENCIES	Run test suite	2026-10-02T14:06:34.7988796Z                 ) [94mfrom[39;49;00m[90m [39;49;00m[04m[96me[39;49;00m[90m[39;49;00m
PRE-RELEASE DEPENDENCIES	Run test suite	2026-10-02T14:06:34.7989275Z [1m[31mE               ImportError: xgboost is required for the 'xgboost' model but is not installed. Install it with:  pip install xgboost[0m
PRE-RELEASE DEPENDENCIES	Run test suite	2026-10-02T14:06:34.7989281Z 
PRE-RELEASE DEPENDENCIES	Run test suite	2026-10-02T14:06:34.7989934Z [1m[31m/opt/hostedtoolcache/Python/3.12.14/x64/lib/python3.12/site-packages/embpy/tl/benchmark.py[0m:95: ImportError
PRE-RELEASE DEPENDENCIES	Run test suite	2026-10-02T14:06:34.7990262Z [31m[1m________________ TestBenchmarkWithDimReduction.test_pca_applied ________________[0m
PRE-RELEASE DEPENDENCIES	Run test suite	2026-10-02T14:06:34.7990268Z 
PRE-RELEASE DEPENDENCIES	Run test suite	2026-10-02T14:06:34.7990352Z name = 'xgboost'
PRE-RELEASE DEPENDENCIES	Run test suite	2026-10-02T14:06:34.7990359Z 
PRE-RELEASE DEPENDENCIES	Run test suite	2026-10-02T14:06:34.7990760Z     [0m[94mdef[39;49;00m[90m [39;49;00m[92m_build_model[39;49;00m(name: [96mstr[39;49;00m) -> RegressorMixin:[90m[39;49;00m
PRE-RELEASE DEPENDENCIES	Run test suite	2026-10-02T14:06:34.7991094Z     [90m    [39;49;00m[33m"""Instantiate an sklearn regressor by short name."""[39;49;00m[90m[39;49;00m
PRE-RELEASE DEPENDENCIES	Run test suite	2026-10-02T14:06:34.7991392Z         [94mif[39;49;00m name == [33m"[39;49;00m[33mlinear[39;49;00m[33m"[39;49;00m:[90m[39;49;00m
PRE-RELEASE DEPENDENCIES	Run test suite	2026-10-02T14:06:34.7991596Z             [94mreturn[39;49;00m LinearRegression()[90m[39;49;00m
PRE-RELEASE DEPENDENCIES	Run test suite	2026-10-02T14:06:34.7991890Z         [94mif[39;49;00m name == [33m"[39;49;00m[33mridge[39;49;00m[33m"[39;49;00m:[90m[39;49;00m
PRE-RELEASE DEPENDENCIES	Run test suite	2026-10-02T14:06:34.7992123Z             [94mreturn[39;49;00m Ridge(alpha=[94m1.0[39;49;00m)[90m[39;49;00m
PRE-RELEASE DEPENDENCIES	Run test suite	2026-10-02T14:06:34.7992407Z         [94mif[39;49;00m name == [33m"[39;49;00m[33mknn[39;49;00m[33m"[39;49;00m:[90m[39;49;00m
PRE-RELEASE DEPENDENCIES	Run test suite	2026-10-02T14:06:34.7992712Z             [94mreturn[39;49;00m KNeighborsRegressor(n_neighbors=[94m5[39;49;00m)[90m[39;49;00m
PRE-RELEASE DEPENDENCIES	Run test suite	2026-10-02T14:06:34.7993038Z         [94mif[39;49;00m name == [33m"[39;49;00m[33mrandom_forest[39;49;00m[33m"[39;49;00m:[90m[39;49;00m
PRE-RELEASE DEPENDENCIES	Run test suite	2026-10-02T14:06:34.7993566Z             [94mreturn[39;49;00m RandomForestRegressor(n_estimators=[94m100[39;49;00m, random_state=[94m0[39;49;00m, n_jobs=-[94m1[39;49;00m)[90m[39;49;00m
PRE-RELEASE DEPENDENCIES	Run test suite	2026-10-02T14:06:34.7993864Z         [94mif[39;49;00m name == [33m"[39;49;00m[33mxgboost[39;49;00m[33m"[39;49;00m:[90m[39;49;00m
PRE-RELEASE DEPENDENCIES	Run test suite	2026-10-02T14:06:34.7994002Z             [94mtry[39;49;00m:[90m[39;49;00m
PRE-RELEASE DEPENDENCIES	Run test suite	2026-10-02T14:06:34.7994422Z >               [94mfrom[39;49;00m[90m [39;49;00m[04m[96mxgboost[39;49;00m[90m [39;49;00m[94mimport[39;49;00m XGBRegressor[90m[39;49;00m
PRE-RELEASE DEPENDENCIES	Run test suite	2026-10-02T14:06:34.7994783Z [1m[31mE               ModuleNotFoundError: No module named 'xgboost'[0m
PRE-RELEASE DEPENDENCIES	Run test suite	2026-10-02T14:06:34.7994790Z 
PRE-RELEASE DEPENDENCIES	Run test suite	2026-10-02T14:06:34.7995255Z [1m[31m/opt/hostedtoolcache/Python/3.12.14/x64/lib/python3.12/site-packages/embpy/tl/benchmark.py[0m:93: ModuleNotFoundError
PRE-RELEASE DEPENDENCIES	Run test suite	2026-10-02T14:06:34.7995261Z 
PRE-RELEASE DEPENDENCIES	Run test suite	2026-10-02T14:06:34.7995515Z [33mThe above exception was the direct cause of the following exception:[0m
PRE-RELEASE DEPENDENCIES	Run test suite	2026-10-02T14:06:34.7995521Z 
PRE-RELEASE DEPENDENCIES	Run test suite	2026-10-02T14:06:34.7995790Z self = <tests.embpy.test_benchmark.TestBenchmarkWithDimReduction object at 0x7fa7eec99dc0>
PRE-RELEASE DEPENDENCIES	Run test suite	2026-10-02T14:06:34.7995992Z scalar_adata = AnnData object with n_obs ├ù n_vars = 60 ├ù 20
PRE-RELEASE DEPENDENCIES	Run test suite	2026-10-02T14:06:34.7996216Z     obs: 'drug_name', 'ic50', 'perturbation_type'
PRE-RELEASE DEPENDENCIES	Run test suite	2026-10-02T14:06:34.7996313Z     uns: 'X_emb_pca16_params'
PRE-RELEASE DEPENDENCIES	Run test suite	2026-10-02T14:06:34.7996404Z     obsm: 'X_emb', 'X_emb_pca16'
PRE-RELEASE DEPENDENCIES	Run test suite	2026-10-02T14:06:34.7996491Z     layers: None (.X)
PRE-RELEASE DEPENDENCIES	Run test suite	2026-10-02T14:06:34.7996503Z 
PRE-RELEASE DEPENDENCIES	Run test suite	2026-10-02T14:06:34.7996894Z     [0m[94mdef[39;49;00m[90m [39;49;00m[92mtest_pca_applied[39;49;00m([96mself[39;49;00m, scalar_adata):[90m[39;49;00m
PRE-RELEASE DEPENDENCIES	Run test suite	2026-10-02T14:06:34.7997635Z         [94mfrom[39;49;00m[90m [39;49;00m[04m[96membpy[39;49;00m[04m[96m.[39;49;00m[04m[96mtl[39;49;00m[04m[96m.[39;49;00m[04m[96mbenchmark[39;49;00m[90m [39;49;00m[94mimport[39;49;00m benchmark_embeddings[90m[39;49;00m
PRE-RELEASE DEPENDENCIES	Run test suite	2026-10-02T14:06:34.7997744Z     [90m[39;49;00m
PRE-RELEASE DEPENDENCIES	Run test suite	2026-10-02T14:06:34.7997910Z >       results = benchmark_embeddings([90m[39;49;00m
PRE-RELEASE DEPENDENCIES	Run test suite	2026-10-02T14:06:34.7998045Z             scalar_adata,[90m[39;49;00m
PRE-RELEASE DEPENDENCIES	Run test suite	2026-10-02T14:06:34.7998363Z             perturbation_column=[33m"[39;49;00m[33mdrug_name[39;49;00m[33m"[39;49;00m,[90m[39;49;00m
PRE-RELEASE DEPENDENCIES	Run test suite	2026-10-02T14:06:34.7998682Z             perturbation_type=[33m"[39;49;00m[33mchemical[39;49;00m[33m"[39;49;00m,[90m[39;49;00m
PRE-RELEASE DEPENDENCIES	Run test suite	2026-10-02T14:06:34.7998929Z             target=[33m"[39;49;00m[33mic50[39;49;00m[33m"[39;49;00m,[90m[39;49;00m
PRE-RELEASE DEPENDENCIES	Run test suite	2026-10-02T14:06:34.7999184Z             obsm_key=[33m"[39;49;00m[33mX_emb[39;49;00m[33m"[39;49;00m,[90m[39;49;00m
PRE-RELEASE DEPENDENCIES	Run test suite	2026-10-02T14:06:34.7999351Z             reduce_dim=[94m16[39;49;00m,[90m[39;49;00m
PRE-RELEASE DEPENDENCIES	Run test suite	2026-10-02T14:06:34.7999639Z         )[90m[39;49;00m
PRE-RELEASE DEPENDENCIES	Run test suite	2026-10-02T14:06:34.7999647Z 
PRE-RELEASE DEPENDENCIES	Run test suite	2026-10-02T14:06:34.7999815Z [1m[31mtests/embpy/test_benchmark.py[0m:181: 
PRE-RELEASE DEPENDENCIES	Run test suite	2026-10-02T14:06:34.7999957Z _ _ _ _ _ _ _ _ _ _ _ _ _ _ _ _ _ _ _ _ _ _ _ _ _ _ _ _ _ _ _ _ _ _ _ _ _ _ _ _ 
PRE-RELEASE DEPENDENCIES	Run test suite	2026-10-02T14:06:34.8077431Z [1m[31m/opt/hostedtoolcache/Python/3.12.14/x64/lib/python3.12/site-packages/embpy/tl/benchmark.py[0m:482: in benchmark_embeddings
PRE-RELEASE DEPENDENCIES	Run test suite	2026-10-02T14:06:34.8077789Z     [0mresults = _run_quick([90m[39;49;00m
PRE-RELEASE DEPENDENCIES	Run test suite	2026-10-02T14:06:34.8078435Z [1m[31m/opt/hostedtoolcache/Python/3.12.14/x64/lib/python3.12/site-packages/embpy/tl/benchmark.py[0m:207: in _run_quick
PRE-RELEASE DEPENDENCIES	Run test suite	2026-10-02T14:06:34.8078642Z     [0mreg = _build_model(model_name)[90m[39;49;00m
PRE-RELEASE DEPENDENCIES	Run test suite	2026-10-02T14:06:34.8078819Z           ^^^^^^^^^^^^^^^^^^^^^^^^[90m[39;49;00m
PRE-RELEASE DEPENDENCIES	Run test suite	2026-10-02T14:06:34.8078994Z _ _ _ _ _ _ _ _ _ _ _ _ _ _ _ _ _ _ _ _ _ _ _ _ _ _ _ _ _ _ _ _ _ _ _ _ _ _ _ _ 
PRE-RELEASE DEPENDENCIES	Run test suite	2026-10-02T14:06:34.8079002Z 
PRE-RELEASE DEPENDENCIES	Run test suite	2026-10-02T14:06:34.8079105Z name = 'xgboost'
PRE-RELEASE DEPENDENCIES	Run test suite	2026-10-02T14:06:34.8079112Z 
PRE-RELEASE DEPENDENCIES	Run test suite	2026-10-02T14:06:34.8079949Z     [0m[94mdef[39;49;00m[90m [39;49;00m[92m_build_model[39;49;00m(name: [96mstr[39;49;00m) -> RegressorMixin:[90m[39;49;00m
PRE-RELEASE DEPENDENCIES	Run test suite	2026-10-02T14:06:34.8080369Z     [90m    [39;49;00m[33m"""Instantiate an sklearn regressor by short name."""[39;49;00m[90m[39;49;00m
PRE-RELEASE DEPENDENCIES	Run test suite	2026-10-02T14:06:34.8080678Z         [94mif[39;49;00m name == [33m"[39;49;00m[33mlinear[39;49;00m[33m"[39;49;00m:[90m[39;49;00m
PRE-RELEASE DEPENDENCIES	Run test suite	2026-10-02T14:06:34.8080877Z             [94mreturn[39;49;00m LinearRegression()[90m[39;49;00m
PRE-RELEASE DEPENDENCIES	Run test suite	2026-10-02T14:06:34.8081177Z         [94mif[39;49;00m name == [33m"[39;49;00m[33mridge[39;49;00m[33m"[39;49;00m:[90m[39;49;00m
PRE-RELEASE DEPENDENCIES	Run test suite	2026-10-02T14:06:34.8081415Z             [94mreturn[39;49;00m Ridge(alpha=[94m1.0[39;49;00m)[90m[39;49;00m
PRE-RELEASE DEPENDENCIES	Run test suite	2026-10-02T14:06:34.8081891Z         [94mif[39;49;00m name == [33m"[39;49;00m[33mknn[39;49;00m[33m"[39;49;00m:[90m[39;49;00m
PRE-RELEASE DEPENDENCIES	Run test suite	2026-10-02T14:06:34.8082207Z             [94mreturn[39;49;00m KNeighborsRegressor(n_neighbors=[94m5[39;49;00m)[90m[39;49;00m
PRE-RELEASE DEPENDENCIES	Run test suite	2026-10-02T14:06:34.8082529Z         [94mif[39;49;00m name == [33m"[39;49;00m[33mrandom_forest[39;49;00m[33m"[39;49;00m:[90m[39;49;00m
PRE-RELEASE DEPENDENCIES	Run test suite	2026-10-02T14:06:34.8083059Z             [94mreturn[39;49;00m RandomForestRegressor(n_estimators=[94m100[39;49;00m, random_state=[94m0[39;49;00m, n_jobs=-[94m1[39;49;00m)[90m[39;49;00m
PRE-RELEASE DEPENDENCIES	Run test suite	2026-10-02T14:06:34.8083361Z         [94mif[39;49;00m name == [33m"[39;49;00m[33mxgboost[39;49;00m[33m"[39;49;00m:[90m[39;49;00m
PRE-RELEASE DEPENDENCIES	Run test suite	2026-10-02T14:06:34.8083613Z             [94mtry[39;49;00m:[90m[39;49;00m
PRE-RELEASE DEPENDENCIES	Run test suite	2026-10-02T14:06:34.8084042Z                 [94mfrom[39;49;00m[90m [39;49;00m[04m[96mxgboost[39;49;00m[90m [39;49;00m[94mimport[39;49;00m XGBRegressor[90m[39;49;00m
PRE-RELEASE DEPENDENCIES	Run test suite	2026-10-02T14:06:34.8084335Z             [94mexcept[39;49;00m [96mImportError[39;49;00m [94mas[39;49;00m e:[90m[39;49;00m
PRE-RELEASE DEPENDENCIES	Run test suite	2026-10-02T14:06:34.8084561Z >               [94mraise[39;49;00m [96mImportError[39;49;00m([90m[39;49;00m
PRE-RELEASE DEPENDENCIES	Run test suite	2026-10-02T14:06:34.8085202Z                     [33m"[39;49;00m[33mxgboost is required for the [39;49;00m[33m'[39;49;00m[33mxgboost[39;49;00m[33m'[39;49;00m[33m model but is not installed. [39;49;00m[33m"[39;49;00m[90m[39;49;00m
PRE-RELEASE DEPENDENCIES	Run test suite	2026-10-02T14:06:34.8085555Z                     [33m"[39;49;00m[33mInstall it with:  pip install xgboost[39;49;00m[33m"[39;49;00m[90m[39;49;00m
PRE-RELEASE DEPENDENCIES	Run test suite	2026-10-02T14:06:34.8085803Z                 ) [94mfrom[39;49;00m[90m [39;49;00m[04m[96me[39;49;00m[90m[39;49;00m
PRE-RELEASE DEPENDENCIES	Run test suite	2026-10-02T14:06:34.8086276Z [1m[31mE               ImportError: xgboost is required for the 'xgboost' model but is not installed. Install it with:  pip install xgboost[0m
PRE-RELEASE DEPENDENCIES	Run test suite	2026-10-02T14:06:34.8086287Z 
PRE-RELEASE DEPENDENCIES	Run test suite	2026-10-02T14:06:34.8086703Z [1m[31m/opt/hostedtoolcache/Python/3.12.14/x64/lib/python3.12/site-packages/embpy/tl/benchmark.py[0m:95: ImportError
PRE-RELEASE DEPENDENCIES	Run test suite	2026-10-02T14:06:34.8086999Z [31m[1m___________________ TestBenchmarkInvalidModel.test_bad_model ___________________[0m
PRE-RELEASE DEPENDENCIES	Run test suite	2026-10-02T14:06:34.8087006Z 
PRE-RELEASE DEPENDENCIES	Run test suite	2026-10-02T14:06:34.8087085Z name = 'xgboost'
PRE-RELEASE DEPENDENCIES	Run test suite	2026-10-02T14:06:34.8087091Z 
PRE-RELEASE DEPENDENCIES	Run test suite	2026-10-02T14:06:34.8087498Z     [0m[94mdef[39;49;00m[90m [39;49;00m[92m_build_model[39;49;00m(name: [96mstr[39;49;00m) -> RegressorMixin:[90m[39;49;00m
PRE-RELEASE DEPENDENCIES	Run test suite	2026-10-02T14:06:34.8087833Z     [90m    [39;49;00m[33m"""Instantiate an sklearn regressor by short name."""[39;49;00m[90m[39;49;00m
PRE-RELEASE DEPENDENCIES	Run test suite	2026-10-02T14:06:34.8088128Z         [94mif[39;49;00m name == [33m"[39;49;00m[33mlinear[39;49;00m[33m"[39;49;00m:[90m[39;49;00m
PRE-RELEASE DEPENDENCIES	Run test suite	2026-10-02T14:06:34.8088332Z             [94mreturn[39;49;00m LinearRegression()[90m[39;49;00m
PRE-RELEASE DEPENDENCIES	Run test suite	2026-10-02T14:06:34.8088618Z         [94mif[39;49;00m name == [33m"[39;49;00m[33mridge[39;49;00m[33m"[39;49;00m:[90m[39;49;00m
PRE-RELEASE DEPENDENCIES	Run test suite	2026-10-02T14:06:34.8088858Z             [94mreturn[39;49;00m Ridge(alpha=[94m1.0[39;49;00m)[90m[39;49;00m
PRE-RELEASE DEPENDENCIES	Run test suite	2026-10-02T14:06:34.8089140Z         [94mif[39;49;00m name == [33m"[39;49;00m[33mknn[39;49;00m[33m"[39;49;00m:[90m[39;49;00m
PRE-RELEASE DEPENDENCIES	Run test suite	2026-10-02T14:06:34.8089590Z             [94mreturn[39;49;00m KNeighborsRegressor(n_neighbors=[94m5[39;49;00m)[90m[39;49;00m
PRE-RELEASE DEPENDENCIES	Run test suite	2026-10-02T14:06:34.8089924Z         [94mif[39;49;00m name == [33m"[39;49;00m[33mrandom_forest[39;49;00m[33m"[39;49;00m:[90m[39;49;00m
PRE-RELEASE DEPENDENCIES	Run test suite	2026-10-02T14:06:34.8090446Z             [94mreturn[39;49;00m RandomForestRegressor(n_estimators=[94m100[39;49;00m, random_state=[94m0[39;49;00m, n_jobs=-[94m1[39;49;00m)[90m[39;49;00m
PRE-RELEASE DEPENDENCIES	Run test suite	2026-10-02T14:06:34.8090746Z         [94mif[39;49;00m name == [33m"[39;49;00m[33mxgboost[39;49;00m[33m"[39;49;00m:[90m[39;49;00m
PRE-RELEASE DEPENDENCIES	Run test suite	2026-10-02T14:06:34.8090891Z             [94mtry[39;49;00m:[90m[39;49;00m
PRE-RELEASE DEPENDENCIES	Run test suite	2026-10-02T14:06:34.8091311Z >               [94mfrom[39;49;00m[90m [39;49;00m[04m[96mxgboost[39;49;00m[90m [39;49;00m[94mimport[39;49;00m XGBRegressor[90m[39;49;00m
PRE-RELEASE DEPENDENCIES	Run test suite	2026-10-02T14:06:34.8091682Z [1m[31mE               ModuleNotFoundError: No module named 'xgboost'[0m
PRE-RELEASE DEPENDENCIES	Run test suite	2026-10-02T14:06:34.8091688Z 
PRE-RELEASE DEPENDENCIES	Run test suite	2026-10-02T14:06:34.8092135Z [1m[31m/opt/hostedtoolcache/Python/3.12.14/x64/lib/python3.12/site-packages/embpy/tl/benchmark.py[0m:93: ModuleNotFoundError
PRE-RELEASE DEPENDENCIES	Run test suite	2026-10-02T14:06:34.8092146Z 
PRE-RELEASE DEPENDENCIES	Run test suite	2026-10-02T14:06:34.8092399Z [33mThe above exception was the direct cause of the following exception:[0m
PRE-RELEASE DEPENDENCIES	Run test suite	2026-10-02T14:06:34.8092405Z 
PRE-RELEASE DEPENDENCIES	Run test suite	2026-10-02T14:06:34.8092652Z self = <tests.embpy.test_benchmark.TestBenchmarkInvalidModel object at 0x7fa7eec98d40>
PRE-RELEASE DEPENDENCIES	Run test suite	2026-10-02T14:06:34.8092854Z scalar_adata = AnnData object with n_obs ├ù n_vars = 60 ├ù 20
PRE-RELEASE DEPENDENCIES	Run test suite	2026-10-02T14:06:34.8093082Z     obs: 'drug_name', 'ic50', 'perturbation_type'
PRE-RELEASE DEPENDENCIES	Run test suite	2026-10-02T14:06:34.8093162Z     obsm: 'X_emb'
PRE-RELEASE DEPENDENCIES	Run test suite	2026-10-02T14:06:34.8093248Z     layers: None (.X)
PRE-RELEASE DEPENDENCIES	Run test suite	2026-10-02T14:06:34.8093254Z 
PRE-RELEASE DEPENDENCIES	Run test suite	2026-10-02T14:06:34.8093640Z     [0m[94mdef[39;49;00m[90m [39;49;00m[92mtest_bad_model[39;49;00m([96mself[39;49;00m, scalar_adata):[90m[39;49;00m
PRE-RELEASE DEPENDENCIES	Run test suite	2026-10-02T14:06:34.8094367Z         [94mfrom[39;49;00m[90m [39;49;00m[04m[96membpy[39;49;00m[04m[96m.[39;49;00m[04m[96mtl[39;49;00m[04m[96m.[39;49;00m[04m[96mbenchmark[39;49;00m[90m [39;49;00m[94mimport[39;49;00m benchmark_embeddings[90m[39;49;00m
PRE-RELEASE DEPENDENCIES	Run test suite	2026-10-02T14:06:34.8094474Z     [90m[39;49;00m
PRE-RELEASE DEPENDENCIES	Run test suite	2026-10-02T14:06:34.8094968Z         [94mwith[39;49;00m pytest.raises([96mValueError[39;49;00m, match=[33m"[39;49;00m[33mUnknown model[39;49;00m[33m"[39;49;00m):[90m[39;49;00m
PRE-RELEASE DEPENDENCIES	Run test suite	2026-10-02T14:06:34.8095119Z >           benchmark_embeddings([90m[39;49;00m
PRE-RELEASE DEPENDENCIES	Run test suite	2026-10-02T14:06:34.8095260Z                 scalar_adata,[90m[39;49;00m
PRE-RELEASE DEPENDENCIES	Run test suite	2026-10-02T14:06:34.8095593Z                 perturbation_column=[33m"[39;49;00m[33mdrug_name[39;49;00m[33m"[39;49;00m,[90m[39;49;00m
PRE-RELEASE DEPENDENCIES	Run test suite	2026-10-02T14:06:34.8095909Z                 perturbation_type=[33m"[39;49;00m[33mchemical[39;49;00m[33m"[39;49;00m,[90m[39;49;00m
PRE-RELEASE DEPENDENCIES	Run test suite	2026-10-02T14:06:34.8096164Z                 target=[33m"[39;49;00m[33mic50[39;49;00m[33m"[39;49;00m,[90m[39;49;00m
PRE-RELEASE DEPENDENCIES	Run test suite	2026-10-02T14:06:34.8096424Z                 obsm_key=[33m"[39;49;00m[33mX_emb[39;49;00m[33m"[39;49;00m,[90m[39;49;00m
PRE-RELEASE DEPENDENCIES	Run test suite	2026-10-02T14:06:34.8096697Z                 models=[[33m"[39;49;00m[33mxgboost[39;49;00m[33m"[39;49;00m],[90m[39;49;00m
PRE-RELEASE DEPENDENCIES	Run test suite	2026-10-02T14:06:34.8096810Z             )[90m[39;49;00m
PRE-RELEASE DEPENDENCIES	Run test suite	2026-10-02T14:06:34.8096816Z 
PRE-RELEASE DEPENDENCIES	Run test suite	2026-10-02T14:06:34.8096975Z [1m[31mtests/embpy/test_benchmark.py[0m:235: 
PRE-RELEASE DEPENDENCIES	Run test suite	2026-10-02T14:06:34.8097111Z _ _ _ _ _ _ _ _ _ _ _ _ _ _ _ _ _ _ _ _ _ _ _ _ _ _ _ _ _ _ _ _ _ _ _ _ _ _ _ _ 
PRE-RELEASE DEPENDENCIES	Run test suite	2026-10-02T14:06:34.8097587Z [1m[31m/opt/hostedtoolcache/Python/3.12.14/x64/lib/python3.12/site-packages/embpy/tl/benchmark.py[0m:482: in benchmark_embeddings
PRE-RELEASE DEPENDENCIES	Run test suite	2026-10-02T14:06:34.8097736Z     [0mresults = _run_quick([90m[39;49;00m
PRE-RELEASE DEPENDENCIES	Run test suite	2026-10-02T14:06:34.8098151Z [1m[31m/opt/hostedtoolcache/Python/3.12.14/x64/lib/python3.12/site-packages/embpy/tl/benchmark.py[0m:207: in _run_quick
PRE-RELEASE DEPENDENCIES	Run test suite	2026-10-02T14:06:34.8098322Z     [0mreg = _build_model(model_name)[90m[39;49;00m
PRE-RELEASE DEPENDENCIES	Run test suite	2026-10-02T14:06:34.8098455Z           ^^^^^^^^^^^^^^^^^^^^^^^^[90m[39;49;00m
PRE-RELEASE DEPENDENCIES	Run test suite	2026-10-02T14:06:34.8098592Z _ _ _ _ _ _ _ _ _ _ _ _ _ _ _ _ _ _ _ _ _ _ _ _ _ _ _ _ _ _ _ _ _ _ _ _ _ _ _ _ 
PRE-RELEASE DEPENDENCIES	Run test suite	2026-10-02T14:06:34.8098598Z 
PRE-RELEASE DEPENDENCIES	Run test suite	2026-10-02T14:06:34.8098680Z name = 'xgboost'
PRE-RELEASE DEPENDENCIES	Run test suite	2026-10-02T14:06:34.8098687Z 
PRE-RELEASE DEPENDENCIES	Run test suite	2026-10-02T14:06:34.8099086Z     [0m[94mdef[39;49;00m[90m [39;49;00m[92m_build_model[39;49;00m(name: [96mstr[39;49;00m) -> RegressorMixin:[90m[39;49;00m
PRE-RELEASE DEPENDENCIES	Run test suite	2026-10-02T14:06:34.8099552Z     [90m    [39;49;00m[33m"""Instantiate an sklearn regressor by short name."""[39;49;00m[90m[39;49;00m
PRE-RELEASE DEPENDENCIES	Run test suite	2026-10-02T14:06:34.8099856Z         [94mif[39;49;00m name == [33m"[39;49;00m[33mlinear[39;49;00m[33m"[39;49;00m:[90m[39;49;00m
PRE-RELEASE DEPENDENCIES	Run test suite	2026-10-02T14:06:34.8100059Z             [94mreturn[39;49;00m LinearRegression()[90m[39;49;00m
PRE-RELEASE DEPENDENCIES	Run test suite	2026-10-02T14:06:34.8100365Z         [94mif[39;49;00m name == [33m"[39;49;00m[33mridge[39;49;00m[33m"[39;49;00m:[90m[39;49;00m
PRE-RELEASE DEPENDENCIES	Run test suite	2026-10-02T14:06:34.8100723Z             [94mreturn[39;49;00m Ridge(alpha=[94m1.0[39;49;00m)[90m[39;49;00m
PRE-RELEASE DEPENDENCIES	Run test suite	2026-10-02T14:06:34.8101012Z         [94mif[39;49;00m name == [33m"[39;49;00m[33mknn[39;49;00m[33m"[39;49;00m:[90m[39;49;00m
PRE-RELEASE DEPENDENCIES	Run test suite	2026-10-02T14:06:34.8101318Z             [94mreturn[39;49;00m KNeighborsRegressor(n_neighbors=[94m5[39;49;00m)[90m[39;49;00m
PRE-RELEASE DEPENDENCIES	Run test suite	2026-10-02T14:06:34.8101647Z         [94mif[39;49;00m name == [33m"[39;49;00m[33mrandom_forest[39;49;00m[33m"[39;49;00m:[90m[39;49;00m
PRE-RELEASE DEPENDENCIES	Run test suite	2026-10-02T14:06:34.8102178Z             [94mreturn[39;49;00m RandomForestRegressor(n_estimators=[94m100[39;49;00m, random_state=[94m0[39;49;00m, n_jobs=-[94m1[39;49;00m)[90m[39;49;00m
PRE-RELEASE DEPENDENCIES	Run test suite	2026-10-02T14:06:34.8102586Z         [94mif[39;49;00m name == [33m"[39;49;00m[33mxgboost[39;49;00m[33m"[39;49;00m:[90m[39;49;00m
PRE-RELEASE DEPENDENCIES	Run test suite	2026-10-02T14:06:34.8102728Z             [94mtry[39;49;00m:[90m[39;49;00m
PRE-RELEASE DEPENDENCIES	Run test suite	2026-10-02T14:06:34.8103155Z                 [94mfrom[39;49;00m[90m [39;49;00m[04m[96mxgboost[39;49;00m[90m [39;49;00m[94mimport[39;49;00m XGBRegressor[90m[39;49;00m
PRE-RELEASE DEPENDENCIES	Run test suite	2026-10-02T14:06:34.8103450Z             [94mexcept[39;49;00m [96mImportError[39;49;00m [94mas[39;49;00m e:[90m[39;49;00m
PRE-RELEASE DEPENDENCIES	Run test suite	2026-10-02T14:06:34.8103673Z >               [94mraise[39;49;00m [96mImportError[39;49;00m([90m[39;49;00m
PRE-RELEASE DEPENDENCIES	Run test suite	2026-10-02T14:06:34.8222071Z                     [33m"[39;49;00m[33mxgboost is required for the [39;49;00m[33m'[39;49;00m[33mxgboost[39;49;00m[33m'[39;49;00m[33m model but is not installed. [39;49;00m[33m"[39;49;00m[90m[39;49;00m
PRE-RELEASE DEPENDENCIES	Run test suite	2026-10-02T14:06:34.8222658Z                     [33m"[39;49;00m[33mInstall it with:  pip install xgboost[39;49;00m[33m"[39;49;00m[90m[39;49;00m
PRE-RELEASE DEPENDENCIES	Run test suite	2026-10-02T14:06:34.8222985Z                 ) [94mfrom[39;49;00m[90m [39;49;00m[04m[96me[39;49;00m[90m[39;49;00m
PRE-RELEASE DEPENDENCIES	Run test suite	2026-10-02T14:06:34.8223586Z [1m[31mE               ImportError: xgboost is required for the 'xgboost' model but is not installed. Install it with:  pip install xgboost[0m
PRE-RELEASE DEPENDENCIES	Run test suite	2026-10-02T14:06:34.8223608Z 
PRE-RELEASE DEPENDENCIES	Run test suite	2026-10-02T14:06:34.8224139Z [1m[31m/opt/hostedtoolcache/Python/3.12.14/x64/lib/python3.12/site-packages/embpy/tl/benchmark.py[0m:95: ImportError
PRE-RELEASE DEPENDENCIES	Run test suite	2026-10-02T14:06:34.8224517Z [31m[1m_______________ TestCellosaurusSource.test_get_cellosaurus_info ________________[0m
PRE-RELEASE DEPENDENCIES	Run test suite	2026-10-02T14:06:34.8224524Z 
PRE-RELEASE DEPENDENCIES	Run test suite	2026-10-02T14:06:34.8224862Z args = (<tests.embpy.test_cellline_annotator.TestCellosaurusSource object at 0x7fa7eec9a090>,)
PRE-RELEASE DEPENDENCIES	Run test suite	2026-10-02T14:06:34.8225283Z keywargs = {'annotator': <embpy.resources.cellline.annotator.CellLineAnnotator object at 0x7fa79d3beba0>}
PRE-RELEASE DEPENDENCIES	Run test suite	2026-10-02T14:06:34.8225291Z 
PRE-RELEASE DEPENDENCIES	Run test suite	2026-10-02T14:06:34.8225493Z     [0m[37m@wraps[39;49;00m(func)[90m[39;49;00m
PRE-RELEASE DEPENDENCIES	Run test suite	2026-10-02T14:06:34.8225860Z     [94mdef[39;49;00m[90m [39;49;00m[92mpatched[39;49;00m(*args, **keywargs):[90m[39;49;00m
PRE-RELEASE DEPENDENCIES	Run test suite	2026-10-02T14:06:34.8226206Z >       [94mwith[39;49;00m [96mself[39;49;00m.decoration_helper(patched,[90m[39;49;00m
PRE-RELEASE DEPENDENCIES	Run test suite	2026-10-02T14:06:34.8226400Z                                     args,[90m[39;49;00m
PRE-RELEASE DEPENDENCIES	Run test suite	2026-10-02T14:06:34.8226743Z                                     keywargs) [94mas[39;49;00m (newargs, newkeywargs):[90m[39;49;00m
PRE-RELEASE DEPENDENCIES	Run test suite	2026-10-02T14:06:34.8226751Z 
PRE-RELEASE DEPENDENCIES	Run test suite	2026-10-02T14:06:34.8227140Z [1m[31m/opt/hostedtoolcache/Python/3.12.14/x64/lib/python3.12/unittest/mock.py[0m:1393: 
PRE-RELEASE DEPENDENCIES	Run test suite	2026-10-02T14:06:34.8227312Z _ _ _ _ _ _ _ _ _ _ _ _ _ _ _ _ _ _ _ _ _ _ _ _ _ _ _ _ _ _ _ _ _ _ _ _ _ _ _ _ 
PRE-RELEASE DEPENDENCIES	Run test suite	2026-10-02T14:06:34.8227726Z [1m[31m/opt/hostedtoolcache/Python/3.12.14/x64/lib/python3.12/contextlib.py[0m:137: in __enter__
PRE-RELEASE DEPENDENCIES	Run test suite	2026-10-02T14:06:34.8228061Z     [0m[94mreturn[39;49;00m [96mnext[39;49;00m([96mself[39;49;00m.gen)[90m[39;49;00m
PRE-RELEASE DEPENDENCIES	Run test suite	2026-10-02T14:06:34.8228225Z            ^^^^^^^^^^^^^^[90m[39;49;00m
PRE-RELEASE DEPENDENCIES	Run test suite	2026-10-02T14:06:34.8228697Z [1m[31m/opt/hostedtoolcache/Python/3.12.14/x64/lib/python3.12/unittest/mock.py[0m:1375: in decoration_helper
PRE-RELEASE DEPENDENCIES	Run test suite	2026-10-02T14:06:34.8228954Z     [0marg = exit_stack.enter_context(patching)[90m[39;49;00m
PRE-RELEASE DEPENDENCIES	Run test suite	2026-10-02T14:06:34.8229345Z           ^^^^^^^^^^^^^^^^^^^^^^^^^^^^^^^^^^[90m[39;49;00m
PRE-RELEASE DEPENDENCIES	Run test suite	2026-10-02T14:06:34.8230152Z [1m[31m/opt/hostedtoolcache/Python/3.12.14/x64/lib/python3.12/contextlib.py[0m:526: in enter_context
PRE-RELEASE DEPENDENCIES	Run test suite	2026-10-02T14:06:34.8230332Z     [0mresult = _enter(cm)[90m[39;49;00m
PRE-RELEASE DEPENDENCIES	Run test suite	2026-10-02T14:06:34.8230487Z              ^^^^^^^^^^[90m[39;49;00m
PRE-RELEASE DEPENDENCIES	Run test suite	2026-10-02T14:06:34.8230840Z [1m[31m/opt/hostedtoolcache/Python/3.12.14/x64/lib/python3.12/unittest/mock.py[0m:1467: in __enter__
PRE-RELEASE DEPENDENCIES	Run test suite	2026-10-02T14:06:34.8231097Z     [0moriginal, local = [96mself[39;49;00m.get_original()[90m[39;49;00m
PRE-RELEASE DEPENDENCIES	Run test suite	2026-10-02T14:06:34.8231249Z                       ^^^^^^^^^^^^^^^^^^^[90m[39;49;00m
PRE-RELEASE DEPENDENCIES	Run test suite	2026-10-02T14:06:34.8231390Z _ _ _ _ _ _ _ _ _ _ _ _ _ _ _ _ _ _ _ _ _ _ _ _ _ _ _ _ _ _ _ _ _ _ _ _ _ _ _ _ 
PRE-RELEASE DEPENDENCIES	Run test suite	2026-10-02T14:06:34.8231529Z 
PRE-RELEASE DEPENDENCIES	Run test suite	2026-10-02T14:06:34.8231669Z self = <unittest.mock._patch object at 0x7fa7eec99880>
PRE-RELEASE DEPENDENCIES	Run test suite	2026-10-02T14:06:34.8231675Z 
PRE-RELEASE DEPENDENCIES	Run test suite	2026-10-02T14:06:34.8232013Z     [0m[94mdef[39;49;00m[90m [39;49;00m[92mget_original[39;49;00m([96mself[39;49;00m):[90m[39;49;00m
PRE-RELEASE DEPENDENCIES	Run test suite	2026-10-02T14:06:34.8232200Z         target = [96mself[39;49;00m.getter()[90m[39;49;00m
PRE-RELEASE DEPENDENCIES	Run test suite	2026-10-02T14:06:34.8232386Z         name = [96mself[39;49;00m.attribute[90m[39;49;00m
PRE-RELEASE DEPENDENCIES	Run test suite	2026-10-02T14:06:34.8232495Z     [90m[39;49;00m
PRE-RELEASE DEPENDENCIES	Run test suite	2026-10-02T14:06:34.8232632Z         original = DEFAULT[90m[39;49;00m
PRE-RELEASE DEPENDENCIES	Run test suite	2026-10-02T14:06:34.8232794Z         local = [94mFalse[39;49;00m[90m[39;49;00m
PRE-RELEASE DEPENDENCIES	Run test suite	2026-10-02T14:06:34.8232895Z     [90m[39;49;00m
PRE-RELEASE DEPENDENCIES	Run test suite	2026-10-02T14:06:34.8233035Z         [94mtry[39;49;00m:[90m[39;49;00m
PRE-RELEASE DEPENDENCIES	Run test suite	2026-10-02T14:06:34.8233261Z             original = target.[91m__dict__[39;49;00m[name][90m[39;49;00m
PRE-RELEASE DEPENDENCIES	Run test suite	2026-10-02T14:06:34.8233600Z         [94mexcept[39;49;00m ([96mAttributeError[39;49;00m, [96mKeyError[39;49;00m):[90m[39;49;00m
PRE-RELEASE DEPENDENCIES	Run test suite	2026-10-02T14:06:34.8233867Z             original = [96mgetattr[39;49;00m(target, name, DEFAULT)[90m[39;49;00m
PRE-RELEASE DEPENDENCIES	Run test suite	2026-10-02T14:06:34.8234000Z         [94melse[39;49;00m:[90m[39;49;00m
PRE-RELEASE DEPENDENCIES	Run test suite	2026-10-02T14:06:34.8234165Z             local = [94mTrue[39;49;00m[90m[39;49;00m
PRE-RELEASE DEPENDENCIES	Run test suite	2026-10-02T14:06:34.8234266Z     [90m[39;49;00m
PRE-RELEASE DEPENDENCIES	Run test suite	2026-10-02T14:06:34.8234726Z         [94mif[39;49;00m name [95min[39;49;00m _builtins [95mand[39;49;00m [96misinstance[39;49;00m(target, ModuleType):[90m[39;49;00m
PRE-RELEASE DEPENDENCIES	Run test suite	2026-10-02T14:06:34.8234949Z             [96mself[39;49;00m.create = [94mTrue[39;49;00m[90m[39;49;00m
PRE-RELEASE DEPENDENCIES	Run test suite	2026-10-02T14:06:34.8235054Z     [90m[39;49;00m
PRE-RELEASE DEPENDENCIES	Run test suite	2026-10-02T14:06:34.8235504Z         [94mif[39;49;00m [95mnot[39;49;00m [96mself[39;49;00m.create [95mand[39;49;00m original [95mis[39;49;00m DEFAULT:[90m[39;49;00m
PRE-RELEASE DEPENDENCIES	Run test suite	2026-10-02T14:06:34.8235733Z >           [94mraise[39;49;00m [96mAttributeError[39;49;00m([90m[39;49;00m
PRE-RELEASE DEPENDENCIES	Run test suite	2026-10-02T14:06:34.8236221Z                 [33m"[39;49;00m[33m%s[39;49;00m[33m does not have the attribute [39;49;00m[33m%r[39;49;00m[33m"[39;49;00m % (target, name)[90m[39;49;00m
PRE-RELEASE DEPENDENCIES	Run test suite	2026-10-02T14:06:34.8236335Z             )[90m[39;49;00m
PRE-RELEASE DEPENDENCIES	Run test suite	2026-10-02T14:06:34.8237275Z [1m[31mE           AttributeError: <module 'embpy.resources.cellline_annotator' from '/opt/hostedtoolcache/Python/3.12.14/x64/lib/python3.12/site-packages/embpy/resources/cellline_annotator.py'> does not have the attribute '_get_json'[0m
PRE-RELEASE DEPENDENCIES	Run test suite	2026-10-02T14:06:34.8237282Z 
PRE-RELEASE DEPENDENCIES	Run test suite	2026-10-02T14:06:34.8237652Z [1m[31m/opt/hostedtoolcache/Python/3.12.14/x64/lib/python3.12/unittest/mock.py[0m:1437: AttributeError
PRE-RELEASE DEPENDENCIES	Run test suite	2026-10-02T14:06:34.8237960Z [31m[1m_______________ TestCellosaurusSource.test_cellosaurus_not_found _______________[0m
PRE-RELEASE DEPENDENCIES	Run test suite	2026-10-02T14:06:34.8237966Z 
PRE-RELEASE DEPENDENCIES	Run test suite	2026-10-02T14:06:34.8238245Z args = (<tests.embpy.test_cellline_annotator.TestCellosaurusSource object at 0x7fa7eec9bef0>,)
PRE-RELEASE DEPENDENCIES	Run test suite	2026-10-02T14:06:34.8238576Z keywargs = {'annotator': <embpy.resources.cellline.annotator.CellLineAnnotator object at 0x7fa7b2e2f4a0>}
PRE-RELEASE DEPENDENCIES	Run test suite	2026-10-02T14:06:34.8238585Z 
PRE-RELEASE DEPENDENCIES	Run test suite	2026-10-02T14:06:34.8238739Z     [0m[37m@wraps[39;49;00m(func)[90m[39;49;00m
PRE-RELEASE DEPENDENCIES	Run test suite	2026-10-02T14:06:34.8239037Z     [94mdef[39;49;00m[90m [39;49;00m[92mpatched[39;49;00m(*args, **keywargs):[90m[39;49;00m
PRE-RELEASE DEPENDENCIES	Run test suite	2026-10-02T14:06:34.8239609Z >       [94mwith[39;49;00m [96mself[39;49;00m.decoration_helper(patched,[90m[39;49;00m
PRE-RELEASE DEPENDENCIES	Run test suite	2026-10-02T14:06:34.8239774Z                                     args,[90m[39;49;00m
PRE-RELEASE DEPENDENCIES	Run test suite	2026-10-02T14:06:34.8240058Z                                     keywargs) [94mas[39;49;00m (newargs, newkeywargs):[90m[39;49;00m
PRE-RELEASE DEPENDENCIES	Run test suite	2026-10-02T14:06:34.8240065Z 
PRE-RELEASE DEPENDENCIES	Run test suite	2026-10-02T14:06:34.8240377Z [1m[31m/opt/hostedtoolcache/Python/3.12.14/x64/lib/python3.12/unittest/mock.py[0m:1393: 
PRE-RELEASE DEPENDENCIES	Run test suite	2026-10-02T14:06:34.8240517Z _ _ _ _ _ _ _ _ _ _ _ _ _ _ _ _ _ _ _ _ _ _ _ _ _ _ _ _ _ _ _ _ _ _ _ _ _ _ _ _ 
PRE-RELEASE DEPENDENCIES	Run test suite	2026-10-02T14:06:34.8240852Z [1m[31m/opt/hostedtoolcache/Python/3.12.14/x64/lib/python3.12/contextlib.py[0m:137: in __enter__
PRE-RELEASE DEPENDENCIES	Run test suite	2026-10-02T14:06:34.8241249Z     [0m[94mreturn[39;49;00m [96mnext[39;49;00m([96mself[39;49;00m.gen)[90m[39;49;00m
PRE-RELEASE DEPENDENCIES	Run test suite	2026-10-02T14:06:34.8241379Z            ^^^^^^^^^^^^^^[90m[39;49;00m
PRE-RELEASE DEPENDENCIES	Run test suite	2026-10-02T14:06:34.8241756Z [1m[31m/opt/hostedtoolcache/Python/3.12.14/x64/lib/python3.12/unittest/mock.py[0m:1375: in decoration_helper
PRE-RELEASE DEPENDENCIES	Run test suite	2026-10-02T14:06:34.8241966Z     [0marg = exit_stack.enter_context(patching)[90m[39;49;00m
PRE-RELEASE DEPENDENCIES	Run test suite	2026-10-02T14:06:34.8242121Z           ^^^^^^^^^^^^^^^^^^^^^^^^^^^^^^^^^^[90m[39;49;00m
PRE-RELEASE DEPENDENCIES	Run test suite	2026-10-02T14:06:34.8242464Z [1m[31m/opt/hostedtoolcache/Python/3.12.14/x64/lib/python3.12/contextlib.py[0m:526: in enter_context
PRE-RELEASE DEPENDENCIES	Run test suite	2026-10-02T14:06:34.8242598Z     [0mresult = _enter(cm)[90m[39;49;00m
PRE-RELEASE DEPENDENCIES	Run test suite	2026-10-02T14:06:34.8242722Z              ^^^^^^^^^^[90m[39;49;00m
PRE-RELEASE DEPENDENCIES	Run test suite	2026-10-02T14:06:34.8243060Z [1m[31m/opt/hostedtoolcache/Python/3.12.14/x64/lib/python3.12/unittest/mock.py[0m:1467: in __enter__
PRE-RELEASE DEPENDENCIES	Run test suite	2026-10-02T14:06:34.8243294Z     [0moriginal, local = [96mself[39;49;00m.get_original()[90m[39;49;00m
PRE-RELEASE DEPENDENCIES	Run test suite	2026-10-02T14:06:34.8243448Z                       ^^^^^^^^^^^^^^^^^^^[90m[39;49;00m
PRE-RELEASE DEPENDENCIES	Run test suite	2026-10-02T14:06:34.8243578Z _ _ _ _ _ _ _ _ _ _ _ _ _ _ _ _ _ _ _ _ _ _ _ _ _ _ _ _ _ _ _ _ _ _ _ _ _ _ _ _ 
PRE-RELEASE DEPENDENCIES	Run test suite	2026-10-02T14:06:34.8243588Z 
PRE-RELEASE DEPENDENCIES	Run test suite	2026-10-02T14:06:34.8243727Z self = <unittest.mock._patch object at 0x7fa7eec99a60>
PRE-RELEASE DEPENDENCIES	Run test suite	2026-10-02T14:06:34.8243732Z 
PRE-RELEASE DEPENDENCIES	Run test suite	2026-10-02T14:06:34.8244062Z     [0m[94mdef[39;49;00m[90m [39;49;00m[92mget_original[39;49;00m([96mself[39;49;00m):[90m[39;49;00m
PRE-RELEASE DEPENDENCIES	Run test suite	2026-10-02T14:06:34.8244239Z         target = [96mself[39;49;00m.getter()[90m[39;49;00m
PRE-RELEASE DEPENDENCIES	Run test suite	2026-10-02T14:06:34.8244417Z         name = [96mself[39;49;00m.attribute[90m[39;49;00m
PRE-RELEASE DEPENDENCIES	Run test suite	2026-10-02T14:06:34.8244517Z     [90m[39;49;00m
PRE-RELEASE DEPENDENCIES	Run test suite	2026-10-02T14:06:34.8244655Z         original = DEFAULT[90m[39;49;00m
PRE-RELEASE DEPENDENCIES	Run test suite	2026-10-02T14:06:34.8244813Z         local = [94mFalse[39;49;00m[90m[39;49;00m
PRE-RELEASE DEPENDENCIES	Run test suite	2026-10-02T14:06:34.8244912Z     [90m[39;49;00m
PRE-RELEASE DEPENDENCIES	Run test suite	2026-10-02T14:06:34.8245046Z         [94mtry[39;49;00m:[90m[39;49;00m
PRE-RELEASE DEPENDENCIES	Run test suite	2026-10-02T14:06:34.8245269Z             original = target.[91m__dict__[39;49;00m[name][90m[39;49;00m
PRE-RELEASE DEPENDENCIES	Run test suite	2026-10-02T14:06:34.8245597Z         [94mexcept[39;49;00m ([96mAttributeError[39;49;00m, [96mKeyError[39;49;00m):[90m[39;49;00m
PRE-RELEASE DEPENDENCIES	Run test suite	2026-10-02T14:06:34.8245848Z             original = [96mgetattr[39;49;00m(target, name, DEFAULT)[90m[39;49;00m
PRE-RELEASE DEPENDENCIES	Run test suite	2026-10-02T14:06:34.8245986Z         [94melse[39;49;00m:[90m[39;49;00m
PRE-RELEASE DEPENDENCIES	Run test suite	2026-10-02T14:06:34.8246146Z             local = [94mTrue[39;49;00m[90m[39;49;00m
PRE-RELEASE DEPENDENCIES	Run test suite	2026-10-02T14:06:34.8246249Z     [90m[39;49;00m
PRE-RELEASE DEPENDENCIES	Run test suite	2026-10-02T14:06:34.8246695Z         [94mif[39;49;00m name [95min[39;49;00m _builtins [95mand[39;49;00m [96misinstance[39;49;00m(target, ModuleType):[90m[39;49;00m
PRE-RELEASE DEPENDENCIES	Run test suite	2026-10-02T14:06:34.8246910Z             [96mself[39;49;00m.create = [94mTrue[39;49;00m[90m[39;49;00m
PRE-RELEASE DEPENDENCIES	Run test suite	2026-10-02T14:06:34.8247016Z     [90m[39;49;00m
PRE-RELEASE DEPENDENCIES	Run test suite	2026-10-02T14:06:34.8247447Z         [94mif[39;49;00m [95mnot[39;49;00m [96mself[39;49;00m.create [95mand[39;49;00m original [95mis[39;49;00m DEFAULT:[90m[39;49;00m
PRE-RELEASE DEPENDENCIES	Run test suite	2026-10-02T14:06:34.8247681Z >           [94mraise[39;49;00m [96mAttributeError[39;49;00m([90m[39;49;00m
PRE-RELEASE DEPENDENCIES	Run test suite	2026-10-02T14:06:34.8248153Z                 [33m"[39;49;00m[33m%s[39;49;00m[33m does not have the attribute [39;49;00m[33m%r[39;49;00m[33m"[39;49;00m % (target, name)[90m[39;49;00m
PRE-RELEASE DEPENDENCIES	Run test suite	2026-10-02T14:06:34.8248391Z             )[90m[39;49;00m
PRE-RELEASE DEPENDENCIES	Run test suite	2026-10-02T14:06:34.8249280Z [1m[31mE           AttributeError: <module 'embpy.resources.cellline_annotator' from '/opt/hostedtoolcache/Python/3.12.14/x64/lib/python3.12/site-packages/embpy/resources/cellline_annotator.py'> does not have the attribute '_get_json'[0m
PRE-RELEASE DEPENDENCIES	Run test suite	2026-10-02T14:06:34.8249287Z 
PRE-RELEASE DEPENDENCIES	Run test suite	2026-10-02T14:06:34.8249761Z [1m[31m/opt/hostedtoolcache/Python/3.12.14/x64/lib/python3.12/unittest/mock.py[0m:1437: AttributeError
PRE-RELEASE DEPENDENCIES	Run test suite	2026-10-02T14:06:34.8250054Z [31m[1m____________________ TestDepMapSource.test_get_depmap_info _____________________[0m
PRE-RELEASE DEPENDENCIES	Run test suite	2026-10-02T14:06:34.8250060Z 
PRE-RELEASE DEPENDENCIES	Run test suite	2026-10-02T14:06:34.8250429Z args = (<tests.embpy.test_cellline_annotator.TestDepMapSource object at 0x7fa7eec9bb60>,)
PRE-RELEASE DEPENDENCIES	Run test suite	2026-10-02T14:06:34.8363455Z keywargs = {'annotator': <embpy.resources.cellline.annotator.CellLineAnnotator object at 0x7fa7a8054650>}
PRE-RELEASE DEPENDENCIES	Run test suite	2026-10-02T14:06:34.8363526Z 
PRE-RELEASE DEPENDENCIES	Run test suite	2026-10-02T14:06:34.8363940Z     [0m[37m@wraps[39;49;00m(func)[90m[39;49;00m
PRE-RELEASE DEPENDENCIES	Run test suite	2026-10-02T14:06:34.8364552Z     [94mdef[39;49;00m[90m [39;49;00m[92mpatched[39;49;00m(*args, **keywargs):[90m[39;49;00m
PRE-RELEASE DEPENDENCIES	Run test suite	2026-10-02T14:06:34.8364929Z >       [94mwith[39;49;00m [96mself[39;49;00m.decoration_helper(patched,[90m[39;49;00m
PRE-RELEASE DEPENDENCIES	Run test suite	2026-10-02T14:06:34.8365119Z                                     args,[90m[39;49;00m
PRE-RELEASE DEPENDENCIES	Run test suite	2026-10-02T14:06:34.8365464Z                                     keywargs) [94mas[39;49;00m (newargs, newkeywargs):[90m[39;49;00m
PRE-RELEASE DEPENDENCIES	Run test suite	2026-10-02T14:06:34.8365472Z 
PRE-RELEASE DEPENDENCIES	Run test suite	2026-10-02T14:06:34.8365855Z [1m[31m/opt/hostedtoolcache/Python/3.12.14/x64/lib/python3.12/unittest/mock.py[0m:1393: 
PRE-RELEASE DEPENDENCIES	Run test suite	2026-10-02T14:06:34.8366030Z _ _ _ _ _ _ _ _ _ _ _ _ _ _ _ _ _ _ _ _ _ _ _ _ _ _ _ _ _ _ _ _ _ _ _ _ _ _ _ _ 
PRE-RELEASE DEPENDENCIES	Run test suite	2026-10-02T14:06:34.8366448Z [1m[31m/opt/hostedtoolcache/Python/3.12.14/x64/lib/python3.12/contextlib.py[0m:137: in __enter__
PRE-RELEASE DEPENDENCIES	Run test suite	2026-10-02T14:06:34.8366786Z     [0m[94mreturn[39;49;00m [96mnext[39;49;00m([96mself[39;49;00m.gen)[90m[39;49;00m
PRE-RELEASE DEPENDENCIES	Run test suite	2026-10-02T14:06:34.8366951Z            ^^^^^^^^^^^^^^[90m[39;49;00m
PRE-RELEASE DEPENDENCIES	Run test suite	2026-10-02T14:06:34.8367417Z [1m[31m/opt/hostedtoolcache/Python/3.12.14/x64/lib/python3.12/unittest/mock.py[0m:1375: in decoration_helper
PRE-RELEASE DEPENDENCIES	Run test suite	2026-10-02T14:06:34.8367667Z     [0marg = exit_stack.enter_context(patching)[90m[39;49;00m
PRE-RELEASE DEPENDENCIES	Run test suite	2026-10-02T14:06:34.8367858Z           ^^^^^^^^^^^^^^^^^^^^^^^^^^^^^^^^^^[90m[39;49;00m
PRE-RELEASE DEPENDENCIES	Run test suite	2026-10-02T14:06:34.8368283Z [1m[31m/opt/hostedtoolcache/Python/3.12.14/x64/lib/python3.12/contextlib.py[0m:526: in enter_context
PRE-RELEASE DEPENDENCIES	Run test suite	2026-10-02T14:06:34.8368456Z     [0mresult = _enter(cm)[90m[39;49;00m
PRE-RELEASE DEPENDENCIES	Run test suite	2026-10-02T14:06:34.8368605Z              ^^^^^^^^^^[90m[39;49;00m
PRE-RELEASE DEPENDENCIES	Run test suite	2026-10-02T14:06:34.8369067Z [1m[31m/opt/hostedtoolcache/Python/3.12.14/x64/lib/python3.12/unittest/mock.py[0m:1467: in __enter__
PRE-RELEASE DEPENDENCIES	Run test suite	2026-10-02T14:06:34.8369369Z     [0moriginal, local = [96mself[39;49;00m.get_original()[90m[39;49;00m
PRE-RELEASE DEPENDENCIES	Run test suite	2026-10-02T14:06:34.8369884Z                       ^^^^^^^^^^^^^^^^^^^[90m[39;49;00m
PRE-RELEASE DEPENDENCIES	Run test suite	2026-10-02T14:06:34.8370069Z _ _ _ _ _ _ _ _ _ _ _ _ _ _ _ _ _ _ _ _ _ _ _ _ _ _ _ _ _ _ _ _ _ _ _ _ _ _ _ _ 
PRE-RELEASE DEPENDENCIES	Run test suite	2026-10-02T14:06:34.8370076Z 
PRE-RELEASE DEPENDENCIES	Run test suite	2026-10-02T14:06:34.8370244Z self = <unittest.mock._patch object at 0x7fa7eec988f0>
PRE-RELEASE DEPENDENCIES	Run test suite	2026-10-02T14:06:34.8370251Z 
PRE-RELEASE DEPENDENCIES	Run test suite	2026-10-02T14:06:34.8370675Z     [0m[94mdef[39;49;00m[90m [39;49;00m[92mget_original[39;49;00m([96mself[39;49;00m):[90m[39;49;00m
PRE-RELEASE DEPENDENCIES	Run test suite	2026-10-02T14:06:34.8370889Z         target = [96mself[39;49;00m.getter()[90m[39;49;00m
PRE-RELEASE DEPENDENCIES	Run test suite	2026-10-02T14:06:34.8371070Z         name = [96mself[39;49;00m.attribute[90m[39;49;00m
PRE-RELEASE DEPENDENCIES	Run test suite	2026-10-02T14:06:34.8371177Z     [90m[39;49;00m
PRE-RELEASE DEPENDENCIES	Run test suite	2026-10-02T14:06:34.8371309Z         original = DEFAULT[90m[39;49;00m
PRE-RELEASE DEPENDENCIES	Run test suite	2026-10-02T14:06:34.8371466Z         local = [94mFalse[39;49;00m[90m[39;49;00m
PRE-RELEASE DEPENDENCIES	Run test suite	2026-10-02T14:06:34.8371570Z     [90m[39;49;00m
PRE-RELEASE DEPENDENCIES	Run test suite	2026-10-02T14:06:34.8371705Z         [94mtry[39;49;00m:[90m[39;49;00m
PRE-RELEASE DEPENDENCIES	Run test suite	2026-10-02T14:06:34.8371929Z             original = target.[91m__dict__[39;49;00m[name][90m[39;49;00m
PRE-RELEASE DEPENDENCIES	Run test suite	2026-10-02T14:06:34.8372423Z         [94mexcept[39;49;00m ([96mAttributeError[39;49;00m, [96mKeyError[39;49;00m):[90m[39;49;00m
PRE-RELEASE DEPENDENCIES	Run test suite	2026-10-02T14:06:34.8372680Z             original = [96mgetattr[39;49;00m(target, name, DEFAULT)[90m[39;49;00m
PRE-RELEASE DEPENDENCIES	Run test suite	2026-10-02T14:06:34.8372813Z         [94melse[39;49;00m:[90m[39;49;00m
PRE-RELEASE DEPENDENCIES	Run test suite	2026-10-02T14:06:34.8372974Z             local = [94mTrue[39;49;00m[90m[39;49;00m
PRE-RELEASE DEPENDENCIES	Run test suite	2026-10-02T14:06:34.8373075Z     [90m[39;49;00m
PRE-RELEASE DEPENDENCIES	Run test suite	2026-10-02T14:06:34.8373530Z         [94mif[39;49;00m name [95min[39;49;00m _builtins [95mand[39;49;00m [96misinstance[39;49;00m(target, ModuleType):[90m[39;49;00m
PRE-RELEASE DEPENDENCIES	Run test suite	2026-10-02T14:06:34.8373754Z             [96mself[39;49;00m.create = [94mTrue[39;49;00m[90m[39;49;00m
PRE-RELEASE DEPENDENCIES	Run test suite	2026-10-02T14:06:34.8373964Z     [90m[39;49;00m
PRE-RELEASE DEPENDENCIES	Run test suite	2026-10-02T14:06:34.8374414Z         [94mif[39;49;00m [95mnot[39;49;00m [96mself[39;49;00m.create [95mand[39;49;00m original [95mis[39;49;00m DEFAULT:[90m[39;49;00m
PRE-RELEASE DEPENDENCIES	Run test suite	2026-10-02T14:06:34.8374641Z >           [94mraise[39;49;00m [96mAttributeError[39;49;00m([90m[39;49;00m
PRE-RELEASE DEPENDENCIES	Run test suite	2026-10-02T14:06:34.8375130Z                 [33m"[39;49;00m[33m%s[39;49;00m[33m does not have the attribute [39;49;00m[33m%r[39;49;00m[33m"[39;49;00m % (target, name)[90m[39;49;00m
PRE-RELEASE DEPENDENCIES	Run test suite	2026-10-02T14:06:34.8375246Z             )[90m[39;49;00m
PRE-RELEASE DEPENDENCIES	Run test suite	2026-10-02T14:06:34.8376169Z [1m[31mE           AttributeError: <module 'embpy.resources.cellline_annotator' from '/opt/hostedtoolcache/Python/3.12.14/x64/lib/python3.12/site-packages/embpy/resources/cellline_annotator.py'> does not have the attribute '_get_json'[0m
PRE-RELEASE DEPENDENCIES	Run test suite	2026-10-02T14:06:34.8376175Z 
PRE-RELEASE DEPENDENCIES	Run test suite	2026-10-02T14:06:34.8376543Z [1m[31m/opt/hostedtoolcache/Python/3.12.14/x64/lib/python3.12/unittest/mock.py[0m:1437: AttributeError
PRE-RELEASE DEPENDENCIES	Run test suite	2026-10-02T14:06:34.8376840Z [31m[1m____________________ TestDepMapSource.test_depmap_not_found ____________________[0m
PRE-RELEASE DEPENDENCIES	Run test suite	2026-10-02T14:06:34.8376851Z 
PRE-RELEASE DEPENDENCIES	Run test suite	2026-10-02T14:06:34.8377102Z args = (<tests.embpy.test_cellline_annotator.TestDepMapSource object at 0x7fa7eec9afc0>,)
PRE-RELEASE DEPENDENCIES	Run test suite	2026-10-02T14:06:34.8377436Z keywargs = {'annotator': <embpy.resources.cellline.annotator.CellLineAnnotator object at 0x7fa7b2eef830>}
PRE-RELEASE DEPENDENCIES	Run test suite	2026-10-02T14:06:34.8377442Z 
PRE-RELEASE DEPENDENCIES	Run test suite	2026-10-02T14:06:34.8377594Z     [0m[37m@wraps[39;49;00m(func)[90m[39;49;00m
PRE-RELEASE DEPENDENCIES	Run test suite	2026-10-02T14:06:34.8377890Z     [94mdef[39;49;00m[90m [39;49;00m[92mpatched[39;49;00m(*args, **keywargs):[90m[39;49;00m
PRE-RELEASE DEPENDENCIES	Run test suite	2026-10-02T14:06:34.8378160Z >       [94mwith[39;49;00m [96mself[39;49;00m.decoration_helper(patched,[90m[39;49;00m
PRE-RELEASE DEPENDENCIES	Run test suite	2026-10-02T14:06:34.8378316Z                                     args,[90m[39;49;00m
PRE-RELEASE DEPENDENCIES	Run test suite	2026-10-02T14:06:34.8378595Z                                     keywargs) [94mas[39;49;00m (newargs, newkeywargs):[90m[39;49;00m
PRE-RELEASE DEPENDENCIES	Run test suite	2026-10-02T14:06:34.8378601Z 
PRE-RELEASE DEPENDENCIES	Run test suite	2026-10-02T14:06:34.8378913Z [1m[31m/opt/hostedtoolcache/Python/3.12.14/x64/lib/python3.12/unittest/mock.py[0m:1393: 
PRE-RELEASE DEPENDENCIES	Run test suite	2026-10-02T14:06:34.8379055Z _ _ _ _ _ _ _ _ _ _ _ _ _ _ _ _ _ _ _ _ _ _ _ _ _ _ _ _ _ _ _ _ _ _ _ _ _ _ _ _ 
PRE-RELEASE DEPENDENCIES	Run test suite	2026-10-02T14:06:34.8379387Z [1m[31m/opt/hostedtoolcache/Python/3.12.14/x64/lib/python3.12/contextlib.py[0m:137: in __enter__
PRE-RELEASE DEPENDENCIES	Run test suite	2026-10-02T14:06:34.8379811Z     [0m[94mreturn[39;49;00m [96mnext[39;49;00m([96mself[39;49;00m.gen)[90m[39;49;00m
PRE-RELEASE DEPENDENCIES	Run test suite	2026-10-02T14:06:34.8379942Z            ^^^^^^^^^^^^^^[90m[39;49;00m
PRE-RELEASE DEPENDENCIES	Run test suite	2026-10-02T14:06:34.8380336Z [1m[31m/opt/hostedtoolcache/Python/3.12.14/x64/lib/python3.12/unittest/mock.py[0m:1375: in decoration_helper
PRE-RELEASE DEPENDENCIES	Run test suite	2026-10-02T14:06:34.8380540Z     [0marg = exit_stack.enter_context(patching)[90m[39;49;00m
PRE-RELEASE DEPENDENCIES	Run test suite	2026-10-02T14:06:34.8380705Z           ^^^^^^^^^^^^^^^^^^^^^^^^^^^^^^^^^^[90m[39;49;00m
PRE-RELEASE DEPENDENCIES	Run test suite	2026-10-02T14:06:34.8381086Z [1m[31m/opt/hostedtoolcache/Python/3.12.14/x64/lib/python3.12/contextlib.py[0m:526: in enter_context
PRE-RELEASE DEPENDENCIES	Run test suite	2026-10-02T14:06:34.8381249Z     [0mresult = _enter(cm)[90m[39;49;00m
PRE-RELEASE DEPENDENCIES	Run test suite	2026-10-02T14:06:34.8381370Z              ^^^^^^^^^^[90m[39;49;00m
PRE-RELEASE DEPENDENCIES	Run test suite	2026-10-02T14:06:34.8381721Z [1m[31m/opt/hostedtoolcache/Python/3.12.14/x64/lib/python3.12/unittest/mock.py[0m:1467: in __enter__
PRE-RELEASE DEPENDENCIES	Run test suite	2026-10-02T14:06:34.8382082Z     [0moriginal, local = [96mself[39;49;00m.get_original()[90m[39;49;00m
PRE-RELEASE DEPENDENCIES	Run test suite	2026-10-02T14:06:34.8382234Z                       ^^^^^^^^^^^^^^^^^^^[90m[39;49;00m
PRE-RELEASE DEPENDENCIES	Run test suite	2026-10-02T14:06:34.8382365Z _ _ _ _ _ _ _ _ _ _ _ _ _ _ _ _ _ _ _ _ _ _ _ _ _ _ _ _ _ _ _ _ _ _ _ _ _ _ _ _ 
PRE-RELEASE DEPENDENCIES	Run test suite	2026-10-02T14:06:34.8382378Z 
PRE-RELEASE DEPENDENCIES	Run test suite	2026-10-02T14:06:34.8382512Z self = <unittest.mock._patch object at 0x7fa7eec994c0>
PRE-RELEASE DEPENDENCIES	Run test suite	2026-10-02T14:06:34.8382518Z 
PRE-RELEASE DEPENDENCIES	Run test suite	2026-10-02T14:06:34.8382845Z     [0m[94mdef[39;49;00m[90m [39;49;00m[92mget_original[39;49;00m([96mself[39;49;00m):[90m[39;49;00m
PRE-RELEASE DEPENDENCIES	Run test suite	2026-10-02T14:06:34.8383020Z         target = [96mself[39;49;00m.getter()[90m[39;49;00m
PRE-RELEASE DEPENDENCIES	Run test suite	2026-10-02T14:06:34.8383199Z         name = [96mself[39;49;00m.attribute[90m[39;49;00m
PRE-RELEASE DEPENDENCIES	Run test suite	2026-10-02T14:06:34.8383693Z     [90m[39;49;00m
PRE-RELEASE DEPENDENCIES	Run test suite	2026-10-02T14:06:34.8383836Z         original = DEFAULT[90m[39;49;00m
PRE-RELEASE DEPENDENCIES	Run test suite	2026-10-02T14:06:34.8383991Z         local = [94mFalse[39;49;00m[90m[39;49;00m
PRE-RELEASE DEPENDENCIES	Run test suite	2026-10-02T14:06:34.8384091Z     [90m[39;49;00m
PRE-RELEASE DEPENDENCIES	Run test suite	2026-10-02T14:06:34.8384229Z         [94mtry[39;49;00m:[90m[39;49;00m
PRE-RELEASE DEPENDENCIES	Run test suite	2026-10-02T14:06:34.8384446Z             original = target.[91m__dict__[39;49;00m[name][90m[39;49;00m
PRE-RELEASE DEPENDENCIES	Run test suite	2026-10-02T14:06:34.8384772Z         [94mexcept[39;49;00m ([96mAttributeError[39;49;00m, [96mKeyError[39;49;00m):[90m[39;49;00m
PRE-RELEASE DEPENDENCIES	Run test suite	2026-10-02T14:06:34.8385022Z             original = [96mgetattr[39;49;00m(target, name, DEFAULT)[90m[39;49;00m
PRE-RELEASE DEPENDENCIES	Run test suite	2026-10-02T14:06:34.8385152Z         [94melse[39;49;00m:[90m[39;49;00m
PRE-RELEASE DEPENDENCIES	Run test suite	2026-10-02T14:06:34.8385309Z             local = [94mTrue[39;49;00m[90m[39;49;00m
PRE-RELEASE DEPENDENCIES	Run test suite	2026-10-02T14:06:34.8385410Z     [90m[39;49;00m
PRE-RELEASE DEPENDENCIES	Run test suite	2026-10-02T14:06:34.8385855Z         [94mif[39;49;00m name [95min[39;49;00m _builtins [95mand[39;49;00m [96misinstance[39;49;00m(target, ModuleType):[90m[39;49;00m
PRE-RELEASE DEPENDENCIES	Run test suite	2026-10-02T14:06:34.8386073Z             [96mself[39;49;00m.create = [94mTrue[39;49;00m[90m[39;49;00m
PRE-RELEASE DEPENDENCIES	Run test suite	2026-10-02T14:06:34.8386182Z     [90m[39;49;00m
PRE-RELEASE DEPENDENCIES	Run test suite	2026-10-02T14:06:34.8386618Z         [94mif[39;49;00m [95mnot[39;49;00m [96mself[39;49;00m.create [95mand[39;49;00m original [95mis[39;49;00m DEFAULT:[90m[39;49;00m
PRE-RELEASE DEPENDENCIES	Run test suite	2026-10-02T14:06:34.8386847Z >           [94mraise[39;49;00m [96mAttributeError[39;49;00m([90m[39;49;00m
PRE-RELEASE DEPENDENCIES	Run test suite	2026-10-02T14:06:34.8387320Z                 [33m"[39;49;00m[33m%s[39;49;00m[33m does not have the attribute [39;49;00m[33m%r[39;49;00m[33m"[39;49;00m % (target, name)[90m[39;49;00m
PRE-RELEASE DEPENDENCIES	Run test suite	2026-10-02T14:06:34.8387431Z             )[90m[39;49;00m
PRE-RELEASE DEPENDENCIES	Run test suite	2026-10-02T14:06:34.8388317Z [1m[31mE           AttributeError: <module 'embpy.resources.cellline_annotator' from '/opt/hostedtoolcache/Python/3.12.14/x64/lib/python3.12/site-packages/embpy/resources/cellline_annotator.py'> does not have the attribute '_get_json'[0m
PRE-RELEASE DEPENDENCIES	Run test suite	2026-10-02T14:06:34.8388327Z 
PRE-RELEASE DEPENDENCIES	Run test suite	2026-10-02T14:06:34.8388685Z [1m[31m/opt/hostedtoolcache/Python/3.12.14/x64/lib/python3.12/unittest/mock.py[0m:1437: AttributeError
PRE-RELEASE DEPENDENCIES	Run test suite	2026-10-02T14:06:34.8388976Z [31m[1m_________________ TestPassportsSource.test_get_passports_info __________________[0m
PRE-RELEASE DEPENDENCIES	Run test suite	2026-10-02T14:06:34.8388985Z 
PRE-RELEASE DEPENDENCIES	Run test suite	2026-10-02T14:06:34.8389243Z args = (<tests.embpy.test_cellline_annotator.TestPassportsSource object at 0x7fa7eec6ad50>,)
PRE-RELEASE DEPENDENCIES	Run test suite	2026-10-02T14:06:34.8389685Z keywargs = {'annotator': <embpy.resources.cellline.annotator.CellLineAnnotator object at 0x7fa7b2e8c740>}
PRE-RELEASE DEPENDENCIES	Run test suite	2026-10-02T14:06:34.8389692Z 
PRE-RELEASE DEPENDENCIES	Run test suite	2026-10-02T14:06:34.8389850Z     [0m[37m@wraps[39;49;00m(func)[90m[39;49;00m
PRE-RELEASE DEPENDENCIES	Run test suite	2026-10-02T14:06:34.8390144Z     [94mdef[39;49;00m[90m [39;49;00m[92mpatched[39;49;00m(*args, **keywargs):[90m[39;49;00m
PRE-RELEASE DEPENDENCIES	Run test suite	2026-10-02T14:06:34.8390408Z >       [94mwith[39;49;00m [96mself[39;49;00m.decoration_helper(patched,[90m[39;49;00m
PRE-RELEASE DEPENDENCIES	Run test suite	2026-10-02T14:06:34.8390560Z                                     args,[90m[39;49;00m
PRE-RELEASE DEPENDENCIES	Run test suite	2026-10-02T14:06:34.8390842Z                                     keywargs) [94mas[39;49;00m (newargs, newkeywargs):[90m[39;49;00m
PRE-RELEASE DEPENDENCIES	Run test suite	2026-10-02T14:06:34.8390848Z 
PRE-RELEASE DEPENDENCIES	Run test suite	2026-10-02T14:06:34.8391159Z [1m[31m/opt/hostedtoolcache/Python/3.12.14/x64/lib/python3.12/unittest/mock.py[0m:1393: 
PRE-RELEASE DEPENDENCIES	Run test suite	2026-10-02T14:06:34.8391418Z _ _ _ _ _ _ _ _ _ _ _ _ _ _ _ _ _ _ _ _ _ _ _ _ _ _ _ _ _ _ _ _ _ _ _ _ _ _ _ _ 
PRE-RELEASE DEPENDENCIES	Run test suite	2026-10-02T14:06:34.8391747Z [1m[31m/opt/hostedtoolcache/Python/3.12.14/x64/lib/python3.12/contextlib.py[0m:137: in __enter__
PRE-RELEASE DEPENDENCIES	Run test suite	2026-10-02T14:06:34.8509420Z     [0m[94mreturn[39;49;00m [96mnext[39;49;00m([96mself[39;49;00m.gen)[90m[39;49;00m
PRE-RELEASE DEPENDENCIES	Run test suite	2026-10-02T14:06:34.8510021Z            ^^^^^^^^^^^^^^[90m[39;49;00m
PRE-RELEASE DEPENDENCIES	Run test suite	2026-10-02T14:06:34.8510799Z [1m[31m/opt/hostedtoolcache/Python/3.12.14/x64/lib/python3.12/unittest/mock.py[0m:1375: in decoration_helper
PRE-RELEASE DEPENDENCIES	Run test suite	2026-10-02T14:06:34.8511079Z     [0marg = exit_stack.enter_context(patching)[90m[39;49;00m
PRE-RELEASE DEPENDENCIES	Run test suite	2026-10-02T14:06:34.8511238Z           ^^^^^^^^^^^^^^^^^^^^^^^^^^^^^^^^^^[90m[39;49;00m
PRE-RELEASE DEPENDENCIES	Run test suite	2026-10-02T14:06:34.8511785Z [1m[31m/opt/hostedtoolcache/Python/3.12.14/x64/lib/python3.12/contextlib.py[0m:526: in enter_context
PRE-RELEASE DEPENDENCIES	Run test suite	2026-10-02T14:06:34.8511928Z     [0mresult = _enter(cm)[90m[39;49;00m
PRE-RELEASE DEPENDENCIES	Run test suite	2026-10-02T14:06:34.8512048Z              ^^^^^^^^^^[90m[39;49;00m
PRE-RELEASE DEPENDENCIES	Run test suite	2026-10-02T14:06:34.8512409Z [1m[31m/opt/hostedtoolcache/Python/3.12.14/x64/lib/python3.12/unittest/mock.py[0m:1467: in __enter__
PRE-RELEASE DEPENDENCIES	Run test suite	2026-10-02T14:06:34.8512653Z     [0moriginal, local = [96mself[39;49;00m.get_original()[90m[39;49;00m
PRE-RELEASE DEPENDENCIES	Run test suite	2026-10-02T14:06:34.8512828Z                       ^^^^^^^^^^^^^^^^^^^[90m[39;49;00m
PRE-RELEASE DEPENDENCIES	Run test suite	2026-10-02T14:06:34.8512972Z _ _ _ _ _ _ _ _ _ _ _ _ _ _ _ _ _ _ _ _ _ _ _ _ _ _ _ _ _ _ _ _ _ _ _ _ _ _ _ _ 
PRE-RELEASE DEPENDENCIES	Run test suite	2026-10-02T14:06:34.8512978Z 
PRE-RELEASE DEPENDENCIES	Run test suite	2026-10-02T14:06:34.8513115Z self = <unittest.mock._patch object at 0x7fa7eec9b7d0>
PRE-RELEASE DEPENDENCIES	Run test suite	2026-10-02T14:06:34.8513121Z 
PRE-RELEASE DEPENDENCIES	Run test suite	2026-10-02T14:06:34.8513463Z     [0m[94mdef[39;49;00m[90m [39;49;00m[92mget_original[39;49;00m([96mself[39;49;00m):[90m[39;49;00m
PRE-RELEASE DEPENDENCIES	Run test suite	2026-10-02T14:06:34.8513655Z         target = [96mself[39;49;00m.getter()[90m[39;49;00m
PRE-RELEASE DEPENDENCIES	Run test suite	2026-10-02T14:06:34.8513833Z         name = [96mself[39;49;00m.attribute[90m[39;49;00m
PRE-RELEASE DEPENDENCIES	Run test suite	2026-10-02T14:06:34.8513941Z     [90m[39;49;00m
PRE-RELEASE DEPENDENCIES	Run test suite	2026-10-02T14:06:34.8514074Z         original = DEFAULT[90m[39;49;00m
PRE-RELEASE DEPENDENCIES	Run test suite	2026-10-02T14:06:34.8514238Z         local = [94mFalse[39;49;00m[90m[39;49;00m
PRE-RELEASE DEPENDENCIES	Run test suite	2026-10-02T14:06:34.8514339Z     [90m[39;49;00m
PRE-RELEASE DEPENDENCIES	Run test suite	2026-10-02T14:06:34.8514476Z         [94mtry[39;49;00m:[90m[39;49;00m
PRE-RELEASE DEPENDENCIES	Run test suite	2026-10-02T14:06:34.8514705Z             original = target.[91m__dict__[39;49;00m[name][90m[39;49;00m
PRE-RELEASE DEPENDENCIES	Run test suite	2026-10-02T14:06:34.8515037Z         [94mexcept[39;49;00m ([96mAttributeError[39;49;00m, [96mKeyError[39;49;00m):[90m[39;49;00m
PRE-RELEASE DEPENDENCIES	Run test suite	2026-10-02T14:06:34.8515295Z             original = [96mgetattr[39;49;00m(target, name, DEFAULT)[90m[39;49;00m
PRE-RELEASE DEPENDENCIES	Run test suite	2026-10-02T14:06:34.8515429Z         [94melse[39;49;00m:[90m[39;49;00m
PRE-RELEASE DEPENDENCIES	Run test suite	2026-10-02T14:06:34.8515592Z             local = [94mTrue[39;49;00m[90m[39;49;00m
PRE-RELEASE DEPENDENCIES	Run test suite	2026-10-02T14:06:34.8515697Z     [90m[39;49;00m
PRE-RELEASE DEPENDENCIES	Run test suite	2026-10-02T14:06:34.8516159Z         [94mif[39;49;00m name [95min[39;49;00m _builtins [95mand[39;49;00m [96misinstance[39;49;00m(target, ModuleType):[90m[39;49;00m
PRE-RELEASE DEPENDENCIES	Run test suite	2026-10-02T14:06:34.8516385Z             [96mself[39;49;00m.create = [94mTrue[39;49;00m[90m[39;49;00m
PRE-RELEASE DEPENDENCIES	Run test suite	2026-10-02T14:06:34.8516489Z     [90m[39;49;00m
PRE-RELEASE DEPENDENCIES	Run test suite	2026-10-02T14:06:34.8516933Z         [94mif[39;49;00m [95mnot[39;49;00m [96mself[39;49;00m.create [95mand[39;49;00m original [95mis[39;49;00m DEFAULT:[90m[39;49;00m
PRE-RELEASE DEPENDENCIES	Run test suite	2026-10-02T14:06:34.8517161Z >           [94mraise[39;49;00m [96mAttributeError[39;49;00m([90m[39;49;00m
PRE-RELEASE DEPENDENCIES	Run test suite	2026-10-02T14:06:34.8517644Z                 [33m"[39;49;00m[33m%s[39;49;00m[33m does not have the attribute [39;49;00m[33m%r[39;49;00m[33m"[39;49;00m % (target, name)[90m[39;49;00m
PRE-RELEASE DEPENDENCIES	Run test suite	2026-10-02T14:06:34.8517763Z             )[90m[39;49;00m
PRE-RELEASE DEPENDENCIES	Run test suite	2026-10-02T14:06:34.8518691Z [1m[31mE           AttributeError: <module 'embpy.resources.cellline_annotator' from '/opt/hostedtoolcache/Python/3.12.14/x64/lib/python3.12/site-packages/embpy/resources/cellline_annotator.py'> does not have the attribute '_get_json'[0m
PRE-RELEASE DEPENDENCIES	Run test suite	2026-10-02T14:06:34.8518701Z 
PRE-RELEASE DEPENDENCIES	Run test suite	2026-10-02T14:06:34.8519074Z [1m[31m/opt/hostedtoolcache/Python/3.12.14/x64/lib/python3.12/unittest/mock.py[0m:1437: AttributeError
PRE-RELEASE DEPENDENCIES	Run test suite	2026-10-02T14:06:34.8519721Z [31m[1m_________________ TestPassportsSource.test_passports_not_found _________________[0m
PRE-RELEASE DEPENDENCIES	Run test suite	2026-10-02T14:06:34.8519730Z 
PRE-RELEASE DEPENDENCIES	Run test suite	2026-10-02T14:06:34.8520006Z args = (<tests.embpy.test_cellline_annotator.TestPassportsSource object at 0x7fa7eec68cb0>,)
PRE-RELEASE DEPENDENCIES	Run test suite	2026-10-02T14:06:34.8520343Z keywargs = {'annotator': <embpy.resources.cellline.annotator.CellLineAnnotator object at 0x7fa7b2e8cf80>}
PRE-RELEASE DEPENDENCIES	Run test suite	2026-10-02T14:06:34.8520349Z 
PRE-RELEASE DEPENDENCIES	Run test suite	2026-10-02T14:06:34.8520510Z     [0m[37m@wraps[39;49;00m(func)[90m[39;49;00m
PRE-RELEASE DEPENDENCIES	Run test suite	2026-10-02T14:06:34.8520808Z     [94mdef[39;49;00m[90m [39;49;00m[92mpatched[39;49;00m(*args, **keywargs):[90m[39;49;00m
PRE-RELEASE DEPENDENCIES	Run test suite	2026-10-02T14:06:34.8521094Z >       [94mwith[39;49;00m [96mself[39;49;00m.decoration_helper(patched,[90m[39;49;00m
PRE-RELEASE DEPENDENCIES	Run test suite	2026-10-02T14:06:34.8521382Z                                     args,[90m[39;49;00m
PRE-RELEASE DEPENDENCIES	Run test suite	2026-10-02T14:06:34.8521665Z                                     keywargs) [94mas[39;49;00m (newargs, newkeywargs):[90m[39;49;00m
PRE-RELEASE DEPENDENCIES	Run test suite	2026-10-02T14:06:34.8521675Z 
PRE-RELEASE DEPENDENCIES	Run test suite	2026-10-02T14:06:34.8521987Z [1m[31m/opt/hostedtoolcache/Python/3.12.14/x64/lib/python3.12/unittest/mock.py[0m:1393: 
PRE-RELEASE DEPENDENCIES	Run test suite	2026-10-02T14:06:34.8522132Z _ _ _ _ _ _ _ _ _ _ _ _ _ _ _ _ _ _ _ _ _ _ _ _ _ _ _ _ _ _ _ _ _ _ _ _ _ _ _ _ 
PRE-RELEASE DEPENDENCIES	Run test suite	2026-10-02T14:06:34.8522466Z [1m[31m/opt/hostedtoolcache/Python/3.12.14/x64/lib/python3.12/contextlib.py[0m:137: in __enter__
PRE-RELEASE DEPENDENCIES	Run test suite	2026-10-02T14:06:34.8522736Z     [0m[94mreturn[39;49;00m [96mnext[39;49;00m([96mself[39;49;00m.gen)[90m[39;49;00m
PRE-RELEASE DEPENDENCIES	Run test suite	2026-10-02T14:06:34.8522870Z            ^^^^^^^^^^^^^^[90m[39;49;00m
PRE-RELEASE DEPENDENCIES	Run test suite	2026-10-02T14:06:34.8523249Z [1m[31m/opt/hostedtoolcache/Python/3.12.14/x64/lib/python3.12/unittest/mock.py[0m:1375: in decoration_helper
PRE-RELEASE DEPENDENCIES	Run test suite	2026-10-02T14:06:34.8523459Z     [0marg = exit_stack.enter_context(patching)[90m[39;49;00m
PRE-RELEASE DEPENDENCIES	Run test suite	2026-10-02T14:06:34.8523610Z           ^^^^^^^^^^^^^^^^^^^^^^^^^^^^^^^^^^[90m[39;49;00m
PRE-RELEASE DEPENDENCIES	Run test suite	2026-10-02T14:06:34.8523953Z [1m[31m/opt/hostedtoolcache/Python/3.12.14/x64/lib/python3.12/contextlib.py[0m:526: in enter_context
PRE-RELEASE DEPENDENCIES	Run test suite	2026-10-02T14:06:34.8524097Z     [0mresult = _enter(cm)[90m[39;49;00m
PRE-RELEASE DEPENDENCIES	Run test suite	2026-10-02T14:06:34.8524216Z              ^^^^^^^^^^[90m[39;49;00m
PRE-RELEASE DEPENDENCIES	Run test suite	2026-10-02T14:06:34.8524556Z [1m[31m/opt/hostedtoolcache/Python/3.12.14/x64/lib/python3.12/unittest/mock.py[0m:1467: in __enter__
PRE-RELEASE DEPENDENCIES	Run test suite	2026-10-02T14:06:34.8524792Z     [0moriginal, local = [96mself[39;49;00m.get_original()[90m[39;49;00m
PRE-RELEASE DEPENDENCIES	Run test suite	2026-10-02T14:06:34.8524945Z                       ^^^^^^^^^^^^^^^^^^^[90m[39;49;00m
PRE-RELEASE DEPENDENCIES	Run test suite	2026-10-02T14:06:34.8525082Z _ _ _ _ _ _ _ _ _ _ _ _ _ _ _ _ _ _ _ _ _ _ _ _ _ _ _ _ _ _ _ _ _ _ _ _ _ _ _ _ 
PRE-RELEASE DEPENDENCIES	Run test suite	2026-10-02T14:06:34.8525087Z 
PRE-RELEASE DEPENDENCIES	Run test suite	2026-10-02T14:06:34.8525223Z self = <unittest.mock._patch object at 0x7fa7eec9bbf0>
PRE-RELEASE DEPENDENCIES	Run test suite	2026-10-02T14:06:34.8525232Z 
PRE-RELEASE DEPENDENCIES	Run test suite	2026-10-02T14:06:34.8525571Z     [0m[94mdef[39;49;00m[90m [39;49;00m[92mget_original[39;49;00m([96mself[39;49;00m):[90m[39;49;00m
PRE-RELEASE DEPENDENCIES	Run test suite	2026-10-02T14:06:34.8525753Z         target = [96mself[39;49;00m.getter()[90m[39;49;00m
PRE-RELEASE DEPENDENCIES	Run test suite	2026-10-02T14:06:34.8525938Z         name = [96mself[39;49;00m.attribute[90m[39;49;00m
PRE-RELEASE DEPENDENCIES	Run test suite	2026-10-02T14:06:34.8526045Z     [90m[39;49;00m
PRE-RELEASE DEPENDENCIES	Run test suite	2026-10-02T14:06:34.8526177Z         original = DEFAULT[90m[39;49;00m
PRE-RELEASE DEPENDENCIES	Run test suite	2026-10-02T14:06:34.8526332Z         local = [94mFalse[39;49;00m[90m[39;49;00m
PRE-RELEASE DEPENDENCIES	Run test suite	2026-10-02T14:06:34.8526432Z     [90m[39;49;00m
PRE-RELEASE DEPENDENCIES	Run test suite	2026-10-02T14:06:34.8526568Z         [94mtry[39;49;00m:[90m[39;49;00m
PRE-RELEASE DEPENDENCIES	Run test suite	2026-10-02T14:06:34.8526788Z             original = target.[91m__dict__[39;49;00m[name][90m[39;49;00m
PRE-RELEASE DEPENDENCIES	Run test suite	2026-10-02T14:06:34.8527114Z         [94mexcept[39;49;00m ([96mAttributeError[39;49;00m, [96mKeyError[39;49;00m):[90m[39;49;00m
PRE-RELEASE DEPENDENCIES	Run test suite	2026-10-02T14:06:34.8527365Z             original = [96mgetattr[39;49;00m(target, name, DEFAULT)[90m[39;49;00m
PRE-RELEASE DEPENDENCIES	Run test suite	2026-10-02T14:06:34.8527501Z         [94melse[39;49;00m:[90m[39;49;00m
PRE-RELEASE DEPENDENCIES	Run test suite	2026-10-02T14:06:34.8527661Z             local = [94mTrue[39;49;00m[90m[39;49;00m
PRE-RELEASE DEPENDENCIES	Run test suite	2026-10-02T14:06:34.8527761Z     [90m[39;49;00m
PRE-RELEASE DEPENDENCIES	Run test suite	2026-10-02T14:06:34.8528206Z         [94mif[39;49;00m name [95min[39;49;00m _builtins [95mand[39;49;00m [96misinstance[39;49;00m(target, ModuleType):[90m[39;49;00m
PRE-RELEASE DEPENDENCIES	Run test suite	2026-10-02T14:06:34.8528551Z             [96mself[39;49;00m.create = [94mTrue[39;49;00m[90m[39;49;00m
PRE-RELEASE DEPENDENCIES	Run test suite	2026-10-02T14:06:34.8528659Z     [90m[39;49;00m
PRE-RELEASE DEPENDENCIES	Run test suite	2026-10-02T14:06:34.8529116Z         [94mif[39;49;00m [95mnot[39;49;00m [96mself[39;49;00m.create [95mand[39;49;00m original [95mis[39;49;00m DEFAULT:[90m[39;49;00m
PRE-RELEASE DEPENDENCIES	Run test suite	2026-10-02T14:06:34.8529343Z >           [94mraise[39;49;00m [96mAttributeError[39;49;00m([90m[39;49;00m
PRE-RELEASE DEPENDENCIES	Run test suite	2026-10-02T14:06:34.8530039Z                 [33m"[39;49;00m[33m%s[39;49;00m[33m does not have the attribute [39;49;00m[33m%r[39;49;00m[33m"[39;49;00m % (target, name)[90m[39;49;00m
PRE-RELEASE DEPENDENCIES	Run test suite	2026-10-02T14:06:34.8530294Z             )[90m[39;49;00m
PRE-RELEASE DEPENDENCIES	Run test suite	2026-10-02T14:06:34.8531195Z [1m[31mE           AttributeError: <module 'embpy.resources.cellline_annotator' from '/opt/hostedtoolcache/Python/3.12.14/x64/lib/python3.12/site-packages/embpy/resources/cellline_annotator.py'> does not have the attribute '_get_json'[0m
PRE-RELEASE DEPENDENCIES	Run test suite	2026-10-02T14:06:34.8531206Z 
PRE-RELEASE DEPENDENCIES	Run test suite	2026-10-02T14:06:34.8531568Z [1m[31m/opt/hostedtoolcache/Python/3.12.14/x64/lib/python3.12/unittest/mock.py[0m:1437: AttributeError
PRE-RELEASE DEPENDENCIES	Run test suite	2026-10-02T14:06:34.8531863Z [31m[1m________________ TestAnnotateCombined.test_annotate_all_sources ________________[0m
PRE-RELEASE DEPENDENCIES	Run test suite	2026-10-02T14:06:34.8531869Z 
PRE-RELEASE DEPENDENCIES	Run test suite	2026-10-02T14:06:34.8532132Z args = (<tests.embpy.test_cellline_annotator.TestAnnotateCombined object at 0x7fa7eec3f680>,)
PRE-RELEASE DEPENDENCIES	Run test suite	2026-10-02T14:06:34.8532452Z keywargs = {'annotator': <embpy.resources.cellline.annotator.CellLineAnnotator object at 0x7fa7e8c3a870>}
PRE-RELEASE DEPENDENCIES	Run test suite	2026-10-02T14:06:34.8532458Z 
PRE-RELEASE DEPENDENCIES	Run test suite	2026-10-02T14:06:34.8532611Z     [0m[37m@wraps[39;49;00m(func)[90m[39;49;00m
PRE-RELEASE DEPENDENCIES	Run test suite	2026-10-02T14:06:34.8532909Z     [94mdef[39;49;00m[90m [39;49;00m[92mpatched[39;49;00m(*args, **keywargs):[90m[39;49;00m
PRE-RELEASE DEPENDENCIES	Run test suite	2026-10-02T14:06:34.8533178Z >       [94mwith[39;49;00m [96mself[39;49;00m.decoration_helper(patched,[90m[39;49;00m
PRE-RELEASE DEPENDENCIES	Run test suite	2026-10-02T14:06:34.8533335Z                                     args,[90m[39;49;00m
PRE-RELEASE DEPENDENCIES	Run test suite	2026-10-02T14:06:34.8533608Z                                     keywargs) [94mas[39;49;00m (newargs, newkeywargs):[90m[39;49;00m
PRE-RELEASE DEPENDENCIES	Run test suite	2026-10-02T14:06:34.8533614Z 
PRE-RELEASE DEPENDENCIES	Run test suite	2026-10-02T14:06:34.8533916Z [1m[31m/opt/hostedtoolcache/Python/3.12.14/x64/lib/python3.12/unittest/mock.py[0m:1393: 
PRE-RELEASE DEPENDENCIES	Run test suite	2026-10-02T14:06:34.8534055Z _ _ _ _ _ _ _ _ _ _ _ _ _ _ _ _ _ _ _ _ _ _ _ _ _ _ _ _ _ _ _ _ _ _ _ _ _ _ _ _ 
PRE-RELEASE DEPENDENCIES	Run test suite	2026-10-02T14:06:34.8534384Z [1m[31m/opt/hostedtoolcache/Python/3.12.14/x64/lib/python3.12/contextlib.py[0m:137: in __enter__
PRE-RELEASE DEPENDENCIES	Run test suite	2026-10-02T14:06:34.8534654Z     [0m[94mreturn[39;49;00m [96mnext[39;49;00m([96mself[39;49;00m.gen)[90m[39;49;00m
PRE-RELEASE DEPENDENCIES	Run test suite	2026-10-02T14:06:34.8534782Z            ^^^^^^^^^^^^^^[90m[39;49;00m
PRE-RELEASE DEPENDENCIES	Run test suite	2026-10-02T14:06:34.8535157Z [1m[31m/opt/hostedtoolcache/Python/3.12.14/x64/lib/python3.12/unittest/mock.py[0m:1375: in decoration_helper
PRE-RELEASE DEPENDENCIES	Run test suite	2026-10-02T14:06:34.8535358Z     [0marg = exit_stack.enter_context(patching)[90m[39;49;00m
PRE-RELEASE DEPENDENCIES	Run test suite	2026-10-02T14:06:34.8535511Z           ^^^^^^^^^^^^^^^^^^^^^^^^^^^^^^^^^^[90m[39;49;00m
PRE-RELEASE DEPENDENCIES	Run test suite	2026-10-02T14:06:34.8535854Z [1m[31m/opt/hostedtoolcache/Python/3.12.14/x64/lib/python3.12/contextlib.py[0m:526: in enter_context
PRE-RELEASE DEPENDENCIES	Run test suite	2026-10-02T14:06:34.8535993Z     [0mresult = _enter(cm)[90m[39;49;00m
PRE-RELEASE DEPENDENCIES	Run test suite	2026-10-02T14:06:34.8536112Z              ^^^^^^^^^^[90m[39;49;00m
PRE-RELEASE DEPENDENCIES	Run test suite	2026-10-02T14:06:34.8536448Z [1m[31m/opt/hostedtoolcache/Python/3.12.14/x64/lib/python3.12/unittest/mock.py[0m:1467: in __enter__
PRE-RELEASE DEPENDENCIES	Run test suite	2026-10-02T14:06:34.8536683Z     [0moriginal, local = [96mself[39;49;00m.get_original()[90m[39;49;00m
PRE-RELEASE DEPENDENCIES	Run test suite	2026-10-02T14:06:34.8664708Z                       ^^^^^^^^^^^^^^^^^^^[90m[39;49;00m
PRE-RELEASE DEPENDENCIES	Run test suite	2026-10-02T14:06:34.8665226Z _ _ _ _ _ _ _ _ _ _ _ _ _ _ _ _ _ _ _ _ _ _ _ _ _ _ _ _ _ _ _ _ _ _ _ _ _ _ _ _ 
PRE-RELEASE DEPENDENCIES	Run test suite	2026-10-02T14:06:34.8665713Z 
PRE-RELEASE DEPENDENCIES	Run test suite	2026-10-02T14:06:34.8665860Z self = <unittest.mock._patch object at 0x7fa7eec9ba10>
PRE-RELEASE DEPENDENCIES	Run test suite	2026-10-02T14:06:34.8666097Z 
PRE-RELEASE DEPENDENCIES	Run test suite	2026-10-02T14:06:34.8666460Z     [0m[94mdef[39;49;00m[90m [39;49;00m[92mget_original[39;49;00m([96mself[39;49;00m):[90m[39;49;00m
PRE-RELEASE DEPENDENCIES	Run test suite	2026-10-02T14:06:34.8667249Z         target = [96mself[39;49;00m.getter()[90m[39;49;00m
PRE-RELEASE DEPENDENCIES	Run test suite	2026-10-02T14:06:34.8667679Z         name = [96mself[39;49;00m.attribute[90m[39;49;00m
PRE-RELEASE DEPENDENCIES	Run test suite	2026-10-02T14:06:34.8668011Z     [90m[39;49;00m
PRE-RELEASE DEPENDENCIES	Run test suite	2026-10-02T14:06:34.8668273Z         original = DEFAULT[90m[39;49;00m
PRE-RELEASE DEPENDENCIES	Run test suite	2026-10-02T14:06:34.8668616Z         local = [94mFalse[39;49;00m[90m[39;49;00m
PRE-RELEASE DEPENDENCIES	Run test suite	2026-10-02T14:06:34.8668913Z     [90m[39;49;00m
PRE-RELEASE DEPENDENCIES	Run test suite	2026-10-02T14:06:34.8669165Z         [94mtry[39;49;00m:[90m[39;49;00m
PRE-RELEASE DEPENDENCIES	Run test suite	2026-10-02T14:06:34.8669875Z             original = target.[91m__dict__[39;49;00m[name][90m[39;49;00m
PRE-RELEASE DEPENDENCIES	Run test suite	2026-10-02T14:06:34.8670500Z         [94mexcept[39;49;00m ([96mAttributeError[39;49;00m, [96mKeyError[39;49;00m):[90m[39;49;00m
PRE-RELEASE DEPENDENCIES	Run test suite	2026-10-02T14:06:34.8671287Z             original = [96mgetattr[39;49;00m(target, name, DEFAULT)[90m[39;49;00m
PRE-RELEASE DEPENDENCIES	Run test suite	2026-10-02T14:06:34.8671743Z         [94melse[39;49;00m:[90m[39;49;00m
PRE-RELEASE DEPENDENCIES	Run test suite	2026-10-02T14:06:34.8672101Z             local = [94mTrue[39;49;00m[90m[39;49;00m
PRE-RELEASE DEPENDENCIES	Run test suite	2026-10-02T14:06:34.8672420Z     [90m[39;49;00m
PRE-RELEASE DEPENDENCIES	Run test suite	2026-10-02T14:06:34.8673032Z         [94mif[39;49;00m name [95min[39;49;00m _builtins [95mand[39;49;00m [96misinstance[39;49;00m(target, ModuleType):[90m[39;49;00m
PRE-RELEASE DEPENDENCIES	Run test suite	2026-10-02T14:06:34.8673755Z             [96mself[39;49;00m.create = [94mTrue[39;49;00m[90m[39;49;00m
PRE-RELEASE DEPENDENCIES	Run test suite	2026-10-02T14:06:34.8674141Z     [90m[39;49;00m
PRE-RELEASE DEPENDENCIES	Run test suite	2026-10-02T14:06:34.8674741Z         [94mif[39;49;00m [95mnot[39;49;00m [96mself[39;49;00m.create [95mand[39;49;00m original [95mis[39;49;00m DEFAULT:[90m[39;49;00m
PRE-RELEASE DEPENDENCIES	Run test suite	2026-10-02T14:06:34.8675458Z >           [94mraise[39;49;00m [96mAttributeError[39;49;00m([90m[39;49;00m
PRE-RELEASE DEPENDENCIES	Run test suite	2026-10-02T14:06:34.8676272Z                 [33m"[39;49;00m[33m%s[39;49;00m[33m does not have the attribute [39;49;00m[33m%r[39;49;00m[33m"[39;49;00m % (target, name)[90m[39;49;00m
PRE-RELEASE DEPENDENCIES	Run test suite	2026-10-02T14:06:34.8676885Z             )[90m[39;49;00m
PRE-RELEASE DEPENDENCIES	Run test suite	2026-10-02T14:06:34.8678039Z [1m[31mE           AttributeError: <module 'embpy.resources.cellline_annotator' from '/opt/hostedtoolcache/Python/3.12.14/x64/lib/python3.12/site-packages/embpy/resources/cellline_annotator.py'> does not have the attribute '_get_json'[0m
PRE-RELEASE DEPENDENCIES	Run test suite	2026-10-02T14:06:34.8678996Z 
PRE-RELEASE DEPENDENCIES	Run test suite	2026-10-02T14:06:34.8679391Z [1m[31m/opt/hostedtoolcache/Python/3.12.14/x64/lib/python3.12/unittest/mock.py[0m:1437: AttributeError
PRE-RELEASE DEPENDENCIES	Run test suite	2026-10-02T14:06:34.8680275Z [31m[1m_______________ TestAnnotateCombined.test_annotate_single_source _______________[0m
PRE-RELEASE DEPENDENCIES	Run test suite	2026-10-02T14:06:34.8680642Z 
PRE-RELEASE DEPENDENCIES	Run test suite	2026-10-02T14:06:34.8680928Z args = (<tests.embpy.test_cellline_annotator.TestAnnotateCombined object at 0x7fa7eec753d0>,)
PRE-RELEASE DEPENDENCIES	Run test suite	2026-10-02T14:06:34.8681672Z keywargs = {'annotator': <embpy.resources.cellline.annotator.CellLineAnnotator object at 0x7fa7a256ac00>}
PRE-RELEASE DEPENDENCIES	Run test suite	2026-10-02T14:06:34.8682113Z 
PRE-RELEASE DEPENDENCIES	Run test suite	2026-10-02T14:06:34.8682269Z     [0m[37m@wraps[39;49;00m(func)[90m[39;49;00m
PRE-RELEASE DEPENDENCIES	Run test suite	2026-10-02T14:06:34.8682753Z     [94mdef[39;49;00m[90m [39;49;00m[92mpatched[39;49;00m(*args, **keywargs):[90m[39;49;00m
PRE-RELEASE DEPENDENCIES	Run test suite	2026-10-02T14:06:34.8683355Z >       [94mwith[39;49;00m [96mself[39;49;00m.decoration_helper(patched,[90m[39;49;00m
PRE-RELEASE DEPENDENCIES	Run test suite	2026-10-02T14:06:34.8683806Z                                     args,[90m[39;49;00m
PRE-RELEASE DEPENDENCIES	Run test suite	2026-10-02T14:06:34.8684268Z                                     keywargs) [94mas[39;49;00m (newargs, newkeywargs):[90m[39;49;00m
PRE-RELEASE DEPENDENCIES	Run test suite	2026-10-02T14:06:34.8685067Z 
PRE-RELEASE DEPENDENCIES	Run test suite	2026-10-02T14:06:34.8685408Z [1m[31m/opt/hostedtoolcache/Python/3.12.14/x64/lib/python3.12/unittest/mock.py[0m:1393: 
PRE-RELEASE DEPENDENCIES	Run test suite	2026-10-02T14:06:34.8685937Z _ _ _ _ _ _ _ _ _ _ _ _ _ _ _ _ _ _ _ _ _ _ _ _ _ _ _ _ _ _ _ _ _ _ _ _ _ _ _ _ 
PRE-RELEASE DEPENDENCIES	Run test suite	2026-10-02T14:06:34.8686503Z [1m[31m/opt/hostedtoolcache/Python/3.12.14/x64/lib/python3.12/contextlib.py[0m:137: in __enter__
PRE-RELEASE DEPENDENCIES	Run test suite	2026-10-02T14:06:34.8687137Z     [0m[94mreturn[39;49;00m [96mnext[39;49;00m([96mself[39;49;00m.gen)[90m[39;49;00m
PRE-RELEASE DEPENDENCIES	Run test suite	2026-10-02T14:06:34.8687562Z            ^^^^^^^^^^^^^^[90m[39;49;00m
PRE-RELEASE DEPENDENCIES	Run test suite	2026-10-02T14:06:34.8688112Z [1m[31m/opt/hostedtoolcache/Python/3.12.14/x64/lib/python3.12/unittest/mock.py[0m:1375: in decoration_helper
PRE-RELEASE DEPENDENCIES	Run test suite	2026-10-02T14:06:34.8688905Z     [0marg = exit_stack.enter_context(patching)[90m[39;49;00m
PRE-RELEASE DEPENDENCIES	Run test suite	2026-10-02T14:06:34.8689297Z           ^^^^^^^^^^^^^^^^^^^^^^^^^^^^^^^^^^[90m[39;49;00m
PRE-RELEASE DEPENDENCIES	Run test suite	2026-10-02T14:06:34.8690139Z [1m[31m/opt/hostedtoolcache/Python/3.12.14/x64/lib/python3.12/contextlib.py[0m:526: in enter_context
PRE-RELEASE DEPENDENCIES	Run test suite	2026-10-02T14:06:34.8690647Z     [0mresult = _enter(cm)[90m[39;49;00m
PRE-RELEASE DEPENDENCIES	Run test suite	2026-10-02T14:06:34.8690948Z              ^^^^^^^^^^[90m[39;49;00m
PRE-RELEASE DEPENDENCIES	Run test suite	2026-10-02T14:06:34.8691457Z [1m[31m/opt/hostedtoolcache/Python/3.12.14/x64/lib/python3.12/unittest/mock.py[0m:1467: in __enter__
PRE-RELEASE DEPENDENCIES	Run test suite	2026-10-02T14:06:34.8692064Z     [0moriginal, local = [96mself[39;49;00m.get_original()[90m[39;49;00m
PRE-RELEASE DEPENDENCIES	Run test suite	2026-10-02T14:06:34.8692644Z                       ^^^^^^^^^^^^^^^^^^^[90m[39;49;00m
PRE-RELEASE DEPENDENCIES	Run test suite	2026-10-02T14:06:34.8692968Z _ _ _ _ _ _ _ _ _ _ _ _ _ _ _ _ _ _ _ _ _ _ _ _ _ _ _ _ _ _ _ _ _ _ _ _ _ _ _ _ 
PRE-RELEASE DEPENDENCIES	Run test suite	2026-10-02T14:06:34.8693197Z 
PRE-RELEASE DEPENDENCIES	Run test suite	2026-10-02T14:06:34.8693343Z self = <unittest.mock._patch object at 0x7fa7eec9bda0>
PRE-RELEASE DEPENDENCIES	Run test suite	2026-10-02T14:06:34.8693566Z 
PRE-RELEASE DEPENDENCIES	Run test suite	2026-10-02T14:06:34.8693895Z     [0m[94mdef[39;49;00m[90m [39;49;00m[92mget_original[39;49;00m([96mself[39;49;00m):[90m[39;49;00m
PRE-RELEASE DEPENDENCIES	Run test suite	2026-10-02T14:06:34.8694413Z         target = [96mself[39;49;00m.getter()[90m[39;49;00m
PRE-RELEASE DEPENDENCIES	Run test suite	2026-10-02T14:06:34.8694804Z         name = [96mself[39;49;00m.attribute[90m[39;49;00m
PRE-RELEASE DEPENDENCIES	Run test suite	2026-10-02T14:06:34.8695125Z     [90m[39;49;00m
PRE-RELEASE DEPENDENCIES	Run test suite	2026-10-02T14:06:34.8695381Z         original = DEFAULT[90m[39;49;00m
PRE-RELEASE DEPENDENCIES	Run test suite	2026-10-02T14:06:34.8695709Z         local = [94mFalse[39;49;00m[90m[39;49;00m
PRE-RELEASE DEPENDENCIES	Run test suite	2026-10-02T14:06:34.8695999Z     [90m[39;49;00m
PRE-RELEASE DEPENDENCIES	Run test suite	2026-10-02T14:06:34.8696246Z         [94mtry[39;49;00m:[90m[39;49;00m
PRE-RELEASE DEPENDENCIES	Run test suite	2026-10-02T14:06:34.8696644Z             original = target.[91m__dict__[39;49;00m[name][90m[39;49;00m
PRE-RELEASE DEPENDENCIES	Run test suite	2026-10-02T14:06:34.8697268Z         [94mexcept[39;49;00m ([96mAttributeError[39;49;00m, [96mKeyError[39;49;00m):[90m[39;49;00m
PRE-RELEASE DEPENDENCIES	Run test suite	2026-10-02T14:06:34.8697846Z             original = [96mgetattr[39;49;00m(target, name, DEFAULT)[90m[39;49;00m
PRE-RELEASE DEPENDENCIES	Run test suite	2026-10-02T14:06:34.8698265Z         [94melse[39;49;00m:[90m[39;49;00m
PRE-RELEASE DEPENDENCIES	Run test suite	2026-10-02T14:06:34.8698597Z             local = [94mTrue[39;49;00m[90m[39;49;00m
PRE-RELEASE DEPENDENCIES	Run test suite	2026-10-02T14:06:34.8698891Z     [90m[39;49;00m
PRE-RELEASE DEPENDENCIES	Run test suite	2026-10-02T14:06:34.8699574Z         [94mif[39;49;00m name [95min[39;49;00m _builtins [95mand[39;49;00m [96misinstance[39;49;00m(target, ModuleType):[90m[39;49;00m
PRE-RELEASE DEPENDENCIES	Run test suite	2026-10-02T14:06:34.8700238Z             [96mself[39;49;00m.create = [94mTrue[39;49;00m[90m[39;49;00m
PRE-RELEASE DEPENDENCIES	Run test suite	2026-10-02T14:06:34.8700591Z     [90m[39;49;00m
PRE-RELEASE DEPENDENCIES	Run test suite	2026-10-02T14:06:34.8701143Z         [94mif[39;49;00m [95mnot[39;49;00m [96mself[39;49;00m.create [95mand[39;49;00m original [95mis[39;49;00m DEFAULT:[90m[39;49;00m
PRE-RELEASE DEPENDENCIES	Run test suite	2026-10-02T14:06:34.8701804Z >           [94mraise[39;49;00m [96mAttributeError[39;49;00m([90m[39;49;00m
PRE-RELEASE DEPENDENCIES	Run test suite	2026-10-02T14:06:34.8702813Z                 [33m"[39;49;00m[33m%s[39;49;00m[33m does not have the attribute [39;49;00m[33m%r[39;49;00m[33m"[39;49;00m % (target, name)[90m[39;49;00m
PRE-RELEASE DEPENDENCIES	Run test suite	2026-10-02T14:06:34.8703520Z             )[90m[39;49;00m
PRE-RELEASE DEPENDENCIES	Run test suite	2026-10-02T14:06:34.8704557Z [1m[31mE           AttributeError: <module 'embpy.resources.cellline_annotator' from '/opt/hostedtoolcache/Python/3.12.14/x64/lib/python3.12/site-packages/embpy/resources/cellline_annotator.py'> does not have the attribute '_get_json'[0m
PRE-RELEASE DEPENDENCIES	Run test suite	2026-10-02T14:06:34.8705391Z 
PRE-RELEASE DEPENDENCIES	Run test suite	2026-10-02T14:06:34.8705756Z [1m[31m/opt/hostedtoolcache/Python/3.12.14/x64/lib/python3.12/unittest/mock.py[0m:1437: AttributeError
PRE-RELEASE DEPENDENCIES	Run test suite	2026-10-02T14:06:34.8706420Z [31m[1m____________________ TestAnnotateAdata.test_annotate_adata _____________________[0m
PRE-RELEASE DEPENDENCIES	Run test suite	2026-10-02T14:06:34.8706745Z 
PRE-RELEASE DEPENDENCIES	Run test suite	2026-10-02T14:06:34.8706994Z args = (<tests.embpy.test_cellline_annotator.TestAnnotateAdata object at 0x7fa7eec76c60>,)
PRE-RELEASE DEPENDENCIES	Run test suite	2026-10-02T14:06:34.8707667Z keywargs = {'annotator': <embpy.resources.cellline.annotator.CellLineAnnotator object at 0x7fa7b2e8d1c0>}
PRE-RELEASE DEPENDENCIES	Run test suite	2026-10-02T14:06:34.8708084Z 
PRE-RELEASE DEPENDENCIES	Run test suite	2026-10-02T14:06:34.8708391Z     [0m[37m@wraps[39;49;00m(func)[90m[39;49;00m
PRE-RELEASE DEPENDENCIES	Run test suite	2026-10-02T14:06:34.8708880Z     [94mdef[39;49;00m[90m [39;49;00m[92mpatched[39;49;00m(*args, **keywargs):[90m[39;49;00m
PRE-RELEASE DEPENDENCIES	Run test suite	2026-10-02T14:06:34.8709598Z >       [94mwith[39;49;00m [96mself[39;49;00m.decoration_helper(patched,[90m[39;49;00m
PRE-RELEASE DEPENDENCIES	Run test suite	2026-10-02T14:06:34.8710057Z                                     args,[90m[39;49;00m
PRE-RELEASE DEPENDENCIES	Run test suite	2026-10-02T14:06:34.8710525Z                                     keywargs) [94mas[39;49;00m (newargs, newkeywargs):[90m[39;49;00m
PRE-RELEASE DEPENDENCIES	Run test suite	2026-10-02T14:06:34.8710823Z 
PRE-RELEASE DEPENDENCIES	Run test suite	2026-10-02T14:06:34.8711138Z [1m[31m/opt/hostedtoolcache/Python/3.12.14/x64/lib/python3.12/unittest/mock.py[0m:1393: 
PRE-RELEASE DEPENDENCIES	Run test suite	2026-10-02T14:06:34.8711625Z _ _ _ _ _ _ _ _ _ _ _ _ _ _ _ _ _ _ _ _ _ _ _ _ _ _ _ _ _ _ _ _ _ _ _ _ _ _ _ _ 
PRE-RELEASE DEPENDENCIES	Run test suite	2026-10-02T14:06:34.8712327Z [1m[31m/opt/hostedtoolcache/Python/3.12.14/x64/lib/python3.12/contextlib.py[0m:137: in __enter__
PRE-RELEASE DEPENDENCIES	Run test suite	2026-10-02T14:06:34.8712952Z     [0m[94mreturn[39;49;00m [96mnext[39;49;00m([96mself[39;49;00m.gen)[90m[39;49;00m
PRE-RELEASE DEPENDENCIES	Run test suite	2026-10-02T14:06:34.8713380Z            ^^^^^^^^^^^^^^[90m[39;49;00m
PRE-RELEASE DEPENDENCIES	Run test suite	2026-10-02T14:06:34.8713924Z [1m[31m/opt/hostedtoolcache/Python/3.12.14/x64/lib/python3.12/unittest/mock.py[0m:1375: in decoration_helper
PRE-RELEASE DEPENDENCIES	Run test suite	2026-10-02T14:06:34.8714518Z     [0marg = exit_stack.enter_context(patching)[90m[39;49;00m
PRE-RELEASE DEPENDENCIES	Run test suite	2026-10-02T14:06:34.8714906Z           ^^^^^^^^^^^^^^^^^^^^^^^^^^^^^^^^^^[90m[39;49;00m
PRE-RELEASE DEPENDENCIES	Run test suite	2026-10-02T14:06:34.8715441Z [1m[31m/opt/hostedtoolcache/Python/3.12.14/x64/lib/python3.12/contextlib.py[0m:526: in enter_context
PRE-RELEASE DEPENDENCIES	Run test suite	2026-10-02T14:06:34.8715949Z     [0mresult = _enter(cm)[90m[39;49;00m
PRE-RELEASE DEPENDENCIES	Run test suite	2026-10-02T14:06:34.8716247Z              ^^^^^^^^^^[90m[39;49;00m
PRE-RELEASE DEPENDENCIES	Run test suite	2026-10-02T14:06:34.8716744Z [1m[31m/opt/hostedtoolcache/Python/3.12.14/x64/lib/python3.12/unittest/mock.py[0m:1467: in __enter__
PRE-RELEASE DEPENDENCIES	Run test suite	2026-10-02T14:06:34.8717344Z     [0moriginal, local = [96mself[39;49;00m.get_original()[90m[39;49;00m
PRE-RELEASE DEPENDENCIES	Run test suite	2026-10-02T14:06:34.8717761Z                       ^^^^^^^^^^^^^^^^^^^[90m[39;49;00m
PRE-RELEASE DEPENDENCIES	Run test suite	2026-10-02T14:06:34.8718083Z _ _ _ _ _ _ _ _ _ _ _ _ _ _ _ _ _ _ _ _ _ _ _ _ _ _ _ _ _ _ _ _ _ _ _ _ _ _ _ _ 
PRE-RELEASE DEPENDENCIES	Run test suite	2026-10-02T14:06:34.8718318Z 
PRE-RELEASE DEPENDENCIES	Run test suite	2026-10-02T14:06:34.8718453Z self = <unittest.mock._patch object at 0x7fa7eec9acf0>
PRE-RELEASE DEPENDENCIES	Run test suite	2026-10-02T14:06:34.8718678Z 
PRE-RELEASE DEPENDENCIES	Run test suite	2026-10-02T14:06:34.8719015Z     [0m[94mdef[39;49;00m[90m [39;49;00m[92mget_original[39;49;00m([96mself[39;49;00m):[90m[39;49;00m
PRE-RELEASE DEPENDENCIES	Run test suite	2026-10-02T14:06:34.8719673Z         target = [96mself[39;49;00m.getter()[90m[39;49;00m
PRE-RELEASE DEPENDENCIES	Run test suite	2026-10-02T14:06:34.8720076Z         name = [96mself[39;49;00m.attribute[90m[39;49;00m
PRE-RELEASE DEPENDENCIES	Run test suite	2026-10-02T14:06:34.8720395Z     [90m[39;49;00m
PRE-RELEASE DEPENDENCIES	Run test suite	2026-10-02T14:06:34.8720651Z         original = DEFAULT[90m[39;49;00m
PRE-RELEASE DEPENDENCIES	Run test suite	2026-10-02T14:06:34.8720978Z         local = [94mFalse[39;49;00m[90m[39;49;00m
PRE-RELEASE DEPENDENCIES	Run test suite	2026-10-02T14:06:34.8721275Z     [90m[39;49;00m
PRE-RELEASE DEPENDENCIES	Run test suite	2026-10-02T14:06:34.8721523Z         [94mtry[39;49;00m:[90m[39;49;00m
PRE-RELEASE DEPENDENCIES	Run test suite	2026-10-02T14:06:34.8721914Z             original = target.[91m__dict__[39;49;00m[name][90m[39;49;00m
PRE-RELEASE DEPENDENCIES	Run test suite	2026-10-02T14:06:34.8794182Z         [94mexcept[39;49;00m ([96mAttributeError[39;49;00m, [96mKeyError[39;49;00m):[90m[39;49;00m
PRE-RELEASE DEPENDENCIES	Run test suite	2026-10-02T14:06:34.8795335Z             original = [96mgetattr[39;49;00m(target, name, DEFAULT)[90m[39;49;00m
PRE-RELEASE DEPENDENCIES	Run test suite	2026-10-02T14:06:34.8795873Z         [94melse[39;49;00m:[90m[39;49;00m
PRE-RELEASE DEPENDENCIES	Run test suite	2026-10-02T14:06:34.8796291Z             local = [94mTrue[39;49;00m[90m[39;49;00m
PRE-RELEASE DEPENDENCIES	Run test suite	2026-10-02T14:06:34.8796661Z     [90m[39;49;00m
PRE-RELEASE DEPENDENCIES	Run test suite	2026-10-02T14:06:34.8797369Z         [94mif[39;49;00m name [95min[39;49;00m _builtins [95mand[39;49;00m [96misinstance[39;49;00m(target, ModuleType):[90m[39;49;00m
PRE-RELEASE DEPENDENCIES	Run test suite	2026-10-02T14:06:34.8798180Z             [96mself[39;49;00m.create = [94mTrue[39;49;00m[90m[39;49;00m
PRE-RELEASE DEPENDENCIES	Run test suite	2026-10-02T14:06:34.8798630Z     [90m[39;49;00m
PRE-RELEASE DEPENDENCIES	Run test suite	2026-10-02T14:06:34.8799315Z         [94mif[39;49;00m [95mnot[39;49;00m [96mself[39;49;00m.create [95mand[39;49;00m original [95mis[39;49;00m DEFAULT:[90m[39;49;00m
PRE-RELEASE DEPENDENCIES	Run test suite	2026-10-02T14:06:34.8800497Z >           [94mraise[39;49;00m [96mAttributeError[39;49;00m([90m[39;49;00m
PRE-RELEASE DEPENDENCIES	Run test suite	2026-10-02T14:06:34.8801643Z                 [33m"[39;49;00m[33m%s[39;49;00m[33m does not have the attribute [39;49;00m[33m%r[39;49;00m[33m"[39;49;00m % (target, name)[90m[39;49;00m
PRE-RELEASE DEPENDENCIES	Run test suite	2026-10-02T14:06:34.8802260Z             )[90m[39;49;00m
PRE-RELEASE DEPENDENCIES	Run test suite	2026-10-02T14:06:34.8803294Z [1m[31mE           AttributeError: <module 'embpy.resources.cellline_annotator' from '/opt/hostedtoolcache/Python/3.12.14/x64/lib/python3.12/site-packages/embpy/resources/cellline_annotator.py'> does not have the attribute '_get_json'[0m
PRE-RELEASE DEPENDENCIES	Run test suite	2026-10-02T14:06:34.8804125Z 
PRE-RELEASE DEPENDENCIES	Run test suite	2026-10-02T14:06:34.8804489Z [1m[31m/opt/hostedtoolcache/Python/3.12.14/x64/lib/python3.12/unittest/mock.py[0m:1437: AttributeError
PRE-RELEASE DEPENDENCIES	Run test suite	2026-10-02T14:06:34.8805274Z [31m[1m_________________ TestWikipediaSource.test_get_wikipedia_info __________________[0m
PRE-RELEASE DEPENDENCIES	Run test suite	2026-10-02T14:06:34.8805604Z 
PRE-RELEASE DEPENDENCIES	Run test suite	2026-10-02T14:06:34.8805861Z args = (<tests.embpy.test_cellline_annotator.TestWikipediaSource object at 0x7fa7eec68e90>,)
PRE-RELEASE DEPENDENCIES	Run test suite	2026-10-02T14:06:34.8806547Z keywargs = {'annotator': <embpy.resources.cellline.annotator.CellLineAnnotator object at 0x7fa7b2e8c4d0>}
PRE-RELEASE DEPENDENCIES	Run test suite	2026-10-02T14:06:34.8806964Z 
PRE-RELEASE DEPENDENCIES	Run test suite	2026-10-02T14:06:34.8807120Z     [0m[37m@wraps[39;49;00m(func)[90m[39;49;00m
PRE-RELEASE DEPENDENCIES	Run test suite	2026-10-02T14:06:34.8807612Z     [94mdef[39;49;00m[90m [39;49;00m[92mpatched[39;49;00m(*args, **keywargs):[90m[39;49;00m
PRE-RELEASE DEPENDENCIES	Run test suite	2026-10-02T14:06:34.8808205Z >       [94mwith[39;49;00m [96mself[39;49;00m.decoration_helper(patched,[90m[39;49;00m
PRE-RELEASE DEPENDENCIES	Run test suite	2026-10-02T14:06:34.8808656Z                                     args,[90m[39;49;00m
PRE-RELEASE DEPENDENCIES	Run test suite	2026-10-02T14:06:34.8809116Z                                     keywargs) [94mas[39;49;00m (newargs, newkeywargs):[90m[39;49;00m
PRE-RELEASE DEPENDENCIES	Run test suite	2026-10-02T14:06:34.8809415Z 
PRE-RELEASE DEPENDENCIES	Run test suite	2026-10-02T14:06:34.8809868Z [1m[31m/opt/hostedtoolcache/Python/3.12.14/x64/lib/python3.12/unittest/mock.py[0m:1393: 
PRE-RELEASE DEPENDENCIES	Run test suite	2026-10-02T14:06:34.8810338Z _ _ _ _ _ _ _ _ _ _ _ _ _ _ _ _ _ _ _ _ _ _ _ _ _ _ _ _ _ _ _ _ _ _ _ _ _ _ _ _ 
PRE-RELEASE DEPENDENCIES	Run test suite	2026-10-02T14:06:34.8810897Z [1m[31m/opt/hostedtoolcache/Python/3.12.14/x64/lib/python3.12/contextlib.py[0m:137: in __enter__
PRE-RELEASE DEPENDENCIES	Run test suite	2026-10-02T14:06:34.8811530Z     [0m[94mreturn[39;49;00m [96mnext[39;49;00m([96mself[39;49;00m.gen)[90m[39;49;00m
PRE-RELEASE DEPENDENCIES	Run test suite	2026-10-02T14:06:34.8811952Z            ^^^^^^^^^^^^^^[90m[39;49;00m
PRE-RELEASE DEPENDENCIES	Run test suite	2026-10-02T14:06:34.8812492Z [1m[31m/opt/hostedtoolcache/Python/3.12.14/x64/lib/python3.12/unittest/mock.py[0m:1375: in decoration_helper
PRE-RELEASE DEPENDENCIES	Run test suite	2026-10-02T14:06:34.8813082Z     [0marg = exit_stack.enter_context(patching)[90m[39;49;00m
PRE-RELEASE DEPENDENCIES	Run test suite	2026-10-02T14:06:34.8813467Z           ^^^^^^^^^^^^^^^^^^^^^^^^^^^^^^^^^^[90m[39;49;00m
PRE-RELEASE DEPENDENCIES	Run test suite	2026-10-02T14:06:34.8813999Z [1m[31m/opt/hostedtoolcache/Python/3.12.14/x64/lib/python3.12/contextlib.py[0m:526: in enter_context
PRE-RELEASE DEPENDENCIES	Run test suite	2026-10-02T14:06:34.8814502Z     [0mresult = _enter(cm)[90m[39;49;00m
PRE-RELEASE DEPENDENCIES	Run test suite	2026-10-02T14:06:34.8814804Z              ^^^^^^^^^^[90m[39;49;00m
PRE-RELEASE DEPENDENCIES	Run test suite	2026-10-02T14:06:34.8815308Z [1m[31m/opt/hostedtoolcache/Python/3.12.14/x64/lib/python3.12/unittest/mock.py[0m:1467: in __enter__
PRE-RELEASE DEPENDENCIES	Run test suite	2026-10-02T14:06:34.8815908Z     [0moriginal, local = [96mself[39;49;00m.get_original()[90m[39;49;00m
PRE-RELEASE DEPENDENCIES	Run test suite	2026-10-02T14:06:34.8816321Z                       ^^^^^^^^^^^^^^^^^^^[90m[39;49;00m
PRE-RELEASE DEPENDENCIES	Run test suite	2026-10-02T14:06:34.8816641Z _ _ _ _ _ _ _ _ _ _ _ _ _ _ _ _ _ _ _ _ _ _ _ _ _ _ _ _ _ _ _ _ _ _ _ _ _ _ _ _ 
PRE-RELEASE DEPENDENCIES	Run test suite	2026-10-02T14:06:34.8816874Z 
PRE-RELEASE DEPENDENCIES	Run test suite	2026-10-02T14:06:34.8817007Z self = <unittest.mock._patch object at 0x7fa7eec9b710>
PRE-RELEASE DEPENDENCIES	Run test suite	2026-10-02T14:06:34.8817230Z 
PRE-RELEASE DEPENDENCIES	Run test suite	2026-10-02T14:06:34.8817555Z     [0m[94mdef[39;49;00m[90m [39;49;00m[92mget_original[39;49;00m([96mself[39;49;00m):[90m[39;49;00m
PRE-RELEASE DEPENDENCIES	Run test suite	2026-10-02T14:06:34.8818080Z         target = [96mself[39;49;00m.getter()[90m[39;49;00m
PRE-RELEASE DEPENDENCIES	Run test suite	2026-10-02T14:06:34.8818477Z         name = [96mself[39;49;00m.attribute[90m[39;49;00m
PRE-RELEASE DEPENDENCIES	Run test suite	2026-10-02T14:06:34.8818795Z     [90m[39;49;00m
PRE-RELEASE DEPENDENCIES	Run test suite	2026-10-02T14:06:34.8819046Z         original = DEFAULT[90m[39;49;00m
PRE-RELEASE DEPENDENCIES	Run test suite	2026-10-02T14:06:34.8819380Z         local = [94mFalse[39;49;00m[90m[39;49;00m
PRE-RELEASE DEPENDENCIES	Run test suite	2026-10-02T14:06:34.8819795Z     [90m[39;49;00m
PRE-RELEASE DEPENDENCIES	Run test suite	2026-10-02T14:06:34.8820174Z         [94mtry[39;49;00m:[90m[39;49;00m
PRE-RELEASE DEPENDENCIES	Run test suite	2026-10-02T14:06:34.8820565Z             original = target.[91m__dict__[39;49;00m[name][90m[39;49;00m
PRE-RELEASE DEPENDENCIES	Run test suite	2026-10-02T14:06:34.8821140Z         [94mexcept[39;49;00m ([96mAttributeError[39;49;00m, [96mKeyError[39;49;00m):[90m[39;49;00m
PRE-RELEASE DEPENDENCIES	Run test suite	2026-10-02T14:06:34.8821718Z             original = [96mgetattr[39;49;00m(target, name, DEFAULT)[90m[39;49;00m
PRE-RELEASE DEPENDENCIES	Run test suite	2026-10-02T14:06:34.8822139Z         [94melse[39;49;00m:[90m[39;49;00m
PRE-RELEASE DEPENDENCIES	Run test suite	2026-10-02T14:06:34.8822470Z             local = [94mTrue[39;49;00m[90m[39;49;00m
PRE-RELEASE DEPENDENCIES	Run test suite	2026-10-02T14:06:34.8822764Z     [90m[39;49;00m
PRE-RELEASE DEPENDENCIES	Run test suite	2026-10-02T14:06:34.8823318Z         [94mif[39;49;00m name [95min[39;49;00m _builtins [95mand[39;49;00m [96misinstance[39;49;00m(target, ModuleType):[90m[39;49;00m
PRE-RELEASE DEPENDENCIES	Run test suite	2026-10-02T14:06:34.8824090Z             [96mself[39;49;00m.create = [94mTrue[39;49;00m[90m[39;49;00m
PRE-RELEASE DEPENDENCIES	Run test suite	2026-10-02T14:06:34.8824459Z     [90m[39;49;00m
PRE-RELEASE DEPENDENCIES	Run test suite	2026-10-02T14:06:34.8830545Z         [94mif[39;49;00m [95mnot[39;49;00m [96mself[39;49;00m.create [95mand[39;49;00m original [95mis[39;49;00m DEFAULT:[90m[39;49;00m
PRE-RELEASE DEPENDENCIES	Run test suite	2026-10-02T14:06:34.8831268Z >           [94mraise[39;49;00m [96mAttributeError[39;49;00m([90m[39;49;00m
PRE-RELEASE DEPENDENCIES	Run test suite	2026-10-02T14:06:34.8832016Z                 [33m"[39;49;00m[33m%s[39;49;00m[33m does not have the attribute [39;49;00m[33m%r[39;49;00m[33m"[39;49;00m % (target, name)[90m[39;49;00m
PRE-RELEASE DEPENDENCIES	Run test suite	2026-10-02T14:06:34.8832591Z             )[90m[39;49;00m
PRE-RELEASE DEPENDENCIES	Run test suite	2026-10-02T14:06:34.8833636Z [1m[31mE           AttributeError: <module 'embpy.resources.cellline_annotator' from '/opt/hostedtoolcache/Python/3.12.14/x64/lib/python3.12/site-packages/embpy/resources/cellline_annotator.py'> does not have the attribute '_get_json'[0m
PRE-RELEASE DEPENDENCIES	Run test suite	2026-10-02T14:06:34.8834480Z 
PRE-RELEASE DEPENDENCIES	Run test suite	2026-10-02T14:06:34.8834847Z [1m[31m/opt/hostedtoolcache/Python/3.12.14/x64/lib/python3.12/unittest/mock.py[0m:1437: AttributeError
PRE-RELEASE DEPENDENCIES	Run test suite	2026-10-02T14:06:34.8835558Z [31m[1m_________ TestWikipediaSource.test_wikipedia_fallback_cell_line_suffix _________[0m
PRE-RELEASE DEPENDENCIES	Run test suite	2026-10-02T14:06:34.8835913Z 
PRE-RELEASE DEPENDENCIES	Run test suite	2026-10-02T14:06:34.8836170Z args = (<tests.embpy.test_cellline_annotator.TestWikipediaSource object at 0x7fa7eec9ab70>,)
PRE-RELEASE DEPENDENCIES	Run test suite	2026-10-02T14:06:34.8836855Z keywargs = {'annotator': <embpy.resources.cellline.annotator.CellLineAnnotator object at 0x7fa7b2e8e870>}
PRE-RELEASE DEPENDENCIES	Run test suite	2026-10-02T14:06:34.8837271Z 
PRE-RELEASE DEPENDENCIES	Run test suite	2026-10-02T14:06:34.8837434Z     [0m[37m@wraps[39;49;00m(func)[90m[39;49;00m
PRE-RELEASE DEPENDENCIES	Run test suite	2026-10-02T14:06:34.8837920Z     [94mdef[39;49;00m[90m [39;49;00m[92mpatched[39;49;00m(*args, **keywargs):[90m[39;49;00m
PRE-RELEASE DEPENDENCIES	Run test suite	2026-10-02T14:06:34.8838510Z >       [94mwith[39;49;00m [96mself[39;49;00m.decoration_helper(patched,[90m[39;49;00m
PRE-RELEASE DEPENDENCIES	Run test suite	2026-10-02T14:06:34.8838963Z                                     args,[90m[39;49;00m
PRE-RELEASE DEPENDENCIES	Run test suite	2026-10-02T14:06:34.8839662Z                                     keywargs) [94mas[39;49;00m (newargs, newkeywargs):[90m[39;49;00m
PRE-RELEASE DEPENDENCIES	Run test suite	2026-10-02T14:06:34.8840037Z 
PRE-RELEASE DEPENDENCIES	Run test suite	2026-10-02T14:06:34.8840362Z [1m[31m/opt/hostedtoolcache/Python/3.12.14/x64/lib/python3.12/unittest/mock.py[0m:1393: 
PRE-RELEASE DEPENDENCIES	Run test suite	2026-10-02T14:06:34.8840855Z _ _ _ _ _ _ _ _ _ _ _ _ _ _ _ _ _ _ _ _ _ _ _ _ _ _ _ _ _ _ _ _ _ _ _ _ _ _ _ _ 
PRE-RELEASE DEPENDENCIES	Run test suite	2026-10-02T14:06:34.8841422Z [1m[31m/opt/hostedtoolcache/Python/3.12.14/x64/lib/python3.12/contextlib.py[0m:137: in __enter__
PRE-RELEASE DEPENDENCIES	Run test suite	2026-10-02T14:06:34.8842049Z     [0m[94mreturn[39;49;00m [96mnext[39;49;00m([96mself[39;49;00m.gen)[90m[39;49;00m
PRE-RELEASE DEPENDENCIES	Run test suite	2026-10-02T14:06:34.8842475Z            ^^^^^^^^^^^^^^[90m[39;49;00m
PRE-RELEASE DEPENDENCIES	Run test suite	2026-10-02T14:06:34.8843017Z [1m[31m/opt/hostedtoolcache/Python/3.12.14/x64/lib/python3.12/unittest/mock.py[0m:1375: in decoration_helper
PRE-RELEASE DEPENDENCIES	Run test suite	2026-10-02T14:06:34.8843608Z     [0marg = exit_stack.enter_context(patching)[90m[39;49;00m
PRE-RELEASE DEPENDENCIES	Run test suite	2026-10-02T14:06:34.8843994Z           ^^^^^^^^^^^^^^^^^^^^^^^^^^^^^^^^^^[90m[39;49;00m
PRE-RELEASE DEPENDENCIES	Run test suite	2026-10-02T14:06:34.8844534Z [1m[31m/opt/hostedtoolcache/Python/3.12.14/x64/lib/python3.12/contextlib.py[0m:526: in enter_context
PRE-RELEASE DEPENDENCIES	Run test suite	2026-10-02T14:06:34.8845043Z     [0mresult = _enter(cm)[90m[39;49;00m
PRE-RELEASE DEPENDENCIES	Run test suite	2026-10-02T14:06:34.8845343Z              ^^^^^^^^^^[90m[39;49;00m
PRE-RELEASE DEPENDENCIES	Run test suite	2026-10-02T14:06:34.8846024Z [1m[31m/opt/hostedtoolcache/Python/3.12.14/x64/lib/python3.12/unittest/mock.py[0m:1467: in __enter__
PRE-RELEASE DEPENDENCIES	Run test suite	2026-10-02T14:06:34.8846621Z     [0moriginal, local = [96mself[39;49;00m.get_original()[90m[39;49;00m
PRE-RELEASE DEPENDENCIES	Run test suite	2026-10-02T14:06:34.8847036Z                       ^^^^^^^^^^^^^^^^^^^[90m[39;49;00m
PRE-RELEASE DEPENDENCIES	Run test suite	2026-10-02T14:06:34.8847356Z _ _ _ _ _ _ _ _ _ _ _ _ _ _ _ _ _ _ _ _ _ _ _ _ _ _ _ _ _ _ _ _ _ _ _ _ _ _ _ _ 
PRE-RELEASE DEPENDENCIES	Run test suite	2026-10-02T14:06:34.8847588Z 
PRE-RELEASE DEPENDENCIES	Run test suite	2026-10-02T14:06:34.8847728Z self = <unittest.mock._patch object at 0x7fa7eec9b4d0>
PRE-RELEASE DEPENDENCIES	Run test suite	2026-10-02T14:06:34.8847949Z 
PRE-RELEASE DEPENDENCIES	Run test suite	2026-10-02T14:06:34.8848282Z     [0m[94mdef[39;49;00m[90m [39;49;00m[92mget_original[39;49;00m([96mself[39;49;00m):[90m[39;49;00m
PRE-RELEASE DEPENDENCIES	Run test suite	2026-10-02T14:06:34.8848925Z         target = [96mself[39;49;00m.getter()[90m[39;49;00m
PRE-RELEASE DEPENDENCIES	Run test suite	2026-10-02T14:06:34.8849326Z         name = [96mself[39;49;00m.attribute[90m[39;49;00m
PRE-RELEASE DEPENDENCIES	Run test suite	2026-10-02T14:06:34.8849793Z     [90m[39;49;00m
PRE-RELEASE DEPENDENCIES	Run test suite	2026-10-02T14:06:34.8850059Z         original = DEFAULT[90m[39;49;00m
PRE-RELEASE DEPENDENCIES	Run test suite	2026-10-02T14:06:34.8850397Z         local = [94mFalse[39;49;00m[90m[39;49;00m
PRE-RELEASE DEPENDENCIES	Run test suite	2026-10-02T14:06:34.8850692Z     [90m[39;49;00m
PRE-RELEASE DEPENDENCIES	Run test suite	2026-10-02T14:06:34.8850940Z         [94mtry[39;49;00m:[90m[39;49;00m
PRE-RELEASE DEPENDENCIES	Run test suite	2026-10-02T14:06:34.8851331Z             original = target.[91m__dict__[39;49;00m[name][90m[39;49;00m
PRE-RELEASE DEPENDENCIES	Run test suite	2026-10-02T14:06:34.8851920Z         [94mexcept[39;49;00m ([96mAttributeError[39;49;00m, [96mKeyError[39;49;00m):[90m[39;49;00m
PRE-RELEASE DEPENDENCIES	Run test suite	2026-10-02T14:06:34.8852511Z             original = [96mgetattr[39;49;00m(target, name, DEFAULT)[90m[39;49;00m
PRE-RELEASE DEPENDENCIES	Run test suite	2026-10-02T14:06:34.8852930Z         [94melse[39;49;00m:[90m[39;49;00m
PRE-RELEASE DEPENDENCIES	Run test suite	2026-10-02T14:06:34.8853260Z             local = [94mTrue[39;49;00m[90m[39;49;00m
PRE-RELEASE DEPENDENCIES	Run test suite	2026-10-02T14:06:34.8853561Z     [90m[39;49;00m
PRE-RELEASE DEPENDENCIES	Run test suite	2026-10-02T14:06:34.8854118Z         [94mif[39;49;00m name [95min[39;49;00m _builtins [95mand[39;49;00m [96misinstance[39;49;00m(target, ModuleType):[90m[39;49;00m
PRE-RELEASE DEPENDENCIES	Run test suite	2026-10-02T14:06:34.8854771Z             [96mself[39;49;00m.create = [94mTrue[39;49;00m[90m[39;49;00m
PRE-RELEASE DEPENDENCIES	Run test suite	2026-10-02T14:06:34.8855128Z     [90m[39;49;00m
PRE-RELEASE DEPENDENCIES	Run test suite	2026-10-02T14:06:34.8855689Z         [94mif[39;49;00m [95mnot[39;49;00m [96mself[39;49;00m.create [95mand[39;49;00m original [95mis[39;49;00m DEFAULT:[90m[39;49;00m
PRE-RELEASE DEPENDENCIES	Run test suite	2026-10-02T14:06:34.8856343Z >           [94mraise[39;49;00m [96mAttributeError[39;49;00m([90m[39;49;00m
PRE-RELEASE DEPENDENCIES	Run test suite	2026-10-02T14:06:34.8953819Z                 [33m"[39;49;00m[33m%s[39;49;00m[33m does not have the attribute [39;49;00m[33m%r[39;49;00m[33m"[39;49;00m % (target, name)[90m[39;49;00m
PRE-RELEASE DEPENDENCIES	Run test suite	2026-10-02T14:06:34.8954645Z             )[90m[39;49;00m
PRE-RELEASE DEPENDENCIES	Run test suite	2026-10-02T14:06:34.8955697Z [1m[31mE           AttributeError: <module 'embpy.resources.cellline_annotator' from '/opt/hostedtoolcache/Python/3.12.14/x64/lib/python3.12/site-packages/embpy/resources/cellline_annotator.py'> does not have the attribute '_get_json'[0m
PRE-RELEASE DEPENDENCIES	Run test suite	2026-10-02T14:06:34.8956552Z 
PRE-RELEASE DEPENDENCIES	Run test suite	2026-10-02T14:06:34.8956951Z [1m[31m/opt/hostedtoolcache/Python/3.12.14/x64/lib/python3.12/unittest/mock.py[0m:1437: AttributeError
PRE-RELEASE DEPENDENCIES	Run test suite	2026-10-02T14:06:34.8957643Z [31m[1m_________________ TestWikipediaSource.test_wikipedia_not_found _________________[0m
PRE-RELEASE DEPENDENCIES	Run test suite	2026-10-02T14:06:34.8957980Z 
PRE-RELEASE DEPENDENCIES	Run test suite	2026-10-02T14:06:34.8958238Z args = (<tests.embpy.test_cellline_annotator.TestWikipediaSource object at 0x7fa7eec9b410>,)
PRE-RELEASE DEPENDENCIES	Run test suite	2026-10-02T14:06:34.8958914Z keywargs = {'annotator': <embpy.resources.cellline.annotator.CellLineAnnotator object at 0x7fa7b2e8f650>}
PRE-RELEASE DEPENDENCIES	Run test suite	2026-10-02T14:06:34.8959336Z 
PRE-RELEASE DEPENDENCIES	Run test suite	2026-10-02T14:06:34.8959787Z     [0m[37m@wraps[39;49;00m(func)[90m[39;49;00m
PRE-RELEASE DEPENDENCIES	Run test suite	2026-10-02T14:06:34.8960295Z     [94mdef[39;49;00m[90m [39;49;00m[92mpatched[39;49;00m(*args, **keywargs):[90m[39;49;00m
PRE-RELEASE DEPENDENCIES	Run test suite	2026-10-02T14:06:34.8960877Z >       [94mwith[39;49;00m [96mself[39;49;00m.decoration_helper(patched,[90m[39;49;00m
PRE-RELEASE DEPENDENCIES	Run test suite	2026-10-02T14:06:34.8961363Z                                     args,[90m[39;49;00m
PRE-RELEASE DEPENDENCIES	Run test suite	2026-10-02T14:06:34.8961833Z                                     keywargs) [94mas[39;49;00m (newargs, newkeywargs):[90m[39;49;00m
PRE-RELEASE DEPENDENCIES	Run test suite	2026-10-02T14:06:34.8962313Z 
PRE-RELEASE DEPENDENCIES	Run test suite	2026-10-02T14:06:34.8962626Z [1m[31m/opt/hostedtoolcache/Python/3.12.14/x64/lib/python3.12/unittest/mock.py[0m:1393: 
PRE-RELEASE DEPENDENCIES	Run test suite	2026-10-02T14:06:34.8963101Z _ _ _ _ _ _ _ _ _ _ _ _ _ _ _ _ _ _ _ _ _ _ _ _ _ _ _ _ _ _ _ _ _ _ _ _ _ _ _ _ 
PRE-RELEASE DEPENDENCIES	Run test suite	2026-10-02T14:06:34.8963656Z [1m[31m/opt/hostedtoolcache/Python/3.12.14/x64/lib/python3.12/contextlib.py[0m:137: in __enter__
PRE-RELEASE DEPENDENCIES	Run test suite	2026-10-02T14:06:34.8964286Z     [0m[94mreturn[39;49;00m [96mnext[39;49;00m([96mself[39;49;00m.gen)[90m[39;49;00m
PRE-RELEASE DEPENDENCIES	Run test suite	2026-10-02T14:06:34.8964701Z            ^^^^^^^^^^^^^^[90m[39;49;00m
PRE-RELEASE DEPENDENCIES	Run test suite	2026-10-02T14:06:34.8965242Z [1m[31m/opt/hostedtoolcache/Python/3.12.14/x64/lib/python3.12/unittest/mock.py[0m:1375: in decoration_helper
PRE-RELEASE DEPENDENCIES	Run test suite	2026-10-02T14:06:34.8965954Z     [0marg = exit_stack.enter_context(patching)[90m[39;49;00m
PRE-RELEASE DEPENDENCIES	Run test suite	2026-10-02T14:06:34.8966340Z           ^^^^^^^^^^^^^^^^^^^^^^^^^^^^^^^^^^[90m[39;49;00m
PRE-RELEASE DEPENDENCIES	Run test suite	2026-10-02T14:06:34.8966873Z [1m[31m/opt/hostedtoolcache/Python/3.12.14/x64/lib/python3.12/contextlib.py[0m:526: in enter_context
PRE-RELEASE DEPENDENCIES	Run test suite	2026-10-02T14:06:34.8967375Z     [0mresult = _enter(cm)[90m[39;49;00m
PRE-RELEASE DEPENDENCIES	Run test suite	2026-10-02T14:06:34.8967671Z              ^^^^^^^^^^[90m[39;49;00m
PRE-RELEASE DEPENDENCIES	Run test suite	2026-10-02T14:06:34.8968172Z [1m[31m/opt/hostedtoolcache/Python/3.12.14/x64/lib/python3.12/unittest/mock.py[0m:1467: in __enter__
PRE-RELEASE DEPENDENCIES	Run test suite	2026-10-02T14:06:34.8968764Z     [0moriginal, local = [96mself[39;49;00m.get_original()[90m[39;49;00m
PRE-RELEASE DEPENDENCIES	Run test suite	2026-10-02T14:06:34.8969181Z                       ^^^^^^^^^^^^^^^^^^^[90m[39;49;00m
PRE-RELEASE DEPENDENCIES	Run test suite	2026-10-02T14:06:34.8969686Z _ _ _ _ _ _ _ _ _ _ _ _ _ _ _ _ _ _ _ _ _ _ _ _ _ _ _ _ _ _ _ _ _ _ _ _ _ _ _ _ 
PRE-RELEASE DEPENDENCIES	Run test suite	2026-10-02T14:06:34.8969934Z 
PRE-RELEASE DEPENDENCIES	Run test suite	2026-10-02T14:06:34.8970069Z self = <unittest.mock._patch object at 0x7fa7eec9b6e0>
PRE-RELEASE DEPENDENCIES	Run test suite	2026-10-02T14:06:34.8970297Z 
PRE-RELEASE DEPENDENCIES	Run test suite	2026-10-02T14:06:34.8970633Z     [0m[94mdef[39;49;00m[90m [39;49;00m[92mget_original[39;49;00m([96mself[39;49;00m):[90m[39;49;00m
PRE-RELEASE DEPENDENCIES	Run test suite	2026-10-02T14:06:34.8971154Z         target = [96mself[39;49;00m.getter()[90m[39;49;00m
PRE-RELEASE DEPENDENCIES	Run test suite	2026-10-02T14:06:34.8971559Z         name = [96mself[39;49;00m.attribute[90m[39;49;00m
PRE-RELEASE DEPENDENCIES	Run test suite	2026-10-02T14:06:34.8971880Z     [90m[39;49;00m
PRE-RELEASE DEPENDENCIES	Run test suite	2026-10-02T14:06:34.8972132Z         original = DEFAULT[90m[39;49;00m
PRE-RELEASE DEPENDENCIES	Run test suite	2026-10-02T14:06:34.8972461Z         local = [94mFalse[39;49;00m[90m[39;49;00m
PRE-RELEASE DEPENDENCIES	Run test suite	2026-10-02T14:06:34.8972753Z     [90m[39;49;00m
PRE-RELEASE DEPENDENCIES	Run test suite	2026-10-02T14:06:34.8972999Z         [94mtry[39;49;00m:[90m[39;49;00m
PRE-RELEASE DEPENDENCIES	Run test suite	2026-10-02T14:06:34.8973389Z             original = target.[91m__dict__[39;49;00m[name][90m[39;49;00m
PRE-RELEASE DEPENDENCIES	Run test suite	2026-10-02T14:06:34.8973974Z         [94mexcept[39;49;00m ([96mAttributeError[39;49;00m, [96mKeyError[39;49;00m):[90m[39;49;00m
PRE-RELEASE DEPENDENCIES	Run test suite	2026-10-02T14:06:34.8974556Z             original = [96mgetattr[39;49;00m(target, name, DEFAULT)[90m[39;49;00m
PRE-RELEASE DEPENDENCIES	Run test suite	2026-10-02T14:06:34.8974983Z         [94melse[39;49;00m:[90m[39;49;00m
PRE-RELEASE DEPENDENCIES	Run test suite	2026-10-02T14:06:34.8975309Z             local = [94mTrue[39;49;00m[90m[39;49;00m
PRE-RELEASE DEPENDENCIES	Run test suite	2026-10-02T14:06:34.8975604Z     [90m[39;49;00m
PRE-RELEASE DEPENDENCIES	Run test suite	2026-10-02T14:06:34.8976159Z         [94mif[39;49;00m name [95min[39;49;00m _builtins [95mand[39;49;00m [96misinstance[39;49;00m(target, ModuleType):[90m[39;49;00m
PRE-RELEASE DEPENDENCIES	Run test suite	2026-10-02T14:06:34.8976815Z             [96mself[39;49;00m.create = [94mTrue[39;49;00m[90m[39;49;00m
PRE-RELEASE DEPENDENCIES	Run test suite	2026-10-02T14:06:34.8977163Z     [90m[39;49;00m
PRE-RELEASE DEPENDENCIES	Run test suite	2026-10-02T14:06:34.8977714Z         [94mif[39;49;00m [95mnot[39;49;00m [96mself[39;49;00m.create [95mand[39;49;00m original [95mis[39;49;00m DEFAULT:[90m[39;49;00m
PRE-RELEASE DEPENDENCIES	Run test suite	2026-10-02T14:06:34.8978368Z >           [94mraise[39;49;00m [96mAttributeError[39;49;00m([90m[39;49;00m
PRE-RELEASE DEPENDENCIES	Run test suite	2026-10-02T14:06:34.8979100Z                 [33m"[39;49;00m[33m%s[39;49;00m[33m does not have the attribute [39;49;00m[33m%r[39;49;00m[33m"[39;49;00m % (target, name)[90m[39;49;00m
PRE-RELEASE DEPENDENCIES	Run test suite	2026-10-02T14:06:34.8979795Z             )[90m[39;49;00m
PRE-RELEASE DEPENDENCIES	Run test suite	2026-10-02T14:06:34.8980836Z [1m[31mE           AttributeError: <module 'embpy.resources.cellline_annotator' from '/opt/hostedtoolcache/Python/3.12.14/x64/lib/python3.12/site-packages/embpy/resources/cellline_annotator.py'> does not have the attribute '_get_json'[0m
PRE-RELEASE DEPENDENCIES	Run test suite	2026-10-02T14:06:34.8981833Z 
PRE-RELEASE DEPENDENCIES	Run test suite	2026-10-02T14:06:34.8982201Z [1m[31m/opt/hostedtoolcache/Python/3.12.14/x64/lib/python3.12/unittest/mock.py[0m:1437: AttributeError
PRE-RELEASE DEPENDENCIES	Run test suite	2026-10-02T14:06:34.8982874Z [31m[1m________________ TestTextDescription.test_get_text_description _________________[0m
PRE-RELEASE DEPENDENCIES	Run test suite	2026-10-02T14:06:34.8983207Z 
PRE-RELEASE DEPENDENCIES	Run test suite	2026-10-02T14:06:34.8983466Z args = (<tests.embpy.test_cellline_annotator.TestTextDescription object at 0x7fa7eec99af0>,)
PRE-RELEASE DEPENDENCIES	Run test suite	2026-10-02T14:06:34.8984137Z keywargs = {'annotator': <embpy.resources.cellline.annotator.CellLineAnnotator object at 0x7fa7b2e8c740>}
PRE-RELEASE DEPENDENCIES	Run test suite	2026-10-02T14:06:34.8984545Z 
PRE-RELEASE DEPENDENCIES	Run test suite	2026-10-02T14:06:34.8984701Z     [0m[37m@wraps[39;49;00m(func)[90m[39;49;00m
PRE-RELEASE DEPENDENCIES	Run test suite	2026-10-02T14:06:34.8985303Z     [94mdef[39;49;00m[90m [39;49;00m[92mpatched[39;49;00m(*args, **keywargs):[90m[39;49;00m
PRE-RELEASE DEPENDENCIES	Run test suite	2026-10-02T14:06:34.8985883Z >       [94mwith[39;49;00m [96mself[39;49;00m.decoration_helper(patched,[90m[39;49;00m
PRE-RELEASE DEPENDENCIES	Run test suite	2026-10-02T14:06:34.8986333Z                                     args,[90m[39;49;00m
PRE-RELEASE DEPENDENCIES	Run test suite	2026-10-02T14:06:34.8986792Z                                     keywargs) [94mas[39;49;00m (newargs, newkeywargs):[90m[39;49;00m
PRE-RELEASE DEPENDENCIES	Run test suite	2026-10-02T14:06:34.8987088Z 
PRE-RELEASE DEPENDENCIES	Run test suite	2026-10-02T14:06:34.8987393Z [1m[31m/opt/hostedtoolcache/Python/3.12.14/x64/lib/python3.12/unittest/mock.py[0m:1393: 
PRE-RELEASE DEPENDENCIES	Run test suite	2026-10-02T14:06:34.8987861Z _ _ _ _ _ _ _ _ _ _ _ _ _ _ _ _ _ _ _ _ _ _ _ _ _ _ _ _ _ _ _ _ _ _ _ _ _ _ _ _ 
PRE-RELEASE DEPENDENCIES	Run test suite	2026-10-02T14:06:34.8988411Z [1m[31m/opt/hostedtoolcache/Python/3.12.14/x64/lib/python3.12/contextlib.py[0m:137: in __enter__
PRE-RELEASE DEPENDENCIES	Run test suite	2026-10-02T14:06:34.8989030Z     [0m[94mreturn[39;49;00m [96mnext[39;49;00m([96mself[39;49;00m.gen)[90m[39;49;00m
PRE-RELEASE DEPENDENCIES	Run test suite	2026-10-02T14:06:34.8989598Z            ^^^^^^^^^^^^^^[90m[39;49;00m
PRE-RELEASE DEPENDENCIES	Run test suite	2026-10-02T14:06:34.8990154Z [1m[31m/opt/hostedtoolcache/Python/3.12.14/x64/lib/python3.12/unittest/mock.py[0m:1375: in decoration_helper
PRE-RELEASE DEPENDENCIES	Run test suite	2026-10-02T14:06:34.8990744Z     [0marg = exit_stack.enter_context(patching)[90m[39;49;00m
PRE-RELEASE DEPENDENCIES	Run test suite	2026-10-02T14:06:34.8991141Z           ^^^^^^^^^^^^^^^^^^^^^^^^^^^^^^^^^^[90m[39;49;00m
PRE-RELEASE DEPENDENCIES	Run test suite	2026-10-02T14:06:34.8991668Z [1m[31m/opt/hostedtoolcache/Python/3.12.14/x64/lib/python3.12/contextlib.py[0m:526: in enter_context
PRE-RELEASE DEPENDENCIES	Run test suite	2026-10-02T14:06:34.8992169Z     [0mresult = _enter(cm)[90m[39;49;00m
PRE-RELEASE DEPENDENCIES	Run test suite	2026-10-02T14:06:34.8992469Z              ^^^^^^^^^^[90m[39;49;00m
PRE-RELEASE DEPENDENCIES	Run test suite	2026-10-02T14:06:34.8992964Z [1m[31m/opt/hostedtoolcache/Python/3.12.14/x64/lib/python3.12/unittest/mock.py[0m:1467: in __enter__
PRE-RELEASE DEPENDENCIES	Run test suite	2026-10-02T14:06:34.8993559Z     [0moriginal, local = [96mself[39;49;00m.get_original()[90m[39;49;00m
PRE-RELEASE DEPENDENCIES	Run test suite	2026-10-02T14:06:34.8993971Z                       ^^^^^^^^^^^^^^^^^^^[90m[39;49;00m
PRE-RELEASE DEPENDENCIES	Run test suite	2026-10-02T14:06:34.8994290Z _ _ _ _ _ _ _ _ _ _ _ _ _ _ _ _ _ _ _ _ _ _ _ _ _ _ _ _ _ _ _ _ _ _ _ _ _ _ _ _ 
PRE-RELEASE DEPENDENCIES	Run test suite	2026-10-02T14:06:34.8994525Z 
PRE-RELEASE DEPENDENCIES	Run test suite	2026-10-02T14:06:34.8994665Z self = <unittest.mock._patch object at 0x7fa7eec9b980>
PRE-RELEASE DEPENDENCIES	Run test suite	2026-10-02T14:06:34.8994882Z 
PRE-RELEASE DEPENDENCIES	Run test suite	2026-10-02T14:06:34.8995212Z     [0m[94mdef[39;49;00m[90m [39;49;00m[92mget_original[39;49;00m([96mself[39;49;00m):[90m[39;49;00m
PRE-RELEASE DEPENDENCIES	Run test suite	2026-10-02T14:06:34.8995732Z         target = [96mself[39;49;00m.getter()[90m[39;49;00m
PRE-RELEASE DEPENDENCIES	Run test suite	2026-10-02T14:06:34.8996121Z         name = [96mself[39;49;00m.attribute[90m[39;49;00m
PRE-RELEASE DEPENDENCIES	Run test suite	2026-10-02T14:06:34.8996438Z     [90m[39;49;00m
PRE-RELEASE DEPENDENCIES	Run test suite	2026-10-02T14:06:34.8996687Z         original = DEFAULT[90m[39;49;00m
PRE-RELEASE DEPENDENCIES	Run test suite	2026-10-02T14:06:34.8997011Z         local = [94mFalse[39;49;00m[90m[39;49;00m
PRE-RELEASE DEPENDENCIES	Run test suite	2026-10-02T14:06:34.8997304Z     [90m[39;49;00m
PRE-RELEASE DEPENDENCIES	Run test suite	2026-10-02T14:06:34.8997547Z         [94mtry[39;49;00m:[90m[39;49;00m
PRE-RELEASE DEPENDENCIES	Run test suite	2026-10-02T14:06:34.8997940Z             original = target.[91m__dict__[39;49;00m[name][90m[39;49;00m
PRE-RELEASE DEPENDENCIES	Run test suite	2026-10-02T14:06:34.8998513Z         [94mexcept[39;49;00m ([96mAttributeError[39;49;00m, [96mKeyError[39;49;00m):[90m[39;49;00m
PRE-RELEASE DEPENDENCIES	Run test suite	2026-10-02T14:06:34.8999100Z             original = [96mgetattr[39;49;00m(target, name, DEFAULT)[90m[39;49;00m
PRE-RELEASE DEPENDENCIES	Run test suite	2026-10-02T14:06:34.8999795Z         [94melse[39;49;00m:[90m[39;49;00m
PRE-RELEASE DEPENDENCIES	Run test suite	2026-10-02T14:06:34.9000288Z             local = [94mTrue[39;49;00m[90m[39;49;00m
PRE-RELEASE DEPENDENCIES	Run test suite	2026-10-02T14:06:34.9000584Z     [90m[39;49;00m
PRE-RELEASE DEPENDENCIES	Run test suite	2026-10-02T14:06:34.9001138Z         [94mif[39;49;00m name [95min[39;49;00m _builtins [95mand[39;49;00m [96misinstance[39;49;00m(target, ModuleType):[90m[39;49;00m
PRE-RELEASE DEPENDENCIES	Run test suite	2026-10-02T14:06:34.9001788Z             [96mself[39;49;00m.create = [94mTrue[39;49;00m[90m[39;49;00m
PRE-RELEASE DEPENDENCIES	Run test suite	2026-10-02T14:06:34.9002146Z     [90m[39;49;00m
PRE-RELEASE DEPENDENCIES	Run test suite	2026-10-02T14:06:34.9002699Z         [94mif[39;49;00m [95mnot[39;49;00m [96mself[39;49;00m.create [95mand[39;49;00m original [95mis[39;49;00m DEFAULT:[90m[39;49;00m
PRE-RELEASE DEPENDENCIES	Run test suite	2026-10-02T14:06:34.9003354Z >           [94mraise[39;49;00m [96mAttributeError[39;49;00m([90m[39;49;00m
PRE-RELEASE DEPENDENCIES	Run test suite	2026-10-02T14:06:34.9004083Z                 [33m"[39;49;00m[33m%s[39;49;00m[33m does not have the attribute [39;49;00m[33m%r[39;49;00m[33m"[39;49;00m % (target, name)[90m[39;49;00m
PRE-RELEASE DEPENDENCIES	Run test suite	2026-10-02T14:06:34.9004808Z             )[90m[39;49;00m
PRE-RELEASE DEPENDENCIES	Run test suite	2026-10-02T14:06:34.9005837Z [1m[31mE           AttributeError: <module 'embpy.resources.cellline_annotator' from '/opt/hostedtoolcache/Python/3.12.14/x64/lib/python3.12/site-packages/embpy/resources/cellline_annotator.py'> does not have the attribute '_get_json'[0m
PRE-RELEASE DEPENDENCIES	Run test suite	2026-10-02T14:06:34.9006675Z 
PRE-RELEASE DEPENDENCIES	Run test suite	2026-10-02T14:06:34.9007035Z [1m[31m/opt/hostedtoolcache/Python/3.12.14/x64/lib/python3.12/unittest/mock.py[0m:1437: AttributeError
PRE-RELEASE DEPENDENCIES	Run test suite	2026-10-02T14:06:34.9007708Z [31m[1m________ test_default_patterns_do_not_match_real_genes[CONTROL_GENE_X] _________[0m
PRE-RELEASE DEPENDENCIES	Run test suite	2026-10-02T14:06:34.9008039Z 
PRE-RELEASE DEPENDENCIES	Run test suite	2026-10-02T14:06:34.9008124Z label = 'CONTROL_GENE_X'
PRE-RELEASE DEPENDENCIES	Run test suite	2026-10-02T14:06:34.9008262Z 
PRE-RELEASE DEPENDENCIES	Run test suite	2026-10-02T14:06:34.9008456Z     [0m[37m@pytest[39;49;00m.mark.parametrize([90m[39;49;00m
PRE-RELEASE DEPENDENCIES	Run test suite	2026-10-02T14:06:34.9008904Z         [33m"[39;49;00m[33mlabel[39;49;00m[33m"[39;49;00m,[90m[39;49;00m
PRE-RELEASE DEPENDENCIES	Run test suite	2026-10-02T14:06:34.9009263Z         [[90m[39;49;00m
PRE-RELEASE DEPENDENCIES	Run test suite	2026-10-02T14:06:34.9078988Z             [33m"[39;49;00m[33mNTRK1[39;49;00m[33m"[39;49;00m,        [90m# real gene starting with NT[39;49;00m[90m[39;49;00m
PRE-RELEASE DEPENDENCIES	Run test suite	2026-10-02T14:06:34.9080581Z             [33m"[39;49;00m[33mNT5C2[39;49;00m[33m"[39;49;00m,        [90m# real gene starting with NT[39;49;00m[90m[39;49;00m
PRE-RELEASE DEPENDENCIES	Run test suite	2026-10-02T14:06:34.9081527Z             [33m"[39;49;00m[33mNT5C3A[39;49;00m[33m"[39;49;00m,       [90m# real gene starting with NT[39;49;00m[90m[39;49;00m
PRE-RELEASE DEPENDENCIES	Run test suite	2026-10-02T14:06:34.9082510Z             [33m"[39;49;00m[33mCTRL2[39;49;00m[33m"[39;49;00m,        [90m# real gene literally named CTRL2 in some libraries[39;49;00m[90m[39;49;00m
PRE-RELEASE DEPENDENCIES	Run test suite	2026-10-02T14:06:34.9083523Z             [33m"[39;49;00m[33mCONTROL_GENE_X[39;49;00m[33m"[39;49;00m,  [90m# not in the matched set; only "control" prefix + non-alnum tail matches[39;49;00m[90m[39;49;00m
PRE-RELEASE DEPENDENCIES	Run test suite	2026-10-02T14:06:34.9084302Z             [33m"[39;49;00m[33mTP53[39;49;00m[33m"[39;49;00m,[90m[39;49;00m
PRE-RELEASE DEPENDENCIES	Run test suite	2026-10-02T14:06:34.9084772Z             [33m"[39;49;00m[33mMYC[39;49;00m[33m"[39;49;00m,[90m[39;49;00m
PRE-RELEASE DEPENDENCIES	Run test suite	2026-10-02T14:06:34.9085237Z             [33m"[39;49;00m[33mBRCA1[39;49;00m[33m"[39;49;00m,[90m[39;49;00m
PRE-RELEASE DEPENDENCIES	Run test suite	2026-10-02T14:06:34.9085708Z             [33m"[39;49;00m[33mAARS1[39;49;00m[33m"[39;49;00m,[90m[39;49;00m
PRE-RELEASE DEPENDENCIES	Run test suite	2026-10-02T14:06:34.9086390Z             [33m"[39;49;00m[33mNTCRELATEDGENE[39;49;00m[33m"[39;49;00m,  [90m# No separator; not "NTC[-_]..." form[39;49;00m[90m[39;49;00m
PRE-RELEASE DEPENDENCIES	Run test suite	2026-10-02T14:06:34.9086937Z         ],[90m[39;49;00m
PRE-RELEASE DEPENDENCIES	Run test suite	2026-10-02T14:06:34.9087176Z     )[90m[39;49;00m
PRE-RELEASE DEPENDENCIES	Run test suite	2026-10-02T14:06:34.9087840Z     [94mdef[39;49;00m[90m [39;49;00m[92mtest_default_patterns_do_not_match_real_genes[39;49;00m(label: [96mstr[39;49;00m) -> [94mNone[39;49;00m:[90m[39;49;00m
PRE-RELEASE DEPENDENCIES	Run test suite	2026-10-02T14:06:34.9088540Z         policy = ControlPolicy.default()[90m[39;49;00m
PRE-RELEASE DEPENDENCIES	Run test suite	2026-10-02T14:06:34.9089037Z >       [94massert[39;49;00m [95mnot[39;49;00m policy.is_control(label), ([90m[39;49;00m
PRE-RELEASE DEPENDENCIES	Run test suite	2026-10-02T14:06:34.9090179Z             [33mf[39;49;00m[33m"[39;49;00m[33m{[39;49;00mlabel[33m!r}[39;49;00m[33m should NOT match any control pattern but did[39;49;00m[33m"[39;49;00m[90m[39;49;00m
PRE-RELEASE DEPENDENCIES	Run test suite	2026-10-02T14:06:34.9090990Z         )[90m[39;49;00m
PRE-RELEASE DEPENDENCIES	Run test suite	2026-10-02T14:06:34.9091449Z [1m[31mE       AssertionError: 'CONTROL_GENE_X' should NOT match any control pattern but did[0m
PRE-RELEASE DEPENDENCIES	Run test suite	2026-10-02T14:06:34.9091921Z [1m[31mE       assert not True[0m
PRE-RELEASE DEPENDENCIES	Run test suite	2026-10-02T14:06:34.9092274Z [1m[31mE        +  where True = is_control('CONTROL_GENE_X')[0m
PRE-RELEASE DEPENDENCIES	Run test suite	2026-10-02T14:06:34.9093442Z [1m[31mE        +    where is_control = ControlPolicy(patterns=('^non[-_]?targeting(_.+)?$', '^NTC([-_].*)?$', '^NT[0-9]+$', '^control([-_].*)?$', '^ctrl([-_].*)?$', '^safe[-_]?harbor([-_].*)?$', '^AAVS1([-_].*)?$', '^scramble[d]?([-_].*)?$', '^empty[-_]?vector([-_].*)?$'), extra_labels=(), strict=False).is_control[0m
PRE-RELEASE DEPENDENCIES	Run test suite	2026-10-02T14:06:34.9094398Z 
PRE-RELEASE DEPENDENCIES	Run test suite	2026-10-02T14:06:34.9094620Z [1m[31mtests/embpy/test_control_policy.py[0m:73: AssertionError
PRE-RELEASE DEPENDENCIES	Run test suite	2026-10-02T14:06:34.9095152Z [31m[1m____________________ TestNameToSmiles.test_fallback_to_cid _____________________[0m
PRE-RELEASE DEPENDENCIES	Run test suite	2026-10-02T14:06:34.9095481Z 
PRE-RELEASE DEPENDENCIES	Run test suite	2026-10-02T14:06:34.9095708Z self = <tests.embpy.test_drug_resolver.TestNameToSmiles object at 0x7fa7eecfdeb0>
PRE-RELEASE DEPENDENCIES	Run test suite	2026-10-02T14:06:34.9096265Z resolver = <embpy.resources.molecule.resolver.DrugResolver object at 0x7fa7a80558b0>
PRE-RELEASE DEPENDENCIES	Run test suite	2026-10-02T14:06:34.9096608Z 
PRE-RELEASE DEPENDENCIES	Run test suite	2026-10-02T14:06:34.9097008Z     [0m[94mdef[39;49;00m[90m [39;49;00m[92mtest_fallback_to_cid[39;49;00m([96mself[39;49;00m, resolver):[90m[39;49;00m
PRE-RELEASE DEPENDENCIES	Run test suite	2026-10-02T14:06:34.9097571Z         call_count = [[94m0[39;49;00m][90m[39;49;00m
PRE-RELEASE DEPENDENCIES	Run test suite	2026-10-02T14:06:34.9097874Z     [90m[39;49;00m
PRE-RELEASE DEPENDENCIES	Run test suite	2026-10-02T14:06:34.9098288Z         [94mdef[39;49;00m[90m [39;49;00m[92mside_effect[39;49;00m(url, **kwargs):[90m[39;49;00m
PRE-RELEASE DEPENDENCIES	Run test suite	2026-10-02T14:06:34.9098823Z             call_count[[94m0[39;49;00m] += [94m1[39;49;00m[90m[39;49;00m
PRE-RELEASE DEPENDENCIES	Run test suite	2026-10-02T14:06:34.9099223Z             mock = MagicMock()[90m[39;49;00m
PRE-RELEASE DEPENDENCIES	Run test suite	2026-10-02T14:06:34.9099830Z             mock.raise_for_status = MagicMock()[90m[39;49;00m
PRE-RELEASE DEPENDENCIES	Run test suite	2026-10-02T14:06:34.9100161Z     [90m[39;49;00m
PRE-RELEASE DEPENDENCIES	Run test suite	2026-10-02T14:06:34.9100557Z             [94mif[39;49;00m call_count[[94m0[39;49;00m] == [94m1[39;49;00m:[90m[39;49;00m
PRE-RELEASE DEPENDENCIES	Run test suite	2026-10-02T14:06:34.9101326Z                 mock.raise_for_status.side_effect = [96mException[39;49;00m([33m"[39;49;00m[33mNot found[39;49;00m[33m"[39;49;00m)[90m[39;49;00m
PRE-RELEASE DEPENDENCIES	Run test suite	2026-10-02T14:06:34.9101947Z                 [94mreturn[39;49;00m mock[90m[39;49;00m
PRE-RELEASE DEPENDENCIES	Run test suite	2026-10-02T14:06:34.9102434Z             [94melif[39;49;00m call_count[[94m0[39;49;00m] == [94m2[39;49;00m:[90m[39;49;00m
PRE-RELEASE DEPENDENCIES	Run test suite	2026-10-02T14:06:34.9103354Z                 mock.json.return_value = {[33m"[39;49;00m[33mIdentifierList[39;49;00m[33m"[39;49;00m: {[33m"[39;49;00m[33mCID[39;49;00m[33m"[39;49;00m: [[94m702[39;49;00m]}}[90m[39;49;00m
PRE-RELEASE DEPENDENCIES	Run test suite	2026-10-02T14:06:34.9104088Z                 [94mreturn[39;49;00m mock[90m[39;49;00m
PRE-RELEASE DEPENDENCIES	Run test suite	2026-10-02T14:06:34.9104427Z             [94melse[39;49;00m:[90m[39;49;00m
PRE-RELEASE DEPENDENCIES	Run test suite	2026-10-02T14:06:34.9105547Z                 mock.json.return_value = {[33m"[39;49;00m[33mPropertyTable[39;49;00m[33m"[39;49;00m: {[33m"[39;49;00m[33mProperties[39;49;00m[33m"[39;49;00m: [{[33m"[39;49;00m[33mIsomericSMILES[39;49;00m[33m"[39;49;00m: [33m"[39;49;00m[33mCCO[39;49;00m[33m"[39;49;00m}]}}[90m[39;49;00m
PRE-RELEASE DEPENDENCIES	Run test suite	2026-10-02T14:06:34.9106533Z                 [94mreturn[39;49;00m mock[90m[39;49;00m
PRE-RELEASE DEPENDENCIES	Run test suite	2026-10-02T14:06:34.9106833Z     [90m[39;49;00m
PRE-RELEASE DEPENDENCIES	Run test suite	2026-10-02T14:06:34.9107501Z         [94mwith[39;49;00m patch([33m"[39;49;00m[33membpy.resources.drug_resolver.requests.get[39;49;00m[33m"[39;49;00m, side_effect=side_effect):[90m[39;49;00m
PRE-RELEASE DEPENDENCIES	Run test suite	2026-10-02T14:06:34.9108396Z >           result = resolver.name_to_smiles([33m"[39;49;00m[33methanol[39;49;00m[33m"[39;49;00m)[90m[39;49;00m
PRE-RELEASE DEPENDENCIES	Run test suite	2026-10-02T14:06:34.9108940Z                      ^^^^^^^^^^^^^^^^^^^^^^^^^^^^^^^^^^[90m[39;49;00m
PRE-RELEASE DEPENDENCIES	Run test suite	2026-10-02T14:06:34.9109149Z 
PRE-RELEASE DEPENDENCIES	Run test suite	2026-10-02T14:06:34.9109321Z [1m[31mtests/embpy/test_drug_resolver.py[0m:54: 
PRE-RELEASE DEPENDENCIES	Run test suite	2026-10-02T14:06:34.9109791Z _ _ _ _ _ _ _ _ _ _ _ _ _ _ _ _ _ _ _ _ _ _ _ _ _ _ _ _ _ _ _ _ _ _ _ _ _ _ _ _ 
PRE-RELEASE DEPENDENCIES	Run test suite	2026-10-02T14:06:34.9110681Z [1m[31m/opt/hostedtoolcache/Python/3.12.14/x64/lib/python3.12/site-packages/embpy/resources/molecule/resolver.py[0m:403: in name_to_smiles
PRE-RELEASE DEPENDENCIES	Run test suite	2026-10-02T14:06:34.9111519Z     [0m[94mreturn[39;49;00m [96mself[39;49;00m.name_to_smiles_resolved(name).smiles[90m[39;49;00m
PRE-RELEASE DEPENDENCIES	Run test suite	2026-10-02T14:06:34.9112014Z            ^^^^^^^^^^^^^^^^^^^^^^^^^^^^^^^^^^[90m[39;49;00m
PRE-RELEASE DEPENDENCIES	Run test suite	2026-10-02T14:06:34.9112757Z [1m[31m/opt/hostedtoolcache/Python/3.12.14/x64/lib/python3.12/site-packages/embpy/resources/molecule/resolver.py[0m:423: in name_to_smiles_resolved
PRE-RELEASE DEPENDENCIES	Run test suite	2026-10-02T14:06:34.9113525Z     [0mres = [96mself[39;49;00m._resolve_with_source(variant)[90m[39;49;00m
PRE-RELEASE DEPENDENCIES	Run test suite	2026-10-02T14:06:34.9113947Z           ^^^^^^^^^^^^^^^^^^^^^^^^^^^^^^^^^^[90m[39;49;00m
PRE-RELEASE DEPENDENCIES	Run test suite	2026-10-02T14:06:34.9114774Z [1m[31m/opt/hostedtoolcache/Python/3.12.14/x64/lib/python3.12/site-packages/embpy/resources/molecule/resolver.py[0m:314: in _resolve_with_source
PRE-RELEASE DEPENDENCIES	Run test suite	2026-10-02T14:06:34.9115438Z     [0mjs = _get_json(url)[90m[39;49;00m
PRE-RELEASE DEPENDENCIES	Run test suite	2026-10-02T14:06:34.9115736Z          ^^^^^^^^^^^^^^[90m[39;49;00m
PRE-RELEASE DEPENDENCIES	Run test suite	2026-10-02T14:06:34.9116368Z [1m[31m/opt/hostedtoolcache/Python/3.12.14/x64/lib/python3.12/site-packages/embpy/resources/molecule/resolver.py[0m:87: in _get_json
PRE-RELEASE DEPENDENCIES	Run test suite	2026-10-02T14:06:34.9116993Z     [0mr.raise_for_status()[90m[39;49;00m
PRE-RELEASE DEPENDENCIES	Run test suite	2026-10-02T14:06:34.9117514Z [1m[31m/opt/hostedtoolcache/Python/3.12.14/x64/lib/python3.12/unittest/mock.py[0m:1139: in __call__
PRE-RELEASE DEPENDENCIES	Run test suite	2026-10-02T14:06:34.9118155Z     [0m[94mreturn[39;49;00m [96mself[39;49;00m._mock_call(*args, **kwargs)[90m[39;49;00m
PRE-RELEASE DEPENDENCIES	Run test suite	2026-10-02T14:06:34.9118616Z            ^^^^^^^^^^^^^^^^^^^^^^^^^^^^^^^^[90m[39;49;00m
PRE-RELEASE DEPENDENCIES	Run test suite	2026-10-02T14:06:34.9119147Z [1m[31m/opt/hostedtoolcache/Python/3.12.14/x64/lib/python3.12/unittest/mock.py[0m:1143: in _mock_call
PRE-RELEASE DEPENDENCIES	Run test suite	2026-10-02T14:06:34.9120107Z     [0m[94mreturn[39;49;00m [96mself[39;49;00m._execute_mock_call(*args, **kwargs)[90m[39;49;00m
PRE-RELEASE DEPENDENCIES	Run test suite	2026-10-02T14:06:34.9120604Z            ^^^^^^^^^^^^^^^^^^^^^^^^^^^^^^^^^^^^^^^^[90m[39;49;00m
PRE-RELEASE DEPENDENCIES	Run test suite	2026-10-02T14:06:34.9120947Z _ _ _ _ _ _ _ _ _ _ _ _ _ _ _ _ _ _ _ _ _ _ _ _ _ _ _ _ _ _ _ _ _ _ _ _ _ _ _ _ 
PRE-RELEASE DEPENDENCIES	Run test suite	2026-10-02T14:06:34.9121186Z 
PRE-RELEASE DEPENDENCIES	Run test suite	2026-10-02T14:06:34.9121385Z self = <MagicMock name='mock.raise_for_status' id='140357873902864'>, args = ()
PRE-RELEASE DEPENDENCIES	Run test suite	2026-10-02T14:06:34.9121754Z kwargs = {}
PRE-RELEASE DEPENDENCIES	Run test suite	2026-10-02T14:06:34.9121856Z 
PRE-RELEASE DEPENDENCIES	Run test suite	2026-10-02T14:06:34.9122280Z     [0m[94mdef[39;49;00m[90m [39;49;00m[92m_execute_mock_call[39;49;00m([96mself[39;49;00m, /, *args, **kwargs):[90m[39;49;00m
PRE-RELEASE DEPENDENCIES	Run test suite	2026-10-02T14:06:34.9123037Z         [90m# separate from _increment_mock_call so that awaited functions are[39;49;00m[90m[39;49;00m
PRE-RELEASE DEPENDENCIES	Run test suite	2026-10-02T14:06:34.9123764Z         [90m# executed separately from their call, also AsyncMock overrides this method[39;49;00m[90m[39;49;00m
PRE-RELEASE DEPENDENCIES	Run test suite	2026-10-02T14:06:34.9124259Z     [90m[39;49;00m
PRE-RELEASE DEPENDENCIES	Run test suite	2026-10-02T14:06:34.9124573Z         effect = [96mself[39;49;00m.side_effect[90m[39;49;00m
PRE-RELEASE DEPENDENCIES	Run test suite	2026-10-02T14:06:34.9125116Z         [94mif[39;49;00m effect [95mis[39;49;00m [95mnot[39;49;00m [94mNone[39;49;00m:[90m[39;49;00m
PRE-RELEASE DEPENDENCIES	Run test suite	2026-10-02T14:06:34.9125647Z             [94mif[39;49;00m _is_exception(effect):[90m[39;49;00m
PRE-RELEASE DEPENDENCIES	Run test suite	2026-10-02T14:06:34.9126035Z >               [94mraise[39;49;00m effect[90m[39;49;00m
PRE-RELEASE DEPENDENCIES	Run test suite	2026-10-02T14:06:34.9126384Z [1m[31mE               Exception: Not found[0m
PRE-RELEASE DEPENDENCIES	Run test suite	2026-10-02T14:06:34.9126583Z 
PRE-RELEASE DEPENDENCIES	Run test suite	2026-10-02T14:06:34.9126926Z [1m[31m/opt/hostedtoolcache/Python/3.12.14/x64/lib/python3.12/unittest/mock.py[0m:1198: Exception
PRE-RELEASE DEPENDENCIES	Run test suite	2026-10-02T14:06:34.9127578Z [31m[1m________________ TestNameToSmiles.test_returns_none_on_failure _________________[0m
PRE-RELEASE DEPENDENCIES	Run test suite	2026-10-02T14:06:34.9127908Z 
PRE-RELEASE DEPENDENCIES	Run test suite	2026-10-02T14:06:34.9128128Z self = <tests.embpy.test_drug_resolver.TestNameToSmiles object at 0x7fa7eecfddc0>
PRE-RELEASE DEPENDENCIES	Run test suite	2026-10-02T14:06:34.9128724Z resolver = <embpy.resources.molecule.resolver.DrugResolver object at 0x7fa7ec676360>
PRE-RELEASE DEPENDENCIES	Run test suite	2026-10-02T14:06:34.9129063Z 
PRE-RELEASE DEPENDENCIES	Run test suite	2026-10-02T14:06:34.9129602Z     [0m[94mdef[39;49;00m[90m [39;49;00m[92mtest_returns_none_on_failure[39;49;00m([96mself[39;49;00m, resolver):[90m[39;49;00m
PRE-RELEASE DEPENDENCIES	Run test suite	2026-10-02T14:06:34.9130308Z         mock = MagicMock()[90m[39;49;00m
PRE-RELEASE DEPENDENCIES	Run test suite	2026-10-02T14:06:34.9130944Z         mock.raise_for_status.side_effect = [96mException[39;49;00m([33m"[39;49;00m[33mAPI error[39;49;00m[33m"[39;49;00m)[90m[39;49;00m
PRE-RELEASE DEPENDENCIES	Run test suite	2026-10-02T14:06:34.9131498Z     [90m[39;49;00m
PRE-RELEASE DEPENDENCIES	Run test suite	2026-10-02T14:06:34.9132151Z         [94mwith[39;49;00m patch([33m"[39;49;00m[33membpy.resources.drug_resolver.requests.get[39;49;00m[33m"[39;49;00m, return_value=mock):[90m[39;49;00m
PRE-RELEASE DEPENDENCIES	Run test suite	2026-10-02T14:06:34.9133100Z >           result = resolver.name_to_smiles([33m"[39;49;00m[33mcompletely_fake_drug_xyz[39;49;00m[33m"[39;49;00m)[90m[39;49;00m
PRE-RELEASE DEPENDENCIES	Run test suite	2026-10-02T14:06:34.9252707Z                      ^^^^^^^^^^^^^^^^^^^^^^^^^^^^^^^^^^^^^^^^^^^^^^^^^^^[90m[39;49;00m
PRE-RELEASE DEPENDENCIES	Run test suite	2026-10-02T14:06:34.9253556Z 
PRE-RELEASE DEPENDENCIES	Run test suite	2026-10-02T14:06:34.9253945Z [1m[31mtests/embpy/test_drug_resolver.py[0m:62: 
PRE-RELEASE DEPENDENCIES	Run test suite	2026-10-02T14:06:34.9254401Z _ _ _ _ _ _ _ _ _ _ _ _ _ _ _ _ _ _ _ _ _ _ _ _ _ _ _ _ _ _ _ _ _ _ _ _ _ _ _ _ 
PRE-RELEASE DEPENDENCIES	Run test suite	2026-10-02T14:06:34.9255368Z [1m[31m/opt/hostedtoolcache/Python/3.12.14/x64/lib/python3.12/site-packages/embpy/resources/molecule/resolver.py[0m:403: in name_to_smiles
PRE-RELEASE DEPENDENCIES	Run test suite	2026-10-02T14:06:34.9256403Z     [0m[94mreturn[39;49;00m [96mself[39;49;00m.name_to_smiles_resolved(name).smiles[90m[39;49;00m
PRE-RELEASE DEPENDENCIES	Run test suite	2026-10-02T14:06:34.9257015Z            ^^^^^^^^^^^^^^^^^^^^^^^^^^^^^^^^^^[90m[39;49;00m
PRE-RELEASE DEPENDENCIES	Run test suite	2026-10-02T14:06:34.9257930Z [1m[31m/opt/hostedtoolcache/Python/3.12.14/x64/lib/python3.12/site-packages/embpy/resources/molecule/resolver.py[0m:423: in name_to_smiles_resolved
PRE-RELEASE DEPENDENCIES	Run test suite	2026-10-02T14:06:34.9258894Z     [0mres = [96mself[39;49;00m._resolve_with_source(variant)[90m[39;49;00m
PRE-RELEASE DEPENDENCIES	Run test suite	2026-10-02T14:06:34.9259750Z           ^^^^^^^^^^^^^^^^^^^^^^^^^^^^^^^^^^[90m[39;49;00m
PRE-RELEASE DEPENDENCIES	Run test suite	2026-10-02T14:06:34.9260708Z [1m[31m/opt/hostedtoolcache/Python/3.12.14/x64/lib/python3.12/site-packages/embpy/resources/molecule/resolver.py[0m:314: in _resolve_with_source
PRE-RELEASE DEPENDENCIES	Run test suite	2026-10-02T14:06:34.9261535Z     [0mjs = _get_json(url)[90m[39;49;00m
PRE-RELEASE DEPENDENCIES	Run test suite	2026-10-02T14:06:34.9261913Z          ^^^^^^^^^^^^^^[90m[39;49;00m
PRE-RELEASE DEPENDENCIES	Run test suite	2026-10-02T14:06:34.9262671Z [1m[31m/opt/hostedtoolcache/Python/3.12.14/x64/lib/python3.12/site-packages/embpy/resources/molecule/resolver.py[0m:87: in _get_json
PRE-RELEASE DEPENDENCIES	Run test suite	2026-10-02T14:06:34.9263293Z     [0mr.raise_for_status()[90m[39;49;00m
PRE-RELEASE DEPENDENCIES	Run test suite	2026-10-02T14:06:34.9263818Z [1m[31m/opt/hostedtoolcache/Python/3.12.14/x64/lib/python3.12/unittest/mock.py[0m:1139: in __call__
PRE-RELEASE DEPENDENCIES	Run test suite	2026-10-02T14:06:34.9264462Z     [0m[94mreturn[39;49;00m [96mself[39;49;00m._mock_call(*args, **kwargs)[90m[39;49;00m
PRE-RELEASE DEPENDENCIES	Run test suite	2026-10-02T14:06:34.9264923Z            ^^^^^^^^^^^^^^^^^^^^^^^^^^^^^^^^[90m[39;49;00m
PRE-RELEASE DEPENDENCIES	Run test suite	2026-10-02T14:06:34.9265460Z [1m[31m/opt/hostedtoolcache/Python/3.12.14/x64/lib/python3.12/unittest/mock.py[0m:1143: in _mock_call
PRE-RELEASE DEPENDENCIES	Run test suite	2026-10-02T14:06:34.9266139Z     [0m[94mreturn[39;49;00m [96mself[39;49;00m._execute_mock_call(*args, **kwargs)[90m[39;49;00m
PRE-RELEASE DEPENDENCIES	Run test suite	2026-10-02T14:06:34.9266627Z            ^^^^^^^^^^^^^^^^^^^^^^^^^^^^^^^^^^^^^^^^[90m[39;49;00m
PRE-RELEASE DEPENDENCIES	Run test suite	2026-10-02T14:06:34.9266964Z _ _ _ _ _ _ _ _ _ _ _ _ _ _ _ _ _ _ _ _ _ _ _ _ _ _ _ _ _ _ _ _ _ _ _ _ _ _ _ _ 
PRE-RELEASE DEPENDENCIES	Run test suite	2026-10-02T14:06:34.9267198Z 
PRE-RELEASE DEPENDENCIES	Run test suite	2026-10-02T14:06:34.9267390Z self = <MagicMock name='mock.raise_for_status' id='140358055654176'>, args = ()
PRE-RELEASE DEPENDENCIES	Run test suite	2026-10-02T14:06:34.9267751Z kwargs = {}
PRE-RELEASE DEPENDENCIES	Run test suite	2026-10-02T14:06:34.9267861Z 
PRE-RELEASE DEPENDENCIES	Run test suite	2026-10-02T14:06:34.9268272Z     [0m[94mdef[39;49;00m[90m [39;49;00m[92m_execute_mock_call[39;49;00m([96mself[39;49;00m, /, *args, **kwargs):[90m[39;49;00m
PRE-RELEASE DEPENDENCIES	Run test suite	2026-10-02T14:06:34.9269024Z         [90m# separate from _increment_mock_call so that awaited functions are[39;49;00m[90m[39;49;00m
PRE-RELEASE DEPENDENCIES	Run test suite	2026-10-02T14:06:34.9269864Z         [90m# executed separately from their call, also AsyncMock overrides this method[39;49;00m[90m[39;49;00m
PRE-RELEASE DEPENDENCIES	Run test suite	2026-10-02T14:06:34.9270366Z     [90m[39;49;00m
PRE-RELEASE DEPENDENCIES	Run test suite	2026-10-02T14:06:34.9270679Z         effect = [96mself[39;49;00m.side_effect[90m[39;49;00m
PRE-RELEASE DEPENDENCIES	Run test suite	2026-10-02T14:06:34.9271221Z         [94mif[39;49;00m effect [95mis[39;49;00m [95mnot[39;49;00m [94mNone[39;49;00m:[90m[39;49;00m
PRE-RELEASE DEPENDENCIES	Run test suite	2026-10-02T14:06:34.9271895Z             [94mif[39;49;00m _is_exception(effect):[90m[39;49;00m
PRE-RELEASE DEPENDENCIES	Run test suite	2026-10-02T14:06:34.9272289Z >               [94mraise[39;49;00m effect[90m[39;49;00m
PRE-RELEASE DEPENDENCIES	Run test suite	2026-10-02T14:06:34.9272648Z [1m[31mE               Exception: API error[0m
PRE-RELEASE DEPENDENCIES	Run test suite	2026-10-02T14:06:34.9272845Z 
PRE-RELEASE DEPENDENCIES	Run test suite	2026-10-02T14:06:34.9273186Z [1m[31m/opt/hostedtoolcache/Python/3.12.14/x64/lib/python3.12/unittest/mock.py[0m:1198: Exception
PRE-RELEASE DEPENDENCIES	Run test suite	2026-10-02T14:06:34.9273855Z [31m[1m_________ TestNameToSmilesSaltFallback.test_falls_back_to_cleaned_name _________[0m
PRE-RELEASE DEPENDENCIES	Run test suite	2026-10-02T14:06:34.9274199Z 
PRE-RELEASE DEPENDENCIES	Run test suite	2026-10-02T14:06:34.9274469Z self = <tests.embpy.test_drug_resolver.TestNameToSmilesSaltFallback object at 0x7fa7eec75130>
PRE-RELEASE DEPENDENCIES	Run test suite	2026-10-02T14:06:34.9275199Z resolver = <embpy.resources.molecule.resolver.DrugResolver object at 0x7fa79d369610>
PRE-RELEASE DEPENDENCIES	Run test suite	2026-10-02T14:06:34.9275546Z 
PRE-RELEASE DEPENDENCIES	Run test suite	2026-10-02T14:06:34.9275983Z     [0m[94mdef[39;49;00m[90m [39;49;00m[92mtest_falls_back_to_cleaned_name[39;49;00m([96mself[39;49;00m, resolver):[90m[39;49;00m
PRE-RELEASE DEPENDENCIES	Run test suite	2026-10-02T14:06:34.9276581Z         call_count = [[94m0[39;49;00m][90m[39;49;00m
PRE-RELEASE DEPENDENCIES	Run test suite	2026-10-02T14:06:34.9276890Z     [90m[39;49;00m
PRE-RELEASE DEPENDENCIES	Run test suite	2026-10-02T14:06:34.9277303Z         [94mdef[39;49;00m[90m [39;49;00m[92mside_effect[39;49;00m(url, **kwargs):[90m[39;49;00m
PRE-RELEASE DEPENDENCIES	Run test suite	2026-10-02T14:06:34.9277834Z             call_count[[94m0[39;49;00m] += [94m1[39;49;00m[90m[39;49;00m
PRE-RELEASE DEPENDENCIES	Run test suite	2026-10-02T14:06:34.9278227Z             mock = MagicMock()[90m[39;49;00m
PRE-RELEASE DEPENDENCIES	Run test suite	2026-10-02T14:06:34.9278594Z             mock.raise_for_status = MagicMock()[90m[39;49;00m
PRE-RELEASE DEPENDENCIES	Run test suite	2026-10-02T14:06:34.9278915Z     [90m[39;49;00m
PRE-RELEASE DEPENDENCIES	Run test suite	2026-10-02T14:06:34.9279876Z             [94mif[39;49;00m [33m"[39;49;00m[33m(hydrochloride)[39;49;00m[33m"[39;49;00m [95min[39;49;00m url [95mor[39;49;00m [33m"[39;49;00m[33mhydrochloride[39;49;00m[33m"[39;49;00m [95min[39;49;00m url:[90m[39;49;00m
PRE-RELEASE DEPENDENCIES	Run test suite	2026-10-02T14:06:34.9281020Z                 mock.raise_for_status.side_effect = [96mException[39;49;00m([33m"[39;49;00m[33mNot found[39;49;00m[33m"[39;49;00m)[90m[39;49;00m
PRE-RELEASE DEPENDENCIES	Run test suite	2026-10-02T14:06:34.9281653Z                 [94mreturn[39;49;00m mock[90m[39;49;00m
PRE-RELEASE DEPENDENCIES	Run test suite	2026-10-02T14:06:34.9281955Z     [90m[39;49;00m
PRE-RELEASE DEPENDENCIES	Run test suite	2026-10-02T14:06:34.9282457Z             [94mif[39;49;00m [33m"[39;49;00m[33mIsomericSMILES[39;49;00m[33m"[39;49;00m [95min[39;49;00m url:[90m[39;49;00m
PRE-RELEASE DEPENDENCIES	Run test suite	2026-10-02T14:06:34.9283804Z                 mock.json.return_value = {[33m"[39;49;00m[33mPropertyTable[39;49;00m[33m"[39;49;00m: {[33m"[39;49;00m[33mProperties[39;49;00m[33m"[39;49;00m: [{[33m"[39;49;00m[33mIsomericSMILES[39;49;00m[33m"[39;49;00m: [33m"[39;49;00m[33mCCO[39;49;00m[33m"[39;49;00m}]}}[90m[39;49;00m
PRE-RELEASE DEPENDENCIES	Run test suite	2026-10-02T14:06:34.9284808Z                 [94mreturn[39;49;00m mock[90m[39;49;00m
PRE-RELEASE DEPENDENCIES	Run test suite	2026-10-02T14:06:34.9285113Z     [90m[39;49;00m
PRE-RELEASE DEPENDENCIES	Run test suite	2026-10-02T14:06:34.9285700Z             mock.raise_for_status.side_effect = [96mException[39;49;00m([33m"[39;49;00m[33mNot found[39;49;00m[33m"[39;49;00m)[90m[39;49;00m
PRE-RELEASE DEPENDENCIES	Run test suite	2026-10-02T14:06:34.9286309Z             [94mreturn[39;49;00m mock[90m[39;49;00m
PRE-RELEASE DEPENDENCIES	Run test suite	2026-10-02T14:06:34.9286607Z     [90m[39;49;00m
PRE-RELEASE DEPENDENCIES	Run test suite	2026-10-02T14:06:34.9287271Z         [94mwith[39;49;00m patch([33m"[39;49;00m[33membpy.resources.drug_resolver.requests.get[39;49;00m[33m"[39;49;00m, side_effect=side_effect):[90m[39;49;00m
PRE-RELEASE DEPENDENCIES	Run test suite	2026-10-02T14:06:34.9288226Z >           result = resolver.name_to_smiles([33m"[39;49;00m[33methanol (hydrochloride)[39;49;00m[33m"[39;49;00m)[90m[39;49;00m
PRE-RELEASE DEPENDENCIES	Run test suite	2026-10-02T14:06:34.9288838Z                      ^^^^^^^^^^^^^^^^^^^^^^^^^^^^^^^^^^^^^^^^^^^^^^^^^^[90m[39;49;00m
PRE-RELEASE DEPENDENCIES	Run test suite	2026-10-02T14:06:34.9289072Z 
PRE-RELEASE DEPENDENCIES	Run test suite	2026-10-02T14:06:34.9289243Z [1m[31mtests/embpy/test_drug_resolver.py[0m:275: 
PRE-RELEASE DEPENDENCIES	Run test suite	2026-10-02T14:06:34.9289724Z _ _ _ _ _ _ _ _ _ _ _ _ _ _ _ _ _ _ _ _ _ _ _ _ _ _ _ _ _ _ _ _ _ _ _ _ _ _ _ _ 
PRE-RELEASE DEPENDENCIES	Run test suite	2026-10-02T14:06:34.9290477Z [1m[31m/opt/hostedtoolcache/Python/3.12.14/x64/lib/python3.12/site-packages/embpy/resources/molecule/resolver.py[0m:403: in name_to_smiles
PRE-RELEASE DEPENDENCIES	Run test suite	2026-10-02T14:06:34.9291440Z     [0m[94mreturn[39;49;00m [96mself[39;49;00m.name_to_smiles_resolved(name).smiles[90m[39;49;00m
PRE-RELEASE DEPENDENCIES	Run test suite	2026-10-02T14:06:34.9291934Z            ^^^^^^^^^^^^^^^^^^^^^^^^^^^^^^^^^^[90m[39;49;00m
PRE-RELEASE DEPENDENCIES	Run test suite	2026-10-02T14:06:34.9292670Z [1m[31m/opt/hostedtoolcache/Python/3.12.14/x64/lib/python3.12/site-packages/embpy/resources/molecule/resolver.py[0m:423: in name_to_smiles_resolved
PRE-RELEASE DEPENDENCIES	Run test suite	2026-10-02T14:06:34.9293444Z     [0mres = [96mself[39;49;00m._resolve_with_source(variant)[90m[39;49;00m
PRE-RELEASE DEPENDENCIES	Run test suite	2026-10-02T14:06:34.9293871Z           ^^^^^^^^^^^^^^^^^^^^^^^^^^^^^^^^^^[90m[39;49;00m
PRE-RELEASE DEPENDENCIES	Run test suite	2026-10-02T14:06:34.9294594Z [1m[31m/opt/hostedtoolcache/Python/3.12.14/x64/lib/python3.12/site-packages/embpy/resources/molecule/resolver.py[0m:314: in _resolve_with_source
PRE-RELEASE DEPENDENCIES	Run test suite	2026-10-02T14:06:34.9295370Z     [0mjs = _get_json(url)[90m[39;49;00m
PRE-RELEASE DEPENDENCIES	Run test suite	2026-10-02T14:06:34.9295675Z          ^^^^^^^^^^^^^^[90m[39;49;00m
PRE-RELEASE DEPENDENCIES	Run test suite	2026-10-02T14:06:34.9296313Z [1m[31m/opt/hostedtoolcache/Python/3.12.14/x64/lib/python3.12/site-packages/embpy/resources/molecule/resolver.py[0m:87: in _get_json
PRE-RELEASE DEPENDENCIES	Run test suite	2026-10-02T14:06:34.9296938Z     [0mr.raise_for_status()[90m[39;49;00m
PRE-RELEASE DEPENDENCIES	Run test suite	2026-10-02T14:06:34.9297454Z [1m[31m/opt/hostedtoolcache/Python/3.12.14/x64/lib/python3.12/unittest/mock.py[0m:1139: in __call__
PRE-RELEASE DEPENDENCIES	Run test suite	2026-10-02T14:06:34.9298095Z     [0m[94mreturn[39;49;00m [96mself[39;49;00m._mock_call(*args, **kwargs)[90m[39;49;00m
PRE-RELEASE DEPENDENCIES	Run test suite	2026-10-02T14:06:34.9298560Z            ^^^^^^^^^^^^^^^^^^^^^^^^^^^^^^^^[90m[39;49;00m
PRE-RELEASE DEPENDENCIES	Run test suite	2026-10-02T14:06:34.9299098Z [1m[31m/opt/hostedtoolcache/Python/3.12.14/x64/lib/python3.12/unittest/mock.py[0m:1143: in _mock_call
PRE-RELEASE DEPENDENCIES	Run test suite	2026-10-02T14:06:34.9300054Z     [0m[94mreturn[39;49;00m [96mself[39;49;00m._execute_mock_call(*args, **kwargs)[90m[39;49;00m
PRE-RELEASE DEPENDENCIES	Run test suite	2026-10-02T14:06:34.9300558Z            ^^^^^^^^^^^^^^^^^^^^^^^^^^^^^^^^^^^^^^^^[90m[39;49;00m
PRE-RELEASE DEPENDENCIES	Run test suite	2026-10-02T14:06:34.9300896Z _ _ _ _ _ _ _ _ _ _ _ _ _ _ _ _ _ _ _ _ _ _ _ _ _ _ _ _ _ _ _ _ _ _ _ _ _ _ _ _ 
PRE-RELEASE DEPENDENCIES	Run test suite	2026-10-02T14:06:34.9301133Z 
PRE-RELEASE DEPENDENCIES	Run test suite	2026-10-02T14:06:34.9301323Z self = <MagicMock name='mock.raise_for_status' id='140357874210080'>, args = ()
PRE-RELEASE DEPENDENCIES	Run test suite	2026-10-02T14:06:34.9301691Z kwargs = {}
PRE-RELEASE DEPENDENCIES	Run test suite	2026-10-02T14:06:34.9301800Z 
PRE-RELEASE DEPENDENCIES	Run test suite	2026-10-02T14:06:34.9302225Z     [0m[94mdef[39;49;00m[90m [39;49;00m[92m_execute_mock_call[39;49;00m([96mself[39;49;00m, /, *args, **kwargs):[90m[39;49;00m
PRE-RELEASE DEPENDENCIES	Run test suite	2026-10-02T14:06:34.9302982Z         [90m# separate from _increment_mock_call so that awaited functions are[39;49;00m[90m[39;49;00m
PRE-RELEASE DEPENDENCIES	Run test suite	2026-10-02T14:06:34.9303722Z         [90m# executed separately from their call, also AsyncMock overrides this method[39;49;00m[90m[39;49;00m
PRE-RELEASE DEPENDENCIES	Run test suite	2026-10-02T14:06:34.9304216Z     [90m[39;49;00m
PRE-RELEASE DEPENDENCIES	Run test suite	2026-10-02T14:06:34.9304524Z         effect = [96mself[39;49;00m.side_effect[90m[39;49;00m
PRE-RELEASE DEPENDENCIES	Run test suite	2026-10-02T14:06:34.9305072Z         [94mif[39;49;00m effect [95mis[39;49;00m [95mnot[39;49;00m [94mNone[39;49;00m:[90m[39;49;00m
PRE-RELEASE DEPENDENCIES	Run test suite	2026-10-02T14:06:34.9305595Z             [94mif[39;49;00m _is_exception(effect):[90m[39;49;00m
PRE-RELEASE DEPENDENCIES	Run test suite	2026-10-02T14:06:34.9305986Z >               [94mraise[39;49;00m effect[90m[39;49;00m
PRE-RELEASE DEPENDENCIES	Run test suite	2026-10-02T14:06:34.9306338Z [1m[31mE               Exception: Not found[0m
PRE-RELEASE DEPENDENCIES	Run test suite	2026-10-02T14:06:34.9306538Z 
PRE-RELEASE DEPENDENCIES	Run test suite	2026-10-02T14:06:34.9306877Z [1m[31m/opt/hostedtoolcache/Python/3.12.14/x64/lib/python3.12/unittest/mock.py[0m:1198: Exception
PRE-RELEASE DEPENDENCIES	Run test suite	2026-10-02T14:06:34.9307539Z [31m[1m____________ TestCirpyFallback.test_cirpy_resolves_when_others_fail ____________[0m
PRE-RELEASE DEPENDENCIES	Run test suite	2026-10-02T14:06:34.9307872Z 
PRE-RELEASE DEPENDENCIES	Run test suite	2026-10-02T14:06:34.9308100Z self = <tests.embpy.test_drug_resolver.TestCirpyFallback object at 0x7fa7eecfe210>
PRE-RELEASE DEPENDENCIES	Run test suite	2026-10-02T14:06:34.9308662Z resolver = <embpy.resources.molecule.resolver.DrugResolver object at 0x7fa79d3bf950>
PRE-RELEASE DEPENDENCIES	Run test suite	2026-10-02T14:06:34.9309006Z 
PRE-RELEASE DEPENDENCIES	Run test suite	2026-10-02T14:06:34.9388079Z     [0m[94mdef[39;49;00m[90m [39;49;00m[92mtest_cirpy_resolves_when_others_fail[39;49;00m([96mself[39;49;00m, resolver):[90m[39;49;00m
PRE-RELEASE DEPENDENCIES	Run test suite	2026-10-02T14:06:34.9389270Z         resolver._cirpy_available = [94mTrue[39;49;00m[90m[39;49;00m
PRE-RELEASE DEPENDENCIES	Run test suite	2026-10-02T14:06:34.9390060Z     [90m[39;49;00m
PRE-RELEASE DEPENDENCIES	Run test suite	2026-10-02T14:06:34.9390828Z         [94mdef[39;49;00m[90m [39;49;00m[92mhttp_always_fails[39;49;00m(url, **kwargs):[90m[39;49;00m
PRE-RELEASE DEPENDENCIES	Run test suite	2026-10-02T14:06:34.9391432Z             mock = MagicMock()[90m[39;49;00m
PRE-RELEASE DEPENDENCIES	Run test suite	2026-10-02T14:06:34.9392247Z             mock.raise_for_status.side_effect = [96mException[39;49;00m([33m"[39;49;00m[33mNot found[39;49;00m[33m"[39;49;00m)[90m[39;49;00m
PRE-RELEASE DEPENDENCIES	Run test suite	2026-10-02T14:06:34.9392962Z             [94mreturn[39;49;00m mock[90m[39;49;00m
PRE-RELEASE DEPENDENCIES	Run test suite	2026-10-02T14:06:34.9393257Z     [90m[39;49;00m
PRE-RELEASE DEPENDENCIES	Run test suite	2026-10-02T14:06:34.9393514Z         [94mwith[39;49;00m ([90m[39;49;00m
PRE-RELEASE DEPENDENCIES	Run test suite	2026-10-02T14:06:34.9394027Z             patch([33m"[39;49;00m[33membpy.resources.drug_resolver.requests.get[39;49;00m[33m"[39;49;00m, side_effect=http_always_fails),[90m[39;49;00m
PRE-RELEASE DEPENDENCIES	Run test suite	2026-10-02T14:06:34.9394617Z >           patch([33m"[39;49;00m[33membpy.resources.drug_resolver.cirpy[39;49;00m[33m"[39;49;00m) [94mas[39;49;00m mock_cirpy,[90m[39;49;00m
PRE-RELEASE DEPENDENCIES	Run test suite	2026-10-02T14:06:34.9394787Z             ^^^^^^^^^^^^^^^^^^^^^^^^^^^^^^^^^^^^^^^^^^^^[90m[39;49;00m
PRE-RELEASE DEPENDENCIES	Run test suite	2026-10-02T14:06:34.9394908Z         ):[90m[39;49;00m
PRE-RELEASE DEPENDENCIES	Run test suite	2026-10-02T14:06:34.9394914Z 
PRE-RELEASE DEPENDENCIES	Run test suite	2026-10-02T14:06:34.9395086Z [1m[31mtests/embpy/test_drug_resolver.py[0m:292: 
PRE-RELEASE DEPENDENCIES	Run test suite	2026-10-02T14:06:34.9395223Z _ _ _ _ _ _ _ _ _ _ _ _ _ _ _ _ _ _ _ _ _ _ _ _ _ _ _ _ _ _ _ _ _ _ _ _ _ _ _ _ 
PRE-RELEASE DEPENDENCIES	Run test suite	2026-10-02T14:06:34.9395582Z [1m[31m/opt/hostedtoolcache/Python/3.12.14/x64/lib/python3.12/unittest/mock.py[0m:1467: in __enter__
PRE-RELEASE DEPENDENCIES	Run test suite	2026-10-02T14:06:34.9395817Z     [0moriginal, local = [96mself[39;49;00m.get_original()[90m[39;49;00m
PRE-RELEASE DEPENDENCIES	Run test suite	2026-10-02T14:06:34.9395971Z                       ^^^^^^^^^^^^^^^^^^^[90m[39;49;00m
PRE-RELEASE DEPENDENCIES	Run test suite	2026-10-02T14:06:34.9396109Z _ _ _ _ _ _ _ _ _ _ _ _ _ _ _ _ _ _ _ _ _ _ _ _ _ _ _ _ _ _ _ _ _ _ _ _ _ _ _ _ 
PRE-RELEASE DEPENDENCIES	Run test suite	2026-10-02T14:06:34.9396118Z 
PRE-RELEASE DEPENDENCIES	Run test suite	2026-10-02T14:06:34.9396252Z self = <unittest.mock._patch object at 0x7fa79d3bdc10>
PRE-RELEASE DEPENDENCIES	Run test suite	2026-10-02T14:06:34.9396258Z 
PRE-RELEASE DEPENDENCIES	Run test suite	2026-10-02T14:06:34.9396590Z     [0m[94mdef[39;49;00m[90m [39;49;00m[92mget_original[39;49;00m([96mself[39;49;00m):[90m[39;49;00m
PRE-RELEASE DEPENDENCIES	Run test suite	2026-10-02T14:06:34.9396772Z         target = [96mself[39;49;00m.getter()[90m[39;49;00m
PRE-RELEASE DEPENDENCIES	Run test suite	2026-10-02T14:06:34.9396950Z         name = [96mself[39;49;00m.attribute[90m[39;49;00m
PRE-RELEASE DEPENDENCIES	Run test suite	2026-10-02T14:06:34.9397056Z     [90m[39;49;00m
PRE-RELEASE DEPENDENCIES	Run test suite	2026-10-02T14:06:34.9397189Z         original = DEFAULT[90m[39;49;00m
PRE-RELEASE DEPENDENCIES	Run test suite	2026-10-02T14:06:34.9397344Z         local = [94mFalse[39;49;00m[90m[39;49;00m
PRE-RELEASE DEPENDENCIES	Run test suite	2026-10-02T14:06:34.9397443Z     [90m[39;49;00m
PRE-RELEASE DEPENDENCIES	Run test suite	2026-10-02T14:06:34.9397576Z         [94mtry[39;49;00m:[90m[39;49;00m
PRE-RELEASE DEPENDENCIES	Run test suite	2026-10-02T14:06:34.9397794Z             original = target.[91m__dict__[39;49;00m[name][90m[39;49;00m
PRE-RELEASE DEPENDENCIES	Run test suite	2026-10-02T14:06:34.9398122Z         [94mexcept[39;49;00m ([96mAttributeError[39;49;00m, [96mKeyError[39;49;00m):[90m[39;49;00m
PRE-RELEASE DEPENDENCIES	Run test suite	2026-10-02T14:06:34.9398376Z             original = [96mgetattr[39;49;00m(target, name, DEFAULT)[90m[39;49;00m
PRE-RELEASE DEPENDENCIES	Run test suite	2026-10-02T14:06:34.9398508Z         [94melse[39;49;00m:[90m[39;49;00m
PRE-RELEASE DEPENDENCIES	Run test suite	2026-10-02T14:06:34.9398666Z             local = [94mTrue[39;49;00m[90m[39;49;00m
PRE-RELEASE DEPENDENCIES	Run test suite	2026-10-02T14:06:34.9398769Z     [90m[39;49;00m
PRE-RELEASE DEPENDENCIES	Run test suite	2026-10-02T14:06:34.9399212Z         [94mif[39;49;00m name [95min[39;49;00m _builtins [95mand[39;49;00m [96misinstance[39;49;00m(target, ModuleType):[90m[39;49;00m
PRE-RELEASE DEPENDENCIES	Run test suite	2026-10-02T14:06:34.9399558Z             [96mself[39;49;00m.create = [94mTrue[39;49;00m[90m[39;49;00m
PRE-RELEASE DEPENDENCIES	Run test suite	2026-10-02T14:06:34.9399670Z     [90m[39;49;00m
PRE-RELEASE DEPENDENCIES	Run test suite	2026-10-02T14:06:34.9400111Z         [94mif[39;49;00m [95mnot[39;49;00m [96mself[39;49;00m.create [95mand[39;49;00m original [95mis[39;49;00m DEFAULT:[90m[39;49;00m
PRE-RELEASE DEPENDENCIES	Run test suite	2026-10-02T14:06:34.9400337Z >           [94mraise[39;49;00m [96mAttributeError[39;49;00m([90m[39;49;00m
PRE-RELEASE DEPENDENCIES	Run test suite	2026-10-02T14:06:34.9400812Z                 [33m"[39;49;00m[33m%s[39;49;00m[33m does not have the attribute [39;49;00m[33m%r[39;49;00m[33m"[39;49;00m % (target, name)[90m[39;49;00m
PRE-RELEASE DEPENDENCIES	Run test suite	2026-10-02T14:06:34.9400928Z             )[90m[39;49;00m
PRE-RELEASE DEPENDENCIES	Run test suite	2026-10-02T14:06:34.9401761Z [1m[31mE           AttributeError: <module 'embpy.resources.drug_resolver' from '/opt/hostedtoolcache/Python/3.12.14/x64/lib/python3.12/site-packages/embpy/resources/drug_resolver.py'> does not have the attribute 'cirpy'[0m
PRE-RELEASE DEPENDENCIES	Run test suite	2026-10-02T14:06:34.9401895Z 
PRE-RELEASE DEPENDENCIES	Run test suite	2026-10-02T14:06:34.9402261Z [1m[31m/opt/hostedtoolcache/Python/3.12.14/x64/lib/python3.12/unittest/mock.py[0m:1437: AttributeError
PRE-RELEASE DEPENDENCIES	Run test suite	2026-10-02T14:06:34.9402558Z [31m[1m_______________ TestCirpyFallback.test_skipped_when_unavailable ________________[0m
PRE-RELEASE DEPENDENCIES	Run test suite	2026-10-02T14:06:34.9402563Z 
PRE-RELEASE DEPENDENCIES	Run test suite	2026-10-02T14:06:34.9402797Z self = <tests.embpy.test_drug_resolver.TestCirpyFallback object at 0x7fa7eecfde20>
PRE-RELEASE DEPENDENCIES	Run test suite	2026-10-02T14:06:34.9403046Z resolver = <embpy.resources.molecule.resolver.DrugResolver object at 0x7fa79d3bf6b0>
PRE-RELEASE DEPENDENCIES	Run test suite	2026-10-02T14:06:34.9403052Z 
PRE-RELEASE DEPENDENCIES	Run test suite	2026-10-02T14:06:34.9403592Z     [0m[94mdef[39;49;00m[90m [39;49;00m[92mtest_skipped_when_unavailable[39;49;00m([96mself[39;49;00m, resolver):[90m[39;49;00m
PRE-RELEASE DEPENDENCIES	Run test suite	2026-10-02T14:06:34.9403820Z         resolver._cirpy_available = [94mFalse[39;49;00m[90m[39;49;00m
PRE-RELEASE DEPENDENCIES	Run test suite	2026-10-02T14:06:34.9403924Z     [90m[39;49;00m
PRE-RELEASE DEPENDENCIES	Run test suite	2026-10-02T14:06:34.9404246Z         [94mdef[39;49;00m[90m [39;49;00m[92mhttp_always_fails[39;49;00m(url, **kwargs):[90m[39;49;00m
PRE-RELEASE DEPENDENCIES	Run test suite	2026-10-02T14:06:34.9404391Z             mock = MagicMock()[90m[39;49;00m
PRE-RELEASE DEPENDENCIES	Run test suite	2026-10-02T14:06:34.9404856Z             mock.raise_for_status.side_effect = [96mException[39;49;00m([33m"[39;49;00m[33mNot found[39;49;00m[33m"[39;49;00m)[90m[39;49;00m
PRE-RELEASE DEPENDENCIES	Run test suite	2026-10-02T14:06:34.9405013Z             [94mreturn[39;49;00m mock[90m[39;49;00m
PRE-RELEASE DEPENDENCIES	Run test suite	2026-10-02T14:06:34.9405113Z     [90m[39;49;00m
PRE-RELEASE DEPENDENCIES	Run test suite	2026-10-02T14:06:34.9405685Z         [94mwith[39;49;00m patch([33m"[39;49;00m[33membpy.resources.drug_resolver.requests.get[39;49;00m[33m"[39;49;00m, side_effect=http_always_fails):[90m[39;49;00m
PRE-RELEASE DEPENDENCIES	Run test suite	2026-10-02T14:06:34.9406084Z >           result = resolver._try_resolve([33m"[39;49;00m[33msome-obscure-drug[39;49;00m[33m"[39;49;00m)[90m[39;49;00m
PRE-RELEASE DEPENDENCIES	Run test suite	2026-10-02T14:06:34.9406270Z                      ^^^^^^^^^^^^^^^^^^^^^^^^^^^^^^^^^^^^^^^^^^[90m[39;49;00m
PRE-RELEASE DEPENDENCIES	Run test suite	2026-10-02T14:06:34.9406279Z 
PRE-RELEASE DEPENDENCIES	Run test suite	2026-10-02T14:06:34.9406447Z [1m[31mtests/embpy/test_drug_resolver.py[0m:308: 
PRE-RELEASE DEPENDENCIES	Run test suite	2026-10-02T14:06:34.9406580Z _ _ _ _ _ _ _ _ _ _ _ _ _ _ _ _ _ _ _ _ _ _ _ _ _ _ _ _ _ _ _ _ _ _ _ _ _ _ _ _ 
PRE-RELEASE DEPENDENCIES	Run test suite	2026-10-02T14:06:34.9407086Z [1m[31m/opt/hostedtoolcache/Python/3.12.14/x64/lib/python3.12/site-packages/embpy/resources/molecule/resolver.py[0m:299: in _try_resolve
PRE-RELEASE DEPENDENCIES	Run test suite	2026-10-02T14:06:34.9407402Z     [0m[94mreturn[39;49;00m [96mself[39;49;00m._resolve_with_source(name).smiles[90m[39;49;00m
PRE-RELEASE DEPENDENCIES	Run test suite	2026-10-02T14:06:34.9407552Z            ^^^^^^^^^^^^^^^^^^^^^^^^^^^^^^^[90m[39;49;00m
PRE-RELEASE DEPENDENCIES	Run test suite	2026-10-02T14:06:34.9408099Z [1m[31m/opt/hostedtoolcache/Python/3.12.14/x64/lib/python3.12/site-packages/embpy/resources/molecule/resolver.py[0m:314: in _resolve_with_source
PRE-RELEASE DEPENDENCIES	Run test suite	2026-10-02T14:06:34.9408236Z     [0mjs = _get_json(url)[90m[39;49;00m
PRE-RELEASE DEPENDENCIES	Run test suite	2026-10-02T14:06:34.9408361Z          ^^^^^^^^^^^^^^[90m[39;49;00m
PRE-RELEASE DEPENDENCIES	Run test suite	2026-10-02T14:06:34.9408846Z [1m[31m/opt/hostedtoolcache/Python/3.12.14/x64/lib/python3.12/site-packages/embpy/resources/molecule/resolver.py[0m:87: in _get_json
PRE-RELEASE DEPENDENCIES	Run test suite	2026-10-02T14:06:34.9408993Z     [0mr.raise_for_status()[90m[39;49;00m
PRE-RELEASE DEPENDENCIES	Run test suite	2026-10-02T14:06:34.9409343Z [1m[31m/opt/hostedtoolcache/Python/3.12.14/x64/lib/python3.12/unittest/mock.py[0m:1139: in __call__
PRE-RELEASE DEPENDENCIES	Run test suite	2026-10-02T14:06:34.9409748Z     [0m[94mreturn[39;49;00m [96mself[39;49;00m._mock_call(*args, **kwargs)[90m[39;49;00m
PRE-RELEASE DEPENDENCIES	Run test suite	2026-10-02T14:06:34.9409907Z            ^^^^^^^^^^^^^^^^^^^^^^^^^^^^^^^^[90m[39;49;00m
PRE-RELEASE DEPENDENCIES	Run test suite	2026-10-02T14:06:34.9410254Z [1m[31m/opt/hostedtoolcache/Python/3.12.14/x64/lib/python3.12/unittest/mock.py[0m:1143: in _mock_call
PRE-RELEASE DEPENDENCIES	Run test suite	2026-10-02T14:06:34.9410559Z     [0m[94mreturn[39;49;00m [96mself[39;49;00m._execute_mock_call(*args, **kwargs)[90m[39;49;00m
PRE-RELEASE DEPENDENCIES	Run test suite	2026-10-02T14:06:34.9410728Z            ^^^^^^^^^^^^^^^^^^^^^^^^^^^^^^^^^^^^^^^^[90m[39;49;00m
PRE-RELEASE DEPENDENCIES	Run test suite	2026-10-02T14:06:34.9410862Z _ _ _ _ _ _ _ _ _ _ _ _ _ _ _ _ _ _ _ _ _ _ _ _ _ _ _ _ _ _ _ _ _ _ _ _ _ _ _ _ 
PRE-RELEASE DEPENDENCIES	Run test suite	2026-10-02T14:06:34.9410988Z 
PRE-RELEASE DEPENDENCIES	Run test suite	2026-10-02T14:06:34.9411191Z self = <MagicMock name='mock.raise_for_status' id='140357873451760'>, args = ()
PRE-RELEASE DEPENDENCIES	Run test suite	2026-10-02T14:06:34.9411265Z kwargs = {}
PRE-RELEASE DEPENDENCIES	Run test suite	2026-10-02T14:06:34.9411270Z 
PRE-RELEASE DEPENDENCIES	Run test suite	2026-10-02T14:06:34.9411690Z     [0m[94mdef[39;49;00m[90m [39;49;00m[92m_execute_mock_call[39;49;00m([96mself[39;49;00m, /, *args, **kwargs):[90m[39;49;00m
PRE-RELEASE DEPENDENCIES	Run test suite	2026-10-02T14:06:34.9412031Z         [90m# separate from _increment_mock_call so that awaited functions are[39;49;00m[90m[39;49;00m
PRE-RELEASE DEPENDENCIES	Run test suite	2026-10-02T14:06:34.9412404Z         [90m# executed separately from their call, also AsyncMock overrides this method[39;49;00m[90m[39;49;00m
PRE-RELEASE DEPENDENCIES	Run test suite	2026-10-02T14:06:34.9412511Z     [90m[39;49;00m
PRE-RELEASE DEPENDENCIES	Run test suite	2026-10-02T14:06:34.9412699Z         effect = [96mself[39;49;00m.side_effect[90m[39;49;00m
PRE-RELEASE DEPENDENCIES	Run test suite	2026-10-02T14:06:34.9413181Z         [94mif[39;49;00m effect [95mis[39;49;00m [95mnot[39;49;00m [94mNone[39;49;00m:[90m[39;49;00m
PRE-RELEASE DEPENDENCIES	Run test suite	2026-10-02T14:06:34.9413377Z             [94mif[39;49;00m _is_exception(effect):[90m[39;49;00m
PRE-RELEASE DEPENDENCIES	Run test suite	2026-10-02T14:06:34.9413542Z >               [94mraise[39;49;00m effect[90m[39;49;00m
PRE-RELEASE DEPENDENCIES	Run test suite	2026-10-02T14:06:34.9413697Z [1m[31mE               Exception: Not found[0m
PRE-RELEASE DEPENDENCIES	Run test suite	2026-10-02T14:06:34.9413703Z 
PRE-RELEASE DEPENDENCIES	Run test suite	2026-10-02T14:06:34.9414037Z [1m[31m/opt/hostedtoolcache/Python/3.12.14/x64/lib/python3.12/unittest/mock.py[0m:1198: Exception
PRE-RELEASE DEPENDENCIES	Run test suite	2026-10-02T14:06:34.9414320Z [31m[1m_____________________ TestEmbedCells.test_embed_cells_pca ______________________[0m
PRE-RELEASE DEPENDENCIES	Run test suite	2026-10-02T14:06:34.9414326Z 
PRE-RELEASE DEPENDENCIES	Run test suite	2026-10-02T14:06:34.9414760Z     [0m[94mdef[39;49;00m[90m [39;49;00m[92m_require_scanpy[39;49;00m():  [90m# type: ignore[no-untyped-def][39;49;00m[90m[39;49;00m
PRE-RELEASE DEPENDENCIES	Run test suite	2026-10-02T14:06:34.9414890Z         [94mtry[39;49;00m:[90m[39;49;00m
PRE-RELEASE DEPENDENCIES	Run test suite	2026-10-02T14:06:34.9415530Z >           [94mimport[39;49;00m[90m [39;49;00m[04m[96mscanpy[39;49;00m[90m [39;49;00m[94mas[39;49;00m[90m [39;49;00m[04m[96msc[39;49;00m  [90m# type: ignore[import-untyped][39;49;00m[90m[39;49;00m
PRE-RELEASE DEPENDENCIES	Run test suite	2026-10-02T14:06:34.9415667Z             ^^^^^^^^^^^^^^^^^^^[90m[39;49;00m
PRE-RELEASE DEPENDENCIES	Run test suite	2026-10-02T14:06:34.9415882Z [1m[31mE           ModuleNotFoundError: No module named 'scanpy'[0m
PRE-RELEASE DEPENDENCIES	Run test suite	2026-10-02T14:06:34.9415888Z 
PRE-RELEASE DEPENDENCIES	Run test suite	2026-10-02T14:06:34.9416407Z [1m[31m/opt/hostedtoolcache/Python/3.12.14/x64/lib/python3.12/site-packages/embpy/pp/singlecell/preprocessing.py[0m:28: ModuleNotFoundError
PRE-RELEASE DEPENDENCIES	Run test suite	2026-10-02T14:06:34.9416412Z 
PRE-RELEASE DEPENDENCIES	Run test suite	2026-10-02T14:06:34.9416665Z [33mThe above exception was the direct cause of the following exception:[0m
PRE-RELEASE DEPENDENCIES	Run test suite	2026-10-02T14:06:34.9416671Z 
PRE-RELEASE DEPENDENCIES	Run test suite	2026-10-02T14:06:34.9416874Z self = <tests.embpy.test_embedder.TestEmbedCells object at 0x7fa7eece64b0>
PRE-RELEASE DEPENDENCIES	Run test suite	2026-10-02T14:06:34.9417055Z mock_resolver_cls = <MagicMock name='GeneResolver' id='140358055652160'>
PRE-RELEASE DEPENDENCIES	Run test suite	2026-10-02T14:06:34.9417061Z 
PRE-RELEASE DEPENDENCIES	Run test suite	2026-10-02T14:06:34.9417452Z     [0m[37m@patch[39;49;00m([33m"[39;49;00m[33membpy.embedder.GeneResolver[39;49;00m[33m"[39;49;00m)[90m[39;49;00m
PRE-RELEASE DEPENDENCIES	Run test suite	2026-10-02T14:06:34.9482129Z     [94mdef[39;49;00m[90m [39;49;00m[92mtest_embed_cells_pca[39;49;00m([96mself[39;49;00m, mock_resolver_cls):[90m[39;49;00m
PRE-RELEASE DEPENDENCIES	Run test suite	2026-10-02T14:06:34.9483198Z         [94mfrom[39;49;00m[90m [39;49;00m[04m[96membpy[39;49;00m[04m[96m.[39;49;00m[04m[96membedder[39;49;00m[90m [39;49;00m[94mimport[39;49;00m BioEmbedder[90m[39;49;00m
PRE-RELEASE DEPENDENCIES	Run test suite	2026-10-02T14:06:34.9483337Z     [90m[39;49;00m
PRE-RELEASE DEPENDENCIES	Run test suite	2026-10-02T14:06:34.9483756Z         embedder = BioEmbedder(device=[33m"[39;49;00m[33mcpu[39;49;00m[33m"[39;49;00m)[90m[39;49;00m
PRE-RELEASE DEPENDENCIES	Run test suite	2026-10-02T14:06:34.9483998Z         adata = [96mself[39;49;00m._make_adata()[90m[39;49;00m
PRE-RELEASE DEPENDENCIES	Run test suite	2026-10-02T14:06:34.9484123Z     [90m[39;49;00m
PRE-RELEASE DEPENDENCIES	Run test suite	2026-10-02T14:06:34.9484329Z >       result = embedder.embed_cells([90m[39;49;00m
PRE-RELEASE DEPENDENCIES	Run test suite	2026-10-02T14:06:34.9484478Z             adata,[90m[39;49;00m
PRE-RELEASE DEPENDENCIES	Run test suite	2026-10-02T14:06:34.9484794Z             models=[[33m"[39;49;00m[33mpca[39;49;00m[33m"[39;49;00m],[90m[39;49;00m
PRE-RELEASE DEPENDENCIES	Run test suite	2026-10-02T14:06:34.9485175Z             preprocessing=[33m"[39;49;00m[33mstandard[39;49;00m[33m"[39;49;00m,[90m[39;49;00m
PRE-RELEASE DEPENDENCIES	Run test suite	2026-10-02T14:06:34.9485453Z             n_pca_components=[94m10[39;49;00m,[90m[39;49;00m
PRE-RELEASE DEPENDENCIES	Run test suite	2026-10-02T14:06:34.9485846Z             n_top_genes=[94m50[39;49;00m,[90m[39;49;00m
PRE-RELEASE DEPENDENCIES	Run test suite	2026-10-02T14:06:34.9485982Z         )[90m[39;49;00m
PRE-RELEASE DEPENDENCIES	Run test suite	2026-10-02T14:06:34.9485989Z 
PRE-RELEASE DEPENDENCIES	Run test suite	2026-10-02T14:06:34.9486190Z [1m[31mtests/embpy/test_embedder.py[0m:477: 
PRE-RELEASE DEPENDENCIES	Run test suite	2026-10-02T14:06:34.9486365Z _ _ _ _ _ _ _ _ _ _ _ _ _ _ _ _ _ _ _ _ _ _ _ _ _ _ _ _ _ _ _ _ _ _ _ _ _ _ _ _ 
PRE-RELEASE DEPENDENCIES	Run test suite	2026-10-02T14:06:34.9486902Z [1m[31m/opt/hostedtoolcache/Python/3.12.14/x64/lib/python3.12/site-packages/embpy/embedder.py[0m:3042: in embed_cells
PRE-RELEASE DEPENDENCIES	Run test suite	2026-10-02T14:06:34.9487106Z     [0madata = preprocess_counts([90m[39;49;00m
PRE-RELEASE DEPENDENCIES	Run test suite	2026-10-02T14:06:34.9487766Z [1m[31m/opt/hostedtoolcache/Python/3.12.14/x64/lib/python3.12/site-packages/embpy/pp/singlecell/preprocessing.py[0m:119: in preprocess_counts
PRE-RELEASE DEPENDENCIES	Run test suite	2026-10-02T14:06:34.9488094Z     [0msc = _require_scanpy()[90m[39;49;00m
PRE-RELEASE DEPENDENCIES	Run test suite	2026-10-02T14:06:34.9488249Z          ^^^^^^^^^^^^^^^^^[90m[39;49;00m
PRE-RELEASE DEPENDENCIES	Run test suite	2026-10-02T14:06:34.9488424Z _ _ _ _ _ _ _ _ _ _ _ _ _ _ _ _ _ _ _ _ _ _ _ _ _ _ _ _ _ _ _ _ _ _ _ _ _ _ _ _ 
PRE-RELEASE DEPENDENCIES	Run test suite	2026-10-02T14:06:34.9488436Z 
PRE-RELEASE DEPENDENCIES	Run test suite	2026-10-02T14:06:34.9488970Z     [0m[94mdef[39;49;00m[90m [39;49;00m[92m_require_scanpy[39;49;00m():  [90m# type: ignore[no-untyped-def][39;49;00m[90m[39;49;00m
PRE-RELEASE DEPENDENCIES	Run test suite	2026-10-02T14:06:34.9489139Z         [94mtry[39;49;00m:[90m[39;49;00m
PRE-RELEASE DEPENDENCIES	Run test suite	2026-10-02T14:06:34.9490280Z             [94mimport[39;49;00m[90m [39;49;00m[04m[96mscanpy[39;49;00m[90m [39;49;00m[94mas[39;49;00m[90m [39;49;00m[04m[96msc[39;49;00m  [90m# type: ignore[import-untyped][39;49;00m[90m[39;49;00m
PRE-RELEASE DEPENDENCIES	Run test suite	2026-10-02T14:06:34.9490424Z     [90m[39;49;00m
PRE-RELEASE DEPENDENCIES	Run test suite	2026-10-02T14:06:34.9490621Z             [94mreturn[39;49;00m sc[90m[39;49;00m
PRE-RELEASE DEPENDENCIES	Run test suite	2026-10-02T14:06:34.9490984Z         [94mexcept[39;49;00m [96mImportError[39;49;00m [94mas[39;49;00m exc:[90m[39;49;00m
PRE-RELEASE DEPENDENCIES	Run test suite	2026-10-02T14:06:34.9492101Z >           [94mraise[39;49;00m [96mImportError[39;49;00m([33m"[39;49;00m[33mscanpy is required for single-cell preprocessing. Install with: pip install scanpy[39;49;00m[33m"[39;49;00m) [94mfrom[39;49;00m[90m [39;49;00m[04m[96mexc[39;49;00m[90m[39;49;00m
PRE-RELEASE DEPENDENCIES	Run test suite	2026-10-02T14:06:34.9492616Z [1m[31mE           ImportError: scanpy is required for single-cell preprocessing. Install with: pip install scanpy[0m
PRE-RELEASE DEPENDENCIES	Run test suite	2026-10-02T14:06:34.9492624Z 
PRE-RELEASE DEPENDENCIES	Run test suite	2026-10-02T14:06:34.9493178Z [1m[31m/opt/hostedtoolcache/Python/3.12.14/x64/lib/python3.12/site-packages/embpy/pp/singlecell/preprocessing.py[0m:32: ImportError
PRE-RELEASE DEPENDENCIES	Run test suite	2026-10-02T14:06:34.9493471Z [31m[1m___________________ TestEmbedCells.test_embed_cells_metadata ___________________[0m
PRE-RELEASE DEPENDENCIES	Run test suite	2026-10-02T14:06:34.9493477Z 
PRE-RELEASE DEPENDENCIES	Run test suite	2026-10-02T14:06:34.9493908Z     [0m[94mdef[39;49;00m[90m [39;49;00m[92m_require_scanpy[39;49;00m():  [90m# type: ignore[no-untyped-def][39;49;00m[90m[39;49;00m
PRE-RELEASE DEPENDENCIES	Run test suite	2026-10-02T14:06:34.9494045Z         [94mtry[39;49;00m:[90m[39;49;00m
PRE-RELEASE DEPENDENCIES	Run test suite	2026-10-02T14:06:34.9494684Z >           [94mimport[39;49;00m[90m [39;49;00m[04m[96mscanpy[39;49;00m[90m [39;49;00m[94mas[39;49;00m[90m [39;49;00m[04m[96msc[39;49;00m  [90m# type: ignore[import-untyped][39;49;00m[90m[39;49;00m
PRE-RELEASE DEPENDENCIES	Run test suite	2026-10-02T14:06:34.9494821Z             ^^^^^^^^^^^^^^^^^^^[90m[39;49;00m
PRE-RELEASE DEPENDENCIES	Run test suite	2026-10-02T14:06:34.9495032Z [1m[31mE           ModuleNotFoundError: No module named 'scanpy'[0m
PRE-RELEASE DEPENDENCIES	Run test suite	2026-10-02T14:06:34.9495039Z 
PRE-RELEASE DEPENDENCIES	Run test suite	2026-10-02T14:06:34.9495556Z [1m[31m/opt/hostedtoolcache/Python/3.12.14/x64/lib/python3.12/site-packages/embpy/pp/singlecell/preprocessing.py[0m:28: ModuleNotFoundError
PRE-RELEASE DEPENDENCIES	Run test suite	2026-10-02T14:06:34.9495562Z 
PRE-RELEASE DEPENDENCIES	Run test suite	2026-10-02T14:06:34.9495818Z [33mThe above exception was the direct cause of the following exception:[0m
PRE-RELEASE DEPENDENCIES	Run test suite	2026-10-02T14:06:34.9495824Z 
PRE-RELEASE DEPENDENCIES	Run test suite	2026-10-02T14:06:34.9496026Z self = <tests.embpy.test_embedder.TestEmbedCells object at 0x7fa7eec874a0>
PRE-RELEASE DEPENDENCIES	Run test suite	2026-10-02T14:06:34.9496208Z mock_resolver_cls = <MagicMock name='GeneResolver' id='140359233393088'>
PRE-RELEASE DEPENDENCIES	Run test suite	2026-10-02T14:06:34.9496215Z 
PRE-RELEASE DEPENDENCIES	Run test suite	2026-10-02T14:06:34.9496606Z     [0m[37m@patch[39;49;00m([33m"[39;49;00m[33membpy.embedder.GeneResolver[39;49;00m[33m"[39;49;00m)[90m[39;49;00m
PRE-RELEASE DEPENDENCIES	Run test suite	2026-10-02T14:06:34.9497186Z     [94mdef[39;49;00m[90m [39;49;00m[92mtest_embed_cells_metadata[39;49;00m([96mself[39;49;00m, mock_resolver_cls):[90m[39;49;00m
PRE-RELEASE DEPENDENCIES	Run test suite	2026-10-02T14:06:34.9497749Z         [94mfrom[39;49;00m[90m [39;49;00m[04m[96membpy[39;49;00m[04m[96m.[39;49;00m[04m[96membedder[39;49;00m[90m [39;49;00m[94mimport[39;49;00m BioEmbedder[90m[39;49;00m
PRE-RELEASE DEPENDENCIES	Run test suite	2026-10-02T14:06:34.9497857Z     [90m[39;49;00m
PRE-RELEASE DEPENDENCIES	Run test suite	2026-10-02T14:06:34.9498193Z         embedder = BioEmbedder(device=[33m"[39;49;00m[33mcpu[39;49;00m[33m"[39;49;00m)[90m[39;49;00m
PRE-RELEASE DEPENDENCIES	Run test suite	2026-10-02T14:06:34.9498384Z         adata = [96mself[39;49;00m._make_adata()[90m[39;49;00m
PRE-RELEASE DEPENDENCIES	Run test suite	2026-10-02T14:06:34.9498490Z     [90m[39;49;00m
PRE-RELEASE DEPENDENCIES	Run test suite	2026-10-02T14:06:34.9498653Z >       result = embedder.embed_cells([90m[39;49;00m
PRE-RELEASE DEPENDENCIES	Run test suite	2026-10-02T14:06:34.9498892Z             adata,[90m[39;49;00m
PRE-RELEASE DEPENDENCIES	Run test suite	2026-10-02T14:06:34.9499146Z             models=[[33m"[39;49;00m[33mpca[39;49;00m[33m"[39;49;00m],[90m[39;49;00m
PRE-RELEASE DEPENDENCIES	Run test suite	2026-10-02T14:06:34.9499571Z             preprocessing=[33m"[39;49;00m[33mstandard[39;49;00m[33m"[39;49;00m,[90m[39;49;00m
PRE-RELEASE DEPENDENCIES	Run test suite	2026-10-02T14:06:34.9499766Z             n_pca_components=[94m10[39;49;00m,[90m[39;49;00m
PRE-RELEASE DEPENDENCIES	Run test suite	2026-10-02T14:06:34.9499930Z             n_top_genes=[94m50[39;49;00m,[90m[39;49;00m
PRE-RELEASE DEPENDENCIES	Run test suite	2026-10-02T14:06:34.9500043Z         )[90m[39;49;00m
PRE-RELEASE DEPENDENCIES	Run test suite	2026-10-02T14:06:34.9500049Z 
PRE-RELEASE DEPENDENCIES	Run test suite	2026-10-02T14:06:34.9500202Z [1m[31mtests/embpy/test_embedder.py[0m:520: 
PRE-RELEASE DEPENDENCIES	Run test suite	2026-10-02T14:06:34.9500345Z _ _ _ _ _ _ _ _ _ _ _ _ _ _ _ _ _ _ _ _ _ _ _ _ _ _ _ _ _ _ _ _ _ _ _ _ _ _ _ _ 
PRE-RELEASE DEPENDENCIES	Run test suite	2026-10-02T14:06:34.9500767Z [1m[31m/opt/hostedtoolcache/Python/3.12.14/x64/lib/python3.12/site-packages/embpy/embedder.py[0m:3042: in embed_cells
PRE-RELEASE DEPENDENCIES	Run test suite	2026-10-02T14:06:34.9500922Z     [0madata = preprocess_counts([90m[39;49;00m
PRE-RELEASE DEPENDENCIES	Run test suite	2026-10-02T14:06:34.9501450Z [1m[31m/opt/hostedtoolcache/Python/3.12.14/x64/lib/python3.12/site-packages/embpy/pp/singlecell/preprocessing.py[0m:119: in preprocess_counts
PRE-RELEASE DEPENDENCIES	Run test suite	2026-10-02T14:06:34.9501591Z     [0msc = _require_scanpy()[90m[39;49;00m
PRE-RELEASE DEPENDENCIES	Run test suite	2026-10-02T14:06:34.9501724Z          ^^^^^^^^^^^^^^^^^[90m[39;49;00m
PRE-RELEASE DEPENDENCIES	Run test suite	2026-10-02T14:06:34.9501866Z _ _ _ _ _ _ _ _ _ _ _ _ _ _ _ _ _ _ _ _ _ _ _ _ _ _ _ _ _ _ _ _ _ _ _ _ _ _ _ _ 
PRE-RELEASE DEPENDENCIES	Run test suite	2026-10-02T14:06:34.9501872Z 
PRE-RELEASE DEPENDENCIES	Run test suite	2026-10-02T14:06:34.9502296Z     [0m[94mdef[39;49;00m[90m [39;49;00m[92m_require_scanpy[39;49;00m():  [90m# type: ignore[no-untyped-def][39;49;00m[90m[39;49;00m
PRE-RELEASE DEPENDENCIES	Run test suite	2026-10-02T14:06:34.9502431Z         [94mtry[39;49;00m:[90m[39;49;00m
PRE-RELEASE DEPENDENCIES	Run test suite	2026-10-02T14:06:34.9503070Z             [94mimport[39;49;00m[90m [39;49;00m[04m[96mscanpy[39;49;00m[90m [39;49;00m[94mas[39;49;00m[90m [39;49;00m[04m[96msc[39;49;00m  [90m# type: ignore[import-untyped][39;49;00m[90m[39;49;00m
PRE-RELEASE DEPENDENCIES	Run test suite	2026-10-02T14:06:34.9503178Z     [90m[39;49;00m
PRE-RELEASE DEPENDENCIES	Run test suite	2026-10-02T14:06:34.9503334Z             [94mreturn[39;49;00m sc[90m[39;49;00m
PRE-RELEASE DEPENDENCIES	Run test suite	2026-10-02T14:06:34.9503628Z         [94mexcept[39;49;00m [96mImportError[39;49;00m [94mas[39;49;00m exc:[90m[39;49;00m
PRE-RELEASE DEPENDENCIES	Run test suite	2026-10-02T14:06:34.9504511Z >           [94mraise[39;49;00m [96mImportError[39;49;00m([33m"[39;49;00m[33mscanpy is required for single-cell preprocessing. Install with: pip install scanpy[39;49;00m[33m"[39;49;00m) [94mfrom[39;49;00m[90m [39;49;00m[04m[96mexc[39;49;00m[90m[39;49;00m
PRE-RELEASE DEPENDENCIES	Run test suite	2026-10-02T14:06:34.9504911Z [1m[31mE           ImportError: scanpy is required for single-cell preprocessing. Install with: pip install scanpy[0m
PRE-RELEASE DEPENDENCIES	Run test suite	2026-10-02T14:06:34.9504923Z 
PRE-RELEASE DEPENDENCIES	Run test suite	2026-10-02T14:06:34.9505401Z [1m[31m/opt/hostedtoolcache/Python/3.12.14/x64/lib/python3.12/site-packages/embpy/pp/singlecell/preprocessing.py[0m:32: ImportError
PRE-RELEASE DEPENDENCIES	Run test suite	2026-10-02T14:06:34.9505688Z [31m[1m_____________________ TestEmbedCells.test_embed_cells_copy _____________________[0m
PRE-RELEASE DEPENDENCIES	Run test suite	2026-10-02T14:06:34.9505694Z 
PRE-RELEASE DEPENDENCIES	Run test suite	2026-10-02T14:06:34.9506115Z     [0m[94mdef[39;49;00m[90m [39;49;00m[92m_require_scanpy[39;49;00m():  [90m# type: ignore[no-untyped-def][39;49;00m[90m[39;49;00m
PRE-RELEASE DEPENDENCIES	Run test suite	2026-10-02T14:06:34.9506257Z         [94mtry[39;49;00m:[90m[39;49;00m
PRE-RELEASE DEPENDENCIES	Run test suite	2026-10-02T14:06:34.9506890Z >           [94mimport[39;49;00m[90m [39;49;00m[04m[96mscanpy[39;49;00m[90m [39;49;00m[94mas[39;49;00m[90m [39;49;00m[04m[96msc[39;49;00m  [90m# type: ignore[import-untyped][39;49;00m[90m[39;49;00m
PRE-RELEASE DEPENDENCIES	Run test suite	2026-10-02T14:06:34.9507153Z             ^^^^^^^^^^^^^^^^^^^[90m[39;49;00m
PRE-RELEASE DEPENDENCIES	Run test suite	2026-10-02T14:06:34.9507370Z [1m[31mE           ModuleNotFoundError: No module named 'scanpy'[0m
PRE-RELEASE DEPENDENCIES	Run test suite	2026-10-02T14:06:34.9507375Z 
PRE-RELEASE DEPENDENCIES	Run test suite	2026-10-02T14:06:34.9507882Z [1m[31m/opt/hostedtoolcache/Python/3.12.14/x64/lib/python3.12/site-packages/embpy/pp/singlecell/preprocessing.py[0m:28: ModuleNotFoundError
PRE-RELEASE DEPENDENCIES	Run test suite	2026-10-02T14:06:34.9507892Z 
PRE-RELEASE DEPENDENCIES	Run test suite	2026-10-02T14:06:34.9508144Z [33mThe above exception was the direct cause of the following exception:[0m
PRE-RELEASE DEPENDENCIES	Run test suite	2026-10-02T14:06:34.9508149Z 
PRE-RELEASE DEPENDENCIES	Run test suite	2026-10-02T14:06:34.9508459Z self = <tests.embpy.test_embedder.TestEmbedCells object at 0x7fa7eec84e30>
PRE-RELEASE DEPENDENCIES	Run test suite	2026-10-02T14:06:34.9508637Z mock_resolver_cls = <MagicMock name='GeneResolver' id='140359233506288'>
PRE-RELEASE DEPENDENCIES	Run test suite	2026-10-02T14:06:34.9508643Z 
PRE-RELEASE DEPENDENCIES	Run test suite	2026-10-02T14:06:34.9509045Z     [0m[37m@patch[39;49;00m([33m"[39;49;00m[33membpy.embedder.GeneResolver[39;49;00m[33m"[39;49;00m)[90m[39;49;00m
PRE-RELEASE DEPENDENCIES	Run test suite	2026-10-02T14:06:34.9509586Z     [94mdef[39;49;00m[90m [39;49;00m[92mtest_embed_cells_copy[39;49;00m([96mself[39;49;00m, mock_resolver_cls):[90m[39;49;00m
PRE-RELEASE DEPENDENCIES	Run test suite	2026-10-02T14:06:34.9510152Z         [94mfrom[39;49;00m[90m [39;49;00m[04m[96membpy[39;49;00m[04m[96m.[39;49;00m[04m[96membedder[39;49;00m[90m [39;49;00m[94mimport[39;49;00m BioEmbedder[90m[39;49;00m
PRE-RELEASE DEPENDENCIES	Run test suite	2026-10-02T14:06:34.9510260Z     [90m[39;49;00m
PRE-RELEASE DEPENDENCIES	Run test suite	2026-10-02T14:06:34.9510590Z         embedder = BioEmbedder(device=[33m"[39;49;00m[33mcpu[39;49;00m[33m"[39;49;00m)[90m[39;49;00m
PRE-RELEASE DEPENDENCIES	Run test suite	2026-10-02T14:06:34.9510785Z         adata = [96mself[39;49;00m._make_adata()[90m[39;49;00m
PRE-RELEASE DEPENDENCIES	Run test suite	2026-10-02T14:06:34.9510955Z         original_shape = adata.shape[90m[39;49;00m
PRE-RELEASE DEPENDENCIES	Run test suite	2026-10-02T14:06:34.9511055Z     [90m[39;49;00m
PRE-RELEASE DEPENDENCIES	Run test suite	2026-10-02T14:06:34.9511203Z >       _ = embedder.embed_cells([90m[39;49;00m
PRE-RELEASE DEPENDENCIES	Run test suite	2026-10-02T14:06:34.9592180Z             adata, models=[[33m"[39;49;00m[33mpca[39;49;00m[33m"[39;49;00m], copy=[94mTrue[39;49;00m, n_pca_components=[94m5[39;49;00m, n_top_genes=[94m50[39;49;00m, preprocessing=[33m"[39;49;00m[33mstandard[39;49;00m[33m"[39;49;00m[90m[39;49;00m
PRE-RELEASE DEPENDENCIES	Run test suite	2026-10-02T14:06:34.9592387Z         )[90m[39;49;00m
PRE-RELEASE DEPENDENCIES	Run test suite	2026-10-02T14:06:34.9592395Z 
PRE-RELEASE DEPENDENCIES	Run test suite	2026-10-02T14:06:34.9592608Z [1m[31mtests/embpy/test_embedder.py[0m:619: 
PRE-RELEASE DEPENDENCIES	Run test suite	2026-10-02T14:06:34.9592783Z _ _ _ _ _ _ _ _ _ _ _ _ _ _ _ _ _ _ _ _ _ _ _ _ _ _ _ _ _ _ _ _ _ _ _ _ _ _ _ _ 
PRE-RELEASE DEPENDENCIES	Run test suite	2026-10-02T14:06:34.9593337Z [1m[31m/opt/hostedtoolcache/Python/3.12.14/x64/lib/python3.12/site-packages/embpy/embedder.py[0m:3042: in embed_cells
PRE-RELEASE DEPENDENCIES	Run test suite	2026-10-02T14:06:34.9593546Z     [0madata = preprocess_counts([90m[39;49;00m
PRE-RELEASE DEPENDENCIES	Run test suite	2026-10-02T14:06:34.9594212Z [1m[31m/opt/hostedtoolcache/Python/3.12.14/x64/lib/python3.12/site-packages/embpy/pp/singlecell/preprocessing.py[0m:119: in preprocess_counts
PRE-RELEASE DEPENDENCIES	Run test suite	2026-10-02T14:06:34.9594396Z     [0msc = _require_scanpy()[90m[39;49;00m
PRE-RELEASE DEPENDENCIES	Run test suite	2026-10-02T14:06:34.9594556Z          ^^^^^^^^^^^^^^^^^[90m[39;49;00m
PRE-RELEASE DEPENDENCIES	Run test suite	2026-10-02T14:06:34.9594733Z _ _ _ _ _ _ _ _ _ _ _ _ _ _ _ _ _ _ _ _ _ _ _ _ _ _ _ _ _ _ _ _ _ _ _ _ _ _ _ _ 
PRE-RELEASE DEPENDENCIES	Run test suite	2026-10-02T14:06:34.9594741Z 
PRE-RELEASE DEPENDENCIES	Run test suite	2026-10-02T14:06:34.9595277Z     [0m[94mdef[39;49;00m[90m [39;49;00m[92m_require_scanpy[39;49;00m():  [90m# type: ignore[no-untyped-def][39;49;00m[90m[39;49;00m
PRE-RELEASE DEPENDENCIES	Run test suite	2026-10-02T14:06:34.9595441Z         [94mtry[39;49;00m:[90m[39;49;00m
PRE-RELEASE DEPENDENCIES	Run test suite	2026-10-02T14:06:34.9596227Z             [94mimport[39;49;00m[90m [39;49;00m[04m[96mscanpy[39;49;00m[90m [39;49;00m[94mas[39;49;00m[90m [39;49;00m[04m[96msc[39;49;00m  [90m# type: ignore[import-untyped][39;49;00m[90m[39;49;00m
PRE-RELEASE DEPENDENCIES	Run test suite	2026-10-02T14:06:34.9596355Z     [90m[39;49;00m
PRE-RELEASE DEPENDENCIES	Run test suite	2026-10-02T14:06:34.9596552Z             [94mreturn[39;49;00m sc[90m[39;49;00m
PRE-RELEASE DEPENDENCIES	Run test suite	2026-10-02T14:06:34.9596919Z         [94mexcept[39;49;00m [96mImportError[39;49;00m [94mas[39;49;00m exc:[90m[39;49;00m
PRE-RELEASE DEPENDENCIES	Run test suite	2026-10-02T14:06:34.9598012Z >           [94mraise[39;49;00m [96mImportError[39;49;00m([33m"[39;49;00m[33mscanpy is required for single-cell preprocessing. Install with: pip install scanpy[39;49;00m[33m"[39;49;00m) [94mfrom[39;49;00m[90m [39;49;00m[04m[96mexc[39;49;00m[90m[39;49;00m
PRE-RELEASE DEPENDENCIES	Run test suite	2026-10-02T14:06:34.9598748Z [1m[31mE           ImportError: scanpy is required for single-cell preprocessing. Install with: pip install scanpy[0m
PRE-RELEASE DEPENDENCIES	Run test suite	2026-10-02T14:06:34.9598757Z 
PRE-RELEASE DEPENDENCIES	Run test suite	2026-10-02T14:06:34.9599368Z [1m[31m/opt/hostedtoolcache/Python/3.12.14/x64/lib/python3.12/site-packages/embpy/pp/singlecell/preprocessing.py[0m:32: ImportError
PRE-RELEASE DEPENDENCIES	Run test suite	2026-10-02T14:06:34.9600090Z [31m[1m_____________________ TestEmbedAdata.test_cell_models_only _____________________[0m
PRE-RELEASE DEPENDENCIES	Run test suite	2026-10-02T14:06:34.9600101Z 
PRE-RELEASE DEPENDENCIES	Run test suite	2026-10-02T14:06:34.9600803Z     [0m[94mdef[39;49;00m[90m [39;49;00m[92m_require_scanpy[39;49;00m():  [90m# type: ignore[no-untyped-def][39;49;00m[90m[39;49;00m
PRE-RELEASE DEPENDENCIES	Run test suite	2026-10-02T14:06:34.9600974Z         [94mtry[39;49;00m:[90m[39;49;00m
PRE-RELEASE DEPENDENCIES	Run test suite	2026-10-02T14:06:34.9601756Z >           [94mimport[39;49;00m[90m [39;49;00m[04m[96mscanpy[39;49;00m[90m [39;49;00m[94mas[39;49;00m[90m [39;49;00m[04m[96msc[39;49;00m  [90m# type: ignore[import-untyped][39;49;00m[90m[39;49;00m
PRE-RELEASE DEPENDENCIES	Run test suite	2026-10-02T14:06:34.9601932Z             ^^^^^^^^^^^^^^^^^^^[90m[39;49;00m
PRE-RELEASE DEPENDENCIES	Run test suite	2026-10-02T14:06:34.9602190Z [1m[31mE           ModuleNotFoundError: No module named 'scanpy'[0m
PRE-RELEASE DEPENDENCIES	Run test suite	2026-10-02T14:06:34.9602197Z 
PRE-RELEASE DEPENDENCIES	Run test suite	2026-10-02T14:06:34.9602838Z [1m[31m/opt/hostedtoolcache/Python/3.12.14/x64/lib/python3.12/site-packages/embpy/pp/singlecell/preprocessing.py[0m:28: ModuleNotFoundError
PRE-RELEASE DEPENDENCIES	Run test suite	2026-10-02T14:06:34.9602846Z 
PRE-RELEASE DEPENDENCIES	Run test suite	2026-10-02T14:06:34.9603176Z [33mThe above exception was the direct cause of the following exception:[0m
PRE-RELEASE DEPENDENCIES	Run test suite	2026-10-02T14:06:34.9603192Z 
PRE-RELEASE DEPENDENCIES	Run test suite	2026-10-02T14:06:34.9603398Z self = <tests.embpy.test_embedder.TestEmbedAdata object at 0x7fa7eec856a0>
PRE-RELEASE DEPENDENCIES	Run test suite	2026-10-02T14:06:34.9603582Z mock_resolver_cls = <MagicMock name='GeneResolver' id='140357873664512'>
PRE-RELEASE DEPENDENCIES	Run test suite	2026-10-02T14:06:34.9603588Z 
PRE-RELEASE DEPENDENCIES	Run test suite	2026-10-02T14:06:34.9603989Z     [0m[37m@patch[39;49;00m([33m"[39;49;00m[33membpy.embedder.GeneResolver[39;49;00m[33m"[39;49;00m)[90m[39;49;00m
PRE-RELEASE DEPENDENCIES	Run test suite	2026-10-02T14:06:34.9604417Z     [94mdef[39;49;00m[90m [39;49;00m[92mtest_cell_models_only[39;49;00m([96mself[39;49;00m, mock_resolver_cls):[90m[39;49;00m
PRE-RELEASE DEPENDENCIES	Run test suite	2026-10-02T14:06:34.9604984Z         [94mfrom[39;49;00m[90m [39;49;00m[04m[96membpy[39;49;00m[04m[96m.[39;49;00m[04m[96membedder[39;49;00m[90m [39;49;00m[94mimport[39;49;00m BioEmbedder[90m[39;49;00m
PRE-RELEASE DEPENDENCIES	Run test suite	2026-10-02T14:06:34.9605086Z     [90m[39;49;00m
PRE-RELEASE DEPENDENCIES	Run test suite	2026-10-02T14:06:34.9605425Z         embedder = BioEmbedder(device=[33m"[39;49;00m[33mcpu[39;49;00m[33m"[39;49;00m)[90m[39;49;00m
PRE-RELEASE DEPENDENCIES	Run test suite	2026-10-02T14:06:34.9605659Z         adata = [96mself[39;49;00m._make_adata_with_perts()[90m[39;49;00m
PRE-RELEASE DEPENDENCIES	Run test suite	2026-10-02T14:06:34.9605767Z     [90m[39;49;00m
PRE-RELEASE DEPENDENCIES	Run test suite	2026-10-02T14:06:34.9605932Z >       result = embedder.embed_adata([90m[39;49;00m
PRE-RELEASE DEPENDENCIES	Run test suite	2026-10-02T14:06:34.9606057Z             adata,[90m[39;49;00m
PRE-RELEASE DEPENDENCIES	Run test suite	2026-10-02T14:06:34.9606336Z             cell_models=[[33m"[39;49;00m[33mpca[39;49;00m[33m"[39;49;00m],[90m[39;49;00m
PRE-RELEASE DEPENDENCIES	Run test suite	2026-10-02T14:06:34.9606634Z             preprocessing=[33m"[39;49;00m[33mstandard[39;49;00m[33m"[39;49;00m,[90m[39;49;00m
PRE-RELEASE DEPENDENCIES	Run test suite	2026-10-02T14:06:34.9606821Z             n_pca_components=[94m10[39;49;00m,[90m[39;49;00m
PRE-RELEASE DEPENDENCIES	Run test suite	2026-10-02T14:06:34.9606985Z             n_top_genes=[94m50[39;49;00m,[90m[39;49;00m
PRE-RELEASE DEPENDENCIES	Run test suite	2026-10-02T14:06:34.9607100Z         )[90m[39;49;00m
PRE-RELEASE DEPENDENCIES	Run test suite	2026-10-02T14:06:34.9607105Z 
PRE-RELEASE DEPENDENCIES	Run test suite	2026-10-02T14:06:34.9607261Z [1m[31mtests/embpy/test_embedder.py[0m:714: 
PRE-RELEASE DEPENDENCIES	Run test suite	2026-10-02T14:06:34.9607400Z _ _ _ _ _ _ _ _ _ _ _ _ _ _ _ _ _ _ _ _ _ _ _ _ _ _ _ _ _ _ _ _ _ _ _ _ _ _ _ _ 
PRE-RELEASE DEPENDENCIES	Run test suite	2026-10-02T14:06:34.9607829Z [1m[31m/opt/hostedtoolcache/Python/3.12.14/x64/lib/python3.12/site-packages/embpy/embedder.py[0m:3495: in embed_adata
PRE-RELEASE DEPENDENCIES	Run test suite	2026-10-02T14:06:34.9608026Z     [0madata = [96mself[39;49;00m.embed_cells([90m[39;49;00m
PRE-RELEASE DEPENDENCIES	Run test suite	2026-10-02T14:06:34.9608436Z [1m[31m/opt/hostedtoolcache/Python/3.12.14/x64/lib/python3.12/site-packages/embpy/embedder.py[0m:3042: in embed_cells
PRE-RELEASE DEPENDENCIES	Run test suite	2026-10-02T14:06:34.9608723Z     [0madata = preprocess_counts([90m[39;49;00m
PRE-RELEASE DEPENDENCIES	Run test suite	2026-10-02T14:06:34.9609238Z [1m[31m/opt/hostedtoolcache/Python/3.12.14/x64/lib/python3.12/site-packages/embpy/pp/singlecell/preprocessing.py[0m:119: in preprocess_counts
PRE-RELEASE DEPENDENCIES	Run test suite	2026-10-02T14:06:34.9609383Z     [0msc = _require_scanpy()[90m[39;49;00m
PRE-RELEASE DEPENDENCIES	Run test suite	2026-10-02T14:06:34.9609647Z          ^^^^^^^^^^^^^^^^^[90m[39;49;00m
PRE-RELEASE DEPENDENCIES	Run test suite	2026-10-02T14:06:34.9609787Z _ _ _ _ _ _ _ _ _ _ _ _ _ _ _ _ _ _ _ _ _ _ _ _ _ _ _ _ _ _ _ _ _ _ _ _ _ _ _ _ 
PRE-RELEASE DEPENDENCIES	Run test suite	2026-10-02T14:06:34.9609793Z 
PRE-RELEASE DEPENDENCIES	Run test suite	2026-10-02T14:06:34.9610227Z     [0m[94mdef[39;49;00m[90m [39;49;00m[92m_require_scanpy[39;49;00m():  [90m# type: ignore[no-untyped-def][39;49;00m[90m[39;49;00m
PRE-RELEASE DEPENDENCIES	Run test suite	2026-10-02T14:06:34.9610484Z         [94mtry[39;49;00m:[90m[39;49;00m
PRE-RELEASE DEPENDENCIES	Run test suite	2026-10-02T14:06:34.9611124Z             [94mimport[39;49;00m[90m [39;49;00m[04m[96mscanpy[39;49;00m[90m [39;49;00m[94mas[39;49;00m[90m [39;49;00m[04m[96msc[39;49;00m  [90m# type: ignore[import-untyped][39;49;00m[90m[39;49;00m
PRE-RELEASE DEPENDENCIES	Run test suite	2026-10-02T14:06:34.9611229Z     [90m[39;49;00m
PRE-RELEASE DEPENDENCIES	Run test suite	2026-10-02T14:06:34.9611385Z             [94mreturn[39;49;00m sc[90m[39;49;00m
PRE-RELEASE DEPENDENCIES	Run test suite	2026-10-02T14:06:34.9611676Z         [94mexcept[39;49;00m [96mImportError[39;49;00m [94mas[39;49;00m exc:[90m[39;49;00m
PRE-RELEASE DEPENDENCIES	Run test suite	2026-10-02T14:06:34.9612554Z >           [94mraise[39;49;00m [96mImportError[39;49;00m([33m"[39;49;00m[33mscanpy is required for single-cell preprocessing. Install with: pip install scanpy[39;49;00m[33m"[39;49;00m) [94mfrom[39;49;00m[90m [39;49;00m[04m[96mexc[39;49;00m[90m[39;49;00m
PRE-RELEASE DEPENDENCIES	Run test suite	2026-10-02T14:06:34.9612954Z [1m[31mE           ImportError: scanpy is required for single-cell preprocessing. Install with: pip install scanpy[0m
PRE-RELEASE DEPENDENCIES	Run test suite	2026-10-02T14:06:34.9612963Z 
PRE-RELEASE DEPENDENCIES	Run test suite	2026-10-02T14:06:34.9613447Z [1m[31m/opt/hostedtoolcache/Python/3.12.14/x64/lib/python3.12/site-packages/embpy/pp/singlecell/preprocessing.py[0m:32: ImportError
PRE-RELEASE DEPENDENCIES	Run test suite	2026-10-02T14:06:34.9613745Z [31m[1m______________ TestEmbedAdata.test_combined_cell_and_perturbation ______________[0m
PRE-RELEASE DEPENDENCIES	Run test suite	2026-10-02T14:06:34.9613754Z 
PRE-RELEASE DEPENDENCIES	Run test suite	2026-10-02T14:06:34.9614180Z     [0m[94mdef[39;49;00m[90m [39;49;00m[92m_require_scanpy[39;49;00m():  [90m# type: ignore[no-untyped-def][39;49;00m[90m[39;49;00m
PRE-RELEASE DEPENDENCIES	Run test suite	2026-10-02T14:06:34.9614312Z         [94mtry[39;49;00m:[90m[39;49;00m
PRE-RELEASE DEPENDENCIES	Run test suite	2026-10-02T14:06:34.9614944Z >           [94mimport[39;49;00m[90m [39;49;00m[04m[96mscanpy[39;49;00m[90m [39;49;00m[94mas[39;49;00m[90m [39;49;00m[04m[96msc[39;49;00m  [90m# type: ignore[import-untyped][39;49;00m[90m[39;49;00m
PRE-RELEASE DEPENDENCIES	Run test suite	2026-10-02T14:06:34.9615081Z             ^^^^^^^^^^^^^^^^^^^[90m[39;49;00m
PRE-RELEASE DEPENDENCIES	Run test suite	2026-10-02T14:06:34.9615287Z [1m[31mE           ModuleNotFoundError: No module named 'scanpy'[0m
PRE-RELEASE DEPENDENCIES	Run test suite	2026-10-02T14:06:34.9615296Z 
PRE-RELEASE DEPENDENCIES	Run test suite	2026-10-02T14:06:34.9615804Z [1m[31m/opt/hostedtoolcache/Python/3.12.14/x64/lib/python3.12/site-packages/embpy/pp/singlecell/preprocessing.py[0m:28: ModuleNotFoundError
PRE-RELEASE DEPENDENCIES	Run test suite	2026-10-02T14:06:34.9615809Z 
PRE-RELEASE DEPENDENCIES	Run test suite	2026-10-02T14:06:34.9616065Z [33mThe above exception was the direct cause of the following exception:[0m
PRE-RELEASE DEPENDENCIES	Run test suite	2026-10-02T14:06:34.9616070Z 
PRE-RELEASE DEPENDENCIES	Run test suite	2026-10-02T14:06:34.9616275Z self = <tests.embpy.test_embedder.TestEmbedAdata object at 0x7fa7eece5040>
PRE-RELEASE DEPENDENCIES	Run test suite	2026-10-02T14:06:34.9616455Z mock_resolver_cls = <MagicMock name='GeneResolver' id='140358047327264'>
PRE-RELEASE DEPENDENCIES	Run test suite	2026-10-02T14:06:34.9616460Z 
PRE-RELEASE DEPENDENCIES	Run test suite	2026-10-02T14:06:34.9616853Z     [0m[37m@patch[39;49;00m([33m"[39;49;00m[33membpy.embedder.GeneResolver[39;49;00m[33m"[39;49;00m)[90m[39;49;00m
PRE-RELEASE DEPENDENCIES	Run test suite	2026-10-02T14:06:34.9617332Z     [94mdef[39;49;00m[90m [39;49;00m[92mtest_combined_cell_and_perturbation[39;49;00m([96mself[39;49;00m, mock_resolver_cls):[90m[39;49;00m
PRE-RELEASE DEPENDENCIES	Run test suite	2026-10-02T14:06:34.9617888Z         [94mfrom[39;49;00m[90m [39;49;00m[04m[96membpy[39;49;00m[04m[96m.[39;49;00m[04m[96membedder[39;49;00m[90m [39;49;00m[94mimport[39;49;00m BioEmbedder[90m[39;49;00m
PRE-RELEASE DEPENDENCIES	Run test suite	2026-10-02T14:06:34.9617998Z     [90m[39;49;00m
PRE-RELEASE DEPENDENCIES	Run test suite	2026-10-02T14:06:34.9618333Z         embedder = BioEmbedder(device=[33m"[39;49;00m[33mcpu[39;49;00m[33m"[39;49;00m)[90m[39;49;00m
PRE-RELEASE DEPENDENCIES	Run test suite	2026-10-02T14:06:34.9618676Z         adata = [96mself[39;49;00m._make_adata_with_perts()[90m[39;49;00m
PRE-RELEASE DEPENDENCIES	Run test suite	2026-10-02T14:06:34.9618780Z     [90m[39;49;00m
PRE-RELEASE DEPENDENCIES	Run test suite	2026-10-02T14:06:34.9618930Z         mock_wrapper = MagicMock()[90m[39;49;00m
PRE-RELEASE DEPENDENCIES	Run test suite	2026-10-02T14:06:34.9619255Z         mock_wrapper.model_type = [33m"[39;49;00m[33mprotein[39;49;00m[33m"[39;49;00m[90m[39;49;00m
PRE-RELEASE DEPENDENCIES	Run test suite	2026-10-02T14:06:34.9619720Z         mock_wrapper.embed.return_value = np.zeros([94m1280[39;49;00m, dtype=np.float32)[90m[39;49;00m
PRE-RELEASE DEPENDENCIES	Run test suite	2026-10-02T14:06:34.9619982Z         embedder._get_model = MagicMock(return_value=mock_wrapper)[90m[39;49;00m
PRE-RELEASE DEPENDENCIES	Run test suite	2026-10-02T14:06:34.9620262Z         embedder.protein_resolver.get_canonical_sequence = MagicMock([90m[39;49;00m
PRE-RELEASE DEPENDENCIES	Run test suite	2026-10-02T14:06:34.9620675Z             return_value=[33m"[39;49;00m[33mMEEPQSDP[39;49;00m[33m"[39;49;00m,[90m[39;49;00m
PRE-RELEASE DEPENDENCIES	Run test suite	2026-10-02T14:06:34.9620789Z         )[90m[39;49;00m
PRE-RELEASE DEPENDENCIES	Run test suite	2026-10-02T14:06:34.9620892Z     [90m[39;49;00m
PRE-RELEASE DEPENDENCIES	Run test suite	2026-10-02T14:06:34.9621057Z >       result = embedder.embed_adata([90m[39;49;00m
PRE-RELEASE DEPENDENCIES	Run test suite	2026-10-02T14:06:34.9621182Z             adata,[90m[39;49;00m
PRE-RELEASE DEPENDENCIES	Run test suite	2026-10-02T14:06:34.9731607Z             cell_models=[[33m"[39;49;00m[33mpca[39;49;00m[33m"[39;49;00m],[90m[39;49;00m
PRE-RELEASE DEPENDENCIES	Run test suite	2026-10-02T14:06:34.9732393Z             perturbation_models=[[33m"[39;49;00m[33mesm2_650M[39;49;00m[33m"[39;49;00m],[90m[39;49;00m
PRE-RELEASE DEPENDENCIES	Run test suite	2026-10-02T14:06:34.9732957Z             perturbation_column=[33m"[39;49;00m[33mperturbation[39;49;00m[33m"[39;49;00m,[90m[39;49;00m
PRE-RELEASE DEPENDENCIES	Run test suite	2026-10-02T14:06:34.9733344Z             perturbation_type=[33m"[39;49;00m[33msymbol[39;49;00m[33m"[39;49;00m,[90m[39;49;00m
PRE-RELEASE DEPENDENCIES	Run test suite	2026-10-02T14:06:34.9733712Z             preprocessing=[33m"[39;49;00m[33mstandard[39;49;00m[33m"[39;49;00m,[90m[39;49;00m
PRE-RELEASE DEPENDENCIES	Run test suite	2026-10-02T14:06:34.9733953Z             n_pca_components=[94m10[39;49;00m,[90m[39;49;00m
PRE-RELEASE DEPENDENCIES	Run test suite	2026-10-02T14:06:34.9734156Z             n_top_genes=[94m50[39;49;00m,[90m[39;49;00m
PRE-RELEASE DEPENDENCIES	Run test suite	2026-10-02T14:06:34.9734300Z         )[90m[39;49;00m
PRE-RELEASE DEPENDENCIES	Run test suite	2026-10-02T14:06:34.9734307Z 
PRE-RELEASE DEPENDENCIES	Run test suite	2026-10-02T14:06:34.9734502Z [1m[31mtests/embpy/test_embedder.py[0m:796: 
PRE-RELEASE DEPENDENCIES	Run test suite	2026-10-02T14:06:34.9734679Z _ _ _ _ _ _ _ _ _ _ _ _ _ _ _ _ _ _ _ _ _ _ _ _ _ _ _ _ _ _ _ _ _ _ _ _ _ _ _ _ 
PRE-RELEASE DEPENDENCIES	Run test suite	2026-10-02T14:06:34.9735209Z [1m[31m/opt/hostedtoolcache/Python/3.12.14/x64/lib/python3.12/site-packages/embpy/embedder.py[0m:3495: in embed_adata
PRE-RELEASE DEPENDENCIES	Run test suite	2026-10-02T14:06:34.9735459Z     [0madata = [96mself[39;49;00m.embed_cells([90m[39;49;00m
PRE-RELEASE DEPENDENCIES	Run test suite	2026-10-02T14:06:34.9735971Z [1m[31m/opt/hostedtoolcache/Python/3.12.14/x64/lib/python3.12/site-packages/embpy/embedder.py[0m:3042: in embed_cells
PRE-RELEASE DEPENDENCIES	Run test suite	2026-10-02T14:06:34.9736165Z     [0madata = preprocess_counts([90m[39;49;00m
PRE-RELEASE DEPENDENCIES	Run test suite	2026-10-02T14:06:34.9736817Z [1m[31m/opt/hostedtoolcache/Python/3.12.14/x64/lib/python3.12/site-packages/embpy/pp/singlecell/preprocessing.py[0m:119: in preprocess_counts
PRE-RELEASE DEPENDENCIES	Run test suite	2026-10-02T14:06:34.9736994Z     [0msc = _require_scanpy()[90m[39;49;00m
PRE-RELEASE DEPENDENCIES	Run test suite	2026-10-02T14:06:34.9737160Z          ^^^^^^^^^^^^^^^^^[90m[39;49;00m
PRE-RELEASE DEPENDENCIES	Run test suite	2026-10-02T14:06:34.9737332Z _ _ _ _ _ _ _ _ _ _ _ _ _ _ _ _ _ _ _ _ _ _ _ _ _ _ _ _ _ _ _ _ _ _ _ _ _ _ _ _ 
PRE-RELEASE DEPENDENCIES	Run test suite	2026-10-02T14:06:34.9737339Z 
PRE-RELEASE DEPENDENCIES	Run test suite	2026-10-02T14:06:34.9737872Z     [0m[94mdef[39;49;00m[90m [39;49;00m[92m_require_scanpy[39;49;00m():  [90m# type: ignore[no-untyped-def][39;49;00m[90m[39;49;00m
PRE-RELEASE DEPENDENCIES	Run test suite	2026-10-02T14:06:34.9738040Z         [94mtry[39;49;00m:[90m[39;49;00m
PRE-RELEASE DEPENDENCIES	Run test suite	2026-10-02T14:06:34.9738827Z             [94mimport[39;49;00m[90m [39;49;00m[04m[96mscanpy[39;49;00m[90m [39;49;00m[94mas[39;49;00m[90m [39;49;00m[04m[96msc[39;49;00m  [90m# type: ignore[import-untyped][39;49;00m[90m[39;49;00m
PRE-RELEASE DEPENDENCIES	Run test suite	2026-10-02T14:06:34.9738959Z     [90m[39;49;00m
PRE-RELEASE DEPENDENCIES	Run test suite	2026-10-02T14:06:34.9739147Z             [94mreturn[39;49;00m sc[90m[39;49;00m
PRE-RELEASE DEPENDENCIES	Run test suite	2026-10-02T14:06:34.9739848Z         [94mexcept[39;49;00m [96mImportError[39;49;00m [94mas[39;49;00m exc:[90m[39;49;00m
PRE-RELEASE DEPENDENCIES	Run test suite	2026-10-02T14:06:34.9740978Z >           [94mraise[39;49;00m [96mImportError[39;49;00m([33m"[39;49;00m[33mscanpy is required for single-cell preprocessing. Install with: pip install scanpy[39;49;00m[33m"[39;49;00m) [94mfrom[39;49;00m[90m [39;49;00m[04m[96mexc[39;49;00m[90m[39;49;00m
PRE-RELEASE DEPENDENCIES	Run test suite	2026-10-02T14:06:34.9741678Z [1m[31mE           ImportError: scanpy is required for single-cell preprocessing. Install with: pip install scanpy[0m
PRE-RELEASE DEPENDENCIES	Run test suite	2026-10-02T14:06:34.9741692Z 
PRE-RELEASE DEPENDENCIES	Run test suite	2026-10-02T14:06:34.9742291Z [1m[31m/opt/hostedtoolcache/Python/3.12.14/x64/lib/python3.12/site-packages/embpy/pp/singlecell/preprocessing.py[0m:32: ImportError
PRE-RELEASE DEPENDENCIES	Run test suite	2026-10-02T14:06:34.9742645Z [31m[1m_____________________ TestConfigError.test_custom_message ______________________[0m
PRE-RELEASE DEPENDENCIES	Run test suite	2026-10-02T14:06:34.9742652Z 
PRE-RELEASE DEPENDENCIES	Run test suite	2026-10-02T14:06:34.9742899Z self = <tests.embpy.test_errors.TestConfigError object at 0x7fa7eec84050>
PRE-RELEASE DEPENDENCIES	Run test suite	2026-10-02T14:06:34.9743037Z 
PRE-RELEASE DEPENDENCIES	Run test suite	2026-10-02T14:06:34.9743485Z     [0m[94mdef[39;49;00m[90m [39;49;00m[92mtest_custom_message[39;49;00m([96mself[39;49;00m):[90m[39;49;00m
PRE-RELEASE DEPENDENCIES	Run test suite	2026-10-02T14:06:34.9743840Z         err = ConfigError([33m"[39;49;00m[33mBad device setting[39;49;00m[33m"[39;49;00m)[90m[39;49;00m
PRE-RELEASE DEPENDENCIES	Run test suite	2026-10-02T14:06:34.9744275Z         [94massert[39;49;00m [96mstr[39;49;00m(err) == [33m"[39;49;00m[33mBad device setting[39;49;00m[33m"[39;49;00m[90m[39;49;00m
PRE-RELEASE DEPENDENCIES	Run test suite	2026-10-02T14:06:34.9744689Z >       [94massert[39;49;00m err.message == [33m"[39;49;00m[33mBad device setting[39;49;00m[33m"[39;49;00m[90m[39;49;00m
PRE-RELEASE DEPENDENCIES	Run test suite	2026-10-02T14:06:34.9744816Z                ^^^^^^^^^^^[90m[39;49;00m
PRE-RELEASE DEPENDENCIES	Run test suite	2026-10-02T14:06:34.9745097Z [1m[31mE       AttributeError: 'ConfigError' object has no attribute 'message'[0m
PRE-RELEASE DEPENDENCIES	Run test suite	2026-10-02T14:06:34.9745104Z 
PRE-RELEASE DEPENDENCIES	Run test suite	2026-10-02T14:06:34.9745295Z [1m[31mtests/embpy/test_errors.py[0m:16: AttributeError
PRE-RELEASE DEPENDENCIES	Run test suite	2026-10-02T14:06:34.9745599Z [31m[1m___________________ TestIdentifierError.test_default_message ___________________[0m
PRE-RELEASE DEPENDENCIES	Run test suite	2026-10-02T14:06:34.9745604Z 
PRE-RELEASE DEPENDENCIES	Run test suite	2026-10-02T14:06:34.9745830Z self = <tests.embpy.test_errors.TestIdentifierError object at 0x7fa7eec84fe0>
PRE-RELEASE DEPENDENCIES	Run test suite	2026-10-02T14:06:34.9745839Z 
PRE-RELEASE DEPENDENCIES	Run test suite	2026-10-02T14:06:34.9746215Z     [0m[94mdef[39;49;00m[90m [39;49;00m[92mtest_default_message[39;49;00m([96mself[39;49;00m):[90m[39;49;00m
PRE-RELEASE DEPENDENCIES	Run test suite	2026-10-02T14:06:34.9746362Z         err = IdentifierError()[90m[39;49;00m
PRE-RELEASE DEPENDENCIES	Run test suite	2026-10-02T14:06:34.9746800Z >       [94massert[39;49;00m [96mstr[39;49;00m(err) == [33m"[39;49;00m[33mInvalid identifier[39;49;00m[33m"[39;49;00m[90m[39;49;00m
PRE-RELEASE DEPENDENCIES	Run test suite	2026-10-02T14:06:34.9747121Z [1m[31mE       AssertionError: assert 'Invalid or u...le identifier' == 'Invalid identifier'[0m
PRE-RELEASE DEPENDENCIES	Run test suite	2026-10-02T14:06:34.9747234Z [1m[31mE         [0m
PRE-RELEASE DEPENDENCIES	Run test suite	2026-10-02T14:06:34.9747455Z [1m[31mE         [0m[91m- Invalid identifier[39;49;00m[90m[39;49;00m[0m
PRE-RELEASE DEPENDENCIES	Run test suite	2026-10-02T14:06:34.9747734Z [1m[31mE         [92m+ Invalid or unresolvable identifier[39;49;00m[90m[39;49;00m[0m
PRE-RELEASE DEPENDENCIES	Run test suite	2026-10-02T14:06:34.9747743Z 
PRE-RELEASE DEPENDENCIES	Run test suite	2026-10-02T14:06:34.9747936Z [1m[31mtests/embpy/test_errors.py[0m:26: AssertionError
PRE-RELEASE DEPENDENCIES	Run test suite	2026-10-02T14:06:34.9748221Z [31m[1m______________________ TestGetDnaSequence.test_by_symbol _______________________[0m
PRE-RELEASE DEPENDENCIES	Run test suite	2026-10-02T14:06:34.9748230Z 
PRE-RELEASE DEPENDENCIES	Run test suite	2026-10-02T14:06:34.9748471Z self = <tests.embpy.test_gene_resolver.TestGetDnaSequence object at 0x7fa7eed32e40>
PRE-RELEASE DEPENDENCIES	Run test suite	2026-10-02T14:06:34.9748717Z resolver = <embpy.resources.gene.resolver.GeneResolver object at 0x7fa7ee410b90>
PRE-RELEASE DEPENDENCIES	Run test suite	2026-10-02T14:06:34.9748722Z 
PRE-RELEASE DEPENDENCIES	Run test suite	2026-10-02T14:06:34.9749102Z     [0m[94mdef[39;49;00m[90m [39;49;00m[92mtest_by_symbol[39;49;00m([96mself[39;49;00m, resolver):[90m[39;49;00m
PRE-RELEASE DEPENDENCIES	Run test suite	2026-10-02T14:06:34.9749263Z         lookup_mock = MagicMock()[90m[39;49;00m
PRE-RELEASE DEPENDENCIES	Run test suite	2026-10-02T14:06:34.9749609Z         lookup_mock.status_code = [94m200[39;49;00m[90m[39;49;00m
PRE-RELEASE DEPENDENCIES	Run test suite	2026-10-02T14:06:34.9749824Z         lookup_mock.raise_for_status = MagicMock()[90m[39;49;00m
PRE-RELEASE DEPENDENCIES	Run test suite	2026-10-02T14:06:34.9750389Z         lookup_mock.json.return_value = {[33m"[39;49;00m[33mid[39;49;00m[33m"[39;49;00m: [33m"[39;49;00m[33mENSG00000141510[39;49;00m[33m"[39;49;00m}[90m[39;49;00m
PRE-RELEASE DEPENDENCIES	Run test suite	2026-10-02T14:06:34.9750493Z     [90m[39;49;00m
PRE-RELEASE DEPENDENCIES	Run test suite	2026-10-02T14:06:34.9750810Z         seq_mock = MagicMock()[90m[39;49;00m
PRE-RELEASE DEPENDENCIES	Run test suite	2026-10-02T14:06:34.9751004Z         seq_mock.status_code = [94m200[39;49;00m[90m[39;49;00m
PRE-RELEASE DEPENDENCIES	Run test suite	2026-10-02T14:06:34.9751198Z         seq_mock.raise_for_status = MagicMock()[90m[39;49;00m
PRE-RELEASE DEPENDENCIES	Run test suite	2026-10-02T14:06:34.9751503Z         seq_mock.text = [33m"[39;49;00m[33mACGTACGTACGT[39;49;00m[33m"[39;49;00m[90m[39;49;00m
PRE-RELEASE DEPENDENCIES	Run test suite	2026-10-02T14:06:34.9751611Z     [90m[39;49;00m
PRE-RELEASE DEPENDENCIES	Run test suite	2026-10-02T14:06:34.9752227Z         [94mwith[39;49;00m patch([33m"[39;49;00m[33membpy.resources.gene_resolver.requests.get[39;49;00m[33m"[39;49;00m, side_effect=[lookup_mock, seq_mock]):[90m[39;49;00m
PRE-RELEASE DEPENDENCIES	Run test suite	2026-10-02T14:06:34.9752765Z >           result = resolver.get_dna_sequence([33m"[39;49;00m[33mTP53[39;49;00m[33m"[39;49;00m, [33m"[39;49;00m[33msymbol[39;49;00m[33m"[39;49;00m)[90m[39;49;00m
PRE-RELEASE DEPENDENCIES	Run test suite	2026-10-02T14:06:34.9753064Z                      ^^^^^^^^^^^^^^^^^^^^^^^^^^^^^^^^^^^^^^^^^^^[90m[39;49;00m
PRE-RELEASE DEPENDENCIES	Run test suite	2026-10-02T14:06:34.9753070Z 
PRE-RELEASE DEPENDENCIES	Run test suite	2026-10-02T14:06:34.9753236Z [1m[31mtests/embpy/test_gene_resolver.py[0m:41: 
PRE-RELEASE DEPENDENCIES	Run test suite	2026-10-02T14:06:34.9753381Z _ _ _ _ _ _ _ _ _ _ _ _ _ _ _ _ _ _ _ _ _ _ _ _ _ _ _ _ _ _ _ _ _ _ _ _ _ _ _ _ 
PRE-RELEASE DEPENDENCIES	Run test suite	2026-10-02T14:06:34.9753908Z [1m[31m/opt/hostedtoolcache/Python/3.12.14/x64/lib/python3.12/site-packages/embpy/resources/gene/resolver.py[0m:530: in get_dna_sequence
PRE-RELEASE DEPENDENCIES	Run test suite	2026-10-02T14:06:34.9754119Z     [0m[96mself[39;49;00m._load_genome_if_available()[90m[39;49;00m
PRE-RELEASE DEPENDENCIES	Run test suite	2026-10-02T14:06:34.9754252Z _ _ _ _ _ _ _ _ _ _ _ _ _ _ _ _ _ _ _ _ _ _ _ _ _ _ _ _ _ _ _ _ _ _ _ _ _ _ _ _ 
PRE-RELEASE DEPENDENCIES	Run test suite	2026-10-02T14:06:34.9754258Z 
PRE-RELEASE DEPENDENCIES	Run test suite	2026-10-02T14:06:34.9754474Z self = <embpy.resources.gene.resolver.GeneResolver object at 0x7fa7ee410b90>
PRE-RELEASE DEPENDENCIES	Run test suite	2026-10-02T14:06:34.9754485Z 
PRE-RELEASE DEPENDENCIES	Run test suite	2026-10-02T14:06:34.9754930Z     [0m[94mdef[39;49;00m[90m [39;49;00m[92m_load_genome_if_available[39;49;00m([96mself[39;49;00m) -> [96mbool[39;49;00m:[90m[39;49;00m
PRE-RELEASE DEPENDENCIES	Run test suite	2026-10-02T14:06:34.9755349Z     [90m    [39;49;00m[33m"""Try to load a previously downloaded genome. Returns True if loaded."""[39;49;00m[90m[39;49;00m
PRE-RELEASE DEPENDENCIES	Run test suite	2026-10-02T14:06:34.9755761Z >       [94mif[39;49;00m [96mself[39;49;00m._genome_fasta [95mis[39;49;00m [95mnot[39;49;00m [94mNone[39;49;00m:[90m[39;49;00m
PRE-RELEASE DEPENDENCIES	Run test suite	2026-10-02T14:06:34.9755899Z            ^^^^^^^^^^^^^^^^^^[90m[39;49;00m
PRE-RELEASE DEPENDENCIES	Run test suite	2026-10-02T14:06:34.9756194Z [1m[31mE       AttributeError: 'GeneResolver' object has no attribute '_genome_fasta'[0m
PRE-RELEASE DEPENDENCIES	Run test suite	2026-10-02T14:06:34.9756200Z 
PRE-RELEASE DEPENDENCIES	Run test suite	2026-10-02T14:06:34.9756676Z [1m[31m/opt/hostedtoolcache/Python/3.12.14/x64/lib/python3.12/site-packages/embpy/resources/gene/resolver.py[0m:356: AttributeError
PRE-RELEASE DEPENDENCIES	Run test suite	2026-10-02T14:06:34.9756962Z [31m[1m____________________ TestGetDnaSequence.test_by_ensembl_id _____________________[0m
PRE-RELEASE DEPENDENCIES	Run test suite	2026-10-02T14:06:34.9756968Z 
PRE-RELEASE DEPENDENCIES	Run test suite	2026-10-02T14:06:34.9757191Z self = <tests.embpy.test_gene_resolver.TestGetDnaSequence object at 0x7fa7eed32c30>
PRE-RELEASE DEPENDENCIES	Run test suite	2026-10-02T14:06:34.9757424Z resolver = <embpy.resources.gene.resolver.GeneResolver object at 0x7fa7e4f3e420>
PRE-RELEASE DEPENDENCIES	Run test suite	2026-10-02T14:06:34.9757430Z 
PRE-RELEASE DEPENDENCIES	Run test suite	2026-10-02T14:06:34.9757816Z     [0m[94mdef[39;49;00m[90m [39;49;00m[92mtest_by_ensembl_id[39;49;00m([96mself[39;49;00m, resolver):[90m[39;49;00m
PRE-RELEASE DEPENDENCIES	Run test suite	2026-10-02T14:06:34.9757965Z         lookup_mock = MagicMock()[90m[39;49;00m
PRE-RELEASE DEPENDENCIES	Run test suite	2026-10-02T14:06:34.9758176Z         lookup_mock.status_code = [94m200[39;49;00m[90m[39;49;00m
PRE-RELEASE DEPENDENCIES	Run test suite	2026-10-02T14:06:34.9758374Z         lookup_mock.raise_for_status = MagicMock()[90m[39;49;00m
PRE-RELEASE DEPENDENCIES	Run test suite	2026-10-02T14:06:34.9758917Z         lookup_mock.json.return_value = {[33m"[39;49;00m[33mid[39;49;00m[33m"[39;49;00m: [33m"[39;49;00m[33mENSG00000141510[39;49;00m[33m"[39;49;00m}[90m[39;49;00m
PRE-RELEASE DEPENDENCIES	Run test suite	2026-10-02T14:06:34.9759026Z     [90m[39;49;00m
PRE-RELEASE DEPENDENCIES	Run test suite	2026-10-02T14:06:34.9759167Z         seq_mock = MagicMock()[90m[39;49;00m
PRE-RELEASE DEPENDENCIES	Run test suite	2026-10-02T14:06:34.9759360Z         seq_mock.status_code = [94m200[39;49;00m[90m[39;49;00m
PRE-RELEASE DEPENDENCIES	Run test suite	2026-10-02T14:06:34.9759674Z         seq_mock.raise_for_status = MagicMock()[90m[39;49;00m
PRE-RELEASE DEPENDENCIES	Run test suite	2026-10-02T14:06:34.9759977Z         seq_mock.text = [33m"[39;49;00m[33mACGTACGTACGT[39;49;00m[33m"[39;49;00m[90m[39;49;00m
PRE-RELEASE DEPENDENCIES	Run test suite	2026-10-02T14:06:34.9760206Z     [90m[39;49;00m
PRE-RELEASE DEPENDENCIES	Run test suite	2026-10-02T14:06:34.9760794Z         [94mwith[39;49;00m patch([33m"[39;49;00m[33membpy.resources.gene_resolver.requests.get[39;49;00m[33m"[39;49;00m, side_effect=[lookup_mock, seq_mock]):[90m[39;49;00m
PRE-RELEASE DEPENDENCIES	Run test suite	2026-10-02T14:06:34.9890073Z >           result = resolver.get_dna_sequence([33m"[39;49;00m[33mENSG00000141510[39;49;00m[33m"[39;49;00m, [33m"[39;49;00m[33mensembl_id[39;49;00m[33m"[39;49;00m)[90m[39;49;00m
PRE-RELEASE DEPENDENCIES	Run test suite	2026-10-02T14:06:34.9890476Z                      ^^^^^^^^^^^^^^^^^^^^^^^^^^^^^^^^^^^^^^^^^^^^^^^^^^^^^^^^^^[90m[39;49;00m
PRE-RELEASE DEPENDENCIES	Run test suite	2026-10-02T14:06:34.9890486Z 
PRE-RELEASE DEPENDENCIES	Run test suite	2026-10-02T14:06:34.9890696Z [1m[31mtests/embpy/test_gene_resolver.py[0m:56: 
PRE-RELEASE DEPENDENCIES	Run test suite	2026-10-02T14:06:34.9890867Z _ _ _ _ _ _ _ _ _ _ _ _ _ _ _ _ _ _ _ _ _ _ _ _ _ _ _ _ _ _ _ _ _ _ _ _ _ _ _ _ 
PRE-RELEASE DEPENDENCIES	Run test suite	2026-10-02T14:06:34.9891707Z [1m[31m/opt/hostedtoolcache/Python/3.12.14/x64/lib/python3.12/site-packages/embpy/resources/gene/resolver.py[0m:530: in get_dna_sequence
PRE-RELEASE DEPENDENCIES	Run test suite	2026-10-02T14:06:34.9891982Z     [0m[96mself[39;49;00m._load_genome_if_available()[90m[39;49;00m
PRE-RELEASE DEPENDENCIES	Run test suite	2026-10-02T14:06:34.9892150Z _ _ _ _ _ _ _ _ _ _ _ _ _ _ _ _ _ _ _ _ _ _ _ _ _ _ _ _ _ _ _ _ _ _ _ _ _ _ _ _ 
PRE-RELEASE DEPENDENCIES	Run test suite	2026-10-02T14:06:34.9892156Z 
PRE-RELEASE DEPENDENCIES	Run test suite	2026-10-02T14:06:34.9892427Z self = <embpy.resources.gene.resolver.GeneResolver object at 0x7fa7e4f3e420>
PRE-RELEASE DEPENDENCIES	Run test suite	2026-10-02T14:06:34.9892433Z 
PRE-RELEASE DEPENDENCIES	Run test suite	2026-10-02T14:06:34.9893002Z     [0m[94mdef[39;49;00m[90m [39;49;00m[92m_load_genome_if_available[39;49;00m([96mself[39;49;00m) -> [96mbool[39;49;00m:[90m[39;49;00m
PRE-RELEASE DEPENDENCIES	Run test suite	2026-10-02T14:06:34.9893534Z     [90m    [39;49;00m[33m"""Try to load a previously downloaded genome. Returns True if loaded."""[39;49;00m[90m[39;49;00m
PRE-RELEASE DEPENDENCIES	Run test suite	2026-10-02T14:06:34.9893987Z >       [94mif[39;49;00m [96mself[39;49;00m._genome_fasta [95mis[39;49;00m [95mnot[39;49;00m [94mNone[39;49;00m:[90m[39;49;00m
PRE-RELEASE DEPENDENCIES	Run test suite	2026-10-02T14:06:34.9894165Z            ^^^^^^^^^^^^^^^^^^[90m[39;49;00m
PRE-RELEASE DEPENDENCIES	Run test suite	2026-10-02T14:06:34.9894468Z [1m[31mE       AttributeError: 'GeneResolver' object has no attribute '_genome_fasta'[0m
PRE-RELEASE DEPENDENCIES	Run test suite	2026-10-02T14:06:34.9894478Z 
PRE-RELEASE DEPENDENCIES	Run test suite	2026-10-02T14:06:34.9894978Z [1m[31m/opt/hostedtoolcache/Python/3.12.14/x64/lib/python3.12/site-packages/embpy/resources/gene/resolver.py[0m:356: AttributeError
PRE-RELEASE DEPENDENCIES	Run test suite	2026-10-02T14:06:34.9895283Z [31m[1m_________________ TestGetDnaSequence.test_unsupported_id_type __________________[0m
PRE-RELEASE DEPENDENCIES	Run test suite	2026-10-02T14:06:34.9895288Z 
PRE-RELEASE DEPENDENCIES	Run test suite	2026-10-02T14:06:34.9895517Z self = <tests.embpy.test_gene_resolver.TestGetDnaSequence object at 0x7fa7eed32780>
PRE-RELEASE DEPENDENCIES	Run test suite	2026-10-02T14:06:34.9895752Z resolver = <embpy.resources.gene.resolver.GeneResolver object at 0x7fa7a8025670>
PRE-RELEASE DEPENDENCIES	Run test suite	2026-10-02T14:06:34.9895757Z 
PRE-RELEASE DEPENDENCIES	Run test suite	2026-10-02T14:06:34.9896176Z     [0m[94mdef[39;49;00m[90m [39;49;00m[92mtest_unsupported_id_type[39;49;00m([96mself[39;49;00m, resolver):[90m[39;49;00m
PRE-RELEASE DEPENDENCIES	Run test suite	2026-10-02T14:06:34.9896741Z >       result = resolver.get_dna_sequence([33m"[39;49;00m[33mTP53[39;49;00m[33m"[39;49;00m, [33m"[39;49;00m[33minvalid_type[39;49;00m[33m"[39;49;00m)[90m[39;49;00m
PRE-RELEASE DEPENDENCIES	Run test suite	2026-10-02T14:06:34.9896933Z                  ^^^^^^^^^^^^^^^^^^^^^^^^^^^^^^^^^^^^^^^^^^^^^^^^^[90m[39;49;00m
PRE-RELEASE DEPENDENCIES	Run test suite	2026-10-02T14:06:34.9896938Z 
PRE-RELEASE DEPENDENCIES	Run test suite	2026-10-02T14:06:34.9897101Z [1m[31mtests/embpy/test_gene_resolver.py[0m:60: 
PRE-RELEASE DEPENDENCIES	Run test suite	2026-10-02T14:06:34.9897240Z _ _ _ _ _ _ _ _ _ _ _ _ _ _ _ _ _ _ _ _ _ _ _ _ _ _ _ _ _ _ _ _ _ _ _ _ _ _ _ _ 
PRE-RELEASE DEPENDENCIES	Run test suite	2026-10-02T14:06:34.9897756Z [1m[31m/opt/hostedtoolcache/Python/3.12.14/x64/lib/python3.12/site-packages/embpy/resources/gene/resolver.py[0m:530: in get_dna_sequence
PRE-RELEASE DEPENDENCIES	Run test suite	2026-10-02T14:06:34.9897970Z     [0m[96mself[39;49;00m._load_genome_if_available()[90m[39;49;00m
PRE-RELEASE DEPENDENCIES	Run test suite	2026-10-02T14:06:34.9898104Z _ _ _ _ _ _ _ _ _ _ _ _ _ _ _ _ _ _ _ _ _ _ _ _ _ _ _ _ _ _ _ _ _ _ _ _ _ _ _ _ 
PRE-RELEASE DEPENDENCIES	Run test suite	2026-10-02T14:06:34.9898108Z 
PRE-RELEASE DEPENDENCIES	Run test suite	2026-10-02T14:06:34.9898323Z self = <embpy.resources.gene.resolver.GeneResolver object at 0x7fa7a8025670>
PRE-RELEASE DEPENDENCIES	Run test suite	2026-10-02T14:06:34.9898331Z 
PRE-RELEASE DEPENDENCIES	Run test suite	2026-10-02T14:06:34.9898794Z     [0m[94mdef[39;49;00m[90m [39;49;00m[92m_load_genome_if_available[39;49;00m([96mself[39;49;00m) -> [96mbool[39;49;00m:[90m[39;49;00m
PRE-RELEASE DEPENDENCIES	Run test suite	2026-10-02T14:06:34.9899339Z     [90m    [39;49;00m[33m"""Try to load a previously downloaded genome. Returns True if loaded."""[39;49;00m[90m[39;49;00m
PRE-RELEASE DEPENDENCIES	Run test suite	2026-10-02T14:06:34.9900012Z >       [94mif[39;49;00m [96mself[39;49;00m._genome_fasta [95mis[39;49;00m [95mnot[39;49;00m [94mNone[39;49;00m:[90m[39;49;00m
PRE-RELEASE DEPENDENCIES	Run test suite	2026-10-02T14:06:34.9900154Z            ^^^^^^^^^^^^^^^^^^[90m[39;49;00m
PRE-RELEASE DEPENDENCIES	Run test suite	2026-10-02T14:06:34.9900451Z [1m[31mE       AttributeError: 'GeneResolver' object has no attribute '_genome_fasta'[0m
PRE-RELEASE DEPENDENCIES	Run test suite	2026-10-02T14:06:34.9900462Z 
PRE-RELEASE DEPENDENCIES	Run test suite	2026-10-02T14:06:34.9900945Z [1m[31m/opt/hostedtoolcache/Python/3.12.14/x64/lib/python3.12/site-packages/embpy/resources/gene/resolver.py[0m:356: AttributeError
PRE-RELEASE DEPENDENCIES	Run test suite	2026-10-02T14:06:34.9901386Z [31m[1m________________ TestGetDnaSequence.test_api_error_returns_none ________________[0m
PRE-RELEASE DEPENDENCIES	Run test suite	2026-10-02T14:06:34.9901393Z 
PRE-RELEASE DEPENDENCIES	Run test suite	2026-10-02T14:06:34.9901625Z self = <tests.embpy.test_gene_resolver.TestGetDnaSequence object at 0x7fa7eed32030>
PRE-RELEASE DEPENDENCIES	Run test suite	2026-10-02T14:06:34.9901865Z resolver = <embpy.resources.gene.resolver.GeneResolver object at 0x7fa7a8027830>
PRE-RELEASE DEPENDENCIES	Run test suite	2026-10-02T14:06:34.9901871Z 
PRE-RELEASE DEPENDENCIES	Run test suite	2026-10-02T14:06:34.9902300Z     [0m[94mdef[39;49;00m[90m [39;49;00m[92mtest_api_error_returns_none[39;49;00m([96mself[39;49;00m, resolver):[90m[39;49;00m
PRE-RELEASE DEPENDENCIES	Run test suite	2026-10-02T14:06:34.9902556Z         [94mimport[39;49;00m[90m [39;49;00m[04m[96mrequests[39;49;00m[90m[39;49;00m
PRE-RELEASE DEPENDENCIES	Run test suite	2026-10-02T14:06:34.9902663Z     [90m[39;49;00m
PRE-RELEASE DEPENDENCIES	Run test suite	2026-10-02T14:06:34.9902796Z         mock = MagicMock()[90m[39;49;00m
PRE-RELEASE DEPENDENCIES	Run test suite	2026-10-02T14:06:34.9903294Z         mock.raise_for_status.side_effect = requests.RequestException([33m"[39;49;00m[33mAPI down[39;49;00m[33m"[39;49;00m)[90m[39;49;00m
PRE-RELEASE DEPENDENCIES	Run test suite	2026-10-02T14:06:34.9903401Z     [90m[39;49;00m
PRE-RELEASE DEPENDENCIES	Run test suite	2026-10-02T14:06:34.9903954Z         [94mwith[39;49;00m patch([33m"[39;49;00m[33membpy.resources.gene_resolver.requests.get[39;49;00m[33m"[39;49;00m, return_value=mock):[90m[39;49;00m
PRE-RELEASE DEPENDENCIES	Run test suite	2026-10-02T14:06:34.9904494Z >           result = resolver.get_dna_sequence([33m"[39;49;00m[33mTP53[39;49;00m[33m"[39;49;00m, [33m"[39;49;00m[33msymbol[39;49;00m[33m"[39;49;00m)[90m[39;49;00m
PRE-RELEASE DEPENDENCIES	Run test suite	2026-10-02T14:06:34.9904677Z                      ^^^^^^^^^^^^^^^^^^^^^^^^^^^^^^^^^^^^^^^^^^^[90m[39;49;00m
PRE-RELEASE DEPENDENCIES	Run test suite	2026-10-02T14:06:34.9904682Z 
PRE-RELEASE DEPENDENCIES	Run test suite	2026-10-02T14:06:34.9904847Z [1m[31mtests/embpy/test_gene_resolver.py[0m:70: 
PRE-RELEASE DEPENDENCIES	Run test suite	2026-10-02T14:06:34.9904980Z _ _ _ _ _ _ _ _ _ _ _ _ _ _ _ _ _ _ _ _ _ _ _ _ _ _ _ _ _ _ _ _ _ _ _ _ _ _ _ _ 
PRE-RELEASE DEPENDENCIES	Run test suite	2026-10-02T14:06:34.9905470Z [1m[31m/opt/hostedtoolcache/Python/3.12.14/x64/lib/python3.12/site-packages/embpy/resources/gene/resolver.py[0m:530: in get_dna_sequence
PRE-RELEASE DEPENDENCIES	Run test suite	2026-10-02T14:06:34.9905684Z     [0m[96mself[39;49;00m._load_genome_if_available()[90m[39;49;00m
PRE-RELEASE DEPENDENCIES	Run test suite	2026-10-02T14:06:34.9905814Z _ _ _ _ _ _ _ _ _ _ _ _ _ _ _ _ _ _ _ _ _ _ _ _ _ _ _ _ _ _ _ _ _ _ _ _ _ _ _ _ 
PRE-RELEASE DEPENDENCIES	Run test suite	2026-10-02T14:06:34.9905819Z 
PRE-RELEASE DEPENDENCIES	Run test suite	2026-10-02T14:06:34.9906032Z self = <embpy.resources.gene.resolver.GeneResolver object at 0x7fa7a8027830>
PRE-RELEASE DEPENDENCIES	Run test suite	2026-10-02T14:06:34.9906037Z 
PRE-RELEASE DEPENDENCIES	Run test suite	2026-10-02T14:06:34.9906486Z     [0m[94mdef[39;49;00m[90m [39;49;00m[92m_load_genome_if_available[39;49;00m([96mself[39;49;00m) -> [96mbool[39;49;00m:[90m[39;49;00m
PRE-RELEASE DEPENDENCIES	Run test suite	2026-10-02T14:06:34.9906889Z     [90m    [39;49;00m[33m"""Try to load a previously downloaded genome. Returns True if loaded."""[39;49;00m[90m[39;49;00m
PRE-RELEASE DEPENDENCIES	Run test suite	2026-10-02T14:06:34.9907295Z >       [94mif[39;49;00m [96mself[39;49;00m._genome_fasta [95mis[39;49;00m [95mnot[39;49;00m [94mNone[39;49;00m:[90m[39;49;00m
PRE-RELEASE DEPENDENCIES	Run test suite	2026-10-02T14:06:34.9907423Z            ^^^^^^^^^^^^^^^^^^[90m[39;49;00m
PRE-RELEASE DEPENDENCIES	Run test suite	2026-10-02T14:06:34.9907718Z [1m[31mE       AttributeError: 'GeneResolver' object has no attribute '_genome_fasta'[0m
PRE-RELEASE DEPENDENCIES	Run test suite	2026-10-02T14:06:34.9907724Z 
PRE-RELEASE DEPENDENCIES	Run test suite	2026-10-02T14:06:34.9908201Z [1m[31m/opt/hostedtoolcache/Python/3.12.14/x64/lib/python3.12/site-packages/embpy/resources/gene/resolver.py[0m:356: AttributeError
PRE-RELEASE DEPENDENCIES	Run test suite	2026-10-02T14:06:34.9908493Z [31m[1m________________ TestGetDnaSequence.test_no_ensembl_id_resolved ________________[0m
PRE-RELEASE DEPENDENCIES	Run test suite	2026-10-02T14:06:34.9908615Z 
PRE-RELEASE DEPENDENCIES	Run test suite	2026-10-02T14:06:34.9908844Z self = <tests.embpy.test_gene_resolver.TestGetDnaSequence object at 0x7fa7eed31d30>
PRE-RELEASE DEPENDENCIES	Run test suite	2026-10-02T14:06:34.9909075Z resolver = <embpy.resources.gene.resolver.GeneResolver object at 0x7fa7ee6b7890>
PRE-RELEASE DEPENDENCIES	Run test suite	2026-10-02T14:06:34.9909080Z 
PRE-RELEASE DEPENDENCIES	Run test suite	2026-10-02T14:06:34.9909705Z     [0m[94mdef[39;49;00m[90m [39;49;00m[92mtest_no_ensembl_id_resolved[39;49;00m([96mself[39;49;00m, resolver):[90m[39;49;00m
PRE-RELEASE DEPENDENCIES	Run test suite	2026-10-02T14:06:34.9909865Z         mock = MagicMock()[90m[39;49;00m
PRE-RELEASE DEPENDENCIES	Run test suite	2026-10-02T14:06:34.9910049Z         mock.status_code = [94m200[39;49;00m[90m[39;49;00m
PRE-RELEASE DEPENDENCIES	Run test suite	2026-10-02T14:06:34.9910231Z         mock.raise_for_status = MagicMock()[90m[39;49;00m
PRE-RELEASE DEPENDENCIES	Run test suite	2026-10-02T14:06:34.9910385Z         mock.json.return_value = {}[90m[39;49;00m
PRE-RELEASE DEPENDENCIES	Run test suite	2026-10-02T14:06:34.9910629Z     [90m[39;49;00m
PRE-RELEASE DEPENDENCIES	Run test suite	2026-10-02T14:06:34.9911171Z         [94mwith[39;49;00m patch([33m"[39;49;00m[33membpy.resources.gene_resolver.requests.get[39;49;00m[33m"[39;49;00m, return_value=mock):[90m[39;49;00m
PRE-RELEASE DEPENDENCIES	Run test suite	2026-10-02T14:06:34.9911700Z >           result = resolver.get_dna_sequence([33m"[39;49;00m[33mTP53[39;49;00m[33m"[39;49;00m, [33m"[39;49;00m[33msymbol[39;49;00m[33m"[39;49;00m)[90m[39;49;00m
PRE-RELEASE DEPENDENCIES	Run test suite	2026-10-02T14:06:34.9911888Z                      ^^^^^^^^^^^^^^^^^^^^^^^^^^^^^^^^^^^^^^^^^^^[90m[39;49;00m
PRE-RELEASE DEPENDENCIES	Run test suite	2026-10-02T14:06:34.9911894Z 
PRE-RELEASE DEPENDENCIES	Run test suite	2026-10-02T14:06:34.9912061Z [1m[31mtests/embpy/test_gene_resolver.py[0m:80: 
PRE-RELEASE DEPENDENCIES	Run test suite	2026-10-02T14:06:34.9912192Z _ _ _ _ _ _ _ _ _ _ _ _ _ _ _ _ _ _ _ _ _ _ _ _ _ _ _ _ _ _ _ _ _ _ _ _ _ _ _ _ 
PRE-RELEASE DEPENDENCIES	Run test suite	2026-10-02T14:06:34.9912699Z [1m[31m/opt/hostedtoolcache/Python/3.12.14/x64/lib/python3.12/site-packages/embpy/resources/gene/resolver.py[0m:530: in get_dna_sequence
PRE-RELEASE DEPENDENCIES	Run test suite	2026-10-02T14:06:34.9912911Z     [0m[96mself[39;49;00m._load_genome_if_available()[90m[39;49;00m
PRE-RELEASE DEPENDENCIES	Run test suite	2026-10-02T14:06:34.9913049Z _ _ _ _ _ _ _ _ _ _ _ _ _ _ _ _ _ _ _ _ _ _ _ _ _ _ _ _ _ _ _ _ _ _ _ _ _ _ _ _ 
PRE-RELEASE DEPENDENCIES	Run test suite	2026-10-02T14:06:34.9913054Z 
PRE-RELEASE DEPENDENCIES	Run test suite	2026-10-02T14:06:34.9913265Z self = <embpy.resources.gene.resolver.GeneResolver object at 0x7fa7ee6b7890>
PRE-RELEASE DEPENDENCIES	Run test suite	2026-10-02T14:06:34.9913279Z 
PRE-RELEASE DEPENDENCIES	Run test suite	2026-10-02T14:06:34.9913725Z     [0m[94mdef[39;49;00m[90m [39;49;00m[92m_load_genome_if_available[39;49;00m([96mself[39;49;00m) -> [96mbool[39;49;00m:[90m[39;49;00m
PRE-RELEASE DEPENDENCIES	Run test suite	2026-10-02T14:06:34.9914138Z     [90m    [39;49;00m[33m"""Try to load a previously downloaded genome. Returns True if loaded."""[39;49;00m[90m[39;49;00m
PRE-RELEASE DEPENDENCIES	Run test suite	2026-10-02T14:06:34.9914546Z >       [94mif[39;49;00m [96mself[39;49;00m._genome_fasta [95mis[39;49;00m [95mnot[39;49;00m [94mNone[39;49;00m:[90m[39;49;00m
PRE-RELEASE DEPENDENCIES	Run test suite	2026-10-02T14:06:34.9914684Z            ^^^^^^^^^^^^^^^^^^[90m[39;49;00m
PRE-RELEASE DEPENDENCIES	Run test suite	2026-10-02T14:06:34.9914981Z [1m[31mE       AttributeError: 'GeneResolver' object has no attribute '_genome_fasta'[0m
PRE-RELEASE DEPENDENCIES	Run test suite	2026-10-02T14:06:34.9914989Z 
PRE-RELEASE DEPENDENCIES	Run test suite	2026-10-02T14:06:34.9915463Z [1m[31m/opt/hostedtoolcache/Python/3.12.14/x64/lib/python3.12/site-packages/embpy/resources/gene/resolver.py[0m:356: AttributeError
PRE-RELEASE DEPENDENCIES	Run test suite	2026-10-02T14:06:34.9915799Z [31m[1m___ TestGeneResolverLocalFirstFallback.test_falls_back_to_api_when_no_genome ___[0m
PRE-RELEASE DEPENDENCIES	Run test suite	2026-10-02T14:06:34.9915808Z 
PRE-RELEASE DEPENDENCIES	Run test suite	2026-10-02T14:06:34.9916096Z self = <tests.embpy.test_local_genome.TestGeneResolverLocalFirstFallback object at 0x7fa7eeb79220>
PRE-RELEASE DEPENDENCIES	Run test suite	2026-10-02T14:06:34.9916244Z mock_init = <MagicMock name='__init__' id='140359077446768'>
PRE-RELEASE DEPENDENCIES	Run test suite	2026-10-02T14:06:34.9916250Z 
PRE-RELEASE DEPENDENCIES	Run test suite	2026-10-02T14:06:35.0005453Z     [0m[37m@patch[39;49;00m([33m"[39;49;00m[33membpy.resources.gene_resolver.GeneResolver.__init__[39;49;00m[33m"[39;49;00m, return_value=[94mNone[39;49;00m)[90m[39;49;00m
PRE-RELEASE DEPENDENCIES	Run test suite	2026-10-02T14:06:35.0006202Z     [94mdef[39;49;00m[90m [39;49;00m[92mtest_falls_back_to_api_when_no_genome[39;49;00m([96mself[39;49;00m, mock_init):[90m[39;49;00m
PRE-RELEASE DEPENDENCIES	Run test suite	2026-10-02T14:06:35.0007138Z         [94mfrom[39;49;00m[90m [39;49;00m[04m[96membpy[39;49;00m[04m[96m.[39;49;00m[04m[96mresources[39;49;00m[04m[96m.[39;49;00m[04m[96mgene_resolver[39;49;00m[90m [39;49;00m[94mimport[39;49;00m GeneResolver[90m[39;49;00m
PRE-RELEASE DEPENDENCIES	Run test suite	2026-10-02T14:06:35.0007282Z     [90m[39;49;00m
PRE-RELEASE DEPENDENCIES	Run test suite	2026-10-02T14:06:35.0007776Z         gr = GeneResolver.[92m__new__[39;49;00m(GeneResolver)[90m[39;49;00m
PRE-RELEASE DEPENDENCIES	Run test suite	2026-10-02T14:06:35.0008111Z         gr.species = [33m"[39;49;00m[33mhuman[39;49;00m[33m"[39;49;00m[90m[39;49;00m
PRE-RELEASE DEPENDENCIES	Run test suite	2026-10-02T14:06:35.0008346Z         gr._genome_fasta = [94mNone[39;49;00m[90m[39;49;00m
PRE-RELEASE DEPENDENCIES	Run test suite	2026-10-02T14:06:35.0008559Z         gr._genome_dir = [94mNone[39;49;00m[90m[39;49;00m
PRE-RELEASE DEPENDENCIES	Run test suite	2026-10-02T14:06:35.0008766Z         gr.ensembl = [94mNone[39;49;00m[90m[39;49;00m
PRE-RELEASE DEPENDENCIES	Run test suite	2026-10-02T14:06:35.0008891Z     [90m[39;49;00m
PRE-RELEASE DEPENDENCIES	Run test suite	2026-10-02T14:06:35.0009877Z         [94mwith[39;49;00m patch.object(gr, [33m"[39;49;00m[33m_load_genome_if_available[39;49;00m[33m"[39;49;00m, return_value=[94mFalse[39;49;00m), \
PRE-RELEASE DEPENDENCIES	Run test suite	2026-10-02T14:06:35.0010698Z >            patch([33m"[39;49;00m[33membpy.resources.gene_resolver._ensembl_get[39;49;00m[33m"[39;49;00m) [94mas[39;49;00m mock_api:[90m[39;49;00m
PRE-RELEASE DEPENDENCIES	Run test suite	2026-10-02T14:06:35.0010929Z              ^^^^^^^^^^^^^^^^^^^^^^^^^^^^^^^^^^^^^^^^^^^^^^^^^^^[90m[39;49;00m
PRE-RELEASE DEPENDENCIES	Run test suite	2026-10-02T14:06:35.0010942Z 
PRE-RELEASE DEPENDENCIES	Run test suite	2026-10-02T14:06:35.0011154Z [1m[31mtests/embpy/test_local_genome.py[0m:152: 
PRE-RELEASE DEPENDENCIES	Run test suite	2026-10-02T14:06:35.0011320Z _ _ _ _ _ _ _ _ _ _ _ _ _ _ _ _ _ _ _ _ _ _ _ _ _ _ _ _ _ _ _ _ _ _ _ _ _ _ _ _ 
PRE-RELEASE DEPENDENCIES	Run test suite	2026-10-02T14:06:35.0011763Z [1m[31m/opt/hostedtoolcache/Python/3.12.14/x64/lib/python3.12/unittest/mock.py[0m:1467: in __enter__
PRE-RELEASE DEPENDENCIES	Run test suite	2026-10-02T14:06:35.0012065Z     [0moriginal, local = [96mself[39;49;00m.get_original()[90m[39;49;00m
PRE-RELEASE DEPENDENCIES	Run test suite	2026-10-02T14:06:35.0012248Z                       ^^^^^^^^^^^^^^^^^^^[90m[39;49;00m
PRE-RELEASE DEPENDENCIES	Run test suite	2026-10-02T14:06:35.0012414Z _ _ _ _ _ _ _ _ _ _ _ _ _ _ _ _ _ _ _ _ _ _ _ _ _ _ _ _ _ _ _ _ _ _ _ _ _ _ _ _ 
PRE-RELEASE DEPENDENCIES	Run test suite	2026-10-02T14:06:35.0012421Z 
PRE-RELEASE DEPENDENCIES	Run test suite	2026-10-02T14:06:35.0012586Z self = <unittest.mock._patch object at 0x7fa79d351c70>
PRE-RELEASE DEPENDENCIES	Run test suite	2026-10-02T14:06:35.0012597Z 
PRE-RELEASE DEPENDENCIES	Run test suite	2026-10-02T14:06:35.0013010Z     [0m[94mdef[39;49;00m[90m [39;49;00m[92mget_original[39;49;00m([96mself[39;49;00m):[90m[39;49;00m
PRE-RELEASE DEPENDENCIES	Run test suite	2026-10-02T14:06:35.0013239Z         target = [96mself[39;49;00m.getter()[90m[39;49;00m
PRE-RELEASE DEPENDENCIES	Run test suite	2026-10-02T14:06:35.0013461Z         name = [96mself[39;49;00m.attribute[90m[39;49;00m
PRE-RELEASE DEPENDENCIES	Run test suite	2026-10-02T14:06:35.0013593Z     [90m[39;49;00m
PRE-RELEASE DEPENDENCIES	Run test suite	2026-10-02T14:06:35.0013766Z         original = DEFAULT[90m[39;49;00m
PRE-RELEASE DEPENDENCIES	Run test suite	2026-10-02T14:06:35.0013928Z         local = [94mFalse[39;49;00m[90m[39;49;00m
PRE-RELEASE DEPENDENCIES	Run test suite	2026-10-02T14:06:35.0014030Z     [90m[39;49;00m
PRE-RELEASE DEPENDENCIES	Run test suite	2026-10-02T14:06:35.0014167Z         [94mtry[39;49;00m:[90m[39;49;00m
PRE-RELEASE DEPENDENCIES	Run test suite	2026-10-02T14:06:35.0014396Z             original = target.[91m__dict__[39;49;00m[name][90m[39;49;00m
PRE-RELEASE DEPENDENCIES	Run test suite	2026-10-02T14:06:35.0014727Z         [94mexcept[39;49;00m ([96mAttributeError[39;49;00m, [96mKeyError[39;49;00m):[90m[39;49;00m
PRE-RELEASE DEPENDENCIES	Run test suite	2026-10-02T14:06:35.0014986Z             original = [96mgetattr[39;49;00m(target, name, DEFAULT)[90m[39;49;00m
PRE-RELEASE DEPENDENCIES	Run test suite	2026-10-02T14:06:35.0015123Z         [94melse[39;49;00m:[90m[39;49;00m
PRE-RELEASE DEPENDENCIES	Run test suite	2026-10-02T14:06:35.0015285Z             local = [94mTrue[39;49;00m[90m[39;49;00m
PRE-RELEASE DEPENDENCIES	Run test suite	2026-10-02T14:06:35.0015391Z     [90m[39;49;00m
PRE-RELEASE DEPENDENCIES	Run test suite	2026-10-02T14:06:35.0015844Z         [94mif[39;49;00m name [95min[39;49;00m _builtins [95mand[39;49;00m [96misinstance[39;49;00m(target, ModuleType):[90m[39;49;00m
PRE-RELEASE DEPENDENCIES	Run test suite	2026-10-02T14:06:35.0016068Z             [96mself[39;49;00m.create = [94mTrue[39;49;00m[90m[39;49;00m
PRE-RELEASE DEPENDENCIES	Run test suite	2026-10-02T14:06:35.0016168Z     [90m[39;49;00m
PRE-RELEASE DEPENDENCIES	Run test suite	2026-10-02T14:06:35.0016607Z         [94mif[39;49;00m [95mnot[39;49;00m [96mself[39;49;00m.create [95mand[39;49;00m original [95mis[39;49;00m DEFAULT:[90m[39;49;00m
PRE-RELEASE DEPENDENCIES	Run test suite	2026-10-02T14:06:35.0016833Z >           [94mraise[39;49;00m [96mAttributeError[39;49;00m([90m[39;49;00m
PRE-RELEASE DEPENDENCIES	Run test suite	2026-10-02T14:06:35.0017312Z                 [33m"[39;49;00m[33m%s[39;49;00m[33m does not have the attribute [39;49;00m[33m%r[39;49;00m[33m"[39;49;00m % (target, name)[90m[39;49;00m
PRE-RELEASE DEPENDENCIES	Run test suite	2026-10-02T14:06:35.0017434Z             )[90m[39;49;00m
PRE-RELEASE DEPENDENCIES	Run test suite	2026-10-02T14:06:35.0018298Z [1m[31mE           AttributeError: <module 'embpy.resources.gene_resolver' from '/opt/hostedtoolcache/Python/3.12.14/x64/lib/python3.12/site-packages/embpy/resources/gene_resolver.py'> does not have the attribute '_ensembl_get'[0m
PRE-RELEASE DEPENDENCIES	Run test suite	2026-10-02T14:06:35.0018428Z 
PRE-RELEASE DEPENDENCIES	Run test suite	2026-10-02T14:06:35.0018800Z [1m[31m/opt/hostedtoolcache/Python/3.12.14/x64/lib/python3.12/unittest/mock.py[0m:1437: AttributeError
PRE-RELEASE DEPENDENCIES	Run test suite	2026-10-02T14:06:35.0019096Z [31m[1m___________________ TestBioactivities.test_get_bioactivities ___________________[0m
PRE-RELEASE DEPENDENCIES	Run test suite	2026-10-02T14:06:35.0019101Z 
PRE-RELEASE DEPENDENCIES	Run test suite	2026-10-02T14:06:35.0019352Z args = (<tests.embpy.test_molecule_annotator.TestBioactivities object at 0x7fa7eeb828a0>,)
PRE-RELEASE DEPENDENCIES	Run test suite	2026-10-02T14:06:35.0019823Z keywargs = {'annotator': <embpy.resources.molecule.annotator.MoleculeAnnotator object at 0x7fa7ad69d880>}
PRE-RELEASE DEPENDENCIES	Run test suite	2026-10-02T14:06:35.0019830Z 
PRE-RELEASE DEPENDENCIES	Run test suite	2026-10-02T14:06:35.0019990Z     [0m[37m@wraps[39;49;00m(func)[90m[39;49;00m
PRE-RELEASE DEPENDENCIES	Run test suite	2026-10-02T14:06:35.0020409Z     [94mdef[39;49;00m[90m [39;49;00m[92mpatched[39;49;00m(*args, **keywargs):[90m[39;49;00m
PRE-RELEASE DEPENDENCIES	Run test suite	2026-10-02T14:06:35.0020685Z >       [94mwith[39;49;00m [96mself[39;49;00m.decoration_helper(patched,[90m[39;49;00m
PRE-RELEASE DEPENDENCIES	Run test suite	2026-10-02T14:06:35.0020837Z                                     args,[90m[39;49;00m
PRE-RELEASE DEPENDENCIES	Run test suite	2026-10-02T14:06:35.0021109Z                                     keywargs) [94mas[39;49;00m (newargs, newkeywargs):[90m[39;49;00m
PRE-RELEASE DEPENDENCIES	Run test suite	2026-10-02T14:06:35.0021114Z 
PRE-RELEASE DEPENDENCIES	Run test suite	2026-10-02T14:06:35.0021416Z [1m[31m/opt/hostedtoolcache/Python/3.12.14/x64/lib/python3.12/unittest/mock.py[0m:1393: 
PRE-RELEASE DEPENDENCIES	Run test suite	2026-10-02T14:06:35.0021556Z _ _ _ _ _ _ _ _ _ _ _ _ _ _ _ _ _ _ _ _ _ _ _ _ _ _ _ _ _ _ _ _ _ _ _ _ _ _ _ _ 
PRE-RELEASE DEPENDENCIES	Run test suite	2026-10-02T14:06:35.0021887Z [1m[31m/opt/hostedtoolcache/Python/3.12.14/x64/lib/python3.12/contextlib.py[0m:137: in __enter__
PRE-RELEASE DEPENDENCIES	Run test suite	2026-10-02T14:06:35.0022150Z     [0m[94mreturn[39;49;00m [96mnext[39;49;00m([96mself[39;49;00m.gen)[90m[39;49;00m
PRE-RELEASE DEPENDENCIES	Run test suite	2026-10-02T14:06:35.0022281Z            ^^^^^^^^^^^^^^[90m[39;49;00m
PRE-RELEASE DEPENDENCIES	Run test suite	2026-10-02T14:06:35.0022659Z [1m[31m/opt/hostedtoolcache/Python/3.12.14/x64/lib/python3.12/unittest/mock.py[0m:1375: in decoration_helper
PRE-RELEASE DEPENDENCIES	Run test suite	2026-10-02T14:06:35.0022863Z     [0marg = exit_stack.enter_context(patching)[90m[39;49;00m
PRE-RELEASE DEPENDENCIES	Run test suite	2026-10-02T14:06:35.0023023Z           ^^^^^^^^^^^^^^^^^^^^^^^^^^^^^^^^^^[90m[39;49;00m
PRE-RELEASE DEPENDENCIES	Run test suite	2026-10-02T14:06:35.0023364Z [1m[31m/opt/hostedtoolcache/Python/3.12.14/x64/lib/python3.12/contextlib.py[0m:526: in enter_context
PRE-RELEASE DEPENDENCIES	Run test suite	2026-10-02T14:06:35.0023502Z     [0mresult = _enter(cm)[90m[39;49;00m
PRE-RELEASE DEPENDENCIES	Run test suite	2026-10-02T14:06:35.0023624Z              ^^^^^^^^^^[90m[39;49;00m
PRE-RELEASE DEPENDENCIES	Run test suite	2026-10-02T14:06:35.0023970Z [1m[31m/opt/hostedtoolcache/Python/3.12.14/x64/lib/python3.12/unittest/mock.py[0m:1467: in __enter__
PRE-RELEASE DEPENDENCIES	Run test suite	2026-10-02T14:06:35.0024202Z     [0moriginal, local = [96mself[39;49;00m.get_original()[90m[39;49;00m
PRE-RELEASE DEPENDENCIES	Run test suite	2026-10-02T14:06:35.0024352Z                       ^^^^^^^^^^^^^^^^^^^[90m[39;49;00m
PRE-RELEASE DEPENDENCIES	Run test suite	2026-10-02T14:06:35.0024490Z _ _ _ _ _ _ _ _ _ _ _ _ _ _ _ _ _ _ _ _ _ _ _ _ _ _ _ _ _ _ _ _ _ _ _ _ _ _ _ _ 
PRE-RELEASE DEPENDENCIES	Run test suite	2026-10-02T14:06:35.0024500Z 
PRE-RELEASE DEPENDENCIES	Run test suite	2026-10-02T14:06:35.0024634Z self = <unittest.mock._patch object at 0x7fa7eebddbe0>
PRE-RELEASE DEPENDENCIES	Run test suite	2026-10-02T14:06:35.0024641Z 
PRE-RELEASE DEPENDENCIES	Run test suite	2026-10-02T14:06:35.0024969Z     [0m[94mdef[39;49;00m[90m [39;49;00m[92mget_original[39;49;00m([96mself[39;49;00m):[90m[39;49;00m
PRE-RELEASE DEPENDENCIES	Run test suite	2026-10-02T14:06:35.0025149Z         target = [96mself[39;49;00m.getter()[90m[39;49;00m
PRE-RELEASE DEPENDENCIES	Run test suite	2026-10-02T14:06:35.0025328Z         name = [96mself[39;49;00m.attribute[90m[39;49;00m
PRE-RELEASE DEPENDENCIES	Run test suite	2026-10-02T14:06:35.0025434Z     [90m[39;49;00m
PRE-RELEASE DEPENDENCIES	Run test suite	2026-10-02T14:06:35.0025565Z         original = DEFAULT[90m[39;49;00m
PRE-RELEASE DEPENDENCIES	Run test suite	2026-10-02T14:06:35.0025720Z         local = [94mFalse[39;49;00m[90m[39;49;00m
PRE-RELEASE DEPENDENCIES	Run test suite	2026-10-02T14:06:35.0025821Z     [90m[39;49;00m
PRE-RELEASE DEPENDENCIES	Run test suite	2026-10-02T14:06:35.0025955Z         [94mtry[39;49;00m:[90m[39;49;00m
PRE-RELEASE DEPENDENCIES	Run test suite	2026-10-02T14:06:35.0026176Z             original = target.[91m__dict__[39;49;00m[name][90m[39;49;00m
PRE-RELEASE DEPENDENCIES	Run test suite	2026-10-02T14:06:35.0026502Z         [94mexcept[39;49;00m ([96mAttributeError[39;49;00m, [96mKeyError[39;49;00m):[90m[39;49;00m
PRE-RELEASE DEPENDENCIES	Run test suite	2026-10-02T14:06:35.0026758Z             original = [96mgetattr[39;49;00m(target, name, DEFAULT)[90m[39;49;00m
PRE-RELEASE DEPENDENCIES	Run test suite	2026-10-02T14:06:35.0026892Z         [94melse[39;49;00m:[90m[39;49;00m
PRE-RELEASE DEPENDENCIES	Run test suite	2026-10-02T14:06:35.0027175Z             local = [94mTrue[39;49;00m[90m[39;49;00m
PRE-RELEASE DEPENDENCIES	Run test suite	2026-10-02T14:06:35.0027277Z     [90m[39;49;00m
PRE-RELEASE DEPENDENCIES	Run test suite	2026-10-02T14:06:35.0027723Z         [94mif[39;49;00m name [95min[39;49;00m _builtins [95mand[39;49;00m [96misinstance[39;49;00m(target, ModuleType):[90m[39;49;00m
PRE-RELEASE DEPENDENCIES	Run test suite	2026-10-02T14:06:35.0027941Z             [96mself[39;49;00m.create = [94mTrue[39;49;00m[90m[39;49;00m
PRE-RELEASE DEPENDENCIES	Run test suite	2026-10-02T14:06:35.0028041Z     [90m[39;49;00m
PRE-RELEASE DEPENDENCIES	Run test suite	2026-10-02T14:06:35.0028476Z         [94mif[39;49;00m [95mnot[39;49;00m [96mself[39;49;00m.create [95mand[39;49;00m original [95mis[39;49;00m DEFAULT:[90m[39;49;00m
PRE-RELEASE DEPENDENCIES	Run test suite	2026-10-02T14:06:35.0028699Z >           [94mraise[39;49;00m [96mAttributeError[39;49;00m([90m[39;49;00m
PRE-RELEASE DEPENDENCIES	Run test suite	2026-10-02T14:06:35.0029255Z                 [33m"[39;49;00m[33m%s[39;49;00m[33m does not have the attribute [39;49;00m[33m%r[39;49;00m[33m"[39;49;00m % (target, name)[90m[39;49;00m
PRE-RELEASE DEPENDENCIES	Run test suite	2026-10-02T14:06:35.0029373Z             )[90m[39;49;00m
PRE-RELEASE DEPENDENCIES	Run test suite	2026-10-02T14:06:35.0030391Z [1m[31mE           AttributeError: <module 'embpy.resources.molecule_annotator' from '/opt/hostedtoolcache/Python/3.12.14/x64/lib/python3.12/site-packages/embpy/resources/molecule_annotator.py'> does not have the attribute '_get_json'[0m
PRE-RELEASE DEPENDENCIES	Run test suite	2026-10-02T14:06:35.0030399Z 
PRE-RELEASE DEPENDENCIES	Run test suite	2026-10-02T14:06:35.0030756Z [1m[31m/opt/hostedtoolcache/Python/3.12.14/x64/lib/python3.12/unittest/mock.py[0m:1437: AttributeError
PRE-RELEASE DEPENDENCIES	Run test suite	2026-10-02T14:06:35.0031038Z [31m[1m_____________________ TestBioactivities.test_no_chembl_id ______________________[0m
PRE-RELEASE DEPENDENCIES	Run test suite	2026-10-02T14:06:35.0031049Z 
PRE-RELEASE DEPENDENCIES	Run test suite	2026-10-02T14:06:35.0031298Z args = (<tests.embpy.test_molecule_annotator.TestBioactivities object at 0x7fa7eeb82420>,)
PRE-RELEASE DEPENDENCIES	Run test suite	2026-10-02T14:06:35.0031620Z keywargs = {'annotator': <embpy.resources.molecule.annotator.MoleculeAnnotator object at 0x7fa7e48f6840>}
PRE-RELEASE DEPENDENCIES	Run test suite	2026-10-02T14:06:35.0031629Z 
PRE-RELEASE DEPENDENCIES	Run test suite	2026-10-02T14:06:35.0031781Z     [0m[37m@wraps[39;49;00m(func)[90m[39;49;00m
PRE-RELEASE DEPENDENCIES	Run test suite	2026-10-02T14:06:35.0032074Z     [94mdef[39;49;00m[90m [39;49;00m[92mpatched[39;49;00m(*args, **keywargs):[90m[39;49;00m
PRE-RELEASE DEPENDENCIES	Run test suite	2026-10-02T14:06:35.0032349Z >       [94mwith[39;49;00m [96mself[39;49;00m.decoration_helper(patched,[90m[39;49;00m
PRE-RELEASE DEPENDENCIES	Run test suite	2026-10-02T14:06:35.0032497Z                                     args,[90m[39;49;00m
PRE-RELEASE DEPENDENCIES	Run test suite	2026-10-02T14:06:35.0032768Z                                     keywargs) [94mas[39;49;00m (newargs, newkeywargs):[90m[39;49;00m
PRE-RELEASE DEPENDENCIES	Run test suite	2026-10-02T14:06:35.0032774Z 
PRE-RELEASE DEPENDENCIES	Run test suite	2026-10-02T14:06:35.0033077Z [1m[31m/opt/hostedtoolcache/Python/3.12.14/x64/lib/python3.12/unittest/mock.py[0m:1393: 
PRE-RELEASE DEPENDENCIES	Run test suite	2026-10-02T14:06:35.0033213Z _ _ _ _ _ _ _ _ _ _ _ _ _ _ _ _ _ _ _ _ _ _ _ _ _ _ _ _ _ _ _ _ _ _ _ _ _ _ _ _ 
PRE-RELEASE DEPENDENCIES	Run test suite	2026-10-02T14:06:35.0154742Z [1m[31m/opt/hostedtoolcache/Python/3.12.14/x64/lib/python3.12/contextlib.py[0m:137: in __enter__
PRE-RELEASE DEPENDENCIES	Run test suite	2026-10-02T14:06:35.0155386Z     [0m[94mreturn[39;49;00m [96mnext[39;49;00m([96mself[39;49;00m.gen)[90m[39;49;00m
PRE-RELEASE DEPENDENCIES	Run test suite	2026-10-02T14:06:35.0155670Z            ^^^^^^^^^^^^^^[90m[39;49;00m
PRE-RELEASE DEPENDENCIES	Run test suite	2026-10-02T14:06:35.0156179Z [1m[31m/opt/hostedtoolcache/Python/3.12.14/x64/lib/python3.12/unittest/mock.py[0m:1375: in decoration_helper
PRE-RELEASE DEPENDENCIES	Run test suite	2026-10-02T14:06:35.0156434Z     [0marg = exit_stack.enter_context(patching)[90m[39;49;00m
PRE-RELEASE DEPENDENCIES	Run test suite	2026-10-02T14:06:35.0156626Z           ^^^^^^^^^^^^^^^^^^^^^^^^^^^^^^^^^^[90m[39;49;00m
PRE-RELEASE DEPENDENCIES	Run test suite	2026-10-02T14:06:35.0157060Z [1m[31m/opt/hostedtoolcache/Python/3.12.14/x64/lib/python3.12/contextlib.py[0m:526: in enter_context
PRE-RELEASE DEPENDENCIES	Run test suite	2026-10-02T14:06:35.0157229Z     [0mresult = _enter(cm)[90m[39;49;00m
PRE-RELEASE DEPENDENCIES	Run test suite	2026-10-02T14:06:35.0157383Z              ^^^^^^^^^^[90m[39;49;00m
PRE-RELEASE DEPENDENCIES	Run test suite	2026-10-02T14:06:35.0157804Z [1m[31m/opt/hostedtoolcache/Python/3.12.14/x64/lib/python3.12/unittest/mock.py[0m:1467: in __enter__
PRE-RELEASE DEPENDENCIES	Run test suite	2026-10-02T14:06:35.0158106Z     [0moriginal, local = [96mself[39;49;00m.get_original()[90m[39;49;00m
PRE-RELEASE DEPENDENCIES	Run test suite	2026-10-02T14:06:35.0158293Z                       ^^^^^^^^^^^^^^^^^^^[90m[39;49;00m
PRE-RELEASE DEPENDENCIES	Run test suite	2026-10-02T14:06:35.0158466Z _ _ _ _ _ _ _ _ _ _ _ _ _ _ _ _ _ _ _ _ _ _ _ _ _ _ _ _ _ _ _ _ _ _ _ _ _ _ _ _ 
PRE-RELEASE DEPENDENCIES	Run test suite	2026-10-02T14:06:35.0158662Z 
PRE-RELEASE DEPENDENCIES	Run test suite	2026-10-02T14:06:35.0158840Z self = <unittest.mock._patch object at 0x7fa7eeb83230>
PRE-RELEASE DEPENDENCIES	Run test suite	2026-10-02T14:06:35.0158852Z 
PRE-RELEASE DEPENDENCIES	Run test suite	2026-10-02T14:06:35.0159272Z     [0m[94mdef[39;49;00m[90m [39;49;00m[92mget_original[39;49;00m([96mself[39;49;00m):[90m[39;49;00m
PRE-RELEASE DEPENDENCIES	Run test suite	2026-10-02T14:06:35.0159828Z         target = [96mself[39;49;00m.getter()[90m[39;49;00m
PRE-RELEASE DEPENDENCIES	Run test suite	2026-10-02T14:06:35.0160076Z         name = [96mself[39;49;00m.attribute[90m[39;49;00m
PRE-RELEASE DEPENDENCIES	Run test suite	2026-10-02T14:06:35.0160208Z     [90m[39;49;00m
PRE-RELEASE DEPENDENCIES	Run test suite	2026-10-02T14:06:35.0160371Z         original = DEFAULT[90m[39;49;00m
PRE-RELEASE DEPENDENCIES	Run test suite	2026-10-02T14:06:35.0160564Z         local = [94mFalse[39;49;00m[90m[39;49;00m
PRE-RELEASE DEPENDENCIES	Run test suite	2026-10-02T14:06:35.0160693Z     [90m[39;49;00m
PRE-RELEASE DEPENDENCIES	Run test suite	2026-10-02T14:06:35.0160856Z         [94mtry[39;49;00m:[90m[39;49;00m
PRE-RELEASE DEPENDENCIES	Run test suite	2026-10-02T14:06:35.0161302Z             original = target.[91m__dict__[39;49;00m[name][90m[39;49;00m
PRE-RELEASE DEPENDENCIES	Run test suite	2026-10-02T14:06:35.0161704Z         [94mexcept[39;49;00m ([96mAttributeError[39;49;00m, [96mKeyError[39;49;00m):[90m[39;49;00m
PRE-RELEASE DEPENDENCIES	Run test suite	2026-10-02T14:06:35.0162026Z             original = [96mgetattr[39;49;00m(target, name, DEFAULT)[90m[39;49;00m
PRE-RELEASE DEPENDENCIES	Run test suite	2026-10-02T14:06:35.0162195Z         [94melse[39;49;00m:[90m[39;49;00m
PRE-RELEASE DEPENDENCIES	Run test suite	2026-10-02T14:06:35.0162394Z             local = [94mTrue[39;49;00m[90m[39;49;00m
PRE-RELEASE DEPENDENCIES	Run test suite	2026-10-02T14:06:35.0162526Z     [90m[39;49;00m
PRE-RELEASE DEPENDENCIES	Run test suite	2026-10-02T14:06:35.0163080Z         [94mif[39;49;00m name [95min[39;49;00m _builtins [95mand[39;49;00m [96misinstance[39;49;00m(target, ModuleType):[90m[39;49;00m
PRE-RELEASE DEPENDENCIES	Run test suite	2026-10-02T14:06:35.0163355Z             [96mself[39;49;00m.create = [94mTrue[39;49;00m[90m[39;49;00m
PRE-RELEASE DEPENDENCIES	Run test suite	2026-10-02T14:06:35.0163478Z     [90m[39;49;00m
PRE-RELEASE DEPENDENCIES	Run test suite	2026-10-02T14:06:35.0164041Z         [94mif[39;49;00m [95mnot[39;49;00m [96mself[39;49;00m.create [95mand[39;49;00m original [95mis[39;49;00m DEFAULT:[90m[39;49;00m
PRE-RELEASE DEPENDENCIES	Run test suite	2026-10-02T14:06:35.0164293Z >           [94mraise[39;49;00m [96mAttributeError[39;49;00m([90m[39;49;00m
PRE-RELEASE DEPENDENCIES	Run test suite	2026-10-02T14:06:35.0164776Z                 [33m"[39;49;00m[33m%s[39;49;00m[33m does not have the attribute [39;49;00m[33m%r[39;49;00m[33m"[39;49;00m % (target, name)[90m[39;49;00m
PRE-RELEASE DEPENDENCIES	Run test suite	2026-10-02T14:06:35.0164898Z             )[90m[39;49;00m
PRE-RELEASE DEPENDENCIES	Run test suite	2026-10-02T14:06:35.0165840Z [1m[31mE           AttributeError: <module 'embpy.resources.molecule_annotator' from '/opt/hostedtoolcache/Python/3.12.14/x64/lib/python3.12/site-packages/embpy/resources/molecule_annotator.py'> does not have the attribute '_get_json'[0m
PRE-RELEASE DEPENDENCIES	Run test suite	2026-10-02T14:06:35.0165851Z 
PRE-RELEASE DEPENDENCIES	Run test suite	2026-10-02T14:06:35.0166217Z [1m[31m/opt/hostedtoolcache/Python/3.12.14/x64/lib/python3.12/unittest/mock.py[0m:1437: AttributeError
PRE-RELEASE DEPENDENCIES	Run test suite	2026-10-02T14:06:35.0166515Z [31m[1m_____________________ TestTargetProteins.test_get_targets ______________________[0m
PRE-RELEASE DEPENDENCIES	Run test suite	2026-10-02T14:06:35.0166521Z 
PRE-RELEASE DEPENDENCIES	Run test suite	2026-10-02T14:06:35.0166784Z args = (<tests.embpy.test_molecule_annotator.TestTargetProteins object at 0x7fa7eeb803e0>,)
PRE-RELEASE DEPENDENCIES	Run test suite	2026-10-02T14:06:35.0167117Z keywargs = {'annotator': <embpy.resources.molecule.annotator.MoleculeAnnotator object at 0x7fa7eeb83e30>}
PRE-RELEASE DEPENDENCIES	Run test suite	2026-10-02T14:06:35.0167126Z 
PRE-RELEASE DEPENDENCIES	Run test suite	2026-10-02T14:06:35.0167285Z     [0m[37m@wraps[39;49;00m(func)[90m[39;49;00m
PRE-RELEASE DEPENDENCIES	Run test suite	2026-10-02T14:06:35.0167577Z     [94mdef[39;49;00m[90m [39;49;00m[92mpatched[39;49;00m(*args, **keywargs):[90m[39;49;00m
PRE-RELEASE DEPENDENCIES	Run test suite	2026-10-02T14:06:35.0173514Z >       [94mwith[39;49;00m [96mself[39;49;00m.decoration_helper(patched,[90m[39;49;00m
PRE-RELEASE DEPENDENCIES	Run test suite	2026-10-02T14:06:35.0173762Z                                     args,[90m[39;49;00m
PRE-RELEASE DEPENDENCIES	Run test suite	2026-10-02T14:06:35.0174067Z                                     keywargs) [94mas[39;49;00m (newargs, newkeywargs):[90m[39;49;00m
PRE-RELEASE DEPENDENCIES	Run test suite	2026-10-02T14:06:35.0174074Z 
PRE-RELEASE DEPENDENCIES	Run test suite	2026-10-02T14:06:35.0174413Z [1m[31m/opt/hostedtoolcache/Python/3.12.14/x64/lib/python3.12/unittest/mock.py[0m:1393: 
PRE-RELEASE DEPENDENCIES	Run test suite	2026-10-02T14:06:35.0174561Z _ _ _ _ _ _ _ _ _ _ _ _ _ _ _ _ _ _ _ _ _ _ _ _ _ _ _ _ _ _ _ _ _ _ _ _ _ _ _ _ 
PRE-RELEASE DEPENDENCIES	Run test suite	2026-10-02T14:06:35.0174929Z [1m[31m/opt/hostedtoolcache/Python/3.12.14/x64/lib/python3.12/contextlib.py[0m:137: in __enter__
PRE-RELEASE DEPENDENCIES	Run test suite	2026-10-02T14:06:35.0175205Z     [0m[94mreturn[39;49;00m [96mnext[39;49;00m([96mself[39;49;00m.gen)[90m[39;49;00m
PRE-RELEASE DEPENDENCIES	Run test suite	2026-10-02T14:06:35.0175567Z            ^^^^^^^^^^^^^^[90m[39;49;00m
PRE-RELEASE DEPENDENCIES	Run test suite	2026-10-02T14:06:35.0175967Z [1m[31m/opt/hostedtoolcache/Python/3.12.14/x64/lib/python3.12/unittest/mock.py[0m:1375: in decoration_helper
PRE-RELEASE DEPENDENCIES	Run test suite	2026-10-02T14:06:35.0176178Z     [0marg = exit_stack.enter_context(patching)[90m[39;49;00m
PRE-RELEASE DEPENDENCIES	Run test suite	2026-10-02T14:06:35.0176336Z           ^^^^^^^^^^^^^^^^^^^^^^^^^^^^^^^^^^[90m[39;49;00m
PRE-RELEASE DEPENDENCIES	Run test suite	2026-10-02T14:06:35.0176686Z [1m[31m/opt/hostedtoolcache/Python/3.12.14/x64/lib/python3.12/contextlib.py[0m:526: in enter_context
PRE-RELEASE DEPENDENCIES	Run test suite	2026-10-02T14:06:35.0176826Z     [0mresult = _enter(cm)[90m[39;49;00m
PRE-RELEASE DEPENDENCIES	Run test suite	2026-10-02T14:06:35.0176947Z              ^^^^^^^^^^[90m[39;49;00m
PRE-RELEASE DEPENDENCIES	Run test suite	2026-10-02T14:06:35.0177416Z [1m[31m/opt/hostedtoolcache/Python/3.12.14/x64/lib/python3.12/unittest/mock.py[0m:1467: in __enter__
PRE-RELEASE DEPENDENCIES	Run test suite	2026-10-02T14:06:35.0177668Z     [0moriginal, local = [96mself[39;49;00m.get_original()[90m[39;49;00m
PRE-RELEASE DEPENDENCIES	Run test suite	2026-10-02T14:06:35.0177819Z                       ^^^^^^^^^^^^^^^^^^^[90m[39;49;00m
PRE-RELEASE DEPENDENCIES	Run test suite	2026-10-02T14:06:35.0177964Z _ _ _ _ _ _ _ _ _ _ _ _ _ _ _ _ _ _ _ _ _ _ _ _ _ _ _ _ _ _ _ _ _ _ _ _ _ _ _ _ 
PRE-RELEASE DEPENDENCIES	Run test suite	2026-10-02T14:06:35.0177970Z 
PRE-RELEASE DEPENDENCIES	Run test suite	2026-10-02T14:06:35.0178111Z self = <unittest.mock._patch object at 0x7fa7eeb82e10>
PRE-RELEASE DEPENDENCIES	Run test suite	2026-10-02T14:06:35.0178117Z 
PRE-RELEASE DEPENDENCIES	Run test suite	2026-10-02T14:06:35.0178458Z     [0m[94mdef[39;49;00m[90m [39;49;00m[92mget_original[39;49;00m([96mself[39;49;00m):[90m[39;49;00m
PRE-RELEASE DEPENDENCIES	Run test suite	2026-10-02T14:06:35.0178645Z         target = [96mself[39;49;00m.getter()[90m[39;49;00m
PRE-RELEASE DEPENDENCIES	Run test suite	2026-10-02T14:06:35.0178823Z         name = [96mself[39;49;00m.attribute[90m[39;49;00m
PRE-RELEASE DEPENDENCIES	Run test suite	2026-10-02T14:06:35.0178933Z     [90m[39;49;00m
PRE-RELEASE DEPENDENCIES	Run test suite	2026-10-02T14:06:35.0179069Z         original = DEFAULT[90m[39;49;00m
PRE-RELEASE DEPENDENCIES	Run test suite	2026-10-02T14:06:35.0179231Z         local = [94mFalse[39;49;00m[90m[39;49;00m
PRE-RELEASE DEPENDENCIES	Run test suite	2026-10-02T14:06:35.0179331Z     [90m[39;49;00m
PRE-RELEASE DEPENDENCIES	Run test suite	2026-10-02T14:06:35.0179676Z         [94mtry[39;49;00m:[90m[39;49;00m
PRE-RELEASE DEPENDENCIES	Run test suite	2026-10-02T14:06:35.0179915Z             original = target.[91m__dict__[39;49;00m[name][90m[39;49;00m
PRE-RELEASE DEPENDENCIES	Run test suite	2026-10-02T14:06:35.0180243Z         [94mexcept[39;49;00m ([96mAttributeError[39;49;00m, [96mKeyError[39;49;00m):[90m[39;49;00m
PRE-RELEASE DEPENDENCIES	Run test suite	2026-10-02T14:06:35.0180493Z             original = [96mgetattr[39;49;00m(target, name, DEFAULT)[90m[39;49;00m
PRE-RELEASE DEPENDENCIES	Run test suite	2026-10-02T14:06:35.0180627Z         [94melse[39;49;00m:[90m[39;49;00m
PRE-RELEASE DEPENDENCIES	Run test suite	2026-10-02T14:06:35.0180788Z             local = [94mTrue[39;49;00m[90m[39;49;00m
PRE-RELEASE DEPENDENCIES	Run test suite	2026-10-02T14:06:35.0180892Z     [90m[39;49;00m
PRE-RELEASE DEPENDENCIES	Run test suite	2026-10-02T14:06:35.0181342Z         [94mif[39;49;00m name [95min[39;49;00m _builtins [95mand[39;49;00m [96misinstance[39;49;00m(target, ModuleType):[90m[39;49;00m
PRE-RELEASE DEPENDENCIES	Run test suite	2026-10-02T14:06:35.0181568Z             [96mself[39;49;00m.create = [94mTrue[39;49;00m[90m[39;49;00m
PRE-RELEASE DEPENDENCIES	Run test suite	2026-10-02T14:06:35.0181671Z     [90m[39;49;00m
PRE-RELEASE DEPENDENCIES	Run test suite	2026-10-02T14:06:35.0182112Z         [94mif[39;49;00m [95mnot[39;49;00m [96mself[39;49;00m.create [95mand[39;49;00m original [95mis[39;49;00m DEFAULT:[90m[39;49;00m
PRE-RELEASE DEPENDENCIES	Run test suite	2026-10-02T14:06:35.0182342Z >           [94mraise[39;49;00m [96mAttributeError[39;49;00m([90m[39;49;00m
PRE-RELEASE DEPENDENCIES	Run test suite	2026-10-02T14:06:35.0182824Z                 [33m"[39;49;00m[33m%s[39;49;00m[33m does not have the attribute [39;49;00m[33m%r[39;49;00m[33m"[39;49;00m % (target, name)[90m[39;49;00m
PRE-RELEASE DEPENDENCIES	Run test suite	2026-10-02T14:06:35.0182941Z             )[90m[39;49;00m
PRE-RELEASE DEPENDENCIES	Run test suite	2026-10-02T14:06:35.0183836Z [1m[31mE           AttributeError: <module 'embpy.resources.molecule_annotator' from '/opt/hostedtoolcache/Python/3.12.14/x64/lib/python3.12/site-packages/embpy/resources/molecule_annotator.py'> does not have the attribute '_get_json'[0m
PRE-RELEASE DEPENDENCIES	Run test suite	2026-10-02T14:06:35.0183842Z 
PRE-RELEASE DEPENDENCIES	Run test suite	2026-10-02T14:06:35.0184218Z [1m[31m/opt/hostedtoolcache/Python/3.12.14/x64/lib/python3.12/unittest/mock.py[0m:1437: AttributeError
PRE-RELEASE DEPENDENCIES	Run test suite	2026-10-02T14:06:35.0184518Z [31m[1m________________ TestCrossReferences.test_get_cross_references _________________[0m
PRE-RELEASE DEPENDENCIES	Run test suite	2026-10-02T14:06:35.0184532Z 
PRE-RELEASE DEPENDENCIES	Run test suite	2026-10-02T14:06:35.0184787Z args = (<tests.embpy.test_molecule_annotator.TestCrossReferences object at 0x7fa7eeb81b80>,)
PRE-RELEASE DEPENDENCIES	Run test suite	2026-10-02T14:06:35.0185238Z keywargs = {'annotator': <embpy.resources.molecule.annotator.MoleculeAnnotator object at 0x7fa7acf9bef0>}
PRE-RELEASE DEPENDENCIES	Run test suite	2026-10-02T14:06:35.0185244Z 
PRE-RELEASE DEPENDENCIES	Run test suite	2026-10-02T14:06:35.0185403Z     [0m[37m@wraps[39;49;00m(func)[90m[39;49;00m
PRE-RELEASE DEPENDENCIES	Run test suite	2026-10-02T14:06:35.0185701Z     [94mdef[39;49;00m[90m [39;49;00m[92mpatched[39;49;00m(*args, **keywargs):[90m[39;49;00m
PRE-RELEASE DEPENDENCIES	Run test suite	2026-10-02T14:06:35.0185975Z >       [94mwith[39;49;00m [96mself[39;49;00m.decoration_helper(patched,[90m[39;49;00m
PRE-RELEASE DEPENDENCIES	Run test suite	2026-10-02T14:06:35.0186126Z                                     args,[90m[39;49;00m
PRE-RELEASE DEPENDENCIES	Run test suite	2026-10-02T14:06:35.0186399Z                                     keywargs) [94mas[39;49;00m (newargs, newkeywargs):[90m[39;49;00m
PRE-RELEASE DEPENDENCIES	Run test suite	2026-10-02T14:06:35.0186542Z 
PRE-RELEASE DEPENDENCIES	Run test suite	2026-10-02T14:06:35.0186850Z [1m[31m/opt/hostedtoolcache/Python/3.12.14/x64/lib/python3.12/unittest/mock.py[0m:1393: 
PRE-RELEASE DEPENDENCIES	Run test suite	2026-10-02T14:06:35.0186995Z _ _ _ _ _ _ _ _ _ _ _ _ _ _ _ _ _ _ _ _ _ _ _ _ _ _ _ _ _ _ _ _ _ _ _ _ _ _ _ _ 
PRE-RELEASE DEPENDENCIES	Run test suite	2026-10-02T14:06:35.0187332Z [1m[31m/opt/hostedtoolcache/Python/3.12.14/x64/lib/python3.12/contextlib.py[0m:137: in __enter__
PRE-RELEASE DEPENDENCIES	Run test suite	2026-10-02T14:06:35.0187609Z     [0m[94mreturn[39;49;00m [96mnext[39;49;00m([96mself[39;49;00m.gen)[90m[39;49;00m
PRE-RELEASE DEPENDENCIES	Run test suite	2026-10-02T14:06:35.0187741Z            ^^^^^^^^^^^^^^[90m[39;49;00m
PRE-RELEASE DEPENDENCIES	Run test suite	2026-10-02T14:06:35.0188118Z [1m[31m/opt/hostedtoolcache/Python/3.12.14/x64/lib/python3.12/unittest/mock.py[0m:1375: in decoration_helper
PRE-RELEASE DEPENDENCIES	Run test suite	2026-10-02T14:06:35.0188324Z     [0marg = exit_stack.enter_context(patching)[90m[39;49;00m
PRE-RELEASE DEPENDENCIES	Run test suite	2026-10-02T14:06:35.0188481Z           ^^^^^^^^^^^^^^^^^^^^^^^^^^^^^^^^^^[90m[39;49;00m
PRE-RELEASE DEPENDENCIES	Run test suite	2026-10-02T14:06:35.0188824Z [1m[31m/opt/hostedtoolcache/Python/3.12.14/x64/lib/python3.12/contextlib.py[0m:526: in enter_context
PRE-RELEASE DEPENDENCIES	Run test suite	2026-10-02T14:06:35.0188968Z     [0mresult = _enter(cm)[90m[39;49;00m
PRE-RELEASE DEPENDENCIES	Run test suite	2026-10-02T14:06:35.0189088Z              ^^^^^^^^^^[90m[39;49;00m
PRE-RELEASE DEPENDENCIES	Run test suite	2026-10-02T14:06:35.0189571Z [1m[31m/opt/hostedtoolcache/Python/3.12.14/x64/lib/python3.12/unittest/mock.py[0m:1467: in __enter__
PRE-RELEASE DEPENDENCIES	Run test suite	2026-10-02T14:06:35.0300292Z     [0moriginal, local = [96mself[39;49;00m.get_original()[90m[39;49;00m
PRE-RELEASE DEPENDENCIES	Run test suite	2026-10-02T14:06:35.0300575Z                       ^^^^^^^^^^^^^^^^^^^[90m[39;49;00m
PRE-RELEASE DEPENDENCIES	Run test suite	2026-10-02T14:06:35.0300816Z _ _ _ _ _ _ _ _ _ _ _ _ _ _ _ _ _ _ _ _ _ _ _ _ _ _ _ _ _ _ _ _ _ _ _ _ _ _ _ _ 
PRE-RELEASE DEPENDENCIES	Run test suite	2026-10-02T14:06:35.0300825Z 
PRE-RELEASE DEPENDENCIES	Run test suite	2026-10-02T14:06:35.0301094Z self = <unittest.mock._patch object at 0x7fa7eeb82de0>
PRE-RELEASE DEPENDENCIES	Run test suite	2026-10-02T14:06:35.0301103Z 
PRE-RELEASE DEPENDENCIES	Run test suite	2026-10-02T14:06:35.0301540Z     [0m[94mdef[39;49;00m[90m [39;49;00m[92mget_original[39;49;00m([96mself[39;49;00m):[90m[39;49;00m
PRE-RELEASE DEPENDENCIES	Run test suite	2026-10-02T14:06:35.0301738Z         target = [96mself[39;49;00m.getter()[90m[39;49;00m
PRE-RELEASE DEPENDENCIES	Run test suite	2026-10-02T14:06:35.0301921Z         name = [96mself[39;49;00m.attribute[90m[39;49;00m
PRE-RELEASE DEPENDENCIES	Run test suite	2026-10-02T14:06:35.0302041Z     [90m[39;49;00m
PRE-RELEASE DEPENDENCIES	Run test suite	2026-10-02T14:06:35.0302180Z         original = DEFAULT[90m[39;49;00m
PRE-RELEASE DEPENDENCIES	Run test suite	2026-10-02T14:06:35.0302342Z         local = [94mFalse[39;49;00m[90m[39;49;00m
PRE-RELEASE DEPENDENCIES	Run test suite	2026-10-02T14:06:35.0302450Z     [90m[39;49;00m
PRE-RELEASE DEPENDENCIES	Run test suite	2026-10-02T14:06:35.0302588Z         [94mtry[39;49;00m:[90m[39;49;00m
PRE-RELEASE DEPENDENCIES	Run test suite	2026-10-02T14:06:35.0302824Z             original = target.[91m__dict__[39;49;00m[name][90m[39;49;00m
PRE-RELEASE DEPENDENCIES	Run test suite	2026-10-02T14:06:35.0303170Z         [94mexcept[39;49;00m ([96mAttributeError[39;49;00m, [96mKeyError[39;49;00m):[90m[39;49;00m
PRE-RELEASE DEPENDENCIES	Run test suite	2026-10-02T14:06:35.0303440Z             original = [96mgetattr[39;49;00m(target, name, DEFAULT)[90m[39;49;00m
PRE-RELEASE DEPENDENCIES	Run test suite	2026-10-02T14:06:35.0303583Z         [94melse[39;49;00m:[90m[39;49;00m
PRE-RELEASE DEPENDENCIES	Run test suite	2026-10-02T14:06:35.0303749Z             local = [94mTrue[39;49;00m[90m[39;49;00m
PRE-RELEASE DEPENDENCIES	Run test suite	2026-10-02T14:06:35.0303859Z     [90m[39;49;00m
PRE-RELEASE DEPENDENCIES	Run test suite	2026-10-02T14:06:35.0304335Z         [94mif[39;49;00m name [95min[39;49;00m _builtins [95mand[39;49;00m [96misinstance[39;49;00m(target, ModuleType):[90m[39;49;00m
PRE-RELEASE DEPENDENCIES	Run test suite	2026-10-02T14:06:35.0304575Z             [96mself[39;49;00m.create = [94mTrue[39;49;00m[90m[39;49;00m
PRE-RELEASE DEPENDENCIES	Run test suite	2026-10-02T14:06:35.0304680Z     [90m[39;49;00m
PRE-RELEASE DEPENDENCIES	Run test suite	2026-10-02T14:06:35.0305153Z         [94mif[39;49;00m [95mnot[39;49;00m [96mself[39;49;00m.create [95mand[39;49;00m original [95mis[39;49;00m DEFAULT:[90m[39;49;00m
PRE-RELEASE DEPENDENCIES	Run test suite	2026-10-02T14:06:35.0305563Z >           [94mraise[39;49;00m [96mAttributeError[39;49;00m([90m[39;49;00m
PRE-RELEASE DEPENDENCIES	Run test suite	2026-10-02T14:06:35.0306070Z                 [33m"[39;49;00m[33m%s[39;49;00m[33m does not have the attribute [39;49;00m[33m%r[39;49;00m[33m"[39;49;00m % (target, name)[90m[39;49;00m
PRE-RELEASE DEPENDENCIES	Run test suite	2026-10-02T14:06:35.0306193Z             )[90m[39;49;00m
PRE-RELEASE DEPENDENCIES	Run test suite	2026-10-02T14:06:35.0307218Z [1m[31mE           AttributeError: <module 'embpy.resources.molecule_annotator' from '/opt/hostedtoolcache/Python/3.12.14/x64/lib/python3.12/site-packages/embpy/resources/molecule_annotator.py'> does not have the attribute '_get_json'[0m
PRE-RELEASE DEPENDENCIES	Run test suite	2026-10-02T14:06:35.0307346Z 
PRE-RELEASE DEPENDENCIES	Run test suite	2026-10-02T14:06:35.0307741Z [1m[31m/opt/hostedtoolcache/Python/3.12.14/x64/lib/python3.12/unittest/mock.py[0m:1437: AttributeError
PRE-RELEASE DEPENDENCIES	Run test suite	2026-10-02T14:06:35.0308044Z [31m[1m_______________________ TestIsEnsemblId.test_human_gene ________________________[0m
PRE-RELEASE DEPENDENCIES	Run test suite	2026-10-02T14:06:35.0308054Z 
PRE-RELEASE DEPENDENCIES	Run test suite	2026-10-02T14:06:35.0308290Z self = <tests.embpy.test_multi_species.TestIsEnsemblId object at 0x7fa7eeb83320>
PRE-RELEASE DEPENDENCIES	Run test suite	2026-10-02T14:06:35.0308295Z 
PRE-RELEASE DEPENDENCIES	Run test suite	2026-10-02T14:06:35.0308671Z     [0m[94mdef[39;49;00m[90m [39;49;00m[92mtest_human_gene[39;49;00m([96mself[39;49;00m):[90m[39;49;00m
PRE-RELEASE DEPENDENCIES	Run test suite	2026-10-02T14:06:35.0309641Z >       [94mfrom[39;49;00m[90m [39;49;00m[04m[96membpy[39;49;00m[04m[96m.[39;49;00m[04m[96mresources[39;49;00m[04m[96m.[39;49;00m[04m[96mgene_resolver[39;49;00m[90m [39;49;00m[94mimport[39;49;00m _is_ensembl_id[90m[39;49;00m
PRE-RELEASE DEPENDENCIES	Run test suite	2026-10-02T14:06:35.0310491Z [1m[31mE       ImportError: cannot import name '_is_ensembl_id' from 'embpy.resources.gene_resolver' (/opt/hostedtoolcache/Python/3.12.14/x64/lib/python3.12/site-packages/embpy/resources/gene_resolver.py)[0m
PRE-RELEASE DEPENDENCIES	Run test suite	2026-10-02T14:06:35.0310501Z 
PRE-RELEASE DEPENDENCIES	Run test suite	2026-10-02T14:06:35.0310715Z [1m[31mtests/embpy/test_multi_species.py[0m:12: ImportError
PRE-RELEASE DEPENDENCIES	Run test suite	2026-10-02T14:06:35.0311015Z [31m[1m_______________________ TestIsEnsemblId.test_mouse_gene ________________________[0m
PRE-RELEASE DEPENDENCIES	Run test suite	2026-10-02T14:06:35.0311020Z 
PRE-RELEASE DEPENDENCIES	Run test suite	2026-10-02T14:06:35.0311249Z self = <tests.embpy.test_multi_species.TestIsEnsemblId object at 0x7fa7eeb80b90>
PRE-RELEASE DEPENDENCIES	Run test suite	2026-10-02T14:06:35.0311255Z 
PRE-RELEASE DEPENDENCIES	Run test suite	2026-10-02T14:06:35.0311617Z     [0m[94mdef[39;49;00m[90m [39;49;00m[92mtest_mouse_gene[39;49;00m([96mself[39;49;00m):[90m[39;49;00m
PRE-RELEASE DEPENDENCIES	Run test suite	2026-10-02T14:06:35.0312421Z >       [94mfrom[39;49;00m[90m [39;49;00m[04m[96membpy[39;49;00m[04m[96m.[39;49;00m[04m[96mresources[39;49;00m[04m[96m.[39;49;00m[04m[96mgene_resolver[39;49;00m[90m [39;49;00m[94mimport[39;49;00m _is_ensembl_id[90m[39;49;00m
PRE-RELEASE DEPENDENCIES	Run test suite	2026-10-02T14:06:35.0313249Z [1m[31mE       ImportError: cannot import name '_is_ensembl_id' from 'embpy.resources.gene_resolver' (/opt/hostedtoolcache/Python/3.12.14/x64/lib/python3.12/site-packages/embpy/resources/gene_resolver.py)[0m
PRE-RELEASE DEPENDENCIES	Run test suite	2026-10-02T14:06:35.0313258Z 
PRE-RELEASE DEPENDENCIES	Run test suite	2026-10-02T14:06:35.0313471Z [1m[31mtests/embpy/test_multi_species.py[0m:17: ImportError
PRE-RELEASE DEPENDENCIES	Run test suite	2026-10-02T14:06:35.0313769Z [31m[1m_____________________ TestIsEnsemblId.test_zebrafish_gene ______________________[0m
PRE-RELEASE DEPENDENCIES	Run test suite	2026-10-02T14:06:35.0313774Z 
PRE-RELEASE DEPENDENCIES	Run test suite	2026-10-02T14:06:35.0314005Z self = <tests.embpy.test_multi_species.TestIsEnsemblId object at 0x7fa7eeb83380>
PRE-RELEASE DEPENDENCIES	Run test suite	2026-10-02T14:06:35.0314009Z 
PRE-RELEASE DEPENDENCIES	Run test suite	2026-10-02T14:06:35.0314391Z     [0m[94mdef[39;49;00m[90m [39;49;00m[92mtest_zebrafish_gene[39;49;00m([96mself[39;49;00m):[90m[39;49;00m
PRE-RELEASE DEPENDENCIES	Run test suite	2026-10-02T14:06:35.0315180Z >       [94mfrom[39;49;00m[90m [39;49;00m[04m[96membpy[39;49;00m[04m[96m.[39;49;00m[04m[96mresources[39;49;00m[04m[96m.[39;49;00m[04m[96mgene_resolver[39;49;00m[90m [39;49;00m[94mimport[39;49;00m _is_ensembl_id[90m[39;49;00m
PRE-RELEASE DEPENDENCIES	Run test suite	2026-10-02T14:06:35.0315935Z [1m[31mE       ImportError: cannot import name '_is_ensembl_id' from 'embpy.resources.gene_resolver' (/opt/hostedtoolcache/Python/3.12.14/x64/lib/python3.12/site-packages/embpy/resources/gene_resolver.py)[0m
PRE-RELEASE DEPENDENCIES	Run test suite	2026-10-02T14:06:35.0315941Z 
PRE-RELEASE DEPENDENCIES	Run test suite	2026-10-02T14:06:35.0316259Z [1m[31mtests/embpy/test_multi_species.py[0m:22: ImportError
PRE-RELEASE DEPENDENCIES	Run test suite	2026-10-02T14:06:35.0316527Z [31m[1m_______________________ TestIsEnsemblId.test_transcript ________________________[0m
PRE-RELEASE DEPENDENCIES	Run test suite	2026-10-02T14:06:35.0316532Z 
PRE-RELEASE DEPENDENCIES	Run test suite	2026-10-02T14:06:35.0316740Z self = <tests.embpy.test_multi_species.TestIsEnsemblId object at 0x7fa7eeb80920>
PRE-RELEASE DEPENDENCIES	Run test suite	2026-10-02T14:06:35.0316745Z 
PRE-RELEASE DEPENDENCIES	Run test suite	2026-10-02T14:06:35.0317074Z     [0m[94mdef[39;49;00m[90m [39;49;00m[92mtest_transcript[39;49;00m([96mself[39;49;00m):[90m[39;49;00m
PRE-RELEASE DEPENDENCIES	Run test suite	2026-10-02T14:06:35.0317818Z >       [94mfrom[39;49;00m[90m [39;49;00m[04m[96membpy[39;49;00m[04m[96m.[39;49;00m[04m[96mresources[39;49;00m[04m[96m.[39;49;00m[04m[96mgene_resolver[39;49;00m[90m [39;49;00m[94mimport[39;49;00m _is_ensembl_id[90m[39;49;00m
PRE-RELEASE DEPENDENCIES	Run test suite	2026-10-02T14:06:35.0318670Z [1m[31mE       ImportError: cannot import name '_is_ensembl_id' from 'embpy.resources.gene_resolver' (/opt/hostedtoolcache/Python/3.12.14/x64/lib/python3.12/site-packages/embpy/resources/gene_resolver.py)[0m
PRE-RELEASE DEPENDENCIES	Run test suite	2026-10-02T14:06:35.0318680Z 
PRE-RELEASE DEPENDENCIES	Run test suite	2026-10-02T14:06:35.0318867Z [1m[31mtests/embpy/test_multi_species.py[0m:27: ImportError
PRE-RELEASE DEPENDENCIES	Run test suite	2026-10-02T14:06:35.0319140Z [31m[1m_________________________ TestIsEnsemblId.test_protein _________________________[0m
PRE-RELEASE DEPENDENCIES	Run test suite	2026-10-02T14:06:35.0319145Z 
PRE-RELEASE DEPENDENCIES	Run test suite	2026-10-02T14:06:35.0319354Z self = <tests.embpy.test_multi_species.TestIsEnsemblId object at 0x7fa7eeb80530>
PRE-RELEASE DEPENDENCIES	Run test suite	2026-10-02T14:06:35.0319358Z 
PRE-RELEASE DEPENDENCIES	Run test suite	2026-10-02T14:06:35.0319979Z     [0m[94mdef[39;49;00m[90m [39;49;00m[92mtest_protein[39;49;00m([96mself[39;49;00m):[90m[39;49;00m
PRE-RELEASE DEPENDENCIES	Run test suite	2026-10-02T14:06:35.0320736Z >       [94mfrom[39;49;00m[90m [39;49;00m[04m[96membpy[39;49;00m[04m[96m.[39;49;00m[04m[96mresources[39;49;00m[04m[96m.[39;49;00m[04m[96mgene_resolver[39;49;00m[90m [39;49;00m[94mimport[39;49;00m _is_ensembl_id[90m[39;49;00m
PRE-RELEASE DEPENDENCIES	Run test suite	2026-10-02T14:06:35.0321507Z [1m[31mE       ImportError: cannot import name '_is_ensembl_id' from 'embpy.resources.gene_resolver' (/opt/hostedtoolcache/Python/3.12.14/x64/lib/python3.12/site-packages/embpy/resources/gene_resolver.py)[0m
PRE-RELEASE DEPENDENCIES	Run test suite	2026-10-02T14:06:35.0321517Z 
PRE-RELEASE DEPENDENCIES	Run test suite	2026-10-02T14:06:35.0321712Z [1m[31mtests/embpy/test_multi_species.py[0m:32: ImportError
PRE-RELEASE DEPENDENCIES	Run test suite	2026-10-02T14:06:35.0321992Z [31m[1m_______________________ TestIsEnsemblId.test_not_ensembl _______________________[0m
PRE-RELEASE DEPENDENCIES	Run test suite	2026-10-02T14:06:35.0321998Z 
PRE-RELEASE DEPENDENCIES	Run test suite	2026-10-02T14:06:35.0322209Z self = <tests.embpy.test_multi_species.TestIsEnsemblId object at 0x7fa7eeb81340>
PRE-RELEASE DEPENDENCIES	Run test suite	2026-10-02T14:06:35.0322220Z 
PRE-RELEASE DEPENDENCIES	Run test suite	2026-10-02T14:06:35.0322559Z     [0m[94mdef[39;49;00m[90m [39;49;00m[92mtest_not_ensembl[39;49;00m([96mself[39;49;00m):[90m[39;49;00m
PRE-RELEASE DEPENDENCIES	Run test suite	2026-10-02T14:06:35.0323300Z >       [94mfrom[39;49;00m[90m [39;49;00m[04m[96membpy[39;49;00m[04m[96m.[39;49;00m[04m[96mresources[39;49;00m[04m[96m.[39;49;00m[04m[96mgene_resolver[39;49;00m[90m [39;49;00m[94mimport[39;49;00m _is_ensembl_id[90m[39;49;00m
PRE-RELEASE DEPENDENCIES	Run test suite	2026-10-02T14:06:35.0324049Z [1m[31mE       ImportError: cannot import name '_is_ensembl_id' from 'embpy.resources.gene_resolver' (/opt/hostedtoolcache/Python/3.12.14/x64/lib/python3.12/site-packages/embpy/resources/gene_resolver.py)[0m
PRE-RELEASE DEPENDENCIES	Run test suite	2026-10-02T14:06:35.0324063Z 
PRE-RELEASE DEPENDENCIES	Run test suite	2026-10-02T14:06:35.0324252Z [1m[31mtests/embpy/test_multi_species.py[0m:37: ImportError
PRE-RELEASE DEPENDENCIES	Run test suite	2026-10-02T14:06:35.0324525Z [31m[1m______________________ TestIsEnsemblId.test_with_version _______________________[0m
PRE-RELEASE DEPENDENCIES	Run test suite	2026-10-02T14:06:35.0324530Z 
PRE-RELEASE DEPENDENCIES	Run test suite	2026-10-02T14:06:35.0324734Z self = <tests.embpy.test_multi_species.TestIsEnsemblId object at 0x7fa7eeb807d0>
PRE-RELEASE DEPENDENCIES	Run test suite	2026-10-02T14:06:35.0324738Z 
PRE-RELEASE DEPENDENCIES	Run test suite	2026-10-02T14:06:35.0325081Z     [0m[94mdef[39;49;00m[90m [39;49;00m[92mtest_with_version[39;49;00m([96mself[39;49;00m):[90m[39;49;00m
PRE-RELEASE DEPENDENCIES	Run test suite	2026-10-02T14:06:35.0325821Z >       [94mfrom[39;49;00m[90m [39;49;00m[04m[96membpy[39;49;00m[04m[96m.[39;49;00m[04m[96mresources[39;49;00m[04m[96m.[39;49;00m[04m[96mgene_resolver[39;49;00m[90m [39;49;00m[94mimport[39;49;00m _is_ensembl_id[90m[39;49;00m
PRE-RELEASE DEPENDENCIES	Run test suite	2026-10-02T14:06:35.0326562Z [1m[31mE       ImportError: cannot import name '_is_ensembl_id' from 'embpy.resources.gene_resolver' (/opt/hostedtoolcache/Python/3.12.14/x64/lib/python3.12/site-packages/embpy/resources/gene_resolver.py)[0m
PRE-RELEASE DEPENDENCIES	Run test suite	2026-10-02T14:06:35.0326700Z 
PRE-RELEASE DEPENDENCIES	Run test suite	2026-10-02T14:06:35.0326898Z [1m[31mtests/embpy/test_multi_species.py[0m:44: ImportError
PRE-RELEASE DEPENDENCIES	Run test suite	2026-10-02T14:06:35.0327198Z [31m[1m____________ TestGeneResolverSpecies.test_fetch_region_uses_species ____________[0m
PRE-RELEASE DEPENDENCIES	Run test suite	2026-10-02T14:06:35.0327203Z 
PRE-RELEASE DEPENDENCIES	Run test suite	2026-10-02T14:06:35.0327451Z args = (<tests.embpy.test_multi_species.TestGeneResolverSpecies object at 0x7fa7eeb89fd0>,)
PRE-RELEASE DEPENDENCIES	Run test suite	2026-10-02T14:06:35.0327533Z keywargs = {}
PRE-RELEASE DEPENDENCIES	Run test suite	2026-10-02T14:06:35.0327538Z 
PRE-RELEASE DEPENDENCIES	Run test suite	2026-10-02T14:06:35.0327691Z     [0m[37m@wraps[39;49;00m(func)[90m[39;49;00m
PRE-RELEASE DEPENDENCIES	Run test suite	2026-10-02T14:06:35.0327981Z     [94mdef[39;49;00m[90m [39;49;00m[92mpatched[39;49;00m(*args, **keywargs):[90m[39;49;00m
PRE-RELEASE DEPENDENCIES	Run test suite	2026-10-02T14:06:35.0445448Z >       [94mwith[39;49;00m [96mself[39;49;00m.decoration_helper(patched,[90m[39;49;00m
PRE-RELEASE DEPENDENCIES	Run test suite	2026-10-02T14:06:35.0445846Z                                     args,[90m[39;49;00m
PRE-RELEASE DEPENDENCIES	Run test suite	2026-10-02T14:06:35.0446507Z                                     keywargs) [94mas[39;49;00m (newargs, newkeywargs):[90m[39;49;00m
PRE-RELEASE DEPENDENCIES	Run test suite	2026-10-02T14:06:35.0446518Z 
PRE-RELEASE DEPENDENCIES	Run test suite	2026-10-02T14:06:35.0446935Z [1m[31m/opt/hostedtoolcache/Python/3.12.14/x64/lib/python3.12/unittest/mock.py[0m:1393: 
PRE-RELEASE DEPENDENCIES	Run test suite	2026-10-02T14:06:35.0447109Z _ _ _ _ _ _ _ _ _ _ _ _ _ _ _ _ _ _ _ _ _ _ _ _ _ _ _ _ _ _ _ _ _ _ _ _ _ _ _ _ 
PRE-RELEASE DEPENDENCIES	Run test suite	2026-10-02T14:06:35.0447543Z [1m[31m/opt/hostedtoolcache/Python/3.12.14/x64/lib/python3.12/contextlib.py[0m:137: in __enter__
PRE-RELEASE DEPENDENCIES	Run test suite	2026-10-02T14:06:35.0447884Z     [0m[94mreturn[39;49;00m [96mnext[39;49;00m([96mself[39;49;00m.gen)[90m[39;49;00m
PRE-RELEASE DEPENDENCIES	Run test suite	2026-10-02T14:06:35.0448048Z            ^^^^^^^^^^^^^^[90m[39;49;00m
PRE-RELEASE DEPENDENCIES	Run test suite	2026-10-02T14:06:35.0448534Z [1m[31m/opt/hostedtoolcache/Python/3.12.14/x64/lib/python3.12/unittest/mock.py[0m:1375: in decoration_helper
PRE-RELEASE DEPENDENCIES	Run test suite	2026-10-02T14:06:35.0448781Z     [0marg = exit_stack.enter_context(patching)[90m[39;49;00m
PRE-RELEASE DEPENDENCIES	Run test suite	2026-10-02T14:06:35.0448983Z           ^^^^^^^^^^^^^^^^^^^^^^^^^^^^^^^^^^[90m[39;49;00m
PRE-RELEASE DEPENDENCIES	Run test suite	2026-10-02T14:06:35.0449692Z [1m[31m/opt/hostedtoolcache/Python/3.12.14/x64/lib/python3.12/contextlib.py[0m:526: in enter_context
PRE-RELEASE DEPENDENCIES	Run test suite	2026-10-02T14:06:35.0449909Z     [0mresult = _enter(cm)[90m[39;49;00m
PRE-RELEASE DEPENDENCIES	Run test suite	2026-10-02T14:06:35.0450067Z              ^^^^^^^^^^[90m[39;49;00m
PRE-RELEASE DEPENDENCIES	Run test suite	2026-10-02T14:06:35.0450486Z [1m[31m/opt/hostedtoolcache/Python/3.12.14/x64/lib/python3.12/unittest/mock.py[0m:1467: in __enter__
PRE-RELEASE DEPENDENCIES	Run test suite	2026-10-02T14:06:35.0450791Z     [0moriginal, local = [96mself[39;49;00m.get_original()[90m[39;49;00m
PRE-RELEASE DEPENDENCIES	Run test suite	2026-10-02T14:06:35.0450977Z                       ^^^^^^^^^^^^^^^^^^^[90m[39;49;00m
PRE-RELEASE DEPENDENCIES	Run test suite	2026-10-02T14:06:35.0451152Z _ _ _ _ _ _ _ _ _ _ _ _ _ _ _ _ _ _ _ _ _ _ _ _ _ _ _ _ _ _ _ _ _ _ _ _ _ _ _ _ 
PRE-RELEASE DEPENDENCIES	Run test suite	2026-10-02T14:06:35.0451165Z 
PRE-RELEASE DEPENDENCIES	Run test suite	2026-10-02T14:06:35.0451352Z self = <unittest.mock._patch object at 0x7fa7eeb79a60>
PRE-RELEASE DEPENDENCIES	Run test suite	2026-10-02T14:06:35.0451366Z 
PRE-RELEASE DEPENDENCIES	Run test suite	2026-10-02T14:06:35.0451781Z     [0m[94mdef[39;49;00m[90m [39;49;00m[92mget_original[39;49;00m([96mself[39;49;00m):[90m[39;49;00m
PRE-RELEASE DEPENDENCIES	Run test suite	2026-10-02T14:06:35.0452030Z         target = [96mself[39;49;00m.getter()[90m[39;49;00m
PRE-RELEASE DEPENDENCIES	Run test suite	2026-10-02T14:06:35.0452255Z         name = [96mself[39;49;00m.attribute[90m[39;49;00m
PRE-RELEASE DEPENDENCIES	Run test suite	2026-10-02T14:06:35.0452388Z     [90m[39;49;00m
PRE-RELEASE DEPENDENCIES	Run test suite	2026-10-02T14:06:35.0452569Z         original = DEFAULT[90m[39;49;00m
PRE-RELEASE DEPENDENCIES	Run test suite	2026-10-02T14:06:35.0452762Z         local = [94mFalse[39;49;00m[90m[39;49;00m
PRE-RELEASE DEPENDENCIES	Run test suite	2026-10-02T14:06:35.0452899Z     [90m[39;49;00m
PRE-RELEASE DEPENDENCIES	Run test suite	2026-10-02T14:06:35.0453067Z         [94mtry[39;49;00m:[90m[39;49;00m
PRE-RELEASE DEPENDENCIES	Run test suite	2026-10-02T14:06:35.0453346Z             original = target.[91m__dict__[39;49;00m[name][90m[39;49;00m
PRE-RELEASE DEPENDENCIES	Run test suite	2026-10-02T14:06:35.0453748Z         [94mexcept[39;49;00m ([96mAttributeError[39;49;00m, [96mKeyError[39;49;00m):[90m[39;49;00m
PRE-RELEASE DEPENDENCIES	Run test suite	2026-10-02T14:06:35.0454067Z             original = [96mgetattr[39;49;00m(target, name, DEFAULT)[90m[39;49;00m
PRE-RELEASE DEPENDENCIES	Run test suite	2026-10-02T14:06:35.0454230Z         [94melse[39;49;00m:[90m[39;49;00m
PRE-RELEASE DEPENDENCIES	Run test suite	2026-10-02T14:06:35.0454451Z             local = [94mTrue[39;49;00m[90m[39;49;00m
PRE-RELEASE DEPENDENCIES	Run test suite	2026-10-02T14:06:35.0454794Z     [90m[39;49;00m
PRE-RELEASE DEPENDENCIES	Run test suite	2026-10-02T14:06:35.0455391Z         [94mif[39;49;00m name [95min[39;49;00m _builtins [95mand[39;49;00m [96misinstance[39;49;00m(target, ModuleType):[90m[39;49;00m
PRE-RELEASE DEPENDENCIES	Run test suite	2026-10-02T14:06:35.0455641Z             [96mself[39;49;00m.create = [94mTrue[39;49;00m[90m[39;49;00m
PRE-RELEASE DEPENDENCIES	Run test suite	2026-10-02T14:06:35.0455752Z     [90m[39;49;00m
PRE-RELEASE DEPENDENCIES	Run test suite	2026-10-02T14:06:35.0456259Z         [94mif[39;49;00m [95mnot[39;49;00m [96mself[39;49;00m.create [95mand[39;49;00m original [95mis[39;49;00m DEFAULT:[90m[39;49;00m
PRE-RELEASE DEPENDENCIES	Run test suite	2026-10-02T14:06:35.0456518Z >           [94mraise[39;49;00m [96mAttributeError[39;49;00m([90m[39;49;00m
PRE-RELEASE DEPENDENCIES	Run test suite	2026-10-02T14:06:35.0457060Z                 [33m"[39;49;00m[33m%s[39;49;00m[33m does not have the attribute [39;49;00m[33m%r[39;49;00m[33m"[39;49;00m % (target, name)[90m[39;49;00m
PRE-RELEASE DEPENDENCIES	Run test suite	2026-10-02T14:06:35.0457301Z             )[90m[39;49;00m
PRE-RELEASE DEPENDENCIES	Run test suite	2026-10-02T14:06:35.0458316Z [1m[31mE           AttributeError: <module 'embpy.resources.gene_resolver' from '/opt/hostedtoolcache/Python/3.12.14/x64/lib/python3.12/site-packages/embpy/resources/gene_resolver.py'> does not have the attribute '_ensembl_get'[0m
PRE-RELEASE DEPENDENCIES	Run test suite	2026-10-02T14:06:35.0458332Z 
PRE-RELEASE DEPENDENCIES	Run test suite	2026-10-02T14:06:35.0458746Z [1m[31m/opt/hostedtoolcache/Python/3.12.14/x64/lib/python3.12/unittest/mock.py[0m:1437: AttributeError
PRE-RELEASE DEPENDENCIES	Run test suite	2026-10-02T14:06:35.0459105Z [31m[1m__________ TestGeneResolverSpecies.test_fetch_region_default_species ___________[0m
PRE-RELEASE DEPENDENCIES	Run test suite	2026-10-02T14:06:35.0459111Z 
PRE-RELEASE DEPENDENCIES	Run test suite	2026-10-02T14:06:35.0459399Z args = (<tests.embpy.test_multi_species.TestGeneResolverSpecies object at 0x7fa7eec09910>,)
PRE-RELEASE DEPENDENCIES	Run test suite	2026-10-02T14:06:35.0459617Z keywargs = {}
PRE-RELEASE DEPENDENCIES	Run test suite	2026-10-02T14:06:35.0459625Z 
PRE-RELEASE DEPENDENCIES	Run test suite	2026-10-02T14:06:35.0459801Z     [0m[37m@wraps[39;49;00m(func)[90m[39;49;00m
PRE-RELEASE DEPENDENCIES	Run test suite	2026-10-02T14:06:35.0460134Z     [94mdef[39;49;00m[90m [39;49;00m[92mpatched[39;49;00m(*args, **keywargs):[90m[39;49;00m
PRE-RELEASE DEPENDENCIES	Run test suite	2026-10-02T14:06:35.0460441Z >       [94mwith[39;49;00m [96mself[39;49;00m.decoration_helper(patched,[90m[39;49;00m
PRE-RELEASE DEPENDENCIES	Run test suite	2026-10-02T14:06:35.0460608Z                                     args,[90m[39;49;00m
PRE-RELEASE DEPENDENCIES	Run test suite	2026-10-02T14:06:35.0460922Z                                     keywargs) [94mas[39;49;00m (newargs, newkeywargs):[90m[39;49;00m
PRE-RELEASE DEPENDENCIES	Run test suite	2026-10-02T14:06:35.0460927Z 
PRE-RELEASE DEPENDENCIES	Run test suite	2026-10-02T14:06:35.0461271Z [1m[31m/opt/hostedtoolcache/Python/3.12.14/x64/lib/python3.12/unittest/mock.py[0m:1393: 
PRE-RELEASE DEPENDENCIES	Run test suite	2026-10-02T14:06:35.0461429Z _ _ _ _ _ _ _ _ _ _ _ _ _ _ _ _ _ _ _ _ _ _ _ _ _ _ _ _ _ _ _ _ _ _ _ _ _ _ _ _ 
PRE-RELEASE DEPENDENCIES	Run test suite	2026-10-02T14:06:35.0461809Z [1m[31m/opt/hostedtoolcache/Python/3.12.14/x64/lib/python3.12/contextlib.py[0m:137: in __enter__
PRE-RELEASE DEPENDENCIES	Run test suite	2026-10-02T14:06:35.0462110Z     [0m[94mreturn[39;49;00m [96mnext[39;49;00m([96mself[39;49;00m.gen)[90m[39;49;00m
PRE-RELEASE DEPENDENCIES	Run test suite	2026-10-02T14:06:35.0462258Z            ^^^^^^^^^^^^^^[90m[39;49;00m
PRE-RELEASE DEPENDENCIES	Run test suite	2026-10-02T14:06:35.0462692Z [1m[31m/opt/hostedtoolcache/Python/3.12.14/x64/lib/python3.12/unittest/mock.py[0m:1375: in decoration_helper
PRE-RELEASE DEPENDENCIES	Run test suite	2026-10-02T14:06:35.0462919Z     [0marg = exit_stack.enter_context(patching)[90m[39;49;00m
PRE-RELEASE DEPENDENCIES	Run test suite	2026-10-02T14:06:35.0463093Z           ^^^^^^^^^^^^^^^^^^^^^^^^^^^^^^^^^^[90m[39;49;00m
PRE-RELEASE DEPENDENCIES	Run test suite	2026-10-02T14:06:35.0463484Z [1m[31m/opt/hostedtoolcache/Python/3.12.14/x64/lib/python3.12/contextlib.py[0m:526: in enter_context
PRE-RELEASE DEPENDENCIES	Run test suite	2026-10-02T14:06:35.0463637Z     [0mresult = _enter(cm)[90m[39;49;00m
PRE-RELEASE DEPENDENCIES	Run test suite	2026-10-02T14:06:35.0463768Z              ^^^^^^^^^^[90m[39;49;00m
PRE-RELEASE DEPENDENCIES	Run test suite	2026-10-02T14:06:35.0464159Z [1m[31m/opt/hostedtoolcache/Python/3.12.14/x64/lib/python3.12/unittest/mock.py[0m:1467: in __enter__
PRE-RELEASE DEPENDENCIES	Run test suite	2026-10-02T14:06:35.0464429Z     [0moriginal, local = [96mself[39;49;00m.get_original()[90m[39;49;00m
PRE-RELEASE DEPENDENCIES	Run test suite	2026-10-02T14:06:35.0464589Z                       ^^^^^^^^^^^^^^^^^^^[90m[39;49;00m
PRE-RELEASE DEPENDENCIES	Run test suite	2026-10-02T14:06:35.0464744Z _ _ _ _ _ _ _ _ _ _ _ _ _ _ _ _ _ _ _ _ _ _ _ _ _ _ _ _ _ _ _ _ _ _ _ _ _ _ _ _ 
PRE-RELEASE DEPENDENCIES	Run test suite	2026-10-02T14:06:35.0464753Z 
PRE-RELEASE DEPENDENCIES	Run test suite	2026-10-02T14:06:35.0464913Z self = <unittest.mock._patch object at 0x7fa7eeb7bc50>
PRE-RELEASE DEPENDENCIES	Run test suite	2026-10-02T14:06:35.0464918Z 
PRE-RELEASE DEPENDENCIES	Run test suite	2026-10-02T14:06:35.0465289Z     [0m[94mdef[39;49;00m[90m [39;49;00m[92mget_original[39;49;00m([96mself[39;49;00m):[90m[39;49;00m
PRE-RELEASE DEPENDENCIES	Run test suite	2026-10-02T14:06:35.0465600Z         target = [96mself[39;49;00m.getter()[90m[39;49;00m
PRE-RELEASE DEPENDENCIES	Run test suite	2026-10-02T14:06:35.0465776Z         name = [96mself[39;49;00m.attribute[90m[39;49;00m
PRE-RELEASE DEPENDENCIES	Run test suite	2026-10-02T14:06:35.0465883Z     [90m[39;49;00m
PRE-RELEASE DEPENDENCIES	Run test suite	2026-10-02T14:06:35.0466018Z         original = DEFAULT[90m[39;49;00m
PRE-RELEASE DEPENDENCIES	Run test suite	2026-10-02T14:06:35.0466178Z         local = [94mFalse[39;49;00m[90m[39;49;00m
PRE-RELEASE DEPENDENCIES	Run test suite	2026-10-02T14:06:35.0466279Z     [90m[39;49;00m
PRE-RELEASE DEPENDENCIES	Run test suite	2026-10-02T14:06:35.0466416Z         [94mtry[39;49;00m:[90m[39;49;00m
PRE-RELEASE DEPENDENCIES	Run test suite	2026-10-02T14:06:35.0466640Z             original = target.[91m__dict__[39;49;00m[name][90m[39;49;00m
PRE-RELEASE DEPENDENCIES	Run test suite	2026-10-02T14:06:35.0466963Z         [94mexcept[39;49;00m ([96mAttributeError[39;49;00m, [96mKeyError[39;49;00m):[90m[39;49;00m
PRE-RELEASE DEPENDENCIES	Run test suite	2026-10-02T14:06:35.0467331Z             original = [96mgetattr[39;49;00m(target, name, DEFAULT)[90m[39;49;00m
PRE-RELEASE DEPENDENCIES	Run test suite	2026-10-02T14:06:35.0467464Z         [94melse[39;49;00m:[90m[39;49;00m
PRE-RELEASE DEPENDENCIES	Run test suite	2026-10-02T14:06:35.0467628Z             local = [94mTrue[39;49;00m[90m[39;49;00m
PRE-RELEASE DEPENDENCIES	Run test suite	2026-10-02T14:06:35.0467728Z     [90m[39;49;00m
PRE-RELEASE DEPENDENCIES	Run test suite	2026-10-02T14:06:35.0468175Z         [94mif[39;49;00m name [95min[39;49;00m _builtins [95mand[39;49;00m [96misinstance[39;49;00m(target, ModuleType):[90m[39;49;00m
PRE-RELEASE DEPENDENCIES	Run test suite	2026-10-02T14:06:35.0468395Z             [96mself[39;49;00m.create = [94mTrue[39;49;00m[90m[39;49;00m
PRE-RELEASE DEPENDENCIES	Run test suite	2026-10-02T14:06:35.0468495Z     [90m[39;49;00m
PRE-RELEASE DEPENDENCIES	Run test suite	2026-10-02T14:06:35.0468937Z         [94mif[39;49;00m [95mnot[39;49;00m [96mself[39;49;00m.create [95mand[39;49;00m original [95mis[39;49;00m DEFAULT:[90m[39;49;00m
PRE-RELEASE DEPENDENCIES	Run test suite	2026-10-02T14:06:35.0469168Z >           [94mraise[39;49;00m [96mAttributeError[39;49;00m([90m[39;49;00m
PRE-RELEASE DEPENDENCIES	Run test suite	2026-10-02T14:06:35.0469774Z                 [33m"[39;49;00m[33m%s[39;49;00m[33m does not have the attribute [39;49;00m[33m%r[39;49;00m[33m"[39;49;00m % (target, name)[90m[39;49;00m
PRE-RELEASE DEPENDENCIES	Run test suite	2026-10-02T14:06:35.0469902Z             )[90m[39;49;00m
PRE-RELEASE DEPENDENCIES	Run test suite	2026-10-02T14:06:35.0470762Z [1m[31mE           AttributeError: <module 'embpy.resources.gene_resolver' from '/opt/hostedtoolcache/Python/3.12.14/x64/lib/python3.12/site-packages/embpy/resources/gene_resolver.py'> does not have the attribute '_ensembl_get'[0m
PRE-RELEASE DEPENDENCIES	Run test suite	2026-10-02T14:06:35.0470769Z 
PRE-RELEASE DEPENDENCIES	Run test suite	2026-10-02T14:06:35.0471131Z [1m[31m/opt/hostedtoolcache/Python/3.12.14/x64/lib/python3.12/unittest/mock.py[0m:1437: AttributeError
PRE-RELEASE DEPENDENCIES	Run test suite	2026-10-02T14:06:35.0471446Z [31m[1m___________ TestGeneAnnotatorSpecies.test_ensembl_id_detection_mouse ___________[0m
PRE-RELEASE DEPENDENCIES	Run test suite	2026-10-02T14:06:35.0471451Z 
PRE-RELEASE DEPENDENCIES	Run test suite	2026-10-02T14:06:35.0471703Z self = <tests.embpy.test_multi_species.TestGeneAnnotatorSpecies object at 0x7fa7eec0b740>
PRE-RELEASE DEPENDENCIES	Run test suite	2026-10-02T14:06:35.0471708Z 
PRE-RELEASE DEPENDENCIES	Run test suite	2026-10-02T14:06:35.0472125Z     [0m[94mdef[39;49;00m[90m [39;49;00m[92mtest_ensembl_id_detection_mouse[39;49;00m([96mself[39;49;00m):[90m[39;49;00m
PRE-RELEASE DEPENDENCIES	Run test suite	2026-10-02T14:06:35.0472895Z >       [94mfrom[39;49;00m[90m [39;49;00m[04m[96membpy[39;49;00m[04m[96m.[39;49;00m[04m[96mresources[39;49;00m[04m[96m.[39;49;00m[04m[96mgene_annotator[39;49;00m[90m [39;49;00m[94mimport[39;49;00m _is_ensembl_gene_id[90m[39;49;00m
PRE-RELEASE DEPENDENCIES	Run test suite	2026-10-02T14:06:35.0473689Z [1m[31mE       ImportError: cannot import name '_is_ensembl_gene_id' from 'embpy.resources.gene_annotator' (/opt/hostedtoolcache/Python/3.12.14/x64/lib/python3.12/site-packages/embpy/resources/gene_annotator.py)[0m
PRE-RELEASE DEPENDENCIES	Run test suite	2026-10-02T14:06:35.0473696Z 
PRE-RELEASE DEPENDENCIES	Run test suite	2026-10-02T14:06:35.0473900Z [1m[31mtests/embpy/test_multi_species.py[0m:154: ImportError
PRE-RELEASE DEPENDENCIES	Run test suite	2026-10-02T14:06:35.0474170Z [31m[1m________________________ TestAnnotate.test_annotate_all ________________________[0m
PRE-RELEASE DEPENDENCIES	Run test suite	2026-10-02T14:06:35.0474175Z 
PRE-RELEASE DEPENDENCIES	Run test suite	2026-10-02T14:06:35.0474401Z args = (<tests.embpy.test_protein_annotator.TestAnnotate object at 0x7fa7ee90ec90>,)
PRE-RELEASE DEPENDENCIES	Run test suite	2026-10-02T14:06:35.0474725Z keywargs = {'annotator': <embpy.resources.protein.annotator.ProteinAnnotator object at 0x7fa7e47cb1d0>}
PRE-RELEASE DEPENDENCIES	Run test suite	2026-10-02T14:06:35.0474731Z 
PRE-RELEASE DEPENDENCIES	Run test suite	2026-10-02T14:06:35.0474885Z     [0m[37m@wraps[39;49;00m(func)[90m[39;49;00m
PRE-RELEASE DEPENDENCIES	Run test suite	2026-10-02T14:06:35.0475302Z     [94mdef[39;49;00m[90m [39;49;00m[92mpatched[39;49;00m(*args, **keywargs):[90m[39;49;00m
PRE-RELEASE DEPENDENCIES	Run test suite	2026-10-02T14:06:35.0588092Z >       [94mwith[39;49;00m [96mself[39;49;00m.decoration_helper(patched,[90m[39;49;00m
PRE-RELEASE DEPENDENCIES	Run test suite	2026-10-02T14:06:35.0588473Z                                     args,[90m[39;49;00m
PRE-RELEASE DEPENDENCIES	Run test suite	2026-10-02T14:06:35.0589097Z                                     keywargs) [94mas[39;49;00m (newargs, newkeywargs):[90m[39;49;00m
PRE-RELEASE DEPENDENCIES	Run test suite	2026-10-02T14:06:35.0589114Z 
PRE-RELEASE DEPENDENCIES	Run test suite	2026-10-02T14:06:35.0589862Z [1m[31m/opt/hostedtoolcache/Python/3.12.14/x64/lib/python3.12/unittest/mock.py[0m:1393: 
PRE-RELEASE DEPENDENCIES	Run test suite	2026-10-02T14:06:35.0590054Z _ _ _ _ _ _ _ _ _ _ _ _ _ _ _ _ _ _ _ _ _ _ _ _ _ _ _ _ _ _ _ _ _ _ _ _ _ _ _ _ 
PRE-RELEASE DEPENDENCIES	Run test suite	2026-10-02T14:06:35.0590800Z [1m[31m/opt/hostedtoolcache/Python/3.12.14/x64/lib/python3.12/contextlib.py[0m:137: in __enter__
PRE-RELEASE DEPENDENCIES	Run test suite	2026-10-02T14:06:35.0591142Z     [0m[94mreturn[39;49;00m [96mnext[39;49;00m([96mself[39;49;00m.gen)[90m[39;49;00m
PRE-RELEASE DEPENDENCIES	Run test suite	2026-10-02T14:06:35.0591312Z            ^^^^^^^^^^^^^^[90m[39;49;00m
PRE-RELEASE DEPENDENCIES	Run test suite	2026-10-02T14:06:35.0591791Z [1m[31m/opt/hostedtoolcache/Python/3.12.14/x64/lib/python3.12/unittest/mock.py[0m:1375: in decoration_helper
PRE-RELEASE DEPENDENCIES	Run test suite	2026-10-02T14:06:35.0592049Z     [0marg = exit_stack.enter_context(patching)[90m[39;49;00m
PRE-RELEASE DEPENDENCIES	Run test suite	2026-10-02T14:06:35.0592245Z           ^^^^^^^^^^^^^^^^^^^^^^^^^^^^^^^^^^[90m[39;49;00m
PRE-RELEASE DEPENDENCIES	Run test suite	2026-10-02T14:06:35.0592674Z [1m[31m/opt/hostedtoolcache/Python/3.12.14/x64/lib/python3.12/contextlib.py[0m:526: in enter_context
PRE-RELEASE DEPENDENCIES	Run test suite	2026-10-02T14:06:35.0592846Z     [0mresult = _enter(cm)[90m[39;49;00m
PRE-RELEASE DEPENDENCIES	Run test suite	2026-10-02T14:06:35.0592995Z              ^^^^^^^^^^[90m[39;49;00m
PRE-RELEASE DEPENDENCIES	Run test suite	2026-10-02T14:06:35.0593420Z [1m[31m/opt/hostedtoolcache/Python/3.12.14/x64/lib/python3.12/unittest/mock.py[0m:1467: in __enter__
PRE-RELEASE DEPENDENCIES	Run test suite	2026-10-02T14:06:35.0593728Z     [0moriginal, local = [96mself[39;49;00m.get_original()[90m[39;49;00m
PRE-RELEASE DEPENDENCIES	Run test suite	2026-10-02T14:06:35.0593912Z                       ^^^^^^^^^^^^^^^^^^^[90m[39;49;00m
PRE-RELEASE DEPENDENCIES	Run test suite	2026-10-02T14:06:35.0594086Z _ _ _ _ _ _ _ _ _ _ _ _ _ _ _ _ _ _ _ _ _ _ _ _ _ _ _ _ _ _ _ _ _ _ _ _ _ _ _ _ 
PRE-RELEASE DEPENDENCIES	Run test suite	2026-10-02T14:06:35.0594097Z 
PRE-RELEASE DEPENDENCIES	Run test suite	2026-10-02T14:06:35.0594264Z self = <unittest.mock._patch object at 0x7fa7ee91f620>
PRE-RELEASE DEPENDENCIES	Run test suite	2026-10-02T14:06:35.0594271Z 
PRE-RELEASE DEPENDENCIES	Run test suite	2026-10-02T14:06:35.0594712Z     [0m[94mdef[39;49;00m[90m [39;49;00m[92mget_original[39;49;00m([96mself[39;49;00m):[90m[39;49;00m
PRE-RELEASE DEPENDENCIES	Run test suite	2026-10-02T14:06:35.0594972Z         target = [96mself[39;49;00m.getter()[90m[39;49;00m
PRE-RELEASE DEPENDENCIES	Run test suite	2026-10-02T14:06:35.0595170Z         name = [96mself[39;49;00m.attribute[90m[39;49;00m
PRE-RELEASE DEPENDENCIES	Run test suite	2026-10-02T14:06:35.0595289Z     [90m[39;49;00m
PRE-RELEASE DEPENDENCIES	Run test suite	2026-10-02T14:06:35.0595436Z         original = DEFAULT[90m[39;49;00m
PRE-RELEASE DEPENDENCIES	Run test suite	2026-10-02T14:06:35.0595611Z         local = [94mFalse[39;49;00m[90m[39;49;00m
PRE-RELEASE DEPENDENCIES	Run test suite	2026-10-02T14:06:35.0595726Z     [90m[39;49;00m
PRE-RELEASE DEPENDENCIES	Run test suite	2026-10-02T14:06:35.0595878Z         [94mtry[39;49;00m:[90m[39;49;00m
PRE-RELEASE DEPENDENCIES	Run test suite	2026-10-02T14:06:35.0596133Z             original = target.[91m__dict__[39;49;00m[name][90m[39;49;00m
PRE-RELEASE DEPENDENCIES	Run test suite	2026-10-02T14:06:35.0596502Z         [94mexcept[39;49;00m ([96mAttributeError[39;49;00m, [96mKeyError[39;49;00m):[90m[39;49;00m
PRE-RELEASE DEPENDENCIES	Run test suite	2026-10-02T14:06:35.0596795Z             original = [96mgetattr[39;49;00m(target, name, DEFAULT)[90m[39;49;00m
PRE-RELEASE DEPENDENCIES	Run test suite	2026-10-02T14:06:35.0596940Z         [94melse[39;49;00m:[90m[39;49;00m
PRE-RELEASE DEPENDENCIES	Run test suite	2026-10-02T14:06:35.0597121Z             local = [94mTrue[39;49;00m[90m[39;49;00m
PRE-RELEASE DEPENDENCIES	Run test suite	2026-10-02T14:06:35.0597239Z     [90m[39;49;00m
PRE-RELEASE DEPENDENCIES	Run test suite	2026-10-02T14:06:35.0597748Z         [94mif[39;49;00m name [95min[39;49;00m _builtins [95mand[39;49;00m [96misinstance[39;49;00m(target, ModuleType):[90m[39;49;00m
PRE-RELEASE DEPENDENCIES	Run test suite	2026-10-02T14:06:35.0597999Z             [96mself[39;49;00m.create = [94mTrue[39;49;00m[90m[39;49;00m
PRE-RELEASE DEPENDENCIES	Run test suite	2026-10-02T14:06:35.0598115Z     [90m[39;49;00m
PRE-RELEASE DEPENDENCIES	Run test suite	2026-10-02T14:06:35.0598625Z         [94mif[39;49;00m [95mnot[39;49;00m [96mself[39;49;00m.create [95mand[39;49;00m original [95mis[39;49;00m DEFAULT:[90m[39;49;00m
PRE-RELEASE DEPENDENCIES	Run test suite	2026-10-02T14:06:35.0598880Z >           [94mraise[39;49;00m [96mAttributeError[39;49;00m([90m[39;49;00m
PRE-RELEASE DEPENDENCIES	Run test suite	2026-10-02T14:06:35.0599680Z                 [33m"[39;49;00m[33m%s[39;49;00m[33m does not have the attribute [39;49;00m[33m%r[39;49;00m[33m"[39;49;00m % (target, name)[90m[39;49;00m
PRE-RELEASE DEPENDENCIES	Run test suite	2026-10-02T14:06:35.0599821Z             )[90m[39;49;00m
PRE-RELEASE DEPENDENCIES	Run test suite	2026-10-02T14:06:35.0600860Z [1m[31mE           AttributeError: <module 'embpy.resources.protein_annotator' from '/opt/hostedtoolcache/Python/3.12.14/x64/lib/python3.12/site-packages/embpy/resources/protein_annotator.py'> does not have the attribute '_get_json'[0m
PRE-RELEASE DEPENDENCIES	Run test suite	2026-10-02T14:06:35.0600867Z 
PRE-RELEASE DEPENDENCIES	Run test suite	2026-10-02T14:06:35.0601282Z [1m[31m/opt/hostedtoolcache/Python/3.12.14/x64/lib/python3.12/unittest/mock.py[0m:1437: AttributeError
PRE-RELEASE DEPENDENCIES	Run test suite	2026-10-02T14:06:35.0601604Z [31m[1m______________________ TestAnnotate.test_annotate_subset _______________________[0m
PRE-RELEASE DEPENDENCIES	Run test suite	2026-10-02T14:06:35.0601732Z 
PRE-RELEASE DEPENDENCIES	Run test suite	2026-10-02T14:06:35.0601989Z args = (<tests.embpy.test_protein_annotator.TestAnnotate object at 0x7fa7ee90c800>,)
PRE-RELEASE DEPENDENCIES	Run test suite	2026-10-02T14:06:35.0602350Z keywargs = {'annotator': <embpy.resources.protein.annotator.ProteinAnnotator object at 0x7fa7e48290d0>}
PRE-RELEASE DEPENDENCIES	Run test suite	2026-10-02T14:06:35.0602360Z 
PRE-RELEASE DEPENDENCIES	Run test suite	2026-10-02T14:06:35.0602531Z     [0m[37m@wraps[39;49;00m(func)[90m[39;49;00m
PRE-RELEASE DEPENDENCIES	Run test suite	2026-10-02T14:06:35.0602863Z     [94mdef[39;49;00m[90m [39;49;00m[92mpatched[39;49;00m(*args, **keywargs):[90m[39;49;00m
PRE-RELEASE DEPENDENCIES	Run test suite	2026-10-02T14:06:35.0603172Z >       [94mwith[39;49;00m [96mself[39;49;00m.decoration_helper(patched,[90m[39;49;00m
PRE-RELEASE DEPENDENCIES	Run test suite	2026-10-02T14:06:35.0603337Z                                     args,[90m[39;49;00m
PRE-RELEASE DEPENDENCIES	Run test suite	2026-10-02T14:06:35.0603656Z                                     keywargs) [94mas[39;49;00m (newargs, newkeywargs):[90m[39;49;00m
PRE-RELEASE DEPENDENCIES	Run test suite	2026-10-02T14:06:35.0603662Z 
PRE-RELEASE DEPENDENCIES	Run test suite	2026-10-02T14:06:35.0604013Z [1m[31m/opt/hostedtoolcache/Python/3.12.14/x64/lib/python3.12/unittest/mock.py[0m:1393: 
PRE-RELEASE DEPENDENCIES	Run test suite	2026-10-02T14:06:35.0604169Z _ _ _ _ _ _ _ _ _ _ _ _ _ _ _ _ _ _ _ _ _ _ _ _ _ _ _ _ _ _ _ _ _ _ _ _ _ _ _ _ 
PRE-RELEASE DEPENDENCIES	Run test suite	2026-10-02T14:06:35.0604545Z [1m[31m/opt/hostedtoolcache/Python/3.12.14/x64/lib/python3.12/contextlib.py[0m:137: in __enter__
PRE-RELEASE DEPENDENCIES	Run test suite	2026-10-02T14:06:35.0604850Z     [0m[94mreturn[39;49;00m [96mnext[39;49;00m([96mself[39;49;00m.gen)[90m[39;49;00m
PRE-RELEASE DEPENDENCIES	Run test suite	2026-10-02T14:06:35.0604997Z            ^^^^^^^^^^^^^^[90m[39;49;00m
PRE-RELEASE DEPENDENCIES	Run test suite	2026-10-02T14:06:35.0605437Z [1m[31m/opt/hostedtoolcache/Python/3.12.14/x64/lib/python3.12/unittest/mock.py[0m:1375: in decoration_helper
PRE-RELEASE DEPENDENCIES	Run test suite	2026-10-02T14:06:35.0605657Z     [0marg = exit_stack.enter_context(patching)[90m[39;49;00m
PRE-RELEASE DEPENDENCIES	Run test suite	2026-10-02T14:06:35.0605833Z           ^^^^^^^^^^^^^^^^^^^^^^^^^^^^^^^^^^[90m[39;49;00m
PRE-RELEASE DEPENDENCIES	Run test suite	2026-10-02T14:06:35.0606176Z [1m[31m/opt/hostedtoolcache/Python/3.12.14/x64/lib/python3.12/contextlib.py[0m:526: in enter_context
PRE-RELEASE DEPENDENCIES	Run test suite	2026-10-02T14:06:35.0606315Z     [0mresult = _enter(cm)[90m[39;49;00m
PRE-RELEASE DEPENDENCIES	Run test suite	2026-10-02T14:06:35.0606446Z              ^^^^^^^^^^[90m[39;49;00m
PRE-RELEASE DEPENDENCIES	Run test suite	2026-10-02T14:06:35.0606776Z [1m[31m/opt/hostedtoolcache/Python/3.12.14/x64/lib/python3.12/unittest/mock.py[0m:1467: in __enter__
PRE-RELEASE DEPENDENCIES	Run test suite	2026-10-02T14:06:35.0607016Z     [0moriginal, local = [96mself[39;49;00m.get_original()[90m[39;49;00m
PRE-RELEASE DEPENDENCIES	Run test suite	2026-10-02T14:06:35.0607166Z                       ^^^^^^^^^^^^^^^^^^^[90m[39;49;00m
PRE-RELEASE DEPENDENCIES	Run test suite	2026-10-02T14:06:35.0607306Z _ _ _ _ _ _ _ _ _ _ _ _ _ _ _ _ _ _ _ _ _ _ _ _ _ _ _ _ _ _ _ _ _ _ _ _ _ _ _ _ 
PRE-RELEASE DEPENDENCIES	Run test suite	2026-10-02T14:06:35.0607310Z 
PRE-RELEASE DEPENDENCIES	Run test suite	2026-10-02T14:06:35.0607447Z self = <unittest.mock._patch object at 0x7fa7ee91ea20>
PRE-RELEASE DEPENDENCIES	Run test suite	2026-10-02T14:06:35.0607452Z 
PRE-RELEASE DEPENDENCIES	Run test suite	2026-10-02T14:06:35.0607777Z     [0m[94mdef[39;49;00m[90m [39;49;00m[92mget_original[39;49;00m([96mself[39;49;00m):[90m[39;49;00m
PRE-RELEASE DEPENDENCIES	Run test suite	2026-10-02T14:06:35.0607960Z         target = [96mself[39;49;00m.getter()[90m[39;49;00m
PRE-RELEASE DEPENDENCIES	Run test suite	2026-10-02T14:06:35.0608135Z         name = [96mself[39;49;00m.attribute[90m[39;49;00m
PRE-RELEASE DEPENDENCIES	Run test suite	2026-10-02T14:06:35.0608241Z     [90m[39;49;00m
PRE-RELEASE DEPENDENCIES	Run test suite	2026-10-02T14:06:35.0608376Z         original = DEFAULT[90m[39;49;00m
PRE-RELEASE DEPENDENCIES	Run test suite	2026-10-02T14:06:35.0608531Z         local = [94mFalse[39;49;00m[90m[39;49;00m
PRE-RELEASE DEPENDENCIES	Run test suite	2026-10-02T14:06:35.0608652Z     [90m[39;49;00m
PRE-RELEASE DEPENDENCIES	Run test suite	2026-10-02T14:06:35.0608802Z         [94mtry[39;49;00m:[90m[39;49;00m
PRE-RELEASE DEPENDENCIES	Run test suite	2026-10-02T14:06:35.0609150Z             original = target.[91m__dict__[39;49;00m[name][90m[39;49;00m
PRE-RELEASE DEPENDENCIES	Run test suite	2026-10-02T14:06:35.0609589Z         [94mexcept[39;49;00m ([96mAttributeError[39;49;00m, [96mKeyError[39;49;00m):[90m[39;49;00m
PRE-RELEASE DEPENDENCIES	Run test suite	2026-10-02T14:06:35.0609850Z             original = [96mgetattr[39;49;00m(target, name, DEFAULT)[90m[39;49;00m
PRE-RELEASE DEPENDENCIES	Run test suite	2026-10-02T14:06:35.0609988Z         [94melse[39;49;00m:[90m[39;49;00m
PRE-RELEASE DEPENDENCIES	Run test suite	2026-10-02T14:06:35.0610141Z             local = [94mTrue[39;49;00m[90m[39;49;00m
PRE-RELEASE DEPENDENCIES	Run test suite	2026-10-02T14:06:35.0610247Z     [90m[39;49;00m
PRE-RELEASE DEPENDENCIES	Run test suite	2026-10-02T14:06:35.0610688Z         [94mif[39;49;00m name [95min[39;49;00m _builtins [95mand[39;49;00m [96misinstance[39;49;00m(target, ModuleType):[90m[39;49;00m
PRE-RELEASE DEPENDENCIES	Run test suite	2026-10-02T14:06:35.0610910Z             [96mself[39;49;00m.create = [94mTrue[39;49;00m[90m[39;49;00m
PRE-RELEASE DEPENDENCIES	Run test suite	2026-10-02T14:06:35.0611135Z     [90m[39;49;00m
PRE-RELEASE DEPENDENCIES	Run test suite	2026-10-02T14:06:35.0611576Z         [94mif[39;49;00m [95mnot[39;49;00m [96mself[39;49;00m.create [95mand[39;49;00m original [95mis[39;49;00m DEFAULT:[90m[39;49;00m
PRE-RELEASE DEPENDENCIES	Run test suite	2026-10-02T14:06:35.0611811Z >           [94mraise[39;49;00m [96mAttributeError[39;49;00m([90m[39;49;00m
PRE-RELEASE DEPENDENCIES	Run test suite	2026-10-02T14:06:35.0612283Z                 [33m"[39;49;00m[33m%s[39;49;00m[33m does not have the attribute [39;49;00m[33m%r[39;49;00m[33m"[39;49;00m % (target, name)[90m[39;49;00m
PRE-RELEASE DEPENDENCIES	Run test suite	2026-10-02T14:06:35.0612400Z             )[90m[39;49;00m
PRE-RELEASE DEPENDENCIES	Run test suite	2026-10-02T14:06:35.0613276Z [1m[31mE           AttributeError: <module 'embpy.resources.protein_annotator' from '/opt/hostedtoolcache/Python/3.12.14/x64/lib/python3.12/site-packages/embpy/resources/protein_annotator.py'> does not have the attribute '_get_json'[0m
PRE-RELEASE DEPENDENCIES	Run test suite	2026-10-02T14:06:35.0613287Z 
PRE-RELEASE DEPENDENCIES	Run test suite	2026-10-02T14:06:35.0613639Z [1m[31m/opt/hostedtoolcache/Python/3.12.14/x64/lib/python3.12/unittest/mock.py[0m:1437: AttributeError
PRE-RELEASE DEPENDENCIES	Run test suite	2026-10-02T14:06:35.0613930Z [31m[1m____________________ TestAnnotateAdata.test_annotate_adata _____________________[0m
PRE-RELEASE DEPENDENCIES	Run test suite	2026-10-02T14:06:35.0613935Z 
PRE-RELEASE DEPENDENCIES	Run test suite	2026-10-02T14:06:35.0614181Z args = (<tests.embpy.test_protein_annotator.TestAnnotateAdata object at 0x7fa7ee90e210>,)
PRE-RELEASE DEPENDENCIES	Run test suite	2026-10-02T14:06:35.0614492Z keywargs = {'annotator': <embpy.resources.protein.annotator.ProteinAnnotator object at 0x7fa7e482aab0>}
PRE-RELEASE DEPENDENCIES	Run test suite	2026-10-02T14:06:35.0614497Z 
PRE-RELEASE DEPENDENCIES	Run test suite	2026-10-02T14:06:35.0614653Z     [0m[37m@wraps[39;49;00m(func)[90m[39;49;00m
PRE-RELEASE DEPENDENCIES	Run test suite	2026-10-02T14:06:35.0614946Z     [94mdef[39;49;00m[90m [39;49;00m[92mpatched[39;49;00m(*args, **keywargs):[90m[39;49;00m
PRE-RELEASE DEPENDENCIES	Run test suite	2026-10-02T14:06:35.0615215Z >       [94mwith[39;49;00m [96mself[39;49;00m.decoration_helper(patched,[90m[39;49;00m
PRE-RELEASE DEPENDENCIES	Run test suite	2026-10-02T14:06:35.0615362Z                                     args,[90m[39;49;00m
PRE-RELEASE DEPENDENCIES	Run test suite	2026-10-02T14:06:35.0615637Z                                     keywargs) [94mas[39;49;00m (newargs, newkeywargs):[90m[39;49;00m
PRE-RELEASE DEPENDENCIES	Run test suite	2026-10-02T14:06:35.0615646Z 
PRE-RELEASE DEPENDENCIES	Run test suite	2026-10-02T14:06:35.0615950Z [1m[31m/opt/hostedtoolcache/Python/3.12.14/x64/lib/python3.12/unittest/mock.py[0m:1393: 
PRE-RELEASE DEPENDENCIES	Run test suite	2026-10-02T14:06:35.0616086Z _ _ _ _ _ _ _ _ _ _ _ _ _ _ _ _ _ _ _ _ _ _ _ _ _ _ _ _ _ _ _ _ _ _ _ _ _ _ _ _ 
PRE-RELEASE DEPENDENCIES	Run test suite	2026-10-02T14:06:35.0616420Z [1m[31m/opt/hostedtoolcache/Python/3.12.14/x64/lib/python3.12/contextlib.py[0m:137: in __enter__
PRE-RELEASE DEPENDENCIES	Run test suite	2026-10-02T14:06:35.0616684Z     [0m[94mreturn[39;49;00m [96mnext[39;49;00m([96mself[39;49;00m.gen)[90m[39;49;00m
PRE-RELEASE DEPENDENCIES	Run test suite	2026-10-02T14:06:35.0616813Z            ^^^^^^^^^^^^^^[90m[39;49;00m
PRE-RELEASE DEPENDENCIES	Run test suite	2026-10-02T14:06:35.0617193Z [1m[31m/opt/hostedtoolcache/Python/3.12.14/x64/lib/python3.12/unittest/mock.py[0m:1375: in decoration_helper
PRE-RELEASE DEPENDENCIES	Run test suite	2026-10-02T14:06:35.0726891Z     [0marg = exit_stack.enter_context(patching)[90m[39;49;00m
PRE-RELEASE DEPENDENCIES	Run test suite	2026-10-02T14:06:35.0727273Z           ^^^^^^^^^^^^^^^^^^^^^^^^^^^^^^^^^^[90m[39;49;00m
PRE-RELEASE DEPENDENCIES	Run test suite	2026-10-02T14:06:35.0728087Z [1m[31m/opt/hostedtoolcache/Python/3.12.14/x64/lib/python3.12/contextlib.py[0m:526: in enter_context
PRE-RELEASE DEPENDENCIES	Run test suite	2026-10-02T14:06:35.0728286Z     [0mresult = _enter(cm)[90m[39;49;00m
PRE-RELEASE DEPENDENCIES	Run test suite	2026-10-02T14:06:35.0728442Z              ^^^^^^^^^^[90m[39;49;00m
PRE-RELEASE DEPENDENCIES	Run test suite	2026-10-02T14:06:35.0728893Z [1m[31m/opt/hostedtoolcache/Python/3.12.14/x64/lib/python3.12/unittest/mock.py[0m:1467: in __enter__
PRE-RELEASE DEPENDENCIES	Run test suite	2026-10-02T14:06:35.0729677Z     [0moriginal, local = [96mself[39;49;00m.get_original()[90m[39;49;00m
PRE-RELEASE DEPENDENCIES	Run test suite	2026-10-02T14:06:35.0729941Z                       ^^^^^^^^^^^^^^^^^^^[90m[39;49;00m
PRE-RELEASE DEPENDENCIES	Run test suite	2026-10-02T14:06:35.0730114Z _ _ _ _ _ _ _ _ _ _ _ _ _ _ _ _ _ _ _ _ _ _ _ _ _ _ _ _ _ _ _ _ _ _ _ _ _ _ _ _ 
PRE-RELEASE DEPENDENCIES	Run test suite	2026-10-02T14:06:35.0730121Z 
PRE-RELEASE DEPENDENCIES	Run test suite	2026-10-02T14:06:35.0730302Z self = <unittest.mock._patch object at 0x7fa7ee91eba0>
PRE-RELEASE DEPENDENCIES	Run test suite	2026-10-02T14:06:35.0730309Z 
PRE-RELEASE DEPENDENCIES	Run test suite	2026-10-02T14:06:35.0730727Z     [0m[94mdef[39;49;00m[90m [39;49;00m[92mget_original[39;49;00m([96mself[39;49;00m):[90m[39;49;00m
PRE-RELEASE DEPENDENCIES	Run test suite	2026-10-02T14:06:35.0730960Z         target = [96mself[39;49;00m.getter()[90m[39;49;00m
PRE-RELEASE DEPENDENCIES	Run test suite	2026-10-02T14:06:35.0731354Z         name = [96mself[39;49;00m.attribute[90m[39;49;00m
PRE-RELEASE DEPENDENCIES	Run test suite	2026-10-02T14:06:35.0731483Z     [90m[39;49;00m
PRE-RELEASE DEPENDENCIES	Run test suite	2026-10-02T14:06:35.0731655Z         original = DEFAULT[90m[39;49;00m
PRE-RELEASE DEPENDENCIES	Run test suite	2026-10-02T14:06:35.0731843Z         local = [94mFalse[39;49;00m[90m[39;49;00m
PRE-RELEASE DEPENDENCIES	Run test suite	2026-10-02T14:06:35.0731982Z     [90m[39;49;00m
PRE-RELEASE DEPENDENCIES	Run test suite	2026-10-02T14:06:35.0732146Z         [94mtry[39;49;00m:[90m[39;49;00m
PRE-RELEASE DEPENDENCIES	Run test suite	2026-10-02T14:06:35.0732426Z             original = target.[91m__dict__[39;49;00m[name][90m[39;49;00m
PRE-RELEASE DEPENDENCIES	Run test suite	2026-10-02T14:06:35.0732834Z         [94mexcept[39;49;00m ([96mAttributeError[39;49;00m, [96mKeyError[39;49;00m):[90m[39;49;00m
PRE-RELEASE DEPENDENCIES	Run test suite	2026-10-02T14:06:35.0733140Z             original = [96mgetattr[39;49;00m(target, name, DEFAULT)[90m[39;49;00m
PRE-RELEASE DEPENDENCIES	Run test suite	2026-10-02T14:06:35.0733309Z         [94melse[39;49;00m:[90m[39;49;00m
PRE-RELEASE DEPENDENCIES	Run test suite	2026-10-02T14:06:35.0733504Z             local = [94mTrue[39;49;00m[90m[39;49;00m
PRE-RELEASE DEPENDENCIES	Run test suite	2026-10-02T14:06:35.0733635Z     [90m[39;49;00m
PRE-RELEASE DEPENDENCIES	Run test suite	2026-10-02T14:06:35.0734474Z         [94mif[39;49;00m name [95min[39;49;00m _builtins [95mand[39;49;00m [96misinstance[39;49;00m(target, ModuleType):[90m[39;49;00m
PRE-RELEASE DEPENDENCIES	Run test suite	2026-10-02T14:06:35.0734774Z             [96mself[39;49;00m.create = [94mTrue[39;49;00m[90m[39;49;00m
PRE-RELEASE DEPENDENCIES	Run test suite	2026-10-02T14:06:35.0734941Z     [90m[39;49;00m
PRE-RELEASE DEPENDENCIES	Run test suite	2026-10-02T14:06:35.0735605Z         [94mif[39;49;00m [95mnot[39;49;00m [96mself[39;49;00m.create [95mand[39;49;00m original [95mis[39;49;00m DEFAULT:[90m[39;49;00m
PRE-RELEASE DEPENDENCIES	Run test suite	2026-10-02T14:06:35.0735904Z >           [94mraise[39;49;00m [96mAttributeError[39;49;00m([90m[39;49;00m
PRE-RELEASE DEPENDENCIES	Run test suite	2026-10-02T14:06:35.0736541Z                 [33m"[39;49;00m[33m%s[39;49;00m[33m does not have the attribute [39;49;00m[33m%r[39;49;00m[33m"[39;49;00m % (target, name)[90m[39;49;00m
PRE-RELEASE DEPENDENCIES	Run test suite	2026-10-02T14:06:35.0736689Z             )[90m[39;49;00m
PRE-RELEASE DEPENDENCIES	Run test suite	2026-10-02T14:06:35.0737924Z [1m[31mE           AttributeError: <module 'embpy.resources.protein_annotator' from '/opt/hostedtoolcache/Python/3.12.14/x64/lib/python3.12/site-packages/embpy/resources/protein_annotator.py'> does not have the attribute '_get_json'[0m
PRE-RELEASE DEPENDENCIES	Run test suite	2026-10-02T14:06:35.0737936Z 
PRE-RELEASE DEPENDENCIES	Run test suite	2026-10-02T14:06:35.0738427Z [1m[31m/opt/hostedtoolcache/Python/3.12.14/x64/lib/python3.12/unittest/mock.py[0m:1437: AttributeError
PRE-RELEASE DEPENDENCIES	Run test suite	2026-10-02T14:06:35.0738867Z [31m[1m__________ TestPredictHaplotypeEffect.test_reference_mismatch_raises ___________[0m
PRE-RELEASE DEPENDENCIES	Run test suite	2026-10-02T14:06:35.0738875Z 
PRE-RELEASE DEPENDENCIES	Run test suite	2026-10-02T14:06:35.0739225Z self = <tests.embpy.test_region_utils.TestPredictHaplotypeEffect object at 0x7fa7ee8f59a0>
PRE-RELEASE DEPENDENCIES	Run test suite	2026-10-02T14:06:35.0741311Z stub_window = 'AATCGGGACACTGAGATTTGTCAGCGTCTACTAGCGTTTGTTAACGTCTCTGGAGTTTTATCGCAATTCCAATGAAGTTAGAAACCGCCTGGGCTACAATACTGTACAATAGACTCC...GGCAGCCTGCACGAAGAGTGTACCGGATCTAATACCGGCCGTCCTATGGTGAACCCGATGGACGGGCGGAAATGGCTAAAGTGCGGGAACGTGAGCGCCGACGGAATGCAAAGATAGG'
PRE-RELEASE DEPENDENCIES	Run test suite	2026-10-02T14:06:35.0741320Z 
PRE-RELEASE DEPENDENCIES	Run test suite	2026-10-02T14:06:35.0741929Z     [0m[94mdef[39;49;00m[90m [39;49;00m[92mtest_reference_mismatch_raises[39;49;00m([96mself[39;49;00m, stub_window):[90m[39;49;00m
PRE-RELEASE DEPENDENCIES	Run test suite	2026-10-02T14:06:35.0742308Z         emb = RegionEmbedder(StubProfileModel(), seed=[94m0[39;49;00m)[90m[39;49;00m
PRE-RELEASE DEPENDENCIES	Run test suite	2026-10-02T14:06:35.0743300Z         region = RegionContext(chrom=[33m"[39;49;00m[33mchr1[39;49;00m[33m"[39;49;00m, start=[94m2000[39;49;00m, end=[94m2100[39;49;00m, context_window=[94m4096[39;49;00m, window_start=[94m0[39;49;00m)[90m[39;49;00m
PRE-RELEASE DEPENDENCIES	Run test suite	2026-10-02T14:06:35.0744145Z >       [94mwith[39;49;00m pytest.raises([96mValueError[39;49;00m, match=[33m"[39;49;00m[33mexpected reference[39;49;00m[33m"[39;49;00m):[90m[39;49;00m
PRE-RELEASE DEPENDENCIES	Run test suite	2026-10-02T14:06:35.0744386Z              ^^^^^^^^^^^^^^^^^^^^^^^^^^^^^^^^^^^^^^^^^^^^^^^^^^^^^[90m[39;49;00m
PRE-RELEASE DEPENDENCIES	Run test suite	2026-10-02T14:06:35.0744651Z [1m[31mE       AssertionError: Regex pattern did not match.[0m
PRE-RELEASE DEPENDENCIES	Run test suite	2026-10-02T14:06:35.0744884Z [1m[31mE         Expected regex: 'expected reference'[0m
PRE-RELEASE DEPENDENCIES	Run test suite	2026-10-02T14:06:35.0745751Z [1m[31mE         Actual message: 'chr1:2000-2100 (100 bp): 1 of 1 substitutions (100.0%) do not match the reference base at their offset -- set strict=False only if this is expected.'[0m
PRE-RELEASE DEPENDENCIES	Run test suite	2026-10-02T14:06:35.0745867Z 
PRE-RELEASE DEPENDENCIES	Run test suite	2026-10-02T14:06:35.0746086Z [1m[31mtests/embpy/test_region_utils.py[0m:409: AssertionError
PRE-RELEASE DEPENDENCIES	Run test suite	2026-10-02T14:06:35.0746371Z [31m[1m____________________ test_embedder_re_export_is_same_object ____________________[0m
PRE-RELEASE DEPENDENCIES	Run test suite	2026-10-02T14:06:35.0746380Z 
PRE-RELEASE DEPENDENCIES	Run test suite	2026-10-02T14:06:35.0746899Z live_registry = <module 'embpy.embedder_registry.flat' from '/opt/hostedtoolcache/Python/3.12.14/x64/lib/python3.12/site-packages/embpy/embedder_registry/flat.py'>
PRE-RELEASE DEPENDENCIES	Run test suite	2026-10-02T14:06:35.0746905Z 
PRE-RELEASE DEPENDENCIES	Run test suite	2026-10-02T14:06:35.0747325Z     [0m[94mdef[39;49;00m[90m [39;49;00m[92mtest_embedder_re_export_is_same_object[39;49;00m(live_registry):[90m[39;49;00m
PRE-RELEASE DEPENDENCIES	Run test suite	2026-10-02T14:06:35.0747674Z     [90m    [39;49;00m[33m"""`from embpy.embedder import MODEL_REGISTRY` returns the same dict.[39;49;00m
PRE-RELEASE DEPENDENCIES	Run test suite	2026-10-02T14:06:35.0747784Z     [33m[39;49;00m
PRE-RELEASE DEPENDENCIES	Run test suite	2026-10-02T14:06:35.0748077Z     [33m    Audit step 2's regression bar -- still in force after step 3 because[39;49;00m
PRE-RELEASE DEPENDENCIES	Run test suite	2026-10-02T14:06:35.0748357Z     [33m    `embedder.py` keeps re-importing the four public symbols from[39;49;00m
PRE-RELEASE DEPENDENCIES	Run test suite	2026-10-02T14:06:35.0748534Z     [33m    `embpy.embedder_registry.flat`.[39;49;00m
PRE-RELEASE DEPENDENCIES	Run test suite	2026-10-02T14:06:35.0748664Z     [33m    """[39;49;00m[90m[39;49;00m
PRE-RELEASE DEPENDENCIES	Run test suite	2026-10-02T14:06:35.0749080Z         [94mfrom[39;49;00m[90m [39;49;00m[04m[96membpy[39;49;00m[90m [39;49;00m[94mimport[39;49;00m embedder[90m[39;49;00m
PRE-RELEASE DEPENDENCIES	Run test suite	2026-10-02T14:06:35.0749184Z     [90m[39;49;00m
PRE-RELEASE DEPENDENCIES	Run test suite	2026-10-02T14:06:35.0749711Z         [94massert[39;49;00m embedder.MODEL_REGISTRY [95mis[39;49;00m live_registry.MODEL_REGISTRY[90m[39;49;00m
PRE-RELEASE DEPENDENCIES	Run test suite	2026-10-02T14:06:35.0750135Z         [94massert[39;49;00m embedder.HUMAN_ONLY_MODELS [95mis[39;49;00m live_registry.HUMAN_ONLY_MODELS[90m[39;49;00m
PRE-RELEASE DEPENDENCIES	Run test suite	2026-10-02T14:06:35.0750533Z         [94massert[39;49;00m embedder.MOUSE_ONLY_MODELS [95mis[39;49;00m live_registry.MOUSE_ONLY_MODELS[90m[39;49;00m
PRE-RELEASE DEPENDENCIES	Run test suite	2026-10-02T14:06:35.0750931Z >       [94massert[39;49;00m embedder.MULTI_SPECIES_DNA [95mis[39;49;00m live_registry.MULTI_SPECIES_DNA[90m[39;49;00m
PRE-RELEASE DEPENDENCIES	Run test suite	2026-10-02T14:06:35.0751083Z                ^^^^^^^^^^^^^^^^^^^^^^^^^^[90m[39;49;00m
PRE-RELEASE DEPENDENCIES	Run test suite	2026-10-02T14:06:35.0751413Z [1m[31mE       AttributeError: module 'embpy.embedder' has no attribute 'MULTI_SPECIES_DNA'[0m
PRE-RELEASE DEPENDENCIES	Run test suite	2026-10-02T14:06:35.0751422Z 
PRE-RELEASE DEPENDENCIES	Run test suite	2026-10-02T14:06:35.0751648Z [1m[31mtests/embpy/test_registry_split.py[0m:318: AttributeError
PRE-RELEASE DEPENDENCIES	Run test suite	2026-10-02T14:06:35.0751939Z [31m[1m____________________ TestPreprocessRaw.test_raw_preserves_x ____________________[0m
PRE-RELEASE DEPENDENCIES	Run test suite	2026-10-02T14:06:35.0751945Z 
PRE-RELEASE DEPENDENCIES	Run test suite	2026-10-02T14:06:35.0752389Z     [0m[94mdef[39;49;00m[90m [39;49;00m[92m_require_scanpy[39;49;00m():  [90m# type: ignore[no-untyped-def][39;49;00m[90m[39;49;00m
PRE-RELEASE DEPENDENCIES	Run test suite	2026-10-02T14:06:35.0752524Z         [94mtry[39;49;00m:[90m[39;49;00m
PRE-RELEASE DEPENDENCIES	Run test suite	2026-10-02T14:06:35.0753182Z >           [94mimport[39;49;00m[90m [39;49;00m[04m[96mscanpy[39;49;00m[90m [39;49;00m[94mas[39;49;00m[90m [39;49;00m[04m[96msc[39;49;00m  [90m# type: ignore[import-untyped][39;49;00m[90m[39;49;00m
PRE-RELEASE DEPENDENCIES	Run test suite	2026-10-02T14:06:35.0753326Z             ^^^^^^^^^^^^^^^^^^^[90m[39;49;00m
PRE-RELEASE DEPENDENCIES	Run test suite	2026-10-02T14:06:35.0753539Z [1m[31mE           ModuleNotFoundError: No module named 'scanpy'[0m
PRE-RELEASE DEPENDENCIES	Run test suite	2026-10-02T14:06:35.0753545Z 
PRE-RELEASE DEPENDENCIES	Run test suite	2026-10-02T14:06:35.0754222Z [1m[31m/opt/hostedtoolcache/Python/3.12.14/x64/lib/python3.12/site-packages/embpy/pp/singlecell/preprocessing.py[0m:28: ModuleNotFoundError
PRE-RELEASE DEPENDENCIES	Run test suite	2026-10-02T14:06:35.0754228Z 
PRE-RELEASE DEPENDENCIES	Run test suite	2026-10-02T14:06:35.0754498Z [33mThe above exception was the direct cause of the following exception:[0m
PRE-RELEASE DEPENDENCIES	Run test suite	2026-10-02T14:06:35.0754505Z 
PRE-RELEASE DEPENDENCIES	Run test suite	2026-10-02T14:06:35.0754748Z self = <tests.embpy.test_sc_preprocessing.TestPreprocessRaw object at 0x7fa7ee8f2ae0>
PRE-RELEASE DEPENDENCIES	Run test suite	2026-10-02T14:06:35.0754962Z adata_sparse = AnnData object with n_obs ├ù n_vars = 200 ├ù 500
PRE-RELEASE DEPENDENCIES	Run test suite	2026-10-02T14:06:35.0755049Z     layers: None (.X)
PRE-RELEASE DEPENDENCIES	Run test suite	2026-10-02T14:06:35.0755055Z 
PRE-RELEASE DEPENDENCIES	Run test suite	2026-10-02T14:06:35.0755487Z     [0m[94mdef[39;49;00m[90m [39;49;00m[92mtest_raw_preserves_x[39;49;00m([96mself[39;49;00m, adata_sparse):[90m[39;49;00m
PRE-RELEASE DEPENDENCIES	Run test suite	2026-10-02T14:06:35.0756362Z         [94mfrom[39;49;00m[90m [39;49;00m[04m[96membpy[39;49;00m[04m[96m.[39;49;00m[04m[96mpp[39;49;00m[04m[96m.[39;49;00m[04m[96msc_preprocessing[39;49;00m[90m [39;49;00m[94mimport[39;49;00m preprocess_counts[90m[39;49;00m
PRE-RELEASE DEPENDENCIES	Run test suite	2026-10-02T14:06:35.0756472Z     [90m[39;49;00m
PRE-RELEASE DEPENDENCIES	Run test suite	2026-10-02T14:06:35.0756659Z         original_shape = adata_sparse.shape[90m[39;49;00m
PRE-RELEASE DEPENDENCIES	Run test suite	2026-10-02T14:06:35.0757151Z >       result = preprocess_counts(adata_sparse, pipeline=[33m"[39;49;00m[33mraw[39;49;00m[33m"[39;49;00m, copy=[94mTrue[39;49;00m)[90m[39;49;00m
PRE-RELEASE DEPENDENCIES	Run test suite	2026-10-02T14:06:35.0757359Z                  ^^^^^^^^^^^^^^^^^^^^^^^^^^^^^^^^^^^^^^^^^^^^^^^^^^^^^^^^^^[90m[39;49;00m
PRE-RELEASE DEPENDENCIES	Run test suite	2026-10-02T14:06:35.0757365Z 
PRE-RELEASE DEPENDENCIES	Run test suite	2026-10-02T14:06:35.0757544Z [1m[31mtests/embpy/test_sc_preprocessing.py[0m:68: 
PRE-RELEASE DEPENDENCIES	Run test suite	2026-10-02T14:06:35.0757682Z _ _ _ _ _ _ _ _ _ _ _ _ _ _ _ _ _ _ _ _ _ _ _ _ _ _ _ _ _ _ _ _ _ _ _ _ _ _ _ _ 
PRE-RELEASE DEPENDENCIES	Run test suite	2026-10-02T14:06:35.0758211Z [1m[31m/opt/hostedtoolcache/Python/3.12.14/x64/lib/python3.12/site-packages/embpy/pp/singlecell/preprocessing.py[0m:119: in preprocess_counts
PRE-RELEASE DEPENDENCIES	Run test suite	2026-10-02T14:06:35.0758359Z     [0msc = _require_scanpy()[90m[39;49;00m
PRE-RELEASE DEPENDENCIES	Run test suite	2026-10-02T14:06:35.0758492Z          ^^^^^^^^^^^^^^^^^[90m[39;49;00m
PRE-RELEASE DEPENDENCIES	Run test suite	2026-10-02T14:06:35.0758633Z _ _ _ _ _ _ _ _ _ _ _ _ _ _ _ _ _ _ _ _ _ _ _ _ _ _ _ _ _ _ _ _ _ _ _ _ _ _ _ _ 
PRE-RELEASE DEPENDENCIES	Run test suite	2026-10-02T14:06:35.0758639Z 
PRE-RELEASE DEPENDENCIES	Run test suite	2026-10-02T14:06:35.0759060Z     [0m[94mdef[39;49;00m[90m [39;49;00m[92m_require_scanpy[39;49;00m():  [90m# type: ignore[no-untyped-def][39;49;00m[90m[39;49;00m
PRE-RELEASE DEPENDENCIES	Run test suite	2026-10-02T14:06:35.0759200Z         [94mtry[39;49;00m:[90m[39;49;00m
PRE-RELEASE DEPENDENCIES	Run test suite	2026-10-02T14:06:35.0841724Z             [94mimport[39;49;00m[90m [39;49;00m[04m[96mscanpy[39;49;00m[90m [39;49;00m[94mas[39;49;00m[90m [39;49;00m[04m[96msc[39;49;00m  [90m# type: ignore[import-untyped][39;49;00m[90m[39;49;00m
PRE-RELEASE DEPENDENCIES	Run test suite	2026-10-02T14:06:35.0841891Z     [90m[39;49;00m
PRE-RELEASE DEPENDENCIES	Run test suite	2026-10-02T14:06:35.0842088Z             [94mreturn[39;49;00m sc[90m[39;49;00m
PRE-RELEASE DEPENDENCIES	Run test suite	2026-10-02T14:06:35.0842507Z         [94mexcept[39;49;00m [96mImportError[39;49;00m [94mas[39;49;00m exc:[90m[39;49;00m
PRE-RELEASE DEPENDENCIES	Run test suite	2026-10-02T14:06:35.0843628Z >           [94mraise[39;49;00m [96mImportError[39;49;00m([33m"[39;49;00m[33mscanpy is required for single-cell preprocessing. Install with: pip install scanpy[39;49;00m[33m"[39;49;00m) [94mfrom[39;49;00m[90m [39;49;00m[04m[96mexc[39;49;00m[90m[39;49;00m
PRE-RELEASE DEPENDENCIES	Run test suite	2026-10-02T14:06:35.0844137Z [1m[31mE           ImportError: scanpy is required for single-cell preprocessing. Install with: pip install scanpy[0m
PRE-RELEASE DEPENDENCIES	Run test suite	2026-10-02T14:06:35.0844153Z 
PRE-RELEASE DEPENDENCIES	Run test suite	2026-10-02T14:06:35.0844767Z [1m[31m/opt/hostedtoolcache/Python/3.12.14/x64/lib/python3.12/site-packages/embpy/pp/singlecell/preprocessing.py[0m:32: ImportError
PRE-RELEASE DEPENDENCIES	Run test suite	2026-10-02T14:06:35.0845151Z [31m[1m_______________ TestPreprocessRaw.test_raw_creates_counts_layer ________________[0m
PRE-RELEASE DEPENDENCIES	Run test suite	2026-10-02T14:06:35.0845158Z 
PRE-RELEASE DEPENDENCIES	Run test suite	2026-10-02T14:06:35.0845682Z     [0m[94mdef[39;49;00m[90m [39;49;00m[92m_require_scanpy[39;49;00m():  [90m# type: ignore[no-untyped-def][39;49;00m[90m[39;49;00m
PRE-RELEASE DEPENDENCIES	Run test suite	2026-10-02T14:06:35.0845830Z         [94mtry[39;49;00m:[90m[39;49;00m
PRE-RELEASE DEPENDENCIES	Run test suite	2026-10-02T14:06:35.0846517Z >           [94mimport[39;49;00m[90m [39;49;00m[04m[96mscanpy[39;49;00m[90m [39;49;00m[94mas[39;49;00m[90m [39;49;00m[04m[96msc[39;49;00m  [90m# type: ignore[import-untyped][39;49;00m[90m[39;49;00m
PRE-RELEASE DEPENDENCIES	Run test suite	2026-10-02T14:06:35.0846832Z             ^^^^^^^^^^^^^^^^^^^[90m[39;49;00m
PRE-RELEASE DEPENDENCIES	Run test suite	2026-10-02T14:06:35.0847059Z [1m[31mE           ModuleNotFoundError: No module named 'scanpy'[0m
PRE-RELEASE DEPENDENCIES	Run test suite	2026-10-02T14:06:35.0847064Z 
PRE-RELEASE DEPENDENCIES	Run test suite	2026-10-02T14:06:35.0847622Z [1m[31m/opt/hostedtoolcache/Python/3.12.14/x64/lib/python3.12/site-packages/embpy/pp/singlecell/preprocessing.py[0m:28: ModuleNotFoundError
PRE-RELEASE DEPENDENCIES	Run test suite	2026-10-02T14:06:35.0847628Z 
PRE-RELEASE DEPENDENCIES	Run test suite	2026-10-02T14:06:35.0847907Z [33mThe above exception was the direct cause of the following exception:[0m
PRE-RELEASE DEPENDENCIES	Run test suite	2026-10-02T14:06:35.0847913Z 
PRE-RELEASE DEPENDENCIES	Run test suite	2026-10-02T14:06:35.0848170Z self = <tests.embpy.test_sc_preprocessing.TestPreprocessRaw object at 0x7fa7ee8f4a40>
PRE-RELEASE DEPENDENCIES	Run test suite	2026-10-02T14:06:35.0848506Z adata_sparse = AnnData object with n_obs ├ù n_vars = 200 ├ù 500
PRE-RELEASE DEPENDENCIES	Run test suite	2026-10-02T14:06:35.0848600Z     layers: None (.X)
PRE-RELEASE DEPENDENCIES	Run test suite	2026-10-02T14:06:35.0848605Z 
PRE-RELEASE DEPENDENCIES	Run test suite	2026-10-02T14:06:35.0849075Z     [0m[94mdef[39;49;00m[90m [39;49;00m[92mtest_raw_creates_counts_layer[39;49;00m([96mself[39;49;00m, adata_sparse):[90m[39;49;00m
PRE-RELEASE DEPENDENCIES	Run test suite	2026-10-02T14:06:35.0850204Z         [94mfrom[39;49;00m[90m [39;49;00m[04m[96membpy[39;49;00m[04m[96m.[39;49;00m[04m[96mpp[39;49;00m[04m[96m.[39;49;00m[04m[96msc_preprocessing[39;49;00m[90m [39;49;00m[94mimport[39;49;00m preprocess_counts[90m[39;49;00m
PRE-RELEASE DEPENDENCIES	Run test suite	2026-10-02T14:06:35.0850332Z     [90m[39;49;00m
PRE-RELEASE DEPENDENCIES	Run test suite	2026-10-02T14:06:35.0850778Z >       result = preprocess_counts(adata_sparse, pipeline=[33m"[39;49;00m[33mraw[39;49;00m[33m"[39;49;00m)[90m[39;49;00m
PRE-RELEASE DEPENDENCIES	Run test suite	2026-10-02T14:06:35.0850974Z                  ^^^^^^^^^^^^^^^^^^^^^^^^^^^^^^^^^^^^^^^^^^^^^^^[90m[39;49;00m
PRE-RELEASE DEPENDENCIES	Run test suite	2026-10-02T14:06:35.0850980Z 
PRE-RELEASE DEPENDENCIES	Run test suite	2026-10-02T14:06:35.0851168Z [1m[31mtests/embpy/test_sc_preprocessing.py[0m:77: 
PRE-RELEASE DEPENDENCIES	Run test suite	2026-10-02T14:06:35.0851317Z _ _ _ _ _ _ _ _ _ _ _ _ _ _ _ _ _ _ _ _ _ _ _ _ _ _ _ _ _ _ _ _ _ _ _ _ _ _ _ _ 
PRE-RELEASE DEPENDENCIES	Run test suite	2026-10-02T14:06:35.0851894Z [1m[31m/opt/hostedtoolcache/Python/3.12.14/x64/lib/python3.12/site-packages/embpy/pp/singlecell/preprocessing.py[0m:119: in preprocess_counts
PRE-RELEASE DEPENDENCIES	Run test suite	2026-10-02T14:06:35.0852047Z     [0msc = _require_scanpy()[90m[39;49;00m
PRE-RELEASE DEPENDENCIES	Run test suite	2026-10-02T14:06:35.0852184Z          ^^^^^^^^^^^^^^^^^[90m[39;49;00m
PRE-RELEASE DEPENDENCIES	Run test suite	2026-10-02T14:06:35.0852321Z _ _ _ _ _ _ _ _ _ _ _ _ _ _ _ _ _ _ _ _ _ _ _ _ _ _ _ _ _ _ _ _ _ _ _ _ _ _ _ _ 
PRE-RELEASE DEPENDENCIES	Run test suite	2026-10-02T14:06:35.0852330Z 
PRE-RELEASE DEPENDENCIES	Run test suite	2026-10-02T14:06:35.0852779Z     [0m[94mdef[39;49;00m[90m [39;49;00m[92m_require_scanpy[39;49;00m():  [90m# type: ignore[no-untyped-def][39;49;00m[90m[39;49;00m
PRE-RELEASE DEPENDENCIES	Run test suite	2026-10-02T14:06:35.0852915Z         [94mtry[39;49;00m:[90m[39;49;00m
PRE-RELEASE DEPENDENCIES	Run test suite	2026-10-02T14:06:35.0853591Z             [94mimport[39;49;00m[90m [39;49;00m[04m[96mscanpy[39;49;00m[90m [39;49;00m[94mas[39;49;00m[90m [39;49;00m[04m[96msc[39;49;00m  [90m# type: ignore[import-untyped][39;49;00m[90m[39;49;00m
PRE-RELEASE DEPENDENCIES	Run test suite	2026-10-02T14:06:35.0853705Z     [90m[39;49;00m
PRE-RELEASE DEPENDENCIES	Run test suite	2026-10-02T14:06:35.0853859Z             [94mreturn[39;49;00m sc[90m[39;49;00m
PRE-RELEASE DEPENDENCIES	Run test suite	2026-10-02T14:06:35.0854174Z         [94mexcept[39;49;00m [96mImportError[39;49;00m [94mas[39;49;00m exc:[90m[39;49;00m
PRE-RELEASE DEPENDENCIES	Run test suite	2026-10-02T14:06:35.0855147Z >           [94mraise[39;49;00m [96mImportError[39;49;00m([33m"[39;49;00m[33mscanpy is required for single-cell preprocessing. Install with: pip install scanpy[39;49;00m[33m"[39;49;00m) [94mfrom[39;49;00m[90m [39;49;00m[04m[96mexc[39;49;00m[90m[39;49;00m
PRE-RELEASE DEPENDENCIES	Run test suite	2026-10-02T14:06:35.0855590Z [1m[31mE           ImportError: scanpy is required for single-cell preprocessing. Install with: pip install scanpy[0m
PRE-RELEASE DEPENDENCIES	Run test suite	2026-10-02T14:06:35.0855597Z 
PRE-RELEASE DEPENDENCIES	Run test suite	2026-10-02T14:06:35.0856108Z [1m[31m/opt/hostedtoolcache/Python/3.12.14/x64/lib/python3.12/site-packages/embpy/pp/singlecell/preprocessing.py[0m:32: ImportError
PRE-RELEASE DEPENDENCIES	Run test suite	2026-10-02T14:06:35.0856405Z [31m[1m______________ TestPreprocessRaw.test_raw_no_log_normalized_layer ______________[0m
PRE-RELEASE DEPENDENCIES	Run test suite	2026-10-02T14:06:35.0856414Z 
PRE-RELEASE DEPENDENCIES	Run test suite	2026-10-02T14:06:35.0856827Z     [0m[94mdef[39;49;00m[90m [39;49;00m[92m_require_scanpy[39;49;00m():  [90m# type: ignore[no-untyped-def][39;49;00m[90m[39;49;00m
PRE-RELEASE DEPENDENCIES	Run test suite	2026-10-02T14:06:35.0857177Z         [94mtry[39;49;00m:[90m[39;49;00m
PRE-RELEASE DEPENDENCIES	Run test suite	2026-10-02T14:06:35.0857798Z >           [94mimport[39;49;00m[90m [39;49;00m[04m[96mscanpy[39;49;00m[90m [39;49;00m[94mas[39;49;00m[90m [39;49;00m[04m[96msc[39;49;00m  [90m# type: ignore[import-untyped][39;49;00m[90m[39;49;00m
PRE-RELEASE DEPENDENCIES	Run test suite	2026-10-02T14:06:35.0857935Z             ^^^^^^^^^^^^^^^^^^^[90m[39;49;00m
PRE-RELEASE DEPENDENCIES	Run test suite	2026-10-02T14:06:35.0858142Z [1m[31mE           ModuleNotFoundError: No module named 'scanpy'[0m
PRE-RELEASE DEPENDENCIES	Run test suite	2026-10-02T14:06:35.0858148Z 
PRE-RELEASE DEPENDENCIES	Run test suite	2026-10-02T14:06:35.0858651Z [1m[31m/opt/hostedtoolcache/Python/3.12.14/x64/lib/python3.12/site-packages/embpy/pp/singlecell/preprocessing.py[0m:28: ModuleNotFoundError
PRE-RELEASE DEPENDENCIES	Run test suite	2026-10-02T14:06:35.0858657Z 
PRE-RELEASE DEPENDENCIES	Run test suite	2026-10-02T14:06:35.0859027Z [33mThe above exception was the direct cause of the following exception:[0m
PRE-RELEASE DEPENDENCIES	Run test suite	2026-10-02T14:06:35.0859034Z 
PRE-RELEASE DEPENDENCIES	Run test suite	2026-10-02T14:06:35.0859284Z self = <tests.embpy.test_sc_preprocessing.TestPreprocessRaw object at 0x7fa7ee8f6e40>
PRE-RELEASE DEPENDENCIES	Run test suite	2026-10-02T14:06:35.0859632Z adata_sparse = AnnData object with n_obs ├ù n_vars = 200 ├ù 500
PRE-RELEASE DEPENDENCIES	Run test suite	2026-10-02T14:06:35.0859723Z     layers: None (.X)
PRE-RELEASE DEPENDENCIES	Run test suite	2026-10-02T14:06:35.0859728Z 
PRE-RELEASE DEPENDENCIES	Run test suite	2026-10-02T14:06:35.0860184Z     [0m[94mdef[39;49;00m[90m [39;49;00m[92mtest_raw_no_log_normalized_layer[39;49;00m([96mself[39;49;00m, adata_sparse):[90m[39;49;00m
PRE-RELEASE DEPENDENCIES	Run test suite	2026-10-02T14:06:35.0860937Z         [94mfrom[39;49;00m[90m [39;49;00m[04m[96membpy[39;49;00m[04m[96m.[39;49;00m[04m[96mpp[39;49;00m[04m[96m.[39;49;00m[04m[96msc_preprocessing[39;49;00m[90m [39;49;00m[94mimport[39;49;00m preprocess_counts[90m[39;49;00m
PRE-RELEASE DEPENDENCIES	Run test suite	2026-10-02T14:06:35.0861044Z     [90m[39;49;00m
PRE-RELEASE DEPENDENCIES	Run test suite	2026-10-02T14:06:35.0861451Z >       result = preprocess_counts(adata_sparse, pipeline=[33m"[39;49;00m[33mraw[39;49;00m[33m"[39;49;00m)[90m[39;49;00m
PRE-RELEASE DEPENDENCIES	Run test suite	2026-10-02T14:06:35.0861642Z                  ^^^^^^^^^^^^^^^^^^^^^^^^^^^^^^^^^^^^^^^^^^^^^^^[90m[39;49;00m
PRE-RELEASE DEPENDENCIES	Run test suite	2026-10-02T14:06:35.0861648Z 
PRE-RELEASE DEPENDENCIES	Run test suite	2026-10-02T14:06:35.0861820Z [1m[31mtests/embpy/test_sc_preprocessing.py[0m:83: 
PRE-RELEASE DEPENDENCIES	Run test suite	2026-10-02T14:06:35.0861959Z _ _ _ _ _ _ _ _ _ _ _ _ _ _ _ _ _ _ _ _ _ _ _ _ _ _ _ _ _ _ _ _ _ _ _ _ _ _ _ _ 
PRE-RELEASE DEPENDENCIES	Run test suite	2026-10-02T14:06:35.0862488Z [1m[31m/opt/hostedtoolcache/Python/3.12.14/x64/lib/python3.12/site-packages/embpy/pp/singlecell/preprocessing.py[0m:119: in preprocess_counts
PRE-RELEASE DEPENDENCIES	Run test suite	2026-10-02T14:06:35.0862629Z     [0msc = _require_scanpy()[90m[39;49;00m
PRE-RELEASE DEPENDENCIES	Run test suite	2026-10-02T14:06:35.0862757Z          ^^^^^^^^^^^^^^^^^[90m[39;49;00m
PRE-RELEASE DEPENDENCIES	Run test suite	2026-10-02T14:06:35.0862883Z _ _ _ _ _ _ _ _ _ _ _ _ _ _ _ _ _ _ _ _ _ _ _ _ _ _ _ _ _ _ _ _ _ _ _ _ _ _ _ _ 
PRE-RELEASE DEPENDENCIES	Run test suite	2026-10-02T14:06:35.0862888Z 
PRE-RELEASE DEPENDENCIES	Run test suite	2026-10-02T14:06:35.0863312Z     [0m[94mdef[39;49;00m[90m [39;49;00m[92m_require_scanpy[39;49;00m():  [90m# type: ignore[no-untyped-def][39;49;00m[90m[39;49;00m
PRE-RELEASE DEPENDENCIES	Run test suite	2026-10-02T14:06:35.0863449Z         [94mtry[39;49;00m:[90m[39;49;00m
PRE-RELEASE DEPENDENCIES	Run test suite	2026-10-02T14:06:35.0864074Z             [94mimport[39;49;00m[90m [39;49;00m[04m[96mscanpy[39;49;00m[90m [39;49;00m[94mas[39;49;00m[90m [39;49;00m[04m[96msc[39;49;00m  [90m# type: ignore[import-untyped][39;49;00m[90m[39;49;00m
PRE-RELEASE DEPENDENCIES	Run test suite	2026-10-02T14:06:35.0864184Z     [90m[39;49;00m
PRE-RELEASE DEPENDENCIES	Run test suite	2026-10-02T14:06:35.0864334Z             [94mreturn[39;49;00m sc[90m[39;49;00m
PRE-RELEASE DEPENDENCIES	Run test suite	2026-10-02T14:06:35.0864628Z         [94mexcept[39;49;00m [96mImportError[39;49;00m [94mas[39;49;00m exc:[90m[39;49;00m
PRE-RELEASE DEPENDENCIES	Run test suite	2026-10-02T14:06:35.0865518Z >           [94mraise[39;49;00m [96mImportError[39;49;00m([33m"[39;49;00m[33mscanpy is required for single-cell preprocessing. Install with: pip install scanpy[39;49;00m[33m"[39;49;00m) [94mfrom[39;49;00m[90m [39;49;00m[04m[96mexc[39;49;00m[90m[39;49;00m
PRE-RELEASE DEPENDENCIES	Run test suite	2026-10-02T14:06:35.0865916Z [1m[31mE           ImportError: scanpy is required for single-cell preprocessing. Install with: pip install scanpy[0m
PRE-RELEASE DEPENDENCIES	Run test suite	2026-10-02T14:06:35.0865926Z 
PRE-RELEASE DEPENDENCIES	Run test suite	2026-10-02T14:06:35.0866413Z [1m[31m/opt/hostedtoolcache/Python/3.12.14/x64/lib/python3.12/site-packages/embpy/pp/singlecell/preprocessing.py[0m:32: ImportError
PRE-RELEASE DEPENDENCIES	Run test suite	2026-10-02T14:06:35.0866710Z [31m[1m___________________ TestPreprocessRaw.test_raw_qc_filtering ____________________[0m
PRE-RELEASE DEPENDENCIES	Run test suite	2026-10-02T14:06:35.0866838Z 
PRE-RELEASE DEPENDENCIES	Run test suite	2026-10-02T14:06:35.0867264Z     [0m[94mdef[39;49;00m[90m [39;49;00m[92m_require_scanpy[39;49;00m():  [90m# type: ignore[no-untyped-def][39;49;00m[90m[39;49;00m
PRE-RELEASE DEPENDENCIES	Run test suite	2026-10-02T14:06:35.0867400Z         [94mtry[39;49;00m:[90m[39;49;00m
PRE-RELEASE DEPENDENCIES	Run test suite	2026-10-02T14:06:35.0868022Z >           [94mimport[39;49;00m[90m [39;49;00m[04m[96mscanpy[39;49;00m[90m [39;49;00m[94mas[39;49;00m[90m [39;49;00m[04m[96msc[39;49;00m  [90m# type: ignore[import-untyped][39;49;00m[90m[39;49;00m
PRE-RELEASE DEPENDENCIES	Run test suite	2026-10-02T14:06:35.0868158Z             ^^^^^^^^^^^^^^^^^^^[90m[39;49;00m
PRE-RELEASE DEPENDENCIES	Run test suite	2026-10-02T14:06:35.0868367Z [1m[31mE           ModuleNotFoundError: No module named 'scanpy'[0m
PRE-RELEASE DEPENDENCIES	Run test suite	2026-10-02T14:06:35.0868482Z 
PRE-RELEASE DEPENDENCIES	Run test suite	2026-10-02T14:06:35.0868994Z [1m[31m/opt/hostedtoolcache/Python/3.12.14/x64/lib/python3.12/site-packages/embpy/pp/singlecell/preprocessing.py[0m:28: ModuleNotFoundError
PRE-RELEASE DEPENDENCIES	Run test suite	2026-10-02T14:06:35.0869000Z 
PRE-RELEASE DEPENDENCIES	Run test suite	2026-10-02T14:06:35.0869260Z [33mThe above exception was the direct cause of the following exception:[0m
PRE-RELEASE DEPENDENCIES	Run test suite	2026-10-02T14:06:35.0869266Z 
PRE-RELEASE DEPENDENCIES	Run test suite	2026-10-02T14:06:35.0869624Z self = <tests.embpy.test_sc_preprocessing.TestPreprocessRaw object at 0x7fa7ee8f7740>
PRE-RELEASE DEPENDENCIES	Run test suite	2026-10-02T14:06:35.0869632Z 
PRE-RELEASE DEPENDENCIES	Run test suite	2026-10-02T14:06:35.0869993Z     [0m[94mdef[39;49;00m[90m [39;49;00m[92mtest_raw_qc_filtering[39;49;00m([96mself[39;49;00m):[90m[39;49;00m
PRE-RELEASE DEPENDENCIES	Run test suite	2026-10-02T14:06:35.0940211Z         [94mfrom[39;49;00m[90m [39;49;00m[04m[96membpy[39;49;00m[04m[96m.[39;49;00m[04m[96mpp[39;49;00m[04m[96m.[39;49;00m[04m[96msc_preprocessing[39;49;00m[90m [39;49;00m[94mimport[39;49;00m preprocess_counts[90m[39;49;00m
PRE-RELEASE DEPENDENCIES	Run test suite	2026-10-02T14:06:35.0940404Z     [90m[39;49;00m
PRE-RELEASE DEPENDENCIES	Run test suite	2026-10-02T14:06:35.0940856Z         adata = _make_synthetic_adata(n_cells=[94m50[39;49;00m, n_genes=[94m500[39;49;00m)[90m[39;49;00m
PRE-RELEASE DEPENDENCIES	Run test suite	2026-10-02T14:06:35.0941067Z >       result = preprocess_counts([90m[39;49;00m
PRE-RELEASE DEPENDENCIES	Run test suite	2026-10-02T14:06:35.0941218Z             adata,[90m[39;49;00m
PRE-RELEASE DEPENDENCIES	Run test suite	2026-10-02T14:06:35.0941555Z             pipeline=[33m"[39;49;00m[33mraw[39;49;00m[33m"[39;49;00m,[90m[39;49;00m
PRE-RELEASE DEPENDENCIES	Run test suite	2026-10-02T14:06:35.0941762Z             min_genes=[94m1[39;49;00m,[90m[39;49;00m
PRE-RELEASE DEPENDENCIES	Run test suite	2026-10-02T14:06:35.0941952Z             min_cells=[94m1[39;49;00m,[90m[39;49;00m
PRE-RELEASE DEPENDENCIES	Run test suite	2026-10-02T14:06:35.0942097Z         )[90m[39;49;00m
PRE-RELEASE DEPENDENCIES	Run test suite	2026-10-02T14:06:35.0942105Z 
PRE-RELEASE DEPENDENCIES	Run test suite	2026-10-02T14:06:35.0942328Z [1m[31mtests/embpy/test_sc_preprocessing.py[0m:90: 
PRE-RELEASE DEPENDENCIES	Run test suite	2026-10-02T14:06:35.0942507Z _ _ _ _ _ _ _ _ _ _ _ _ _ _ _ _ _ _ _ _ _ _ _ _ _ _ _ _ _ _ _ _ _ _ _ _ _ _ _ _ 
PRE-RELEASE DEPENDENCIES	Run test suite	2026-10-02T14:06:35.0943184Z [1m[31m/opt/hostedtoolcache/Python/3.12.14/x64/lib/python3.12/site-packages/embpy/pp/singlecell/preprocessing.py[0m:119: in preprocess_counts
PRE-RELEASE DEPENDENCIES	Run test suite	2026-10-02T14:06:35.0943366Z     [0msc = _require_scanpy()[90m[39;49;00m
PRE-RELEASE DEPENDENCIES	Run test suite	2026-10-02T14:06:35.0943530Z          ^^^^^^^^^^^^^^^^^[90m[39;49;00m
PRE-RELEASE DEPENDENCIES	Run test suite	2026-10-02T14:06:35.0943693Z _ _ _ _ _ _ _ _ _ _ _ _ _ _ _ _ _ _ _ _ _ _ _ _ _ _ _ _ _ _ _ _ _ _ _ _ _ _ _ _ 
PRE-RELEASE DEPENDENCIES	Run test suite	2026-10-02T14:06:35.0943703Z 
PRE-RELEASE DEPENDENCIES	Run test suite	2026-10-02T14:06:35.0944245Z     [0m[94mdef[39;49;00m[90m [39;49;00m[92m_require_scanpy[39;49;00m():  [90m# type: ignore[no-untyped-def][39;49;00m[90m[39;49;00m
PRE-RELEASE DEPENDENCIES	Run test suite	2026-10-02T14:06:35.0944416Z         [94mtry[39;49;00m:[90m[39;49;00m
PRE-RELEASE DEPENDENCIES	Run test suite	2026-10-02T14:06:35.0945202Z             [94mimport[39;49;00m[90m [39;49;00m[04m[96mscanpy[39;49;00m[90m [39;49;00m[94mas[39;49;00m[90m [39;49;00m[04m[96msc[39;49;00m  [90m# type: ignore[import-untyped][39;49;00m[90m[39;49;00m
PRE-RELEASE DEPENDENCIES	Run test suite	2026-10-02T14:06:35.0945339Z     [90m[39;49;00m
PRE-RELEASE DEPENDENCIES	Run test suite	2026-10-02T14:06:35.0945532Z             [94mreturn[39;49;00m sc[90m[39;49;00m
PRE-RELEASE DEPENDENCIES	Run test suite	2026-10-02T14:06:35.0945847Z         [94mexcept[39;49;00m [96mImportError[39;49;00m [94mas[39;49;00m exc:[90m[39;49;00m
PRE-RELEASE DEPENDENCIES	Run test suite	2026-10-02T14:06:35.0946763Z >           [94mraise[39;49;00m [96mImportError[39;49;00m([33m"[39;49;00m[33mscanpy is required for single-cell preprocessing. Install with: pip install scanpy[39;49;00m[33m"[39;49;00m) [94mfrom[39;49;00m[90m [39;49;00m[04m[96mexc[39;49;00m[90m[39;49;00m
PRE-RELEASE DEPENDENCIES	Run test suite	2026-10-02T14:06:35.0947341Z [1m[31mE           ImportError: scanpy is required for single-cell preprocessing. Install with: pip install scanpy[0m
PRE-RELEASE DEPENDENCIES	Run test suite	2026-10-02T14:06:35.0947348Z 
PRE-RELEASE DEPENDENCIES	Run test suite	2026-10-02T14:06:35.0947851Z [1m[31m/opt/hostedtoolcache/Python/3.12.14/x64/lib/python3.12/site-packages/embpy/pp/singlecell/preprocessing.py[0m:32: ImportError
PRE-RELEASE DEPENDENCIES	Run test suite	2026-10-02T14:06:35.0948172Z [31m[1m___________ TestPreprocessStandard.test_standard_creates_both_layers ___________[0m
PRE-RELEASE DEPENDENCIES	Run test suite	2026-10-02T14:06:35.0948183Z 
PRE-RELEASE DEPENDENCIES	Run test suite	2026-10-02T14:06:35.0948615Z     [0m[94mdef[39;49;00m[90m [39;49;00m[92m_require_scanpy[39;49;00m():  [90m# type: ignore[no-untyped-def][39;49;00m[90m[39;49;00m
PRE-RELEASE DEPENDENCIES	Run test suite	2026-10-02T14:06:35.0948752Z         [94mtry[39;49;00m:[90m[39;49;00m
PRE-RELEASE DEPENDENCIES	Run test suite	2026-10-02T14:06:35.0949738Z >           [94mimport[39;49;00m[90m [39;49;00m[04m[96mscanpy[39;49;00m[90m [39;49;00m[94mas[39;49;00m[90m [39;49;00m[04m[96msc[39;49;00m  [90m# type: ignore[import-untyped][39;49;00m[90m[39;49;00m
PRE-RELEASE DEPENDENCIES	Run test suite	2026-10-02T14:06:35.0949902Z             ^^^^^^^^^^^^^^^^^^^[90m[39;49;00m
PRE-RELEASE DEPENDENCIES	Run test suite	2026-10-02T14:06:35.0950121Z [1m[31mE           ModuleNotFoundError: No module named 'scanpy'[0m
PRE-RELEASE DEPENDENCIES	Run test suite	2026-10-02T14:06:35.0950127Z 
PRE-RELEASE DEPENDENCIES	Run test suite	2026-10-02T14:06:35.0950656Z [1m[31m/opt/hostedtoolcache/Python/3.12.14/x64/lib/python3.12/site-packages/embpy/pp/singlecell/preprocessing.py[0m:28: ModuleNotFoundError
PRE-RELEASE DEPENDENCIES	Run test suite	2026-10-02T14:06:35.0950662Z 
PRE-RELEASE DEPENDENCIES	Run test suite	2026-10-02T14:06:35.0950931Z [33mThe above exception was the direct cause of the following exception:[0m
PRE-RELEASE DEPENDENCIES	Run test suite	2026-10-02T14:06:35.0950936Z 
PRE-RELEASE DEPENDENCIES	Run test suite	2026-10-02T14:06:35.0951208Z self = <tests.embpy.test_sc_preprocessing.TestPreprocessStandard object at 0x7fa7ee8e40b0>
PRE-RELEASE DEPENDENCIES	Run test suite	2026-10-02T14:06:35.0951423Z adata_sparse = AnnData object with n_obs ├ù n_vars = 200 ├ù 500
PRE-RELEASE DEPENDENCIES	Run test suite	2026-10-02T14:06:35.0951517Z     layers: None (.X)
PRE-RELEASE DEPENDENCIES	Run test suite	2026-10-02T14:06:35.0951523Z 
PRE-RELEASE DEPENDENCIES	Run test suite	2026-10-02T14:06:35.0951993Z     [0m[94mdef[39;49;00m[90m [39;49;00m[92mtest_standard_creates_both_layers[39;49;00m([96mself[39;49;00m, adata_sparse):[90m[39;49;00m
PRE-RELEASE DEPENDENCIES	Run test suite	2026-10-02T14:06:35.0952773Z         [94mfrom[39;49;00m[90m [39;49;00m[04m[96membpy[39;49;00m[04m[96m.[39;49;00m[04m[96mpp[39;49;00m[04m[96m.[39;49;00m[04m[96msc_preprocessing[39;49;00m[90m [39;49;00m[94mimport[39;49;00m preprocess_counts[90m[39;49;00m
PRE-RELEASE DEPENDENCIES	Run test suite	2026-10-02T14:06:35.0952882Z     [90m[39;49;00m
PRE-RELEASE DEPENDENCIES	Run test suite	2026-10-02T14:06:35.0953329Z >       result = preprocess_counts(adata_sparse, pipeline=[33m"[39;49;00m[33mstandard[39;49;00m[33m"[39;49;00m)[90m[39;49;00m
PRE-RELEASE DEPENDENCIES	Run test suite	2026-10-02T14:06:35.0953526Z                  ^^^^^^^^^^^^^^^^^^^^^^^^^^^^^^^^^^^^^^^^^^^^^^^^^^^^[90m[39;49;00m
PRE-RELEASE DEPENDENCIES	Run test suite	2026-10-02T14:06:35.0953532Z 
PRE-RELEASE DEPENDENCIES	Run test suite	2026-10-02T14:06:35.0953712Z [1m[31mtests/embpy/test_sc_preprocessing.py[0m:108: 
PRE-RELEASE DEPENDENCIES	Run test suite	2026-10-02T14:06:35.0953856Z _ _ _ _ _ _ _ _ _ _ _ _ _ _ _ _ _ _ _ _ _ _ _ _ _ _ _ _ _ _ _ _ _ _ _ _ _ _ _ _ 
PRE-RELEASE DEPENDENCIES	Run test suite	2026-10-02T14:06:35.0954416Z [1m[31m/opt/hostedtoolcache/Python/3.12.14/x64/lib/python3.12/site-packages/embpy/pp/singlecell/preprocessing.py[0m:119: in preprocess_counts
PRE-RELEASE DEPENDENCIES	Run test suite	2026-10-02T14:06:35.0954563Z     [0msc = _require_scanpy()[90m[39;49;00m
PRE-RELEASE DEPENDENCIES	Run test suite	2026-10-02T14:06:35.0954692Z          ^^^^^^^^^^^^^^^^^[90m[39;49;00m
PRE-RELEASE DEPENDENCIES	Run test suite	2026-10-02T14:06:35.0954829Z _ _ _ _ _ _ _ _ _ _ _ _ _ _ _ _ _ _ _ _ _ _ _ _ _ _ _ _ _ _ _ _ _ _ _ _ _ _ _ _ 
PRE-RELEASE DEPENDENCIES	Run test suite	2026-10-02T14:06:35.0954834Z 
PRE-RELEASE DEPENDENCIES	Run test suite	2026-10-02T14:06:35.0955276Z     [0m[94mdef[39;49;00m[90m [39;49;00m[92m_require_scanpy[39;49;00m():  [90m# type: ignore[no-untyped-def][39;49;00m[90m[39;49;00m
PRE-RELEASE DEPENDENCIES	Run test suite	2026-10-02T14:06:35.0955413Z         [94mtry[39;49;00m:[90m[39;49;00m
PRE-RELEASE DEPENDENCIES	Run test suite	2026-10-02T14:06:35.0956064Z             [94mimport[39;49;00m[90m [39;49;00m[04m[96mscanpy[39;49;00m[90m [39;49;00m[94mas[39;49;00m[90m [39;49;00m[04m[96msc[39;49;00m  [90m# type: ignore[import-untyped][39;49;00m[90m[39;49;00m
PRE-RELEASE DEPENDENCIES	Run test suite	2026-10-02T14:06:35.0956176Z     [90m[39;49;00m
PRE-RELEASE DEPENDENCIES	Run test suite	2026-10-02T14:06:35.0956326Z             [94mreturn[39;49;00m sc[90m[39;49;00m
PRE-RELEASE DEPENDENCIES	Run test suite	2026-10-02T14:06:35.0956624Z         [94mexcept[39;49;00m [96mImportError[39;49;00m [94mas[39;49;00m exc:[90m[39;49;00m
PRE-RELEASE DEPENDENCIES	Run test suite	2026-10-02T14:06:35.0957644Z >           [94mraise[39;49;00m [96mImportError[39;49;00m([33m"[39;49;00m[33mscanpy is required for single-cell preprocessing. Install with: pip install scanpy[39;49;00m[33m"[39;49;00m) [94mfrom[39;49;00m[90m [39;49;00m[04m[96mexc[39;49;00m[90m[39;49;00m
PRE-RELEASE DEPENDENCIES	Run test suite	2026-10-02T14:06:35.0958051Z [1m[31mE           ImportError: scanpy is required for single-cell preprocessing. Install with: pip install scanpy[0m
PRE-RELEASE DEPENDENCIES	Run test suite	2026-10-02T14:06:35.0958057Z 
PRE-RELEASE DEPENDENCIES	Run test suite	2026-10-02T14:06:35.0958542Z [1m[31m/opt/hostedtoolcache/Python/3.12.14/x64/lib/python3.12/site-packages/embpy/pp/singlecell/preprocessing.py[0m:32: ImportError
PRE-RELEASE DEPENDENCIES	Run test suite	2026-10-02T14:06:35.0958843Z [31m[1m_____________ TestPreprocessStandard.test_standard_x_is_raw_counts _____________[0m
PRE-RELEASE DEPENDENCIES	Run test suite	2026-10-02T14:06:35.0958960Z 
PRE-RELEASE DEPENDENCIES	Run test suite	2026-10-02T14:06:35.0959387Z     [0m[94mdef[39;49;00m[90m [39;49;00m[92m_require_scanpy[39;49;00m():  [90m# type: ignore[no-untyped-def][39;49;00m[90m[39;49;00m
PRE-RELEASE DEPENDENCIES	Run test suite	2026-10-02T14:06:35.0959790Z         [94mtry[39;49;00m:[90m[39;49;00m
PRE-RELEASE DEPENDENCIES	Run test suite	2026-10-02T14:06:35.0960443Z >           [94mimport[39;49;00m[90m [39;49;00m[04m[96mscanpy[39;49;00m[90m [39;49;00m[94mas[39;49;00m[90m [39;49;00m[04m[96msc[39;49;00m  [90m# type: ignore[import-untyped][39;49;00m[90m[39;49;00m
PRE-RELEASE DEPENDENCIES	Run test suite	2026-10-02T14:06:35.0960583Z             ^^^^^^^^^^^^^^^^^^^[90m[39;49;00m
PRE-RELEASE DEPENDENCIES	Run test suite	2026-10-02T14:06:35.0960795Z [1m[31mE           ModuleNotFoundError: No module named 'scanpy'[0m
PRE-RELEASE DEPENDENCIES	Run test suite	2026-10-02T14:06:35.0960807Z 
PRE-RELEASE DEPENDENCIES	Run test suite	2026-10-02T14:06:35.0961325Z [1m[31m/opt/hostedtoolcache/Python/3.12.14/x64/lib/python3.12/site-packages/embpy/pp/singlecell/preprocessing.py[0m:28: ModuleNotFoundError
PRE-RELEASE DEPENDENCIES	Run test suite	2026-10-02T14:06:35.0961332Z 
PRE-RELEASE DEPENDENCIES	Run test suite	2026-10-02T14:06:35.0961589Z [33mThe above exception was the direct cause of the following exception:[0m
PRE-RELEASE DEPENDENCIES	Run test suite	2026-10-02T14:06:35.0961599Z 
PRE-RELEASE DEPENDENCIES	Run test suite	2026-10-02T14:06:35.0961859Z self = <tests.embpy.test_sc_preprocessing.TestPreprocessStandard object at 0x7fa7ee8e5850>
PRE-RELEASE DEPENDENCIES	Run test suite	2026-10-02T14:06:35.0962071Z adata_sparse = AnnData object with n_obs ├ù n_vars = 200 ├ù 500
PRE-RELEASE DEPENDENCIES	Run test suite	2026-10-02T14:06:35.0962160Z     layers: None (.X)
PRE-RELEASE DEPENDENCIES	Run test suite	2026-10-02T14:06:35.0962166Z 
PRE-RELEASE DEPENDENCIES	Run test suite	2026-10-02T14:06:35.0962595Z     [0m[94mdef[39;49;00m[90m [39;49;00m[92mtest_standard_x_is_raw_counts[39;49;00m([96mself[39;49;00m, adata_sparse):[90m[39;49;00m
PRE-RELEASE DEPENDENCIES	Run test suite	2026-10-02T14:06:35.0963336Z         [94mfrom[39;49;00m[90m [39;49;00m[04m[96membpy[39;49;00m[04m[96m.[39;49;00m[04m[96mpp[39;49;00m[04m[96m.[39;49;00m[04m[96msc_preprocessing[39;49;00m[90m [39;49;00m[94mimport[39;49;00m preprocess_counts[90m[39;49;00m
PRE-RELEASE DEPENDENCIES	Run test suite	2026-10-02T14:06:35.0963438Z     [90m[39;49;00m
PRE-RELEASE DEPENDENCIES	Run test suite	2026-10-02T14:06:35.0963874Z >       result = preprocess_counts(adata_sparse, pipeline=[33m"[39;49;00m[33mstandard[39;49;00m[33m"[39;49;00m)[90m[39;49;00m
PRE-RELEASE DEPENDENCIES	Run test suite	2026-10-02T14:06:35.0964072Z                  ^^^^^^^^^^^^^^^^^^^^^^^^^^^^^^^^^^^^^^^^^^^^^^^^^^^^[90m[39;49;00m
PRE-RELEASE DEPENDENCIES	Run test suite	2026-10-02T14:06:35.0964078Z 
PRE-RELEASE DEPENDENCIES	Run test suite	2026-10-02T14:06:35.0964253Z [1m[31mtests/embpy/test_sc_preprocessing.py[0m:115: 
PRE-RELEASE DEPENDENCIES	Run test suite	2026-10-02T14:06:35.0964393Z _ _ _ _ _ _ _ _ _ _ _ _ _ _ _ _ _ _ _ _ _ _ _ _ _ _ _ _ _ _ _ _ _ _ _ _ _ _ _ _ 
PRE-RELEASE DEPENDENCIES	Run test suite	2026-10-02T14:06:35.0964917Z [1m[31m/opt/hostedtoolcache/Python/3.12.14/x64/lib/python3.12/site-packages/embpy/pp/singlecell/preprocessing.py[0m:119: in preprocess_counts
PRE-RELEASE DEPENDENCIES	Run test suite	2026-10-02T14:06:35.0965065Z     [0msc = _require_scanpy()[90m[39;49;00m
PRE-RELEASE DEPENDENCIES	Run test suite	2026-10-02T14:06:35.0965198Z          ^^^^^^^^^^^^^^^^^[90m[39;49;00m
PRE-RELEASE DEPENDENCIES	Run test suite	2026-10-02T14:06:35.0965328Z _ _ _ _ _ _ _ _ _ _ _ _ _ _ _ _ _ _ _ _ _ _ _ _ _ _ _ _ _ _ _ _ _ _ _ _ _ _ _ _ 
PRE-RELEASE DEPENDENCIES	Run test suite	2026-10-02T14:06:35.0965334Z 
PRE-RELEASE DEPENDENCIES	Run test suite	2026-10-02T14:06:35.0965763Z     [0m[94mdef[39;49;00m[90m [39;49;00m[92m_require_scanpy[39;49;00m():  [90m# type: ignore[no-untyped-def][39;49;00m[90m[39;49;00m
PRE-RELEASE DEPENDENCIES	Run test suite	2026-10-02T14:06:35.0965894Z         [94mtry[39;49;00m:[90m[39;49;00m
PRE-RELEASE DEPENDENCIES	Run test suite	2026-10-02T14:06:35.0966528Z             [94mimport[39;49;00m[90m [39;49;00m[04m[96mscanpy[39;49;00m[90m [39;49;00m[94mas[39;49;00m[90m [39;49;00m[04m[96msc[39;49;00m  [90m# type: ignore[import-untyped][39;49;00m[90m[39;49;00m
PRE-RELEASE DEPENDENCIES	Run test suite	2026-10-02T14:06:35.0966775Z     [90m[39;49;00m
PRE-RELEASE DEPENDENCIES	Run test suite	2026-10-02T14:06:35.0966923Z             [94mreturn[39;49;00m sc[90m[39;49;00m
PRE-RELEASE DEPENDENCIES	Run test suite	2026-10-02T14:06:35.0967221Z         [94mexcept[39;49;00m [96mImportError[39;49;00m [94mas[39;49;00m exc:[90m[39;49;00m
PRE-RELEASE DEPENDENCIES	Run test suite	2026-10-02T14:06:35.1046472Z >           [94mraise[39;49;00m [96mImportError[39;49;00m([33m"[39;49;00m[33mscanpy is required for single-cell preprocessing. Install with: pip install scanpy[39;49;00m[33m"[39;49;00m) [94mfrom[39;49;00m[90m [39;49;00m[04m[96mexc[39;49;00m[90m[39;49;00m
PRE-RELEASE DEPENDENCIES	Run test suite	2026-10-02T14:06:35.1047042Z [1m[31mE           ImportError: scanpy is required for single-cell preprocessing. Install with: pip install scanpy[0m
PRE-RELEASE DEPENDENCIES	Run test suite	2026-10-02T14:06:35.1047050Z 
PRE-RELEASE DEPENDENCIES	Run test suite	2026-10-02T14:06:35.1047858Z [1m[31m/opt/hostedtoolcache/Python/3.12.14/x64/lib/python3.12/site-packages/embpy/pp/singlecell/preprocessing.py[0m:32: ImportError
PRE-RELEASE DEPENDENCIES	Run test suite	2026-10-02T14:06:35.1048243Z [31m[1m________________ TestPreprocessStandard.test_standard_marks_hvg ________________[0m
PRE-RELEASE DEPENDENCIES	Run test suite	2026-10-02T14:06:35.1048256Z 
PRE-RELEASE DEPENDENCIES	Run test suite	2026-10-02T14:06:35.1048789Z     [0m[94mdef[39;49;00m[90m [39;49;00m[92m_require_scanpy[39;49;00m():  [90m# type: ignore[no-untyped-def][39;49;00m[90m[39;49;00m
PRE-RELEASE DEPENDENCIES	Run test suite	2026-10-02T14:06:35.1048961Z         [94mtry[39;49;00m:[90m[39;49;00m
PRE-RELEASE DEPENDENCIES	Run test suite	2026-10-02T14:06:35.1050105Z >           [94mimport[39;49;00m[90m [39;49;00m[04m[96mscanpy[39;49;00m[90m [39;49;00m[94mas[39;49;00m[90m [39;49;00m[04m[96msc[39;49;00m  [90m# type: ignore[import-untyped][39;49;00m[90m[39;49;00m
PRE-RELEASE DEPENDENCIES	Run test suite	2026-10-02T14:06:35.1050292Z             ^^^^^^^^^^^^^^^^^^^[90m[39;49;00m
PRE-RELEASE DEPENDENCIES	Run test suite	2026-10-02T14:06:35.1050559Z [1m[31mE           ModuleNotFoundError: No module named 'scanpy'[0m
PRE-RELEASE DEPENDENCIES	Run test suite	2026-10-02T14:06:35.1050568Z 
PRE-RELEASE DEPENDENCIES	Run test suite	2026-10-02T14:06:35.1051215Z [1m[31m/opt/hostedtoolcache/Python/3.12.14/x64/lib/python3.12/site-packages/embpy/pp/singlecell/preprocessing.py[0m:28: ModuleNotFoundError
PRE-RELEASE DEPENDENCIES	Run test suite	2026-10-02T14:06:35.1051234Z 
PRE-RELEASE DEPENDENCIES	Run test suite	2026-10-02T14:06:35.1051559Z [33mThe above exception was the direct cause of the following exception:[0m
PRE-RELEASE DEPENDENCIES	Run test suite	2026-10-02T14:06:35.1051571Z 
PRE-RELEASE DEPENDENCIES	Run test suite	2026-10-02T14:06:35.1051902Z self = <tests.embpy.test_sc_preprocessing.TestPreprocessStandard object at 0x7fa7ee83ef30>
PRE-RELEASE DEPENDENCIES	Run test suite	2026-10-02T14:06:35.1052155Z adata_sparse = AnnData object with n_obs ├ù n_vars = 200 ├ù 500
PRE-RELEASE DEPENDENCIES	Run test suite	2026-10-02T14:06:35.1052263Z     layers: None (.X)
PRE-RELEASE DEPENDENCIES	Run test suite	2026-10-02T14:06:35.1052270Z 
PRE-RELEASE DEPENDENCIES	Run test suite	2026-10-02T14:06:35.1052793Z     [0m[94mdef[39;49;00m[90m [39;49;00m[92mtest_standard_marks_hvg[39;49;00m([96mself[39;49;00m, adata_sparse):[90m[39;49;00m
PRE-RELEASE DEPENDENCIES	Run test suite	2026-10-02T14:06:35.1053719Z         [94mfrom[39;49;00m[90m [39;49;00m[04m[96membpy[39;49;00m[04m[96m.[39;49;00m[04m[96mpp[39;49;00m[04m[96m.[39;49;00m[04m[96msc_preprocessing[39;49;00m[90m [39;49;00m[94mimport[39;49;00m preprocess_counts[90m[39;49;00m
PRE-RELEASE DEPENDENCIES	Run test suite	2026-10-02T14:06:35.1053858Z     [90m[39;49;00m
PRE-RELEASE DEPENDENCIES	Run test suite	2026-10-02T14:06:35.1054054Z >       result = preprocess_counts([90m[39;49;00m
PRE-RELEASE DEPENDENCIES	Run test suite	2026-10-02T14:06:35.1054220Z             adata_sparse,[90m[39;49;00m
PRE-RELEASE DEPENDENCIES	Run test suite	2026-10-02T14:06:35.1054565Z             pipeline=[33m"[39;49;00m[33mstandard[39;49;00m[33m"[39;49;00m,[90m[39;49;00m
PRE-RELEASE DEPENDENCIES	Run test suite	2026-10-02T14:06:35.1054782Z             n_top_genes=[94m100[39;49;00m,[90m[39;49;00m
PRE-RELEASE DEPENDENCIES	Run test suite	2026-10-02T14:06:35.1054922Z         )[90m[39;49;00m
PRE-RELEASE DEPENDENCIES	Run test suite	2026-10-02T14:06:35.1054929Z 
PRE-RELEASE DEPENDENCIES	Run test suite	2026-10-02T14:06:35.1055145Z [1m[31mtests/embpy/test_sc_preprocessing.py[0m:132: 
PRE-RELEASE DEPENDENCIES	Run test suite	2026-10-02T14:06:35.1055331Z _ _ _ _ _ _ _ _ _ _ _ _ _ _ _ _ _ _ _ _ _ _ _ _ _ _ _ _ _ _ _ _ _ _ _ _ _ _ _ _ 
PRE-RELEASE DEPENDENCIES	Run test suite	2026-10-02T14:06:35.1055985Z [1m[31m/opt/hostedtoolcache/Python/3.12.14/x64/lib/python3.12/site-packages/embpy/pp/singlecell/preprocessing.py[0m:119: in preprocess_counts
PRE-RELEASE DEPENDENCIES	Run test suite	2026-10-02T14:06:35.1056132Z     [0msc = _require_scanpy()[90m[39;49;00m
PRE-RELEASE DEPENDENCIES	Run test suite	2026-10-02T14:06:35.1056258Z          ^^^^^^^^^^^^^^^^^[90m[39;49;00m
PRE-RELEASE DEPENDENCIES	Run test suite	2026-10-02T14:06:35.1056400Z _ _ _ _ _ _ _ _ _ _ _ _ _ _ _ _ _ _ _ _ _ _ _ _ _ _ _ _ _ _ _ _ _ _ _ _ _ _ _ _ 
PRE-RELEASE DEPENDENCIES	Run test suite	2026-10-02T14:06:35.1056406Z 
PRE-RELEASE DEPENDENCIES	Run test suite	2026-10-02T14:06:35.1056839Z     [0m[94mdef[39;49;00m[90m [39;49;00m[92m_require_scanpy[39;49;00m():  [90m# type: ignore[no-untyped-def][39;49;00m[90m[39;49;00m
PRE-RELEASE DEPENDENCIES	Run test suite	2026-10-02T14:06:35.1057115Z         [94mtry[39;49;00m:[90m[39;49;00m
PRE-RELEASE DEPENDENCIES	Run test suite	2026-10-02T14:06:35.1057762Z             [94mimport[39;49;00m[90m [39;49;00m[04m[96mscanpy[39;49;00m[90m [39;49;00m[94mas[39;49;00m[90m [39;49;00m[04m[96msc[39;49;00m  [90m# type: ignore[import-untyped][39;49;00m[90m[39;49;00m
PRE-RELEASE DEPENDENCIES	Run test suite	2026-10-02T14:06:35.1057864Z     [90m[39;49;00m
PRE-RELEASE DEPENDENCIES	Run test suite	2026-10-02T14:06:35.1058017Z             [94mreturn[39;49;00m sc[90m[39;49;00m
PRE-RELEASE DEPENDENCIES	Run test suite	2026-10-02T14:06:35.1058318Z         [94mexcept[39;49;00m [96mImportError[39;49;00m [94mas[39;49;00m exc:[90m[39;49;00m
PRE-RELEASE DEPENDENCIES	Run test suite	2026-10-02T14:06:35.1059228Z >           [94mraise[39;49;00m [96mImportError[39;49;00m([33m"[39;49;00m[33mscanpy is required for single-cell preprocessing. Install with: pip install scanpy[39;49;00m[33m"[39;49;00m) [94mfrom[39;49;00m[90m [39;49;00m[04m[96mexc[39;49;00m[90m[39;49;00m
PRE-RELEASE DEPENDENCIES	Run test suite	2026-10-02T14:06:35.1059897Z [1m[31mE           ImportError: scanpy is required for single-cell preprocessing. Install with: pip install scanpy[0m
PRE-RELEASE DEPENDENCIES	Run test suite	2026-10-02T14:06:35.1059908Z 
PRE-RELEASE DEPENDENCIES	Run test suite	2026-10-02T14:06:35.1060413Z [1m[31m/opt/hostedtoolcache/Python/3.12.14/x64/lib/python3.12/site-packages/embpy/pp/singlecell/preprocessing.py[0m:32: ImportError
PRE-RELEASE DEPENDENCIES	Run test suite	2026-10-02T14:06:35.1060722Z [31m[1m______________ TestPreprocessStandard.test_standard_can_skip_hvg _______________[0m
PRE-RELEASE DEPENDENCIES	Run test suite	2026-10-02T14:06:35.1060728Z 
PRE-RELEASE DEPENDENCIES	Run test suite	2026-10-02T14:06:35.1061167Z     [0m[94mdef[39;49;00m[90m [39;49;00m[92m_require_scanpy[39;49;00m():  [90m# type: ignore[no-untyped-def][39;49;00m[90m[39;49;00m
PRE-RELEASE DEPENDENCIES	Run test suite	2026-10-02T14:06:35.1061299Z         [94mtry[39;49;00m:[90m[39;49;00m
PRE-RELEASE DEPENDENCIES	Run test suite	2026-10-02T14:06:35.1061982Z >           [94mimport[39;49;00m[90m [39;49;00m[04m[96mscanpy[39;49;00m[90m [39;49;00m[94mas[39;49;00m[90m [39;49;00m[04m[96msc[39;49;00m  [90m# type: ignore[import-untyped][39;49;00m[90m[39;49;00m
PRE-RELEASE DEPENDENCIES	Run test suite	2026-10-02T14:06:35.1062127Z             ^^^^^^^^^^^^^^^^^^^[90m[39;49;00m
PRE-RELEASE DEPENDENCIES	Run test suite	2026-10-02T14:06:35.1062341Z [1m[31mE           ModuleNotFoundError: No module named 'scanpy'[0m
PRE-RELEASE DEPENDENCIES	Run test suite	2026-10-02T14:06:35.1062347Z 
PRE-RELEASE DEPENDENCIES	Run test suite	2026-10-02T14:06:35.1062876Z [1m[31m/opt/hostedtoolcache/Python/3.12.14/x64/lib/python3.12/site-packages/embpy/pp/singlecell/preprocessing.py[0m:28: ModuleNotFoundError
PRE-RELEASE DEPENDENCIES	Run test suite	2026-10-02T14:06:35.1062882Z 
PRE-RELEASE DEPENDENCIES	Run test suite	2026-10-02T14:06:35.1063143Z [33mThe above exception was the direct cause of the following exception:[0m
PRE-RELEASE DEPENDENCIES	Run test suite	2026-10-02T14:06:35.1063148Z 
PRE-RELEASE DEPENDENCIES	Run test suite	2026-10-02T14:06:35.1063414Z self = <tests.embpy.test_sc_preprocessing.TestPreprocessStandard object at 0x7fa7ee83ff50>
PRE-RELEASE DEPENDENCIES	Run test suite	2026-10-02T14:06:35.1063624Z adata_sparse = AnnData object with n_obs ├ù n_vars = 200 ├ù 500
PRE-RELEASE DEPENDENCIES	Run test suite	2026-10-02T14:06:35.1063707Z     layers: None (.X)
PRE-RELEASE DEPENDENCIES	Run test suite	2026-10-02T14:06:35.1063712Z 
PRE-RELEASE DEPENDENCIES	Run test suite	2026-10-02T14:06:35.1064148Z     [0m[94mdef[39;49;00m[90m [39;49;00m[92mtest_standard_can_skip_hvg[39;49;00m([96mself[39;49;00m, adata_sparse):[90m[39;49;00m
PRE-RELEASE DEPENDENCIES	Run test suite	2026-10-02T14:06:35.1064920Z         [94mfrom[39;49;00m[90m [39;49;00m[04m[96membpy[39;49;00m[04m[96m.[39;49;00m[04m[96mpp[39;49;00m[04m[96m.[39;49;00m[04m[96msc_preprocessing[39;49;00m[90m [39;49;00m[94mimport[39;49;00m preprocess_counts[90m[39;49;00m
PRE-RELEASE DEPENDENCIES	Run test suite	2026-10-02T14:06:35.1065028Z     [90m[39;49;00m
PRE-RELEASE DEPENDENCIES	Run test suite	2026-10-02T14:06:35.1065188Z >       result = preprocess_counts([90m[39;49;00m
PRE-RELEASE DEPENDENCIES	Run test suite	2026-10-02T14:06:35.1065318Z             adata_sparse,[90m[39;49;00m
PRE-RELEASE DEPENDENCIES	Run test suite	2026-10-02T14:06:35.1065600Z             pipeline=[33m"[39;49;00m[33mstandard[39;49;00m[33m"[39;49;00m,[90m[39;49;00m
PRE-RELEASE DEPENDENCIES	Run test suite	2026-10-02T14:06:35.1065777Z             select_hvg=[94mFalse[39;49;00m,[90m[39;49;00m
PRE-RELEASE DEPENDENCIES	Run test suite	2026-10-02T14:06:35.1065890Z         )[90m[39;49;00m
PRE-RELEASE DEPENDENCIES	Run test suite	2026-10-02T14:06:35.1065896Z 
PRE-RELEASE DEPENDENCIES	Run test suite	2026-10-02T14:06:35.1066078Z [1m[31mtests/embpy/test_sc_preprocessing.py[0m:144: 
PRE-RELEASE DEPENDENCIES	Run test suite	2026-10-02T14:06:35.1066217Z _ _ _ _ _ _ _ _ _ _ _ _ _ _ _ _ _ _ _ _ _ _ _ _ _ _ _ _ _ _ _ _ _ _ _ _ _ _ _ _ 
PRE-RELEASE DEPENDENCIES	Run test suite	2026-10-02T14:06:35.1066744Z [1m[31m/opt/hostedtoolcache/Python/3.12.14/x64/lib/python3.12/site-packages/embpy/pp/singlecell/preprocessing.py[0m:119: in preprocess_counts
PRE-RELEASE DEPENDENCIES	Run test suite	2026-10-02T14:06:35.1067011Z     [0msc = _require_scanpy()[90m[39;49;00m
PRE-RELEASE DEPENDENCIES	Run test suite	2026-10-02T14:06:35.1067139Z          ^^^^^^^^^^^^^^^^^[90m[39;49;00m
PRE-RELEASE DEPENDENCIES	Run test suite	2026-10-02T14:06:35.1067273Z _ _ _ _ _ _ _ _ _ _ _ _ _ _ _ _ _ _ _ _ _ _ _ _ _ _ _ _ _ _ _ _ _ _ _ _ _ _ _ _ 
PRE-RELEASE DEPENDENCIES	Run test suite	2026-10-02T14:06:35.1067278Z 
PRE-RELEASE DEPENDENCIES	Run test suite	2026-10-02T14:06:35.1067691Z     [0m[94mdef[39;49;00m[90m [39;49;00m[92m_require_scanpy[39;49;00m():  [90m# type: ignore[no-untyped-def][39;49;00m[90m[39;49;00m
PRE-RELEASE DEPENDENCIES	Run test suite	2026-10-02T14:06:35.1067828Z         [94mtry[39;49;00m:[90m[39;49;00m
PRE-RELEASE DEPENDENCIES	Run test suite	2026-10-02T14:06:35.1068452Z             [94mimport[39;49;00m[90m [39;49;00m[04m[96mscanpy[39;49;00m[90m [39;49;00m[94mas[39;49;00m[90m [39;49;00m[04m[96msc[39;49;00m  [90m# type: ignore[import-untyped][39;49;00m[90m[39;49;00m
PRE-RELEASE DEPENDENCIES	Run test suite	2026-10-02T14:06:35.1068666Z     [90m[39;49;00m
PRE-RELEASE DEPENDENCIES	Run test suite	2026-10-02T14:06:35.1068817Z             [94mreturn[39;49;00m sc[90m[39;49;00m
PRE-RELEASE DEPENDENCIES	Run test suite	2026-10-02T14:06:35.1069103Z         [94mexcept[39;49;00m [96mImportError[39;49;00m [94mas[39;49;00m exc:[90m[39;49;00m
PRE-RELEASE DEPENDENCIES	Run test suite	2026-10-02T14:06:35.1070108Z >           [94mraise[39;49;00m [96mImportError[39;49;00m([33m"[39;49;00m[33mscanpy is required for single-cell preprocessing. Install with: pip install scanpy[39;49;00m[33m"[39;49;00m) [94mfrom[39;49;00m[90m [39;49;00m[04m[96mexc[39;49;00m[90m[39;49;00m
PRE-RELEASE DEPENDENCIES	Run test suite	2026-10-02T14:06:35.1070509Z [1m[31mE           ImportError: scanpy is required for single-cell preprocessing. Install with: pip install scanpy[0m
PRE-RELEASE DEPENDENCIES	Run test suite	2026-10-02T14:06:35.1070520Z 
PRE-RELEASE DEPENDENCIES	Run test suite	2026-10-02T14:06:35.1070992Z [1m[31m/opt/hostedtoolcache/Python/3.12.14/x64/lib/python3.12/site-packages/embpy/pp/singlecell/preprocessing.py[0m:32: ImportError
PRE-RELEASE DEPENDENCIES	Run test suite	2026-10-02T14:06:35.1071310Z [31m[1m_____ TestPreprocessStandard.test_standard_log_normalized_differs_from_raw _____[0m
PRE-RELEASE DEPENDENCIES	Run test suite	2026-10-02T14:06:35.1071319Z 
PRE-RELEASE DEPENDENCIES	Run test suite	2026-10-02T14:06:35.1071737Z     [0m[94mdef[39;49;00m[90m [39;49;00m[92m_require_scanpy[39;49;00m():  [90m# type: ignore[no-untyped-def][39;49;00m[90m[39;49;00m
PRE-RELEASE DEPENDENCIES	Run test suite	2026-10-02T14:06:35.1071875Z         [94mtry[39;49;00m:[90m[39;49;00m
PRE-RELEASE DEPENDENCIES	Run test suite	2026-10-02T14:06:35.1072504Z >           [94mimport[39;49;00m[90m [39;49;00m[04m[96mscanpy[39;49;00m[90m [39;49;00m[94mas[39;49;00m[90m [39;49;00m[04m[96msc[39;49;00m  [90m# type: ignore[import-untyped][39;49;00m[90m[39;49;00m
PRE-RELEASE DEPENDENCIES	Run test suite	2026-10-02T14:06:35.1072637Z             ^^^^^^^^^^^^^^^^^^^[90m[39;49;00m
PRE-RELEASE DEPENDENCIES	Run test suite	2026-10-02T14:06:35.1072846Z [1m[31mE           ModuleNotFoundError: No module named 'scanpy'[0m
PRE-RELEASE DEPENDENCIES	Run test suite	2026-10-02T14:06:35.1072853Z 
PRE-RELEASE DEPENDENCIES	Run test suite	2026-10-02T14:06:35.1073356Z [1m[31m/opt/hostedtoolcache/Python/3.12.14/x64/lib/python3.12/site-packages/embpy/pp/singlecell/preprocessing.py[0m:28: ModuleNotFoundError
PRE-RELEASE DEPENDENCIES	Run test suite	2026-10-02T14:06:35.1073370Z 
PRE-RELEASE DEPENDENCIES	Run test suite	2026-10-02T14:06:35.1073624Z [33mThe above exception was the direct cause of the following exception:[0m
PRE-RELEASE DEPENDENCIES	Run test suite	2026-10-02T14:06:35.1073633Z 
PRE-RELEASE DEPENDENCIES	Run test suite	2026-10-02T14:06:35.1073896Z self = <tests.embpy.test_sc_preprocessing.TestPreprocessStandard object at 0x7fa7ee83e690>
PRE-RELEASE DEPENDENCIES	Run test suite	2026-10-02T14:06:35.1074095Z adata_sparse = AnnData object with n_obs ├ù n_vars = 200 ├ù 500
PRE-RELEASE DEPENDENCIES	Run test suite	2026-10-02T14:06:35.1074186Z     layers: None (.X)
PRE-RELEASE DEPENDENCIES	Run test suite	2026-10-02T14:06:35.1074191Z 
PRE-RELEASE DEPENDENCIES	Run test suite	2026-10-02T14:06:35.1074739Z     [0m[94mdef[39;49;00m[90m [39;49;00m[92mtest_standard_log_normalized_differs_from_raw[39;49;00m([96mself[39;49;00m, adata_sparse):[90m[39;49;00m
PRE-RELEASE DEPENDENCIES	Run test suite	2026-10-02T14:06:35.1134203Z         [94mfrom[39;49;00m[90m [39;49;00m[04m[96membpy[39;49;00m[04m[96m.[39;49;00m[04m[96mpp[39;49;00m[04m[96m.[39;49;00m[04m[96msc_preprocessing[39;49;00m[90m [39;49;00m[94mimport[39;49;00m preprocess_counts[90m[39;49;00m
PRE-RELEASE DEPENDENCIES	Run test suite	2026-10-02T14:06:35.1134356Z     [90m[39;49;00m
PRE-RELEASE DEPENDENCIES	Run test suite	2026-10-02T14:06:35.1134900Z >       result = preprocess_counts(adata_sparse, pipeline=[33m"[39;49;00m[33mstandard[39;49;00m[33m"[39;49;00m)[90m[39;49;00m
PRE-RELEASE DEPENDENCIES	Run test suite	2026-10-02T14:06:35.1135151Z                  ^^^^^^^^^^^^^^^^^^^^^^^^^^^^^^^^^^^^^^^^^^^^^^^^^^^^[90m[39;49;00m
PRE-RELEASE DEPENDENCIES	Run test suite	2026-10-02T14:06:35.1135159Z 
PRE-RELEASE DEPENDENCIES	Run test suite	2026-10-02T14:06:35.1135389Z [1m[31mtests/embpy/test_sc_preprocessing.py[0m:154: 
PRE-RELEASE DEPENDENCIES	Run test suite	2026-10-02T14:06:35.1135782Z _ _ _ _ _ _ _ _ _ _ _ _ _ _ _ _ _ _ _ _ _ _ _ _ _ _ _ _ _ _ _ _ _ _ _ _ _ _ _ _ 
PRE-RELEASE DEPENDENCIES	Run test suite	2026-10-02T14:06:35.1136371Z [1m[31m/opt/hostedtoolcache/Python/3.12.14/x64/lib/python3.12/site-packages/embpy/pp/singlecell/preprocessing.py[0m:119: in preprocess_counts
PRE-RELEASE DEPENDENCIES	Run test suite	2026-10-02T14:06:35.1136539Z     [0msc = _require_scanpy()[90m[39;49;00m
PRE-RELEASE DEPENDENCIES	Run test suite	2026-10-02T14:06:35.1136662Z          ^^^^^^^^^^^^^^^^^[90m[39;49;00m
PRE-RELEASE DEPENDENCIES	Run test suite	2026-10-02T14:06:35.1136798Z _ _ _ _ _ _ _ _ _ _ _ _ _ _ _ _ _ _ _ _ _ _ _ _ _ _ _ _ _ _ _ _ _ _ _ _ _ _ _ _ 
PRE-RELEASE DEPENDENCIES	Run test suite	2026-10-02T14:06:35.1136804Z 
PRE-RELEASE DEPENDENCIES	Run test suite	2026-10-02T14:06:35.1137231Z     [0m[94mdef[39;49;00m[90m [39;49;00m[92m_require_scanpy[39;49;00m():  [90m# type: ignore[no-untyped-def][39;49;00m[90m[39;49;00m
PRE-RELEASE DEPENDENCIES	Run test suite	2026-10-02T14:06:35.1137360Z         [94mtry[39;49;00m:[90m[39;49;00m
PRE-RELEASE DEPENDENCIES	Run test suite	2026-10-02T14:06:35.1138159Z             [94mimport[39;49;00m[90m [39;49;00m[04m[96mscanpy[39;49;00m[90m [39;49;00m[94mas[39;49;00m[90m [39;49;00m[04m[96msc[39;49;00m  [90m# type: ignore[import-untyped][39;49;00m[90m[39;49;00m
PRE-RELEASE DEPENDENCIES	Run test suite	2026-10-02T14:06:35.1138266Z     [90m[39;49;00m
PRE-RELEASE DEPENDENCIES	Run test suite	2026-10-02T14:06:35.1138416Z             [94mreturn[39;49;00m sc[90m[39;49;00m
PRE-RELEASE DEPENDENCIES	Run test suite	2026-10-02T14:06:35.1138708Z         [94mexcept[39;49;00m [96mImportError[39;49;00m [94mas[39;49;00m exc:[90m[39;49;00m
PRE-RELEASE DEPENDENCIES	Run test suite	2026-10-02T14:06:35.1139896Z >           [94mraise[39;49;00m [96mImportError[39;49;00m([33m"[39;49;00m[33mscanpy is required for single-cell preprocessing. Install with: pip install scanpy[39;49;00m[33m"[39;49;00m) [94mfrom[39;49;00m[90m [39;49;00m[04m[96mexc[39;49;00m[90m[39;49;00m
PRE-RELEASE DEPENDENCIES	Run test suite	2026-10-02T14:06:35.1140326Z [1m[31mE           ImportError: scanpy is required for single-cell preprocessing. Install with: pip install scanpy[0m
PRE-RELEASE DEPENDENCIES	Run test suite	2026-10-02T14:06:35.1140338Z 
PRE-RELEASE DEPENDENCIES	Run test suite	2026-10-02T14:06:35.1140822Z [1m[31m/opt/hostedtoolcache/Python/3.12.14/x64/lib/python3.12/site-packages/embpy/pp/singlecell/preprocessing.py[0m:32: ImportError
PRE-RELEASE DEPENDENCIES	Run test suite	2026-10-02T14:06:35.1141125Z [31m[1m_______________ TestPreprocessStandard.test_standard_with_scale ________________[0m
PRE-RELEASE DEPENDENCIES	Run test suite	2026-10-02T14:06:35.1141136Z 
PRE-RELEASE DEPENDENCIES	Run test suite	2026-10-02T14:06:35.1141556Z     [0m[94mdef[39;49;00m[90m [39;49;00m[92m_require_scanpy[39;49;00m():  [90m# type: ignore[no-untyped-def][39;49;00m[90m[39;49;00m
PRE-RELEASE DEPENDENCIES	Run test suite	2026-10-02T14:06:35.1141688Z         [94mtry[39;49;00m:[90m[39;49;00m
PRE-RELEASE DEPENDENCIES	Run test suite	2026-10-02T14:06:35.1142317Z >           [94mimport[39;49;00m[90m [39;49;00m[04m[96mscanpy[39;49;00m[90m [39;49;00m[94mas[39;49;00m[90m [39;49;00m[04m[96msc[39;49;00m  [90m# type: ignore[import-untyped][39;49;00m[90m[39;49;00m
PRE-RELEASE DEPENDENCIES	Run test suite	2026-10-02T14:06:35.1142455Z             ^^^^^^^^^^^^^^^^^^^[90m[39;49;00m
PRE-RELEASE DEPENDENCIES	Run test suite	2026-10-02T14:06:35.1142658Z [1m[31mE           ModuleNotFoundError: No module named 'scanpy'[0m
PRE-RELEASE DEPENDENCIES	Run test suite	2026-10-02T14:06:35.1142667Z 
PRE-RELEASE DEPENDENCIES	Run test suite	2026-10-02T14:06:35.1143182Z [1m[31m/opt/hostedtoolcache/Python/3.12.14/x64/lib/python3.12/site-packages/embpy/pp/singlecell/preprocessing.py[0m:28: ModuleNotFoundError
PRE-RELEASE DEPENDENCIES	Run test suite	2026-10-02T14:06:35.1143188Z 
PRE-RELEASE DEPENDENCIES	Run test suite	2026-10-02T14:06:35.1143445Z [33mThe above exception was the direct cause of the following exception:[0m
PRE-RELEASE DEPENDENCIES	Run test suite	2026-10-02T14:06:35.1143454Z 
PRE-RELEASE DEPENDENCIES	Run test suite	2026-10-02T14:06:35.1143717Z self = <tests.embpy.test_sc_preprocessing.TestPreprocessStandard object at 0x7fa7ee83e9f0>
PRE-RELEASE DEPENDENCIES	Run test suite	2026-10-02T14:06:35.1143925Z adata_sparse = AnnData object with n_obs ├ù n_vars = 200 ├ù 500
PRE-RELEASE DEPENDENCIES	Run test suite	2026-10-02T14:06:35.1144007Z     layers: None (.X)
PRE-RELEASE DEPENDENCIES	Run test suite	2026-10-02T14:06:35.1144012Z 
PRE-RELEASE DEPENDENCIES	Run test suite	2026-10-02T14:06:35.1144442Z     [0m[94mdef[39;49;00m[90m [39;49;00m[92mtest_standard_with_scale[39;49;00m([96mself[39;49;00m, adata_sparse):[90m[39;49;00m
PRE-RELEASE DEPENDENCIES	Run test suite	2026-10-02T14:06:35.1145193Z         [94mfrom[39;49;00m[90m [39;49;00m[04m[96membpy[39;49;00m[04m[96m.[39;49;00m[04m[96mpp[39;49;00m[04m[96m.[39;49;00m[04m[96msc_preprocessing[39;49;00m[90m [39;49;00m[94mimport[39;49;00m preprocess_counts[90m[39;49;00m
PRE-RELEASE DEPENDENCIES	Run test suite	2026-10-02T14:06:35.1145313Z     [90m[39;49;00m
PRE-RELEASE DEPENDENCIES	Run test suite	2026-10-02T14:06:35.1145474Z >       result = preprocess_counts([90m[39;49;00m
PRE-RELEASE DEPENDENCIES	Run test suite	2026-10-02T14:06:35.1145603Z             adata_sparse,[90m[39;49;00m
PRE-RELEASE DEPENDENCIES	Run test suite	2026-10-02T14:06:35.1146031Z             pipeline=[33m"[39;49;00m[33mstandard[39;49;00m[33m"[39;49;00m,[90m[39;49;00m
PRE-RELEASE DEPENDENCIES	Run test suite	2026-10-02T14:06:35.1146185Z             scale=[94mTrue[39;49;00m,[90m[39;49;00m
PRE-RELEASE DEPENDENCIES	Run test suite	2026-10-02T14:06:35.1146298Z         )[90m[39;49;00m
PRE-RELEASE DEPENDENCIES	Run test suite	2026-10-02T14:06:35.1146304Z 
PRE-RELEASE DEPENDENCIES	Run test suite	2026-10-02T14:06:35.1146483Z [1m[31mtests/embpy/test_sc_preprocessing.py[0m:172: 
PRE-RELEASE DEPENDENCIES	Run test suite	2026-10-02T14:06:35.1146621Z _ _ _ _ _ _ _ _ _ _ _ _ _ _ _ _ _ _ _ _ _ _ _ _ _ _ _ _ _ _ _ _ _ _ _ _ _ _ _ _ 
PRE-RELEASE DEPENDENCIES	Run test suite	2026-10-02T14:06:35.1147155Z [1m[31m/opt/hostedtoolcache/Python/3.12.14/x64/lib/python3.12/site-packages/embpy/pp/singlecell/preprocessing.py[0m:119: in preprocess_counts
PRE-RELEASE DEPENDENCIES	Run test suite	2026-10-02T14:06:35.1147298Z     [0msc = _require_scanpy()[90m[39;49;00m
PRE-RELEASE DEPENDENCIES	Run test suite	2026-10-02T14:06:35.1147540Z          ^^^^^^^^^^^^^^^^^[90m[39;49;00m
PRE-RELEASE DEPENDENCIES	Run test suite	2026-10-02T14:06:35.1147681Z _ _ _ _ _ _ _ _ _ _ _ _ _ _ _ _ _ _ _ _ _ _ _ _ _ _ _ _ _ _ _ _ _ _ _ _ _ _ _ _ 
PRE-RELEASE DEPENDENCIES	Run test suite	2026-10-02T14:06:35.1147686Z 
PRE-RELEASE DEPENDENCIES	Run test suite	2026-10-02T14:06:35.1148117Z     [0m[94mdef[39;49;00m[90m [39;49;00m[92m_require_scanpy[39;49;00m():  [90m# type: ignore[no-untyped-def][39;49;00m[90m[39;49;00m
PRE-RELEASE DEPENDENCIES	Run test suite	2026-10-02T14:06:35.1148259Z         [94mtry[39;49;00m:[90m[39;49;00m
PRE-RELEASE DEPENDENCIES	Run test suite	2026-10-02T14:06:35.1148898Z             [94mimport[39;49;00m[90m [39;49;00m[04m[96mscanpy[39;49;00m[90m [39;49;00m[94mas[39;49;00m[90m [39;49;00m[04m[96msc[39;49;00m  [90m# type: ignore[import-untyped][39;49;00m[90m[39;49;00m
PRE-RELEASE DEPENDENCIES	Run test suite	2026-10-02T14:06:35.1149007Z     [90m[39;49;00m
PRE-RELEASE DEPENDENCIES	Run test suite	2026-10-02T14:06:35.1149166Z             [94mreturn[39;49;00m sc[90m[39;49;00m
PRE-RELEASE DEPENDENCIES	Run test suite	2026-10-02T14:06:35.1149610Z         [94mexcept[39;49;00m [96mImportError[39;49;00m [94mas[39;49;00m exc:[90m[39;49;00m
PRE-RELEASE DEPENDENCIES	Run test suite	2026-10-02T14:06:35.1150513Z >           [94mraise[39;49;00m [96mImportError[39;49;00m([33m"[39;49;00m[33mscanpy is required for single-cell preprocessing. Install with: pip install scanpy[39;49;00m[33m"[39;49;00m) [94mfrom[39;49;00m[90m [39;49;00m[04m[96mexc[39;49;00m[90m[39;49;00m
PRE-RELEASE DEPENDENCIES	Run test suite	2026-10-02T14:06:35.1150923Z [1m[31mE           ImportError: scanpy is required for single-cell preprocessing. Install with: pip install scanpy[0m
PRE-RELEASE DEPENDENCIES	Run test suite	2026-10-02T14:06:35.1150934Z 
PRE-RELEASE DEPENDENCIES	Run test suite	2026-10-02T14:06:35.1151429Z [1m[31m/opt/hostedtoolcache/Python/3.12.14/x64/lib/python3.12/site-packages/embpy/pp/singlecell/preprocessing.py[0m:32: ImportError
PRE-RELEASE DEPENDENCIES	Run test suite	2026-10-02T14:06:35.1151711Z [31m[1m_______________________ TestQCFiltering.test_mito_filter _______________________[0m
PRE-RELEASE DEPENDENCIES	Run test suite	2026-10-02T14:06:35.1151717Z 
PRE-RELEASE DEPENDENCIES	Run test suite	2026-10-02T14:06:35.1152145Z     [0m[94mdef[39;49;00m[90m [39;49;00m[92m_require_scanpy[39;49;00m():  [90m# type: ignore[no-untyped-def][39;49;00m[90m[39;49;00m
PRE-RELEASE DEPENDENCIES	Run test suite	2026-10-02T14:06:35.1152284Z         [94mtry[39;49;00m:[90m[39;49;00m
PRE-RELEASE DEPENDENCIES	Run test suite	2026-10-02T14:06:35.1152918Z >           [94mimport[39;49;00m[90m [39;49;00m[04m[96mscanpy[39;49;00m[90m [39;49;00m[94mas[39;49;00m[90m [39;49;00m[04m[96msc[39;49;00m  [90m# type: ignore[import-untyped][39;49;00m[90m[39;49;00m
PRE-RELEASE DEPENDENCIES	Run test suite	2026-10-02T14:06:35.1153062Z             ^^^^^^^^^^^^^^^^^^^[90m[39;49;00m
PRE-RELEASE DEPENDENCIES	Run test suite	2026-10-02T14:06:35.1153276Z [1m[31mE           ModuleNotFoundError: No module named 'scanpy'[0m
PRE-RELEASE DEPENDENCIES	Run test suite	2026-10-02T14:06:35.1153282Z 
PRE-RELEASE DEPENDENCIES	Run test suite	2026-10-02T14:06:35.1153797Z [1m[31m/opt/hostedtoolcache/Python/3.12.14/x64/lib/python3.12/site-packages/embpy/pp/singlecell/preprocessing.py[0m:28: ModuleNotFoundError
PRE-RELEASE DEPENDENCIES	Run test suite	2026-10-02T14:06:35.1153802Z 
PRE-RELEASE DEPENDENCIES	Run test suite	2026-10-02T14:06:35.1154066Z [33mThe above exception was the direct cause of the following exception:[0m
PRE-RELEASE DEPENDENCIES	Run test suite	2026-10-02T14:06:35.1154072Z 
PRE-RELEASE DEPENDENCIES	Run test suite	2026-10-02T14:06:35.1154307Z self = <tests.embpy.test_sc_preprocessing.TestQCFiltering object at 0x7fa7ee83ed50>
PRE-RELEASE DEPENDENCIES	Run test suite	2026-10-02T14:06:35.1154313Z 
PRE-RELEASE DEPENDENCIES	Run test suite	2026-10-02T14:06:35.1154654Z     [0m[94mdef[39;49;00m[90m [39;49;00m[92mtest_mito_filter[39;49;00m([96mself[39;49;00m):[90m[39;49;00m
PRE-RELEASE DEPENDENCIES	Run test suite	2026-10-02T14:06:35.1155411Z         [94mfrom[39;49;00m[90m [39;49;00m[04m[96membpy[39;49;00m[04m[96m.[39;49;00m[04m[96mpp[39;49;00m[04m[96m.[39;49;00m[04m[96msc_preprocessing[39;49;00m[90m [39;49;00m[94mimport[39;49;00m preprocess_counts[90m[39;49;00m
PRE-RELEASE DEPENDENCIES	Run test suite	2026-10-02T14:06:35.1155644Z     [90m[39;49;00m
PRE-RELEASE DEPENDENCIES	Run test suite	2026-10-02T14:06:35.1155898Z         adata = _make_synthetic_adata(n_cells=[94m100[39;49;00m)[90m[39;49;00m
PRE-RELEASE DEPENDENCIES	Run test suite	2026-10-02T14:06:35.1156064Z >       result = preprocess_counts([90m[39;49;00m
PRE-RELEASE DEPENDENCIES	Run test suite	2026-10-02T14:06:35.1156185Z             adata,[90m[39;49;00m
PRE-RELEASE DEPENDENCIES	Run test suite	2026-10-02T14:06:35.1156447Z             pipeline=[33m"[39;49;00m[33mraw[39;49;00m[33m"[39;49;00m,[90m[39;49;00m
PRE-RELEASE DEPENDENCIES	Run test suite	2026-10-02T14:06:35.1156619Z             max_pct_mito=[94m5.0[39;49;00m,[90m[39;49;00m
PRE-RELEASE DEPENDENCIES	Run test suite	2026-10-02T14:06:35.1156733Z         )[90m[39;49;00m
PRE-RELEASE DEPENDENCIES	Run test suite	2026-10-02T14:06:35.1156739Z 
PRE-RELEASE DEPENDENCIES	Run test suite	2026-10-02T14:06:35.1156921Z [1m[31mtests/embpy/test_sc_preprocessing.py[0m:191: 
PRE-RELEASE DEPENDENCIES	Run test suite	2026-10-02T14:06:35.1157057Z _ _ _ _ _ _ _ _ _ _ _ _ _ _ _ _ _ _ _ _ _ _ _ _ _ _ _ _ _ _ _ _ _ _ _ _ _ _ _ _ 
PRE-RELEASE DEPENDENCIES	Run test suite	2026-10-02T14:06:35.1157696Z [1m[31m/opt/hostedtoolcache/Python/3.12.14/x64/lib/python3.12/site-packages/embpy/pp/singlecell/preprocessing.py[0m:119: in preprocess_counts
PRE-RELEASE DEPENDENCIES	Run test suite	2026-10-02T14:06:35.1157839Z     [0msc = _require_scanpy()[90m[39;49;00m
PRE-RELEASE DEPENDENCIES	Run test suite	2026-10-02T14:06:35.1157974Z          ^^^^^^^^^^^^^^^^^[90m[39;49;00m
PRE-RELEASE DEPENDENCIES	Run test suite	2026-10-02T14:06:35.1158111Z _ _ _ _ _ _ _ _ _ _ _ _ _ _ _ _ _ _ _ _ _ _ _ _ _ _ _ _ _ _ _ _ _ _ _ _ _ _ _ _ 
PRE-RELEASE DEPENDENCIES	Run test suite	2026-10-02T14:06:35.1158116Z 
PRE-RELEASE DEPENDENCIES	Run test suite	2026-10-02T14:06:35.1158534Z     [0m[94mdef[39;49;00m[90m [39;49;00m[92m_require_scanpy[39;49;00m():  [90m# type: ignore[no-untyped-def][39;49;00m[90m[39;49;00m
PRE-RELEASE DEPENDENCIES	Run test suite	2026-10-02T14:06:35.1158670Z         [94mtry[39;49;00m:[90m[39;49;00m
PRE-RELEASE DEPENDENCIES	Run test suite	2026-10-02T14:06:35.1159295Z             [94mimport[39;49;00m[90m [39;49;00m[04m[96mscanpy[39;49;00m[90m [39;49;00m[94mas[39;49;00m[90m [39;49;00m[04m[96msc[39;49;00m  [90m# type: ignore[import-untyped][39;49;00m[90m[39;49;00m
PRE-RELEASE DEPENDENCIES	Run test suite	2026-10-02T14:06:35.1159533Z     [90m[39;49;00m
PRE-RELEASE DEPENDENCIES	Run test suite	2026-10-02T14:06:35.1159693Z             [94mreturn[39;49;00m sc[90m[39;49;00m
PRE-RELEASE DEPENDENCIES	Run test suite	2026-10-02T14:06:35.1159984Z         [94mexcept[39;49;00m [96mImportError[39;49;00m [94mas[39;49;00m exc:[90m[39;49;00m
PRE-RELEASE DEPENDENCIES	Run test suite	2026-10-02T14:06:35.1160870Z >           [94mraise[39;49;00m [96mImportError[39;49;00m([33m"[39;49;00m[33mscanpy is required for single-cell preprocessing. Install with: pip install scanpy[39;49;00m[33m"[39;49;00m) [94mfrom[39;49;00m[90m [39;49;00m[04m[96mexc[39;49;00m[90m[39;49;00m
PRE-RELEASE DEPENDENCIES	Run test suite	2026-10-02T14:06:35.1161267Z [1m[31mE           ImportError: scanpy is required for single-cell preprocessing. Install with: pip install scanpy[0m
PRE-RELEASE DEPENDENCIES	Run test suite	2026-10-02T14:06:35.1161279Z 
PRE-RELEASE DEPENDENCIES	Run test suite	2026-10-02T14:06:35.1251805Z [1m[31m/opt/hostedtoolcache/Python/3.12.14/x64/lib/python3.12/site-packages/embpy/pp/singlecell/preprocessing.py[0m:32: ImportError
PRE-RELEASE DEPENDENCIES	Run test suite	2026-10-02T14:06:35.1252449Z [31m[1m____________________ TestQCFiltering.test_min_genes_filter _____________________[0m
PRE-RELEASE DEPENDENCIES	Run test suite	2026-10-02T14:06:35.1252468Z 
PRE-RELEASE DEPENDENCIES	Run test suite	2026-10-02T14:06:35.1253036Z     [0m[94mdef[39;49;00m[90m [39;49;00m[92m_require_scanpy[39;49;00m():  [90m# type: ignore[no-untyped-def][39;49;00m[90m[39;49;00m
PRE-RELEASE DEPENDENCIES	Run test suite	2026-10-02T14:06:35.1253205Z         [94mtry[39;49;00m:[90m[39;49;00m
PRE-RELEASE DEPENDENCIES	Run test suite	2026-10-02T14:06:35.1254006Z >           [94mimport[39;49;00m[90m [39;49;00m[04m[96mscanpy[39;49;00m[90m [39;49;00m[94mas[39;49;00m[90m [39;49;00m[04m[96msc[39;49;00m  [90m# type: ignore[import-untyped][39;49;00m[90m[39;49;00m
PRE-RELEASE DEPENDENCIES	Run test suite	2026-10-02T14:06:35.1254179Z             ^^^^^^^^^^^^^^^^^^^[90m[39;49;00m
PRE-RELEASE DEPENDENCIES	Run test suite	2026-10-02T14:06:35.1254442Z [1m[31mE           ModuleNotFoundError: No module named 'scanpy'[0m
PRE-RELEASE DEPENDENCIES	Run test suite	2026-10-02T14:06:35.1254449Z 
PRE-RELEASE DEPENDENCIES	Run test suite	2026-10-02T14:06:35.1255099Z [1m[31m/opt/hostedtoolcache/Python/3.12.14/x64/lib/python3.12/site-packages/embpy/pp/singlecell/preprocessing.py[0m:28: ModuleNotFoundError
PRE-RELEASE DEPENDENCIES	Run test suite	2026-10-02T14:06:35.1255106Z 
PRE-RELEASE DEPENDENCIES	Run test suite	2026-10-02T14:06:35.1255423Z [33mThe above exception was the direct cause of the following exception:[0m
PRE-RELEASE DEPENDENCIES	Run test suite	2026-10-02T14:06:35.1255435Z 
PRE-RELEASE DEPENDENCIES	Run test suite	2026-10-02T14:06:35.1255739Z self = <tests.embpy.test_sc_preprocessing.TestQCFiltering object at 0x7fa7ee83f1d0>
PRE-RELEASE DEPENDENCIES	Run test suite	2026-10-02T14:06:35.1255746Z 
PRE-RELEASE DEPENDENCIES	Run test suite	2026-10-02T14:06:35.1256220Z     [0m[94mdef[39;49;00m[90m [39;49;00m[92mtest_min_genes_filter[39;49;00m([96mself[39;49;00m):[90m[39;49;00m
PRE-RELEASE DEPENDENCIES	Run test suite	2026-10-02T14:06:35.1257140Z         [94mfrom[39;49;00m[90m [39;49;00m[04m[96membpy[39;49;00m[04m[96m.[39;49;00m[04m[96mpp[39;49;00m[04m[96m.[39;49;00m[04m[96msc_preprocessing[39;49;00m[90m [39;49;00m[94mimport[39;49;00m preprocess_counts[90m[39;49;00m
PRE-RELEASE DEPENDENCIES	Run test suite	2026-10-02T14:06:35.1257250Z     [90m[39;49;00m
PRE-RELEASE DEPENDENCIES	Run test suite	2026-10-02T14:06:35.1257415Z         adata = _make_synthetic_adata()[90m[39;49;00m
PRE-RELEASE DEPENDENCIES	Run test suite	2026-10-02T14:06:35.1257556Z         before = adata.n_obs[90m[39;49;00m
PRE-RELEASE DEPENDENCIES	Run test suite	2026-10-02T14:06:35.1257716Z >       result = preprocess_counts([90m[39;49;00m
PRE-RELEASE DEPENDENCIES	Run test suite	2026-10-02T14:06:35.1257835Z             adata,[90m[39;49;00m
PRE-RELEASE DEPENDENCIES	Run test suite	2026-10-02T14:06:35.1258099Z             pipeline=[33m"[39;49;00m[33mraw[39;49;00m[33m"[39;49;00m,[90m[39;49;00m
PRE-RELEASE DEPENDENCIES	Run test suite	2026-10-02T14:06:35.1258373Z             min_genes=[94m1[39;49;00m,[90m[39;49;00m
PRE-RELEASE DEPENDENCIES	Run test suite	2026-10-02T14:06:35.1258488Z         )[90m[39;49;00m
PRE-RELEASE DEPENDENCIES	Run test suite	2026-10-02T14:06:35.1258493Z 
PRE-RELEASE DEPENDENCIES	Run test suite	2026-10-02T14:06:35.1258674Z [1m[31mtests/embpy/test_sc_preprocessing.py[0m:203: 
PRE-RELEASE DEPENDENCIES	Run test suite	2026-10-02T14:06:35.1258818Z _ _ _ _ _ _ _ _ _ _ _ _ _ _ _ _ _ _ _ _ _ _ _ _ _ _ _ _ _ _ _ _ _ _ _ _ _ _ _ _ 
PRE-RELEASE DEPENDENCIES	Run test suite	2026-10-02T14:06:35.1259367Z [1m[31m/opt/hostedtoolcache/Python/3.12.14/x64/lib/python3.12/site-packages/embpy/pp/singlecell/preprocessing.py[0m:119: in preprocess_counts
PRE-RELEASE DEPENDENCIES	Run test suite	2026-10-02T14:06:35.1259822Z     [0msc = _require_scanpy()[90m[39;49;00m
PRE-RELEASE DEPENDENCIES	Run test suite	2026-10-02T14:06:35.1259959Z          ^^^^^^^^^^^^^^^^^[90m[39;49;00m
PRE-RELEASE DEPENDENCIES	Run test suite	2026-10-02T14:06:35.1260093Z _ _ _ _ _ _ _ _ _ _ _ _ _ _ _ _ _ _ _ _ _ _ _ _ _ _ _ _ _ _ _ _ _ _ _ _ _ _ _ _ 
PRE-RELEASE DEPENDENCIES	Run test suite	2026-10-02T14:06:35.1260104Z 
PRE-RELEASE DEPENDENCIES	Run test suite	2026-10-02T14:06:35.1260541Z     [0m[94mdef[39;49;00m[90m [39;49;00m[92m_require_scanpy[39;49;00m():  [90m# type: ignore[no-untyped-def][39;49;00m[90m[39;49;00m
PRE-RELEASE DEPENDENCIES	Run test suite	2026-10-02T14:06:35.1260681Z         [94mtry[39;49;00m:[90m[39;49;00m
PRE-RELEASE DEPENDENCIES	Run test suite	2026-10-02T14:06:35.1261327Z             [94mimport[39;49;00m[90m [39;49;00m[04m[96mscanpy[39;49;00m[90m [39;49;00m[94mas[39;49;00m[90m [39;49;00m[04m[96msc[39;49;00m  [90m# type: ignore[import-untyped][39;49;00m[90m[39;49;00m
PRE-RELEASE DEPENDENCIES	Run test suite	2026-10-02T14:06:35.1261443Z     [90m[39;49;00m
PRE-RELEASE DEPENDENCIES	Run test suite	2026-10-02T14:06:35.1261596Z             [94mreturn[39;49;00m sc[90m[39;49;00m
PRE-RELEASE DEPENDENCIES	Run test suite	2026-10-02T14:06:35.1261892Z         [94mexcept[39;49;00m [96mImportError[39;49;00m [94mas[39;49;00m exc:[90m[39;49;00m
PRE-RELEASE DEPENDENCIES	Run test suite	2026-10-02T14:06:35.1262807Z >           [94mraise[39;49;00m [96mImportError[39;49;00m([33m"[39;49;00m[33mscanpy is required for single-cell preprocessing. Install with: pip install scanpy[39;49;00m[33m"[39;49;00m) [94mfrom[39;49;00m[90m [39;49;00m[04m[96mexc[39;49;00m[90m[39;49;00m
PRE-RELEASE DEPENDENCIES	Run test suite	2026-10-02T14:06:35.1263220Z [1m[31mE           ImportError: scanpy is required for single-cell preprocessing. Install with: pip install scanpy[0m
PRE-RELEASE DEPENDENCIES	Run test suite	2026-10-02T14:06:35.1263230Z 
PRE-RELEASE DEPENDENCIES	Run test suite	2026-10-02T14:06:35.1263733Z [1m[31m/opt/hostedtoolcache/Python/3.12.14/x64/lib/python3.12/site-packages/embpy/pp/singlecell/preprocessing.py[0m:32: ImportError
PRE-RELEASE DEPENDENCIES	Run test suite	2026-10-02T14:06:35.1264030Z [31m[1m____________________ TestQCFiltering.test_min_cells_filter _____________________[0m
PRE-RELEASE DEPENDENCIES	Run test suite	2026-10-02T14:06:35.1264035Z 
PRE-RELEASE DEPENDENCIES	Run test suite	2026-10-02T14:06:35.1264467Z     [0m[94mdef[39;49;00m[90m [39;49;00m[92m_require_scanpy[39;49;00m():  [90m# type: ignore[no-untyped-def][39;49;00m[90m[39;49;00m
PRE-RELEASE DEPENDENCIES	Run test suite	2026-10-02T14:06:35.1264603Z         [94mtry[39;49;00m:[90m[39;49;00m
PRE-RELEASE DEPENDENCIES	Run test suite	2026-10-02T14:06:35.1265245Z >           [94mimport[39;49;00m[90m [39;49;00m[04m[96mscanpy[39;49;00m[90m [39;49;00m[94mas[39;49;00m[90m [39;49;00m[04m[96msc[39;49;00m  [90m# type: ignore[import-untyped][39;49;00m[90m[39;49;00m
PRE-RELEASE DEPENDENCIES	Run test suite	2026-10-02T14:06:35.1265384Z             ^^^^^^^^^^^^^^^^^^^[90m[39;49;00m
PRE-RELEASE DEPENDENCIES	Run test suite	2026-10-02T14:06:35.1265601Z [1m[31mE           ModuleNotFoundError: No module named 'scanpy'[0m
PRE-RELEASE DEPENDENCIES	Run test suite	2026-10-02T14:06:35.1265610Z 
PRE-RELEASE DEPENDENCIES	Run test suite	2026-10-02T14:06:35.1266137Z [1m[31m/opt/hostedtoolcache/Python/3.12.14/x64/lib/python3.12/site-packages/embpy/pp/singlecell/preprocessing.py[0m:28: ModuleNotFoundError
PRE-RELEASE DEPENDENCIES	Run test suite	2026-10-02T14:06:35.1266281Z 
PRE-RELEASE DEPENDENCIES	Run test suite	2026-10-02T14:06:35.1266552Z [33mThe above exception was the direct cause of the following exception:[0m
PRE-RELEASE DEPENDENCIES	Run test suite	2026-10-02T14:06:35.1266558Z 
PRE-RELEASE DEPENDENCIES	Run test suite	2026-10-02T14:06:35.1266795Z self = <tests.embpy.test_sc_preprocessing.TestQCFiltering object at 0x7fa7ee83f500>
PRE-RELEASE DEPENDENCIES	Run test suite	2026-10-02T14:06:35.1266800Z 
PRE-RELEASE DEPENDENCIES	Run test suite	2026-10-02T14:06:35.1267159Z     [0m[94mdef[39;49;00m[90m [39;49;00m[92mtest_min_cells_filter[39;49;00m([96mself[39;49;00m):[90m[39;49;00m
PRE-RELEASE DEPENDENCIES	Run test suite	2026-10-02T14:06:35.1267902Z         [94mfrom[39;49;00m[90m [39;49;00m[04m[96membpy[39;49;00m[04m[96m.[39;49;00m[04m[96mpp[39;49;00m[04m[96m.[39;49;00m[04m[96msc_preprocessing[39;49;00m[90m [39;49;00m[94mimport[39;49;00m preprocess_counts[90m[39;49;00m
PRE-RELEASE DEPENDENCIES	Run test suite	2026-10-02T14:06:35.1268009Z     [90m[39;49;00m
PRE-RELEASE DEPENDENCIES	Run test suite	2026-10-02T14:06:35.1268285Z         adata = _make_synthetic_adata()[90m[39;49;00m
PRE-RELEASE DEPENDENCIES	Run test suite	2026-10-02T14:06:35.1268428Z         before = adata.n_vars[90m[39;49;00m
PRE-RELEASE DEPENDENCIES	Run test suite	2026-10-02T14:06:35.1268581Z >       result = preprocess_counts([90m[39;49;00m
PRE-RELEASE DEPENDENCIES	Run test suite	2026-10-02T14:06:35.1268709Z             adata,[90m[39;49;00m
PRE-RELEASE DEPENDENCIES	Run test suite	2026-10-02T14:06:35.1268965Z             pipeline=[33m"[39;49;00m[33mraw[39;49;00m[33m"[39;49;00m,[90m[39;49;00m
PRE-RELEASE DEPENDENCIES	Run test suite	2026-10-02T14:06:35.1269127Z             min_cells=[94m1[39;49;00m,[90m[39;49;00m
PRE-RELEASE DEPENDENCIES	Run test suite	2026-10-02T14:06:35.1269243Z         )[90m[39;49;00m
PRE-RELEASE DEPENDENCIES	Run test suite	2026-10-02T14:06:35.1269248Z 
PRE-RELEASE DEPENDENCIES	Run test suite	2026-10-02T14:06:35.1269552Z [1m[31mtests/embpy/test_sc_preprocessing.py[0m:215: 
PRE-RELEASE DEPENDENCIES	Run test suite	2026-10-02T14:06:35.1269698Z _ _ _ _ _ _ _ _ _ _ _ _ _ _ _ _ _ _ _ _ _ _ _ _ _ _ _ _ _ _ _ _ _ _ _ _ _ _ _ _ 
PRE-RELEASE DEPENDENCIES	Run test suite	2026-10-02T14:06:35.1270221Z [1m[31m/opt/hostedtoolcache/Python/3.12.14/x64/lib/python3.12/site-packages/embpy/pp/singlecell/preprocessing.py[0m:119: in preprocess_counts
PRE-RELEASE DEPENDENCIES	Run test suite	2026-10-02T14:06:35.1270366Z     [0msc = _require_scanpy()[90m[39;49;00m
PRE-RELEASE DEPENDENCIES	Run test suite	2026-10-02T14:06:35.1270498Z          ^^^^^^^^^^^^^^^^^[90m[39;49;00m
PRE-RELEASE DEPENDENCIES	Run test suite	2026-10-02T14:06:35.1270627Z _ _ _ _ _ _ _ _ _ _ _ _ _ _ _ _ _ _ _ _ _ _ _ _ _ _ _ _ _ _ _ _ _ _ _ _ _ _ _ _ 
PRE-RELEASE DEPENDENCIES	Run test suite	2026-10-02T14:06:35.1270632Z 
PRE-RELEASE DEPENDENCIES	Run test suite	2026-10-02T14:06:35.1271057Z     [0m[94mdef[39;49;00m[90m [39;49;00m[92m_require_scanpy[39;49;00m():  [90m# type: ignore[no-untyped-def][39;49;00m[90m[39;49;00m
PRE-RELEASE DEPENDENCIES	Run test suite	2026-10-02T14:06:35.1271184Z         [94mtry[39;49;00m:[90m[39;49;00m
PRE-RELEASE DEPENDENCIES	Run test suite	2026-10-02T14:06:35.1271812Z             [94mimport[39;49;00m[90m [39;49;00m[04m[96mscanpy[39;49;00m[90m [39;49;00m[94mas[39;49;00m[90m [39;49;00m[04m[96msc[39;49;00m  [90m# type: ignore[import-untyped][39;49;00m[90m[39;49;00m
PRE-RELEASE DEPENDENCIES	Run test suite	2026-10-02T14:06:35.1271918Z     [90m[39;49;00m
PRE-RELEASE DEPENDENCIES	Run test suite	2026-10-02T14:06:35.1272064Z             [94mreturn[39;49;00m sc[90m[39;49;00m
PRE-RELEASE DEPENDENCIES	Run test suite	2026-10-02T14:06:35.1272358Z         [94mexcept[39;49;00m [96mImportError[39;49;00m [94mas[39;49;00m exc:[90m[39;49;00m
PRE-RELEASE DEPENDENCIES	Run test suite	2026-10-02T14:06:35.1273235Z >           [94mraise[39;49;00m [96mImportError[39;49;00m([33m"[39;49;00m[33mscanpy is required for single-cell preprocessing. Install with: pip install scanpy[39;49;00m[33m"[39;49;00m) [94mfrom[39;49;00m[90m [39;49;00m[04m[96mexc[39;49;00m[90m[39;49;00m
PRE-RELEASE DEPENDENCIES	Run test suite	2026-10-02T14:06:35.1273639Z [1m[31mE           ImportError: scanpy is required for single-cell preprocessing. Install with: pip install scanpy[0m
PRE-RELEASE DEPENDENCIES	Run test suite	2026-10-02T14:06:35.1273646Z 
PRE-RELEASE DEPENDENCIES	Run test suite	2026-10-02T14:06:35.1274125Z [1m[31m/opt/hostedtoolcache/Python/3.12.14/x64/lib/python3.12/site-packages/embpy/pp/singlecell/preprocessing.py[0m:32: ImportError
PRE-RELEASE DEPENDENCIES	Run test suite	2026-10-02T14:06:35.1274426Z [31m[1m___________ TestCopyBehavior.test_copy_true_does_not_modify_original ___________[0m
PRE-RELEASE DEPENDENCIES	Run test suite	2026-10-02T14:06:35.1274431Z 
PRE-RELEASE DEPENDENCIES	Run test suite	2026-10-02T14:06:35.1274854Z     [0m[94mdef[39;49;00m[90m [39;49;00m[92m_require_scanpy[39;49;00m():  [90m# type: ignore[no-untyped-def][39;49;00m[90m[39;49;00m
PRE-RELEASE DEPENDENCIES	Run test suite	2026-10-02T14:06:35.1274984Z         [94mtry[39;49;00m:[90m[39;49;00m
PRE-RELEASE DEPENDENCIES	Run test suite	2026-10-02T14:06:35.1275619Z >           [94mimport[39;49;00m[90m [39;49;00m[04m[96mscanpy[39;49;00m[90m [39;49;00m[94mas[39;49;00m[90m [39;49;00m[04m[96msc[39;49;00m  [90m# type: ignore[import-untyped][39;49;00m[90m[39;49;00m
PRE-RELEASE DEPENDENCIES	Run test suite	2026-10-02T14:06:35.1275758Z             ^^^^^^^^^^^^^^^^^^^[90m[39;49;00m
PRE-RELEASE DEPENDENCIES	Run test suite	2026-10-02T14:06:35.1276097Z [1m[31mE           ModuleNotFoundError: No module named 'scanpy'[0m
PRE-RELEASE DEPENDENCIES	Run test suite	2026-10-02T14:06:35.1276103Z 
PRE-RELEASE DEPENDENCIES	Run test suite	2026-10-02T14:06:35.1276614Z [1m[31m/opt/hostedtoolcache/Python/3.12.14/x64/lib/python3.12/site-packages/embpy/pp/singlecell/preprocessing.py[0m:28: ModuleNotFoundError
PRE-RELEASE DEPENDENCIES	Run test suite	2026-10-02T14:06:35.1276620Z 
PRE-RELEASE DEPENDENCIES	Run test suite	2026-10-02T14:06:35.1276877Z [33mThe above exception was the direct cause of the following exception:[0m
PRE-RELEASE DEPENDENCIES	Run test suite	2026-10-02T14:06:35.1276883Z 
PRE-RELEASE DEPENDENCIES	Run test suite	2026-10-02T14:06:35.1277112Z self = <tests.embpy.test_sc_preprocessing.TestCopyBehavior object at 0x7fa7ee83f980>
PRE-RELEASE DEPENDENCIES	Run test suite	2026-10-02T14:06:35.1277322Z adata_sparse = AnnData object with n_obs ├ù n_vars = 200 ├ù 500
PRE-RELEASE DEPENDENCIES	Run test suite	2026-10-02T14:06:35.1277407Z     layers: None (.X)
PRE-RELEASE DEPENDENCIES	Run test suite	2026-10-02T14:06:35.1277522Z 
PRE-RELEASE DEPENDENCIES	Run test suite	2026-10-02T14:06:35.1278014Z     [0m[94mdef[39;49;00m[90m [39;49;00m[92mtest_copy_true_does_not_modify_original[39;49;00m([96mself[39;49;00m, adata_sparse):[90m[39;49;00m
PRE-RELEASE DEPENDENCIES	Run test suite	2026-10-02T14:06:35.1278761Z         [94mfrom[39;49;00m[90m [39;49;00m[04m[96membpy[39;49;00m[04m[96m.[39;49;00m[04m[96mpp[39;49;00m[04m[96m.[39;49;00m[04m[96msc_preprocessing[39;49;00m[90m [39;49;00m[94mimport[39;49;00m preprocess_counts[90m[39;49;00m
PRE-RELEASE DEPENDENCIES	Run test suite	2026-10-02T14:06:35.1278868Z     [90m[39;49;00m
PRE-RELEASE DEPENDENCIES	Run test suite	2026-10-02T14:06:35.1279054Z         original_shape = adata_sparse.shape[90m[39;49;00m
PRE-RELEASE DEPENDENCIES	Run test suite	2026-10-02T14:06:35.1279685Z >       _ = preprocess_counts(adata_sparse, pipeline=[33m"[39;49;00m[33mstandard[39;49;00m[33m"[39;49;00m, copy=[94mTrue[39;49;00m)[90m[39;49;00m
PRE-RELEASE DEPENDENCIES	Run test suite	2026-10-02T14:06:35.1368246Z             ^^^^^^^^^^^^^^^^^^^^^^^^^^^^^^^^^^^^^^^^^^^^^^^^^^^^^^^^^^^^^^^[90m[39;49;00m
PRE-RELEASE DEPENDENCIES	Run test suite	2026-10-02T14:06:35.1368294Z 
PRE-RELEASE DEPENDENCIES	Run test suite	2026-10-02T14:06:35.1368692Z [1m[31mtests/embpy/test_sc_preprocessing.py[0m:233: 
PRE-RELEASE DEPENDENCIES	Run test suite	2026-10-02T14:06:35.1368995Z _ _ _ _ _ _ _ _ _ _ _ _ _ _ _ _ _ _ _ _ _ _ _ _ _ _ _ _ _ _ _ _ _ _ _ _ _ _ _ _ 
PRE-RELEASE DEPENDENCIES	Run test suite	2026-10-02T14:06:35.1370137Z [1m[31m/opt/hostedtoolcache/Python/3.12.14/x64/lib/python3.12/site-packages/embpy/pp/singlecell/preprocessing.py[0m:119: in preprocess_counts
PRE-RELEASE DEPENDENCIES	Run test suite	2026-10-02T14:06:35.1370357Z     [0msc = _require_scanpy()[90m[39;49;00m
PRE-RELEASE DEPENDENCIES	Run test suite	2026-10-02T14:06:35.1370517Z          ^^^^^^^^^^^^^^^^^[90m[39;49;00m
PRE-RELEASE DEPENDENCIES	Run test suite	2026-10-02T14:06:35.1370685Z _ _ _ _ _ _ _ _ _ _ _ _ _ _ _ _ _ _ _ _ _ _ _ _ _ _ _ _ _ _ _ _ _ _ _ _ _ _ _ _ 
PRE-RELEASE DEPENDENCIES	Run test suite	2026-10-02T14:06:35.1370692Z 
PRE-RELEASE DEPENDENCIES	Run test suite	2026-10-02T14:06:35.1371230Z     [0m[94mdef[39;49;00m[90m [39;49;00m[92m_require_scanpy[39;49;00m():  [90m# type: ignore[no-untyped-def][39;49;00m[90m[39;49;00m
PRE-RELEASE DEPENDENCIES	Run test suite	2026-10-02T14:06:35.1371391Z         [94mtry[39;49;00m:[90m[39;49;00m
PRE-RELEASE DEPENDENCIES	Run test suite	2026-10-02T14:06:35.1372184Z             [94mimport[39;49;00m[90m [39;49;00m[04m[96mscanpy[39;49;00m[90m [39;49;00m[94mas[39;49;00m[90m [39;49;00m[04m[96msc[39;49;00m  [90m# type: ignore[import-untyped][39;49;00m[90m[39;49;00m
PRE-RELEASE DEPENDENCIES	Run test suite	2026-10-02T14:06:35.1372316Z     [90m[39;49;00m
PRE-RELEASE DEPENDENCIES	Run test suite	2026-10-02T14:06:35.1372505Z             [94mreturn[39;49;00m sc[90m[39;49;00m
PRE-RELEASE DEPENDENCIES	Run test suite	2026-10-02T14:06:35.1372875Z         [94mexcept[39;49;00m [96mImportError[39;49;00m [94mas[39;49;00m exc:[90m[39;49;00m
PRE-RELEASE DEPENDENCIES	Run test suite	2026-10-02T14:06:35.1373981Z >           [94mraise[39;49;00m [96mImportError[39;49;00m([33m"[39;49;00m[33mscanpy is required for single-cell preprocessing. Install with: pip install scanpy[39;49;00m[33m"[39;49;00m) [94mfrom[39;49;00m[90m [39;49;00m[04m[96mexc[39;49;00m[90m[39;49;00m
PRE-RELEASE DEPENDENCIES	Run test suite	2026-10-02T14:06:35.1374491Z [1m[31mE           ImportError: scanpy is required for single-cell preprocessing. Install with: pip install scanpy[0m
PRE-RELEASE DEPENDENCIES	Run test suite	2026-10-02T14:06:35.1374499Z 
PRE-RELEASE DEPENDENCIES	Run test suite	2026-10-02T14:06:35.1375099Z [1m[31m/opt/hostedtoolcache/Python/3.12.14/x64/lib/python3.12/site-packages/embpy/pp/singlecell/preprocessing.py[0m:32: ImportError
PRE-RELEASE DEPENDENCIES	Run test suite	2026-10-02T14:06:35.1375472Z [31m[1m______________ TestCopyBehavior.test_copy_false_modifies_in_place ______________[0m
PRE-RELEASE DEPENDENCIES	Run test suite	2026-10-02T14:06:35.1375483Z 
PRE-RELEASE DEPENDENCIES	Run test suite	2026-10-02T14:06:35.1376020Z     [0m[94mdef[39;49;00m[90m [39;49;00m[92m_require_scanpy[39;49;00m():  [90m# type: ignore[no-untyped-def][39;49;00m[90m[39;49;00m
PRE-RELEASE DEPENDENCIES	Run test suite	2026-10-02T14:06:35.1376381Z         [94mtry[39;49;00m:[90m[39;49;00m
PRE-RELEASE DEPENDENCIES	Run test suite	2026-10-02T14:06:35.1377057Z >           [94mimport[39;49;00m[90m [39;49;00m[04m[96mscanpy[39;49;00m[90m [39;49;00m[94mas[39;49;00m[90m [39;49;00m[04m[96msc[39;49;00m  [90m# type: ignore[import-untyped][39;49;00m[90m[39;49;00m
PRE-RELEASE DEPENDENCIES	Run test suite	2026-10-02T14:06:35.1377193Z             ^^^^^^^^^^^^^^^^^^^[90m[39;49;00m
PRE-RELEASE DEPENDENCIES	Run test suite	2026-10-02T14:06:35.1377401Z [1m[31mE           ModuleNotFoundError: No module named 'scanpy'[0m
PRE-RELEASE DEPENDENCIES	Run test suite	2026-10-02T14:06:35.1377407Z 
PRE-RELEASE DEPENDENCIES	Run test suite	2026-10-02T14:06:35.1377936Z [1m[31m/opt/hostedtoolcache/Python/3.12.14/x64/lib/python3.12/site-packages/embpy/pp/singlecell/preprocessing.py[0m:28: ModuleNotFoundError
PRE-RELEASE DEPENDENCIES	Run test suite	2026-10-02T14:06:35.1377942Z 
PRE-RELEASE DEPENDENCIES	Run test suite	2026-10-02T14:06:35.1378320Z [33mThe above exception was the direct cause of the following exception:[0m
PRE-RELEASE DEPENDENCIES	Run test suite	2026-10-02T14:06:35.1378332Z 
PRE-RELEASE DEPENDENCIES	Run test suite	2026-10-02T14:06:35.1378569Z self = <tests.embpy.test_sc_preprocessing.TestCopyBehavior object at 0x7fa7ee83fce0>
PRE-RELEASE DEPENDENCIES	Run test suite	2026-10-02T14:06:35.1378788Z adata_sparse = AnnData object with n_obs ├ù n_vars = 200 ├ù 500
PRE-RELEASE DEPENDENCIES	Run test suite	2026-10-02T14:06:35.1378872Z     layers: None (.X)
PRE-RELEASE DEPENDENCIES	Run test suite	2026-10-02T14:06:35.1378877Z 
PRE-RELEASE DEPENDENCIES	Run test suite	2026-10-02T14:06:35.1379352Z     [0m[94mdef[39;49;00m[90m [39;49;00m[92mtest_copy_false_modifies_in_place[39;49;00m([96mself[39;49;00m, adata_sparse):[90m[39;49;00m
PRE-RELEASE DEPENDENCIES	Run test suite	2026-10-02T14:06:35.1380263Z         [94mfrom[39;49;00m[90m [39;49;00m[04m[96membpy[39;49;00m[04m[96m.[39;49;00m[04m[96mpp[39;49;00m[04m[96m.[39;49;00m[04m[96msc_preprocessing[39;49;00m[90m [39;49;00m[94mimport[39;49;00m preprocess_counts[90m[39;49;00m
PRE-RELEASE DEPENDENCIES	Run test suite	2026-10-02T14:06:35.1380373Z     [90m[39;49;00m
PRE-RELEASE DEPENDENCIES	Run test suite	2026-10-02T14:06:35.1380858Z >       preprocess_counts(adata_sparse, pipeline=[33m"[39;49;00m[33mraw[39;49;00m[33m"[39;49;00m, copy=[94mFalse[39;49;00m)[90m[39;49;00m
PRE-RELEASE DEPENDENCIES	Run test suite	2026-10-02T14:06:35.1380871Z 
PRE-RELEASE DEPENDENCIES	Run test suite	2026-10-02T14:06:35.1381051Z [1m[31mtests/embpy/test_sc_preprocessing.py[0m:240: 
PRE-RELEASE DEPENDENCIES	Run test suite	2026-10-02T14:06:35.1381195Z _ _ _ _ _ _ _ _ _ _ _ _ _ _ _ _ _ _ _ _ _ _ _ _ _ _ _ _ _ _ _ _ _ _ _ _ _ _ _ _ 
PRE-RELEASE DEPENDENCIES	Run test suite	2026-10-02T14:06:35.1381751Z [1m[31m/opt/hostedtoolcache/Python/3.12.14/x64/lib/python3.12/site-packages/embpy/pp/singlecell/preprocessing.py[0m:119: in preprocess_counts
PRE-RELEASE DEPENDENCIES	Run test suite	2026-10-02T14:06:35.1381896Z     [0msc = _require_scanpy()[90m[39;49;00m
PRE-RELEASE DEPENDENCIES	Run test suite	2026-10-02T14:06:35.1382025Z          ^^^^^^^^^^^^^^^^^[90m[39;49;00m
PRE-RELEASE DEPENDENCIES	Run test suite	2026-10-02T14:06:35.1382158Z _ _ _ _ _ _ _ _ _ _ _ _ _ _ _ _ _ _ _ _ _ _ _ _ _ _ _ _ _ _ _ _ _ _ _ _ _ _ _ _ 
PRE-RELEASE DEPENDENCIES	Run test suite	2026-10-02T14:06:35.1382163Z 
PRE-RELEASE DEPENDENCIES	Run test suite	2026-10-02T14:06:35.1382596Z     [0m[94mdef[39;49;00m[90m [39;49;00m[92m_require_scanpy[39;49;00m():  [90m# type: ignore[no-untyped-def][39;49;00m[90m[39;49;00m
PRE-RELEASE DEPENDENCIES	Run test suite	2026-10-02T14:06:35.1382727Z         [94mtry[39;49;00m:[90m[39;49;00m
PRE-RELEASE DEPENDENCIES	Run test suite	2026-10-02T14:06:35.1383378Z             [94mimport[39;49;00m[90m [39;49;00m[04m[96mscanpy[39;49;00m[90m [39;49;00m[94mas[39;49;00m[90m [39;49;00m[04m[96msc[39;49;00m  [90m# type: ignore[import-untyped][39;49;00m[90m[39;49;00m
PRE-RELEASE DEPENDENCIES	Run test suite	2026-10-02T14:06:35.1383485Z     [90m[39;49;00m
PRE-RELEASE DEPENDENCIES	Run test suite	2026-10-02T14:06:35.1383636Z             [94mreturn[39;49;00m sc[90m[39;49;00m
PRE-RELEASE DEPENDENCIES	Run test suite	2026-10-02T14:06:35.1383938Z         [94mexcept[39;49;00m [96mImportError[39;49;00m [94mas[39;49;00m exc:[90m[39;49;00m
PRE-RELEASE DEPENDENCIES	Run test suite	2026-10-02T14:06:35.1384847Z >           [94mraise[39;49;00m [96mImportError[39;49;00m([33m"[39;49;00m[33mscanpy is required for single-cell preprocessing. Install with: pip install scanpy[39;49;00m[33m"[39;49;00m) [94mfrom[39;49;00m[90m [39;49;00m[04m[96mexc[39;49;00m[90m[39;49;00m
PRE-RELEASE DEPENDENCIES	Run test suite	2026-10-02T14:06:35.1385264Z [1m[31mE           ImportError: scanpy is required for single-cell preprocessing. Install with: pip install scanpy[0m
PRE-RELEASE DEPENDENCIES	Run test suite	2026-10-02T14:06:35.1385270Z 
PRE-RELEASE DEPENDENCIES	Run test suite	2026-10-02T14:06:35.1385770Z [1m[31m/opt/hostedtoolcache/Python/3.12.14/x64/lib/python3.12/site-packages/embpy/pp/singlecell/preprocessing.py[0m:32: ImportError
PRE-RELEASE DEPENDENCIES	Run test suite	2026-10-02T14:06:35.1386065Z [31m[1m___________________ TestDenseMatrix.test_standard_with_dense ___________________[0m
PRE-RELEASE DEPENDENCIES	Run test suite	2026-10-02T14:06:35.1386206Z 
PRE-RELEASE DEPENDENCIES	Run test suite	2026-10-02T14:06:35.1386647Z     [0m[94mdef[39;49;00m[90m [39;49;00m[92m_require_scanpy[39;49;00m():  [90m# type: ignore[no-untyped-def][39;49;00m[90m[39;49;00m
PRE-RELEASE DEPENDENCIES	Run test suite	2026-10-02T14:06:35.1386781Z         [94mtry[39;49;00m:[90m[39;49;00m
PRE-RELEASE DEPENDENCIES	Run test suite	2026-10-02T14:06:35.1387412Z >           [94mimport[39;49;00m[90m [39;49;00m[04m[96mscanpy[39;49;00m[90m [39;49;00m[94mas[39;49;00m[90m [39;49;00m[04m[96msc[39;49;00m  [90m# type: ignore[import-untyped][39;49;00m[90m[39;49;00m
PRE-RELEASE DEPENDENCIES	Run test suite	2026-10-02T14:06:35.1387549Z             ^^^^^^^^^^^^^^^^^^^[90m[39;49;00m
PRE-RELEASE DEPENDENCIES	Run test suite	2026-10-02T14:06:35.1387752Z [1m[31mE           ModuleNotFoundError: No module named 'scanpy'[0m
PRE-RELEASE DEPENDENCIES	Run test suite	2026-10-02T14:06:35.1387766Z 
PRE-RELEASE DEPENDENCIES	Run test suite	2026-10-02T14:06:35.1388275Z [1m[31m/opt/hostedtoolcache/Python/3.12.14/x64/lib/python3.12/site-packages/embpy/pp/singlecell/preprocessing.py[0m:28: ModuleNotFoundError
PRE-RELEASE DEPENDENCIES	Run test suite	2026-10-02T14:06:35.1388389Z 
PRE-RELEASE DEPENDENCIES	Run test suite	2026-10-02T14:06:35.1388693Z [33mThe above exception was the direct cause of the following exception:[0m
PRE-RELEASE DEPENDENCIES	Run test suite	2026-10-02T14:06:35.1388702Z 
PRE-RELEASE DEPENDENCIES	Run test suite	2026-10-02T14:06:35.1388939Z self = <tests.embpy.test_sc_preprocessing.TestDenseMatrix object at 0x7fa7ee999880>
PRE-RELEASE DEPENDENCIES	Run test suite	2026-10-02T14:06:35.1389214Z adata_dense = AnnData object with n_obs ├ù n_vars = 200 ├ù 500
PRE-RELEASE DEPENDENCIES	Run test suite	2026-10-02T14:06:35.1389301Z     layers: None (.X)
PRE-RELEASE DEPENDENCIES	Run test suite	2026-10-02T14:06:35.1389306Z 
PRE-RELEASE DEPENDENCIES	Run test suite	2026-10-02T14:06:35.1389855Z     [0m[94mdef[39;49;00m[90m [39;49;00m[92mtest_standard_with_dense[39;49;00m([96mself[39;49;00m, adata_dense):[90m[39;49;00m
PRE-RELEASE DEPENDENCIES	Run test suite	2026-10-02T14:06:35.1390608Z         [94mfrom[39;49;00m[90m [39;49;00m[04m[96membpy[39;49;00m[04m[96m.[39;49;00m[04m[96mpp[39;49;00m[04m[96m.[39;49;00m[04m[96msc_preprocessing[39;49;00m[90m [39;49;00m[94mimport[39;49;00m preprocess_counts[90m[39;49;00m
PRE-RELEASE DEPENDENCIES	Run test suite	2026-10-02T14:06:35.1390716Z     [90m[39;49;00m
PRE-RELEASE DEPENDENCIES	Run test suite	2026-10-02T14:06:35.1391142Z >       result = preprocess_counts(adata_dense, pipeline=[33m"[39;49;00m[33mstandard[39;49;00m[33m"[39;49;00m)[90m[39;49;00m
PRE-RELEASE DEPENDENCIES	Run test suite	2026-10-02T14:06:35.1391333Z                  ^^^^^^^^^^^^^^^^^^^^^^^^^^^^^^^^^^^^^^^^^^^^^^^^^^^[90m[39;49;00m
PRE-RELEASE DEPENDENCIES	Run test suite	2026-10-02T14:06:35.1391347Z 
PRE-RELEASE DEPENDENCIES	Run test suite	2026-10-02T14:06:35.1391522Z [1m[31mtests/embpy/test_sc_preprocessing.py[0m:253: 
PRE-RELEASE DEPENDENCIES	Run test suite	2026-10-02T14:06:35.1391658Z _ _ _ _ _ _ _ _ _ _ _ _ _ _ _ _ _ _ _ _ _ _ _ _ _ _ _ _ _ _ _ _ _ _ _ _ _ _ _ _ 
PRE-RELEASE DEPENDENCIES	Run test suite	2026-10-02T14:06:35.1392174Z [1m[31m/opt/hostedtoolcache/Python/3.12.14/x64/lib/python3.12/site-packages/embpy/pp/singlecell/preprocessing.py[0m:119: in preprocess_counts
PRE-RELEASE DEPENDENCIES	Run test suite	2026-10-02T14:06:35.1392324Z     [0msc = _require_scanpy()[90m[39;49;00m
PRE-RELEASE DEPENDENCIES	Run test suite	2026-10-02T14:06:35.1392453Z          ^^^^^^^^^^^^^^^^^[90m[39;49;00m
PRE-RELEASE DEPENDENCIES	Run test suite	2026-10-02T14:06:35.1392579Z _ _ _ _ _ _ _ _ _ _ _ _ _ _ _ _ _ _ _ _ _ _ _ _ _ _ _ _ _ _ _ _ _ _ _ _ _ _ _ _ 
PRE-RELEASE DEPENDENCIES	Run test suite	2026-10-02T14:06:35.1392584Z 
PRE-RELEASE DEPENDENCIES	Run test suite	2026-10-02T14:06:35.1393009Z     [0m[94mdef[39;49;00m[90m [39;49;00m[92m_require_scanpy[39;49;00m():  [90m# type: ignore[no-untyped-def][39;49;00m[90m[39;49;00m
PRE-RELEASE DEPENDENCIES	Run test suite	2026-10-02T14:06:35.1393141Z         [94mtry[39;49;00m:[90m[39;49;00m
PRE-RELEASE DEPENDENCIES	Run test suite	2026-10-02T14:06:35.1393811Z             [94mimport[39;49;00m[90m [39;49;00m[04m[96mscanpy[39;49;00m[90m [39;49;00m[94mas[39;49;00m[90m [39;49;00m[04m[96msc[39;49;00m  [90m# type: ignore[import-untyped][39;49;00m[90m[39;49;00m
PRE-RELEASE DEPENDENCIES	Run test suite	2026-10-02T14:06:35.1393926Z     [90m[39;49;00m
PRE-RELEASE DEPENDENCIES	Run test suite	2026-10-02T14:06:35.1394072Z             [94mreturn[39;49;00m sc[90m[39;49;00m
PRE-RELEASE DEPENDENCIES	Run test suite	2026-10-02T14:06:35.1394366Z         [94mexcept[39;49;00m [96mImportError[39;49;00m [94mas[39;49;00m exc:[90m[39;49;00m
PRE-RELEASE DEPENDENCIES	Run test suite	2026-10-02T14:06:35.1395243Z >           [94mraise[39;49;00m [96mImportError[39;49;00m([33m"[39;49;00m[33mscanpy is required for single-cell preprocessing. Install with: pip install scanpy[39;49;00m[33m"[39;49;00m) [94mfrom[39;49;00m[90m [39;49;00m[04m[96mexc[39;49;00m[90m[39;49;00m
PRE-RELEASE DEPENDENCIES	Run test suite	2026-10-02T14:06:35.1395649Z [1m[31mE           ImportError: scanpy is required for single-cell preprocessing. Install with: pip install scanpy[0m
PRE-RELEASE DEPENDENCIES	Run test suite	2026-10-02T14:06:35.1395655Z 
PRE-RELEASE DEPENDENCIES	Run test suite	2026-10-02T14:06:35.1396135Z [1m[31m/opt/hostedtoolcache/Python/3.12.14/x64/lib/python3.12/site-packages/embpy/pp/singlecell/preprocessing.py[0m:32: ImportError
PRE-RELEASE DEPENDENCIES	Run test suite	2026-10-02T14:06:35.1396580Z [31m[1m___________ TestSNPEmbeddingResult.test_delta_computed_automatically ___________[0m
PRE-RELEASE DEPENDENCIES	Run test suite	2026-10-02T14:06:35.1396586Z 
PRE-RELEASE DEPENDENCIES	Run test suite	2026-10-02T14:06:35.1396817Z self = <tests.embpy.test_snp_utils.TestSNPEmbeddingResult object at 0x7fa7ee945760>
PRE-RELEASE DEPENDENCIES	Run test suite	2026-10-02T14:06:35.1396823Z 
PRE-RELEASE DEPENDENCIES	Run test suite	2026-10-02T14:06:35.1505650Z     [0m[94mdef[39;49;00m[90m [39;49;00m[92mtest_delta_computed_automatically[39;49;00m([96mself[39;49;00m):[90m[39;49;00m
PRE-RELEASE DEPENDENCIES	Run test suite	2026-10-02T14:06:35.1506196Z         r = [96mself[39;49;00m._make_result([94m64[39;49;00m)[90m[39;49;00m
PRE-RELEASE DEPENDENCIES	Run test suite	2026-10-02T14:06:35.1506664Z >       [94massert[39;49;00m [96mlen[39;49;00m(r.delta_embeddings) == [94m1[39;49;00m[90m[39;49;00m
PRE-RELEASE DEPENDENCIES	Run test suite	2026-10-02T14:06:35.1507119Z [1m[31mE       AssertionError: assert 0 == 1[0m
PRE-RELEASE DEPENDENCIES	Run test suite	2026-10-02T14:06:35.1507282Z [1m[31mE        +  where 0 = len([])[0m
PRE-RELEASE DEPENDENCIES	Run test suite	2026-10-02T14:06:35.1512116Z [1m[31mE        +    where [] = SNPEmbeddingResult(snp=SNPContext(position=200, ref_allele='T', alt_alleles=['G'], context_window=64, chrom='chr17', strand='+', variant_id='rs_test'), ref_sequence='ACGTACGTACGTACGTACGTACGTACGTACGTACGTACGTACGTACGTACGTACGTACGTACGT', alt_sequences=['TCGTACGTACGTACGTACGTACGTACGTACGTACGTACGTACGTACGTACGTACGTACGTACGT'], ref_embedding=array([1., 1., 1., 1., 1., 1., 1., 1., 1., 1., 1., 1., 1., 1., 1., 1., 1.,\n       1., 1., 1., 1., 1., 1., 1., 1., 1., 1., 1., 1., 1., 1., 1., 1., 1.,\n       1., 1., 1., 1., 1., 1., 1., 1., 1., 1., 1., 1., 1., 1., 1., 1., 1.,\n       1., 1., 1., 1., 1., 1., 1., 1., 1., 1., 1., 1., 1.], dtype=float32), alt_embeddings=[array([2., 2., 2., 2., 2., 2., 2., 2., 2., 2., 2., 2., 2., 2., 2., 2., 2.,\n       2., 2., 2., 2., 2., 2., 2., 2., 2., 2., 2., 2., 2., 2., 2., 2., 2.,\n       2., 2., 2., 2., 2., 2., 2., 2., 2., 2., 2., 2., 2., 2., 2., 2., 2.,\n       2., 2., 2., 2., 2., 2., 2., 2., 2., 2., 2., 2., 2.], dtype=float32)], delta_embeddings=[], concat_embeddings=[], delta_norms=[], cosine_similarities=[1.0], model_name='', pooling_strategy='mean', compute_delta=False, compute_concat=False).delta_embeddings[0m
PRE-RELEASE DEPENDENCIES	Run test suite	2026-10-02T14:06:35.1512156Z 
PRE-RELEASE DEPENDENCIES	Run test suite	2026-10-02T14:06:35.1512422Z [1m[31mtests/embpy/test_snp_utils.py[0m:188: AssertionError
PRE-RELEASE DEPENDENCIES	Run test suite	2026-10-02T14:06:35.1512819Z [31m[1m________ TestSNPEmbeddingResult.test_delta_norm_computed_automatically _________[0m
PRE-RELEASE DEPENDENCIES	Run test suite	2026-10-02T14:06:35.1512827Z 
PRE-RELEASE DEPENDENCIES	Run test suite	2026-10-02T14:06:35.1513116Z self = <tests.embpy.test_snp_utils.TestSNPEmbeddingResult object at 0x7fa7ee946030>
PRE-RELEASE DEPENDENCIES	Run test suite	2026-10-02T14:06:35.1513123Z 
PRE-RELEASE DEPENDENCIES	Run test suite	2026-10-02T14:06:35.1513694Z     [0m[94mdef[39;49;00m[90m [39;49;00m[92mtest_delta_norm_computed_automatically[39;49;00m([96mself[39;49;00m):[90m[39;49;00m
PRE-RELEASE DEPENDENCIES	Run test suite	2026-10-02T14:06:35.1513988Z         r = [96mself[39;49;00m._make_result([94m64[39;49;00m)[90m[39;49;00m
PRE-RELEASE DEPENDENCIES	Run test suite	2026-10-02T14:06:35.1514415Z         expected_norm = [96mfloat[39;49;00m(np.linalg.norm(np.ones([94m64[39;49;00m)))[90m[39;49;00m
PRE-RELEASE DEPENDENCIES	Run test suite	2026-10-02T14:06:35.1515027Z >       [94massert[39;49;00m pytest.approx(r.delta_norms[[94m0[39;49;00m], [96mabs[39;49;00m=[94m1e-4[39;49;00m) == expected_norm[90m[39;49;00m
PRE-RELEASE DEPENDENCIES	Run test suite	2026-10-02T14:06:35.1515229Z                              ^^^^^^^^^^^^^^^^[90m[39;49;00m
PRE-RELEASE DEPENDENCIES	Run test suite	2026-10-02T14:06:35.1515447Z [1m[31mE       IndexError: list index out of range[0m
PRE-RELEASE DEPENDENCIES	Run test suite	2026-10-02T14:06:35.1515455Z 
PRE-RELEASE DEPENDENCIES	Run test suite	2026-10-02T14:06:35.1515683Z [1m[31mtests/embpy/test_snp_utils.py[0m:196: IndexError
PRE-RELEASE DEPENDENCIES	Run test suite	2026-10-02T14:06:35.1516066Z [31m[1m__________ TestSNPEmbeddingResult.test_zero_delta_when_ref_equals_alt __________[0m
PRE-RELEASE DEPENDENCIES	Run test suite	2026-10-02T14:06:35.1516073Z 
PRE-RELEASE DEPENDENCIES	Run test suite	2026-10-02T14:06:35.1516372Z self = <tests.embpy.test_snp_utils.TestSNPEmbeddingResult object at 0x7fa7ee944350>
PRE-RELEASE DEPENDENCIES	Run test suite	2026-10-02T14:06:35.1516379Z 
PRE-RELEASE DEPENDENCIES	Run test suite	2026-10-02T14:06:35.1516926Z     [0m[94mdef[39;49;00m[90m [39;49;00m[92mtest_zero_delta_when_ref_equals_alt[39;49;00m([96mself[39;49;00m):[90m[39;49;00m
PRE-RELEASE DEPENDENCIES	Run test suite	2026-10-02T14:06:35.1517081Z         snp = _make_snp()[90m[39;49;00m
PRE-RELEASE DEPENDENCIES	Run test suite	2026-10-02T14:06:35.1517330Z         emb = np.ones([94m64[39;49;00m, dtype=np.float32)[90m[39;49;00m
PRE-RELEASE DEPENDENCIES	Run test suite	2026-10-02T14:06:35.1517634Z         r = SNPEmbeddingResult([90m[39;49;00m
PRE-RELEASE DEPENDENCIES	Run test suite	2026-10-02T14:06:35.1518222Z             snp=snp, ref_sequence=[33m"[39;49;00m[33mX[39;49;00m[33m"[39;49;00m, alt_sequences=[[33m"[39;49;00m[33mX[39;49;00m[33m"[39;49;00m],[90m[39;49;00m
PRE-RELEASE DEPENDENCIES	Run test suite	2026-10-02T14:06:35.1518475Z             ref_embedding=emb, alt_embeddings=[emb.copy()],[90m[39;49;00m
PRE-RELEASE DEPENDENCIES	Run test suite	2026-10-02T14:06:35.1518600Z         )[90m[39;49;00m
PRE-RELEASE DEPENDENCIES	Run test suite	2026-10-02T14:06:35.1519171Z >       [94massert[39;49;00m pytest.approx(r.delta_norms[[94m0[39;49;00m], [96mabs[39;49;00m=[94m1e-6[39;49;00m) == [94m0.0[39;49;00m[90m[39;49;00m
PRE-RELEASE DEPENDENCIES	Run test suite	2026-10-02T14:06:35.1519340Z                              ^^^^^^^^^^^^^^^^[90m[39;49;00m
PRE-RELEASE DEPENDENCIES	Run test suite	2026-10-02T14:06:35.1519661Z [1m[31mE       IndexError: list index out of range[0m
PRE-RELEASE DEPENDENCIES	Run test suite	2026-10-02T14:06:35.1519787Z 
PRE-RELEASE DEPENDENCIES	Run test suite	2026-10-02T14:06:35.1519999Z [1m[31mtests/embpy/test_snp_utils.py[0m:221: IndexError
PRE-RELEASE DEPENDENCIES	Run test suite	2026-10-02T14:06:35.1520339Z [31m[1m__________________ TestSNPEmbeddingResult.test_multiple_alts ___________________[0m
PRE-RELEASE DEPENDENCIES	Run test suite	2026-10-02T14:06:35.1520349Z 
PRE-RELEASE DEPENDENCIES	Run test suite	2026-10-02T14:06:35.1520609Z self = <tests.embpy.test_snp_utils.TestSNPEmbeddingResult object at 0x7fa7ee946420>
PRE-RELEASE DEPENDENCIES	Run test suite	2026-10-02T14:06:35.1520614Z 
PRE-RELEASE DEPENDENCIES	Run test suite	2026-10-02T14:06:35.1521015Z     [0m[94mdef[39;49;00m[90m [39;49;00m[92mtest_multiple_alts[39;49;00m([96mself[39;49;00m):[90m[39;49;00m
PRE-RELEASE DEPENDENCIES	Run test suite	2026-10-02T14:06:35.1521509Z         snp = _make_snp(alts=[[33m"[39;49;00m[33mT[39;49;00m[33m"[39;49;00m, [33m"[39;49;00m[33mG[39;49;00m[33m"[39;49;00m])[90m[39;49;00m
PRE-RELEASE DEPENDENCIES	Run test suite	2026-10-02T14:06:35.1521748Z         ref = np.ones([94m32[39;49;00m, dtype=np.float32)[90m[39;49;00m
PRE-RELEASE DEPENDENCIES	Run test suite	2026-10-02T14:06:35.1522330Z         alts = [np.ones([94m32[39;49;00m, dtype=np.float32) * [94m2[39;49;00m, np.ones([94m32[39;49;00m, dtype=np.float32) * [94m3[39;49;00m][90m[39;49;00m
PRE-RELEASE DEPENDENCIES	Run test suite	2026-10-02T14:06:35.1522501Z         r = SNPEmbeddingResult([90m[39;49;00m
PRE-RELEASE DEPENDENCIES	Run test suite	2026-10-02T14:06:35.1523245Z             snp=snp, ref_sequence=[33m"[39;49;00m[33mX[39;49;00m[33m"[39;49;00m, alt_sequences=[[33m"[39;49;00m[33mY[39;49;00m[33m"[39;49;00m, [33m"[39;49;00m[33mZ[39;49;00m[33m"[39;49;00m],[90m[39;49;00m
PRE-RELEASE DEPENDENCIES	Run test suite	2026-10-02T14:06:35.1523473Z             ref_embedding=ref, alt_embeddings=alts,[90m[39;49;00m
PRE-RELEASE DEPENDENCIES	Run test suite	2026-10-02T14:06:35.1523594Z         )[90m[39;49;00m
PRE-RELEASE DEPENDENCIES	Run test suite	2026-10-02T14:06:35.1523962Z >       [94massert[39;49;00m [96mlen[39;49;00m(r.delta_embeddings) == [94m2[39;49;00m[90m[39;49;00m
PRE-RELEASE DEPENDENCIES	Run test suite	2026-10-02T14:06:35.1524138Z [1m[31mE       AssertionError: assert 0 == 2[0m
PRE-RELEASE DEPENDENCIES	Run test suite	2026-10-02T14:06:35.1524282Z [1m[31mE        +  where 0 = len([])[0m
PRE-RELEASE DEPENDENCIES	Run test suite	2026-10-02T14:06:35.1527660Z [1m[31mE        +    where [] = SNPEmbeddingResult(snp=SNPContext(position=200, ref_allele='T', alt_alleles=['T', 'G'], context_window=64, chrom='chr17', strand='+', variant_id='rs_test'), ref_sequence='X', alt_sequences=['Y', 'Z'], ref_embedding=array([1., 1., 1., 1., 1., 1., 1., 1., 1., 1., 1., 1., 1., 1., 1., 1., 1.,\n       1., 1., 1., 1., 1., 1., 1., 1., 1., 1., 1., 1., 1., 1., 1.],\n      dtype=float32), alt_embeddings=[array([2., 2., 2., 2., 2., 2., 2., 2., 2., 2., 2., 2., 2., 2., 2., 2., 2.,\n       2., 2., 2., 2., 2., 2., 2., 2., 2., 2., 2., 2., 2., 2., 2.],\n      dtype=float32), array([3., 3., 3., 3., 3., 3., 3., 3., 3., 3., 3., 3., 3., 3., 3., 3., 3.,\n       3., 3., 3., 3., 3., 3., 3., 3., 3., 3., 3., 3., 3., 3., 3.],\n      dtype=float32)], delta_embeddings=[], concat_embeddings=[], delta_norms=[], cosine_similarities=[1.0000001192092896, 1.0000001192092896], model_name='', pooling_strategy='mean', compute_delta=False, compute_concat=False).delta_embeddings[0m
PRE-RELEASE DEPENDENCIES	Run test suite	2026-10-02T14:06:35.1527675Z 
PRE-RELEASE DEPENDENCIES	Run test suite	2026-10-02T14:06:35.1527879Z [1m[31mtests/embpy/test_snp_utils.py[0m:231: AssertionError
PRE-RELEASE DEPENDENCIES	Run test suite	2026-10-02T14:06:35.1528180Z [31m[1m___________ TestSNPEmbeddingResult.test_to_dict_returns_list_of_rows ___________[0m
PRE-RELEASE DEPENDENCIES	Run test suite	2026-10-02T14:06:35.1528194Z 
PRE-RELEASE DEPENDENCIES	Run test suite	2026-10-02T14:06:35.1528418Z self = <tests.embpy.test_snp_utils.TestSNPEmbeddingResult object at 0x7fa7ee947920>
PRE-RELEASE DEPENDENCIES	Run test suite	2026-10-02T14:06:35.1528423Z 
PRE-RELEASE DEPENDENCIES	Run test suite	2026-10-02T14:06:35.1528834Z     [0m[94mdef[39;49;00m[90m [39;49;00m[92mtest_to_dict_returns_list_of_rows[39;49;00m([96mself[39;49;00m):[90m[39;49;00m
PRE-RELEASE DEPENDENCIES	Run test suite	2026-10-02T14:06:35.1529128Z         r = [96mself[39;49;00m._make_result()[90m[39;49;00m
PRE-RELEASE DEPENDENCIES	Run test suite	2026-10-02T14:06:35.1529263Z >       rows = r.to_dict()[90m[39;49;00m
PRE-RELEASE DEPENDENCIES	Run test suite	2026-10-02T14:06:35.1529385Z                ^^^^^^^^^^^[90m[39;49;00m
PRE-RELEASE DEPENDENCIES	Run test suite	2026-10-02T14:06:35.1529516Z 
PRE-RELEASE DEPENDENCIES	Run test suite	2026-10-02T14:06:35.1529675Z [1m[31mtests/embpy/test_snp_utils.py[0m:237: 
PRE-RELEASE DEPENDENCIES	Run test suite	2026-10-02T14:06:35.1529816Z _ _ _ _ _ _ _ _ _ _ _ _ _ _ _ _ _ _ _ _ _ _ _ _ _ _ _ _ _ _ _ _ _ _ _ _ _ _ _ _ 
PRE-RELEASE DEPENDENCIES	Run test suite	2026-10-02T14:06:35.1529822Z 
PRE-RELEASE DEPENDENCIES	Run test suite	2026-10-02T14:06:35.1530552Z self = SNPEmbeddingResult(snp=SNPContext(position=200, ref_allele='T', alt_alleles=['G'], context_window=64, chrom='chr17', s...norms=[], cosine_similarities=[1.0], model_name='', pooling_strategy='mean', compute_delta=False, compute_concat=False)
PRE-RELEASE DEPENDENCIES	Run test suite	2026-10-02T14:06:35.1530676Z 
PRE-RELEASE DEPENDENCIES	Run test suite	2026-10-02T14:06:35.1531149Z     [0m[94mdef[39;49;00m[90m [39;49;00m[92mto_dict[39;49;00m([96mself[39;49;00m) -> [96mdict[39;49;00m[[96mstr[39;49;00m, Any]:[90m[39;49;00m
PRE-RELEASE DEPENDENCIES	Run test suite	2026-10-02T14:06:35.1531548Z     [90m    [39;49;00m[33m"""Serialise summary statistics (not raw embeddings) to a dict."""[39;49;00m[90m[39;49;00m
PRE-RELEASE DEPENDENCIES	Run test suite	2026-10-02T14:06:35.1531666Z         rows = [][90m[39;49;00m
PRE-RELEASE DEPENDENCIES	Run test suite	2026-10-02T14:06:35.1532074Z         [94mfor[39;49;00m i, alt [95min[39;49;00m [96menumerate[39;49;00m([96mself[39;49;00m.snp.alt_alleles):[90m[39;49;00m
PRE-RELEASE DEPENDENCIES	Run test suite	2026-10-02T14:06:35.1532205Z             rows.append([90m[39;49;00m
PRE-RELEASE DEPENDENCIES	Run test suite	2026-10-02T14:06:35.1532329Z                 {[90m[39;49;00m
PRE-RELEASE DEPENDENCIES	Run test suite	2026-10-02T14:06:35.1532709Z                     [33m"[39;49;00m[33mvariant_id[39;49;00m[33m"[39;49;00m: [96mself[39;49;00m.snp.variant_id,[90m[39;49;00m
PRE-RELEASE DEPENDENCIES	Run test suite	2026-10-02T14:06:35.1533047Z                     [33m"[39;49;00m[33mchrom[39;49;00m[33m"[39;49;00m: [96mself[39;49;00m.snp.chrom,[90m[39;49;00m
PRE-RELEASE DEPENDENCIES	Run test suite	2026-10-02T14:06:35.1533410Z                     [33m"[39;49;00m[33mposition[39;49;00m[33m"[39;49;00m: [96mself[39;49;00m.snp.position,[90m[39;49;00m
PRE-RELEASE DEPENDENCIES	Run test suite	2026-10-02T14:06:35.1533753Z                     [33m"[39;49;00m[33mref[39;49;00m[33m"[39;49;00m: [96mself[39;49;00m.snp.ref_allele,[90m[39;49;00m
PRE-RELEASE DEPENDENCIES	Run test suite	2026-10-02T14:06:35.1534001Z                     [33m"[39;49;00m[33malt[39;49;00m[33m"[39;49;00m: alt,[90m[39;49;00m
PRE-RELEASE DEPENDENCIES	Run test suite	2026-10-02T14:06:35.1534380Z >                   [33m"[39;49;00m[33mdelta_l2_norm[39;49;00m[33m"[39;49;00m: [96mself[39;49;00m.delta_norms[i],[90m[39;49;00m
PRE-RELEASE DEPENDENCIES	Run test suite	2026-10-02T14:06:35.1534550Z                                      ^^^^^^^^^^^^^^^^^^^[90m[39;49;00m
PRE-RELEASE DEPENDENCIES	Run test suite	2026-10-02T14:06:35.1534984Z                     [33m"[39;49;00m[33mcosine_similarity[39;49;00m[33m"[39;49;00m: [96mself[39;49;00m.cosine_similarities[i],[90m[39;49;00m
PRE-RELEASE DEPENDENCIES	Run test suite	2026-10-02T14:06:35.1677843Z                     [33m"[39;49;00m[33mmodel[39;49;00m[33m"[39;49;00m: [96mself[39;49;00m.model_name,[90m[39;49;00m
PRE-RELEASE DEPENDENCIES	Run test suite	2026-10-02T14:06:35.1678708Z                     [33m"[39;49;00m[33mpooling[39;49;00m[33m"[39;49;00m: [96mself[39;49;00m.pooling_strategy,[90m[39;49;00m
PRE-RELEASE DEPENDENCIES	Run test suite	2026-10-02T14:06:35.1678881Z                 }[90m[39;49;00m
PRE-RELEASE DEPENDENCIES	Run test suite	2026-10-02T14:06:35.1679028Z             )[90m[39;49;00m
PRE-RELEASE DEPENDENCIES	Run test suite	2026-10-02T14:06:35.1679259Z [1m[31mE           IndexError: list index out of range[0m
PRE-RELEASE DEPENDENCIES	Run test suite	2026-10-02T14:06:35.1679266Z 
PRE-RELEASE DEPENDENCIES	Run test suite	2026-10-02T14:06:35.1680151Z [1m[31m/opt/hostedtoolcache/Python/3.12.14/x64/lib/python3.12/site-packages/embpy/tl/genomics/snp_utils.py[0m:324: IndexError
PRE-RELEASE DEPENDENCIES	Run test suite	2026-10-02T14:06:35.1680537Z [31m[1m________________ TestSNPEmbeddingResult.test_to_dict_multi_alt _________________[0m
PRE-RELEASE DEPENDENCIES	Run test suite	2026-10-02T14:06:35.1680545Z 
PRE-RELEASE DEPENDENCIES	Run test suite	2026-10-02T14:06:35.1680837Z self = <tests.embpy.test_snp_utils.TestSNPEmbeddingResult object at 0x7fa7ee83ffb0>
PRE-RELEASE DEPENDENCIES	Run test suite	2026-10-02T14:06:35.1680849Z 
PRE-RELEASE DEPENDENCIES	Run test suite	2026-10-02T14:06:35.1681313Z     [0m[94mdef[39;49;00m[90m [39;49;00m[92mtest_to_dict_multi_alt[39;49;00m([96mself[39;49;00m):[90m[39;49;00m
PRE-RELEASE DEPENDENCIES	Run test suite	2026-10-02T14:06:35.1681852Z         snp = _make_snp(alts=[[33m"[39;49;00m[33mT[39;49;00m[33m"[39;49;00m, [33m"[39;49;00m[33mG[39;49;00m[33m"[39;49;00m])[90m[39;49;00m
PRE-RELEASE DEPENDENCIES	Run test suite	2026-10-02T14:06:35.1682329Z         ref = np.ones([94m32[39;49;00m, dtype=np.float32)[90m[39;49;00m
PRE-RELEASE DEPENDENCIES	Run test suite	2026-10-02T14:06:35.1682952Z         alts = [np.ones([94m32[39;49;00m, dtype=np.float32) * [94m2[39;49;00m, np.ones([94m32[39;49;00m, dtype=np.float32) * [94m3[39;49;00m][90m[39;49;00m
PRE-RELEASE DEPENDENCIES	Run test suite	2026-10-02T14:06:35.1683146Z         r = SNPEmbeddingResult([90m[39;49;00m
PRE-RELEASE DEPENDENCIES	Run test suite	2026-10-02T14:06:35.1683951Z             snp=snp, ref_sequence=[33m"[39;49;00m[33mX[39;49;00m[33m"[39;49;00m, alt_sequences=[[33m"[39;49;00m[33mY[39;49;00m[33m"[39;49;00m, [33m"[39;49;00m[33mZ[39;49;00m[33m"[39;49;00m],[90m[39;49;00m
PRE-RELEASE DEPENDENCIES	Run test suite	2026-10-02T14:06:35.1684202Z             ref_embedding=ref, alt_embeddings=alts,[90m[39;49;00m
PRE-RELEASE DEPENDENCIES	Run test suite	2026-10-02T14:06:35.1684478Z         )[90m[39;49;00m
PRE-RELEASE DEPENDENCIES	Run test suite	2026-10-02T14:06:35.1684640Z >       rows = r.to_dict()[90m[39;49;00m
PRE-RELEASE DEPENDENCIES	Run test suite	2026-10-02T14:06:35.1684797Z                ^^^^^^^^^^^[90m[39;49;00m
PRE-RELEASE DEPENDENCIES	Run test suite	2026-10-02T14:06:35.1684809Z 
PRE-RELEASE DEPENDENCIES	Run test suite	2026-10-02T14:06:35.1685006Z [1m[31mtests/embpy/test_snp_utils.py[0m:255: 
PRE-RELEASE DEPENDENCIES	Run test suite	2026-10-02T14:06:35.1685177Z _ _ _ _ _ _ _ _ _ _ _ _ _ _ _ _ _ _ _ _ _ _ _ _ _ _ _ _ _ _ _ _ _ _ _ _ _ _ _ _ 
PRE-RELEASE DEPENDENCIES	Run test suite	2026-10-02T14:06:35.1685184Z 
PRE-RELEASE DEPENDENCIES	Run test suite	2026-10-02T14:06:35.1686098Z self = SNPEmbeddingResult(snp=SNPContext(position=200, ref_allele='T', alt_alleles=['T', 'G'], context_window=64, chrom='chr1...00001192092896, 1.0000001192092896], model_name='', pooling_strategy='mean', compute_delta=False, compute_concat=False)
PRE-RELEASE DEPENDENCIES	Run test suite	2026-10-02T14:06:35.1686107Z 
PRE-RELEASE DEPENDENCIES	Run test suite	2026-10-02T14:06:35.1686743Z     [0m[94mdef[39;49;00m[90m [39;49;00m[92mto_dict[39;49;00m([96mself[39;49;00m) -> [96mdict[39;49;00m[[96mstr[39;49;00m, Any]:[90m[39;49;00m
PRE-RELEASE DEPENDENCIES	Run test suite	2026-10-02T14:06:35.1687366Z     [90m    [39;49;00m[33m"""Serialise summary statistics (not raw embeddings) to a dict."""[39;49;00m[90m[39;49;00m
PRE-RELEASE DEPENDENCIES	Run test suite	2026-10-02T14:06:35.1687530Z         rows = [][90m[39;49;00m
PRE-RELEASE DEPENDENCIES	Run test suite	2026-10-02T14:06:35.1688068Z         [94mfor[39;49;00m i, alt [95min[39;49;00m [96menumerate[39;49;00m([96mself[39;49;00m.snp.alt_alleles):[90m[39;49;00m
PRE-RELEASE DEPENDENCIES	Run test suite	2026-10-02T14:06:35.1688249Z             rows.append([90m[39;49;00m
PRE-RELEASE DEPENDENCIES	Run test suite	2026-10-02T14:06:35.1688398Z                 {[90m[39;49;00m
PRE-RELEASE DEPENDENCIES	Run test suite	2026-10-02T14:06:35.1688895Z                     [33m"[39;49;00m[33mvariant_id[39;49;00m[33m"[39;49;00m: [96mself[39;49;00m.snp.variant_id,[90m[39;49;00m
PRE-RELEASE DEPENDENCIES	Run test suite	2026-10-02T14:06:35.1689345Z                     [33m"[39;49;00m[33mchrom[39;49;00m[33m"[39;49;00m: [96mself[39;49;00m.snp.chrom,[90m[39;49;00m
PRE-RELEASE DEPENDENCIES	Run test suite	2026-10-02T14:06:35.1689954Z                     [33m"[39;49;00m[33mposition[39;49;00m[33m"[39;49;00m: [96mself[39;49;00m.snp.position,[90m[39;49;00m
PRE-RELEASE DEPENDENCIES	Run test suite	2026-10-02T14:06:35.1690411Z                     [33m"[39;49;00m[33mref[39;49;00m[33m"[39;49;00m: [96mself[39;49;00m.snp.ref_allele,[90m[39;49;00m
PRE-RELEASE DEPENDENCIES	Run test suite	2026-10-02T14:06:35.1690740Z                     [33m"[39;49;00m[33malt[39;49;00m[33m"[39;49;00m: alt,[90m[39;49;00m
PRE-RELEASE DEPENDENCIES	Run test suite	2026-10-02T14:06:35.1691245Z >                   [33m"[39;49;00m[33mdelta_l2_norm[39;49;00m[33m"[39;49;00m: [96mself[39;49;00m.delta_norms[i],[90m[39;49;00m
PRE-RELEASE DEPENDENCIES	Run test suite	2026-10-02T14:06:35.1691473Z                                      ^^^^^^^^^^^^^^^^^^^[90m[39;49;00m
PRE-RELEASE DEPENDENCIES	Run test suite	2026-10-02T14:06:35.1692054Z                     [33m"[39;49;00m[33mcosine_similarity[39;49;00m[33m"[39;49;00m: [96mself[39;49;00m.cosine_similarities[i],[90m[39;49;00m
PRE-RELEASE DEPENDENCIES	Run test suite	2026-10-02T14:06:35.1692504Z                     [33m"[39;49;00m[33mmodel[39;49;00m[33m"[39;49;00m: [96mself[39;49;00m.model_name,[90m[39;49;00m
PRE-RELEASE DEPENDENCIES	Run test suite	2026-10-02T14:06:35.1692997Z                     [33m"[39;49;00m[33mpooling[39;49;00m[33m"[39;49;00m: [96mself[39;49;00m.pooling_strategy,[90m[39;49;00m
PRE-RELEASE DEPENDENCIES	Run test suite	2026-10-02T14:06:35.1693142Z                 }[90m[39;49;00m
PRE-RELEASE DEPENDENCIES	Run test suite	2026-10-02T14:06:35.1693291Z             )[90m[39;49;00m
PRE-RELEASE DEPENDENCIES	Run test suite	2026-10-02T14:06:35.1693520Z [1m[31mE           IndexError: list index out of range[0m
PRE-RELEASE DEPENDENCIES	Run test suite	2026-10-02T14:06:35.1693527Z 
PRE-RELEASE DEPENDENCIES	Run test suite	2026-10-02T14:06:35.1694143Z [1m[31m/opt/hostedtoolcache/Python/3.12.14/x64/lib/python3.12/site-packages/embpy/tl/genomics/snp_utils.py[0m:324: IndexError
PRE-RELEASE DEPENDENCIES	Run test suite	2026-10-02T14:06:35.1694688Z [31m[1m_____________ TestSNPEmbedderEmbedSNP.test_delta_norm_non_negative _____________[0m
PRE-RELEASE DEPENDENCIES	Run test suite	2026-10-02T14:06:35.1694694Z 
PRE-RELEASE DEPENDENCIES	Run test suite	2026-10-02T14:06:35.1695006Z self = <tests.embpy.test_snp_utils.TestSNPEmbedderEmbedSNP object at 0x7fa7ee83ec90>
PRE-RELEASE DEPENDENCIES	Run test suite	2026-10-02T14:06:35.1695012Z 
PRE-RELEASE DEPENDENCIES	Run test suite	2026-10-02T14:06:35.1695538Z     [0m[94mdef[39;49;00m[90m [39;49;00m[92mtest_delta_norm_non_negative[39;49;00m([96mself[39;49;00m):[90m[39;49;00m
PRE-RELEASE DEPENDENCIES	Run test suite	2026-10-02T14:06:35.1695706Z         snp = _make_snp()[90m[39;49;00m
PRE-RELEASE DEPENDENCIES	Run test suite	2026-10-02T14:06:35.1696145Z         embedder = SNPEmbedder(_make_wrapper(same_each_call=[94mFalse[39;49;00m))[90m[39;49;00m
PRE-RELEASE DEPENDENCIES	Run test suite	2026-10-02T14:06:35.1696618Z         result = embedder.embed_snp(snp, chromosome_sequence=CHR_SEQ)[90m[39;49;00m
PRE-RELEASE DEPENDENCIES	Run test suite	2026-10-02T14:06:35.1697059Z >       [94massert[39;49;00m result.delta_norms[[94m0[39;49;00m] >= [94m0.0[39;49;00m[90m[39;49;00m
PRE-RELEASE DEPENDENCIES	Run test suite	2026-10-02T14:06:35.1697244Z                ^^^^^^^^^^^^^^^^^^^^^[90m[39;49;00m
PRE-RELEASE DEPENDENCIES	Run test suite	2026-10-02T14:06:35.1697466Z [1m[31mE       IndexError: list index out of range[0m
PRE-RELEASE DEPENDENCIES	Run test suite	2026-10-02T14:06:35.1697472Z 
PRE-RELEASE DEPENDENCIES	Run test suite	2026-10-02T14:06:35.1697658Z [1m[31mtests/embpy/test_snp_utils.py[0m:282: IndexError
PRE-RELEASE DEPENDENCIES	Run test suite	2026-10-02T14:06:35.1697978Z [31m[1m______ TestSNPEmbedderEmbedSNP.test_identical_embeddings_give_zero_delta _______[0m
PRE-RELEASE DEPENDENCIES	Run test suite	2026-10-02T14:06:35.1697984Z 
PRE-RELEASE DEPENDENCIES	Run test suite	2026-10-02T14:06:35.1698209Z self = <tests.embpy.test_snp_utils.TestSNPEmbedderEmbedSNP object at 0x7fa7ee83f020>
PRE-RELEASE DEPENDENCIES	Run test suite	2026-10-02T14:06:35.1698216Z 
PRE-RELEASE DEPENDENCIES	Run test suite	2026-10-02T14:06:35.1698661Z     [0m[94mdef[39;49;00m[90m [39;49;00m[92mtest_identical_embeddings_give_zero_delta[39;49;00m([96mself[39;49;00m):[90m[39;49;00m
PRE-RELEASE DEPENDENCIES	Run test suite	2026-10-02T14:06:35.1699060Z     [90m    [39;49;00m[33m"""When wrapper returns the same vector for ref and alt ΓåÆ delta = 0."""[39;49;00m[90m[39;49;00m
PRE-RELEASE DEPENDENCIES	Run test suite	2026-10-02T14:06:35.1699202Z         snp = _make_snp()[90m[39;49;00m
PRE-RELEASE DEPENDENCIES	Run test suite	2026-10-02T14:06:35.1699648Z         embedder = SNPEmbedder(_make_wrapper(same_each_call=[94mTrue[39;49;00m))[90m[39;49;00m
PRE-RELEASE DEPENDENCIES	Run test suite	2026-10-02T14:06:35.1699927Z         result = embedder.embed_snp(snp, chromosome_sequence=CHR_SEQ)[90m[39;49;00m
PRE-RELEASE DEPENDENCIES	Run test suite	2026-10-02T14:06:35.1700450Z >       [94massert[39;49;00m pytest.approx(result.delta_norms[[94m0[39;49;00m], [96mabs[39;49;00m=[94m1e-6[39;49;00m) == [94m0.0[39;49;00m[90m[39;49;00m
PRE-RELEASE DEPENDENCIES	Run test suite	2026-10-02T14:06:35.1700614Z                              ^^^^^^^^^^^^^^^^^^^^^[90m[39;49;00m
PRE-RELEASE DEPENDENCIES	Run test suite	2026-10-02T14:06:35.1700786Z [1m[31mE       IndexError: list index out of range[0m
PRE-RELEASE DEPENDENCIES	Run test suite	2026-10-02T14:06:35.1700792Z 
PRE-RELEASE DEPENDENCIES	Run test suite	2026-10-02T14:06:35.1700973Z [1m[31mtests/embpy/test_snp_utils.py[0m:295: IndexError
PRE-RELEASE DEPENDENCIES	Run test suite	2026-10-02T14:06:35.1701291Z [31m[1m_____ TestSNPEmbedderEmbedSNP.test_different_embeddings_give_nonzero_delta _____[0m
PRE-RELEASE DEPENDENCIES	Run test suite	2026-10-02T14:06:35.1701304Z 
PRE-RELEASE DEPENDENCIES	Run test suite	2026-10-02T14:06:35.1701539Z self = <tests.embpy.test_snp_utils.TestSNPEmbedderEmbedSNP object at 0x7fa7ee8e4320>
PRE-RELEASE DEPENDENCIES	Run test suite	2026-10-02T14:06:35.1701545Z 
PRE-RELEASE DEPENDENCIES	Run test suite	2026-10-02T14:06:35.1702012Z     [0m[94mdef[39;49;00m[90m [39;49;00m[92mtest_different_embeddings_give_nonzero_delta[39;49;00m([96mself[39;49;00m):[90m[39;49;00m
PRE-RELEASE DEPENDENCIES	Run test suite	2026-10-02T14:06:35.1702146Z         snp = _make_snp()[90m[39;49;00m
PRE-RELEASE DEPENDENCIES	Run test suite	2026-10-02T14:06:35.1702468Z         embedder = SNPEmbedder(_make_wrapper(same_each_call=[94mFalse[39;49;00m))[90m[39;49;00m
PRE-RELEASE DEPENDENCIES	Run test suite	2026-10-02T14:06:35.1702733Z         result = embedder.embed_snp(snp, chromosome_sequence=CHR_SEQ)[90m[39;49;00m
PRE-RELEASE DEPENDENCIES	Run test suite	2026-10-02T14:06:35.1703056Z >       [94massert[39;49;00m result.delta_norms[[94m0[39;49;00m] > [94m0.0[39;49;00m[90m[39;49;00m
PRE-RELEASE DEPENDENCIES	Run test suite	2026-10-02T14:06:35.1703200Z                ^^^^^^^^^^^^^^^^^^^^^[90m[39;49;00m
PRE-RELEASE DEPENDENCIES	Run test suite	2026-10-02T14:06:35.1703364Z [1m[31mE       IndexError: list index out of range[0m
PRE-RELEASE DEPENDENCIES	Run test suite	2026-10-02T14:06:35.1703370Z 
PRE-RELEASE DEPENDENCIES	Run test suite	2026-10-02T14:06:35.1703551Z [1m[31mtests/embpy/test_snp_utils.py[0m:301: IndexError
PRE-RELEASE DEPENDENCIES	Run test suite	2026-10-02T14:06:35.1703864Z [31m[1m_____ TestSNPEmbedderEmbedSNP.test_multiple_alts_returns_multiple_results ______[0m
PRE-RELEASE DEPENDENCIES	Run test suite	2026-10-02T14:06:35.1703871Z 
PRE-RELEASE DEPENDENCIES	Run test suite	2026-10-02T14:06:35.1704226Z self = <tests.embpy.test_snp_utils.TestSNPEmbedderEmbedSNP object at 0x7fa7ee83fb90>
PRE-RELEASE DEPENDENCIES	Run test suite	2026-10-02T14:06:35.1704231Z 
PRE-RELEASE DEPENDENCIES	Run test suite	2026-10-02T14:06:35.1704688Z     [0m[94mdef[39;49;00m[90m [39;49;00m[92mtest_multiple_alts_returns_multiple_results[39;49;00m([96mself[39;49;00m):[90m[39;49;00m
PRE-RELEASE DEPENDENCIES	Run test suite	2026-10-02T14:06:35.1704942Z         wrapper = _make_wrapper(same_each_call=[94mFalse[39;49;00m)[90m[39;49;00m
PRE-RELEASE DEPENDENCIES	Run test suite	2026-10-02T14:06:35.1705371Z         snp = _make_snp(alts=[[33m"[39;49;00m[33mT[39;49;00m[33m"[39;49;00m, [33m"[39;49;00m[33mG[39;49;00m[33m"[39;49;00m])[90m[39;49;00m
PRE-RELEASE DEPENDENCIES	Run test suite	2026-10-02T14:06:35.1705686Z         result = SNPEmbedder(wrapper).embed_snp(snp, chromosome_sequence=CHR_SEQ)[90m[39;49;00m
PRE-RELEASE DEPENDENCIES	Run test suite	2026-10-02T14:06:35.1706018Z         [94massert[39;49;00m [96mlen[39;49;00m(result.alt_embeddings) == [94m2[39;49;00m[90m[39;49;00m
PRE-RELEASE DEPENDENCIES	Run test suite	2026-10-02T14:06:35.1706444Z >       [94massert[39;49;00m [96mlen[39;49;00m(result.delta_norms) == [94m2[39;49;00m[90m[39;49;00m
PRE-RELEASE DEPENDENCIES	Run test suite	2026-10-02T14:06:35.1706599Z [1m[31mE       AssertionError: assert 0 == 2[0m
PRE-RELEASE DEPENDENCIES	Run test suite	2026-10-02T14:06:35.1706738Z [1m[31mE        +  where 0 = len([])[0m
PRE-RELEASE DEPENDENCIES	Run test suite	2026-10-02T14:06:35.1835879Z [1m[31mE        +    where [] = SNPEmbeddingResult(snp=SNPContext(position=200, ref_allele='T', alt_alleles=['T', 'G'], context_window=64, chrom='chr17', strand='+', variant_id='rs_test'), ref_sequence='TACGTACGTACGTACGTACGTACGTACGTACGTACGTACGTACGTACGTACGTACGTACGTACG', alt_sequences=['TACGTACGTACGTACGTACGTACGTACGTACGTACGTACGTACGTACGTACGTACGTACGTACG', 'TACGTACGTACGTACGTACGTACGTACGTACGGACGTACGTACGTACGTACGTACGTACGTACG'], ref_embedding=array([ 0.34558418,  0.82161814,  0.33043706, -1.3031572 ,  0.9053559 ,\n        0.44637457, -0.5369532 ,  0.5811181 ,  0.3645724 ,  0.2941325 ,\n        0.02842224,  0.546713  , -0.73645407, -0.16290995, -0.48211932,\n        0.5988462 ,  0.03972211, -0.29245675, -0.78190845, -0.25719225,\n        0.00814218, -0.2756029 ,  1.2940638 ,  1.0067244 , -2.7111626 ,\n       -1.8890133 , -0.1747721 , -0.4221904 ,  0.213643  ,  0.21732193,\n        2.1178389 , -1.1120207 , -0.37760502,  2.0427716 ,  0.646703  ,\n        0.66306335, -0.5140064 , -1.6480752 ,  0.16746475,  0.10901409,\n       -1.227352  , -0.68322664, -0.07204368, -0.9447516 , -0.09826997,\n        0.09548303,  0.03558624, -0.5062917 ,  0.5937481 ,  0.8911669 ,\n        0.32084832, -0.8182302 ,  0.73165226, -0.50144005,  0.87916064,\n  ...874637, -0.10525978], dtype=float32), array([ 2.040919  , -2.555665  ,  0.41809884, -0.5677696 , -0.4526493 ,\n       -0.21559717, -2.0199862 , -0.23193237, -0.8652131 ,  3.3229995 ,\n        0.22578661, -0.3526308 , -0.28128743, -0.66804636, -1.0551505 ,\n       -0.39080098,  0.4819454 , -0.23855361,  0.9577587 , -0.19980213,\n        0.02425957,  1.5458208 ,  0.5451055 , -0.50522876, -0.18283898,\n        0.54052514,  1.935088  , -0.26962033, -0.24355868,  1.0023136 ,\n       -0.88645995, -0.29172024,  0.882539  ,  0.58035004,  0.0915167 ,\n        0.6701044 , -2.8281622 ,  1.0213069 , -0.95964473, -1.6686199 ,\n        0.27644575,  0.7005449 , -0.44476745, -1.0764059 ,  0.02612483,\n       -0.05274731,  1.4055982 ,  0.747408  ,  0.19381565,  1.1116332 ,\n       -0.20552304, -0.92589957,  0.5840583 ,  0.5825384 , -0.21482891,\n       -0.7828086 ,  0.2291539 , -2.4938943 ,  0.69012475,  0.49136826,\n       -1.6388571 ,  0.06135351, -0.96409965,  0.75722104], dtype=float32)], delta_embeddings=[], concat_embeddings=[], delta_norms=[], cosine_similarities=[0.20130057632923126, 0.009552448987960815], model_name='mock_dna_model', pooling_strategy='mean', compute_delta=False, compute_concat=False).delta_norms[0m
PRE-RELEASE DEPENDENCIES	Run test suite	2026-10-02T14:06:35.1835966Z 
PRE-RELEASE DEPENDENCIES	Run test suite	2026-10-02T14:06:35.1836245Z [1m[31mtests/embpy/test_snp_utils.py[0m:331: AssertionError
PRE-RELEASE DEPENDENCIES	Run test suite	2026-10-02T14:06:35.1836644Z [31m[1m__________ TestSNPEmbedderEmbedSNP.test_compute_delta_true_is_default __________[0m
PRE-RELEASE DEPENDENCIES	Run test suite	2026-10-02T14:06:35.1836655Z 
PRE-RELEASE DEPENDENCIES	Run test suite	2026-10-02T14:06:35.1836956Z self = <tests.embpy.test_snp_utils.TestSNPEmbedderEmbedSNP object at 0x7fa7ee99bfe0>
PRE-RELEASE DEPENDENCIES	Run test suite	2026-10-02T14:06:35.1836963Z 
PRE-RELEASE DEPENDENCIES	Run test suite	2026-10-02T14:06:35.1837634Z     [0m[94mdef[39;49;00m[90m [39;49;00m[92mtest_compute_delta_true_is_default[39;49;00m([96mself[39;49;00m):[90m[39;49;00m
PRE-RELEASE DEPENDENCIES	Run test suite	2026-10-02T14:06:35.1838021Z         result = SNPEmbedder(_make_wrapper()).embed_snp(_make_snp(), chromosome_sequence=CHR_SEQ)[90m[39;49;00m
PRE-RELEASE DEPENDENCIES	Run test suite	2026-10-02T14:06:35.1838368Z >       [94massert[39;49;00m [96mlen[39;49;00m(result.delta_embeddings) == [94m1[39;49;00m[90m[39;49;00m
PRE-RELEASE DEPENDENCIES	Run test suite	2026-10-02T14:06:35.1838525Z [1m[31mE       AssertionError: assert 0 == 1[0m
PRE-RELEASE DEPENDENCIES	Run test suite	2026-10-02T14:06:35.1838659Z [1m[31mE        +  where 0 = len([])[0m
PRE-RELEASE DEPENDENCIES	Run test suite	2026-10-02T14:06:35.1842604Z [1m[31mE        +    where [] = SNPEmbeddingResult(snp=SNPContext(position=200, ref_allele='T', alt_alleles=['G'], context_window=64, chrom='chr17', strand='+', variant_id='rs_test'), ref_sequence='TACGTACGTACGTACGTACGTACGTACGTACGTACGTACGTACGTACGTACGTACGTACGTACG', alt_sequences=['TACGTACGTACGTACGTACGTACGTACGTACGGACGTACGTACGTACGTACGTACGTACGTACG'], ref_embedding=array([1., 1., 1., 1., 1., 1., 1., 1., 1., 1., 1., 1., 1., 1., 1., 1., 1.,\n       1., 1., 1., 1., 1., 1., 1., 1., 1., 1., 1., 1., 1., 1., 1., 1., 1.,\n       1., 1., 1., 1., 1., 1., 1., 1., 1., 1., 1., 1., 1., 1., 1., 1., 1.,\n       1., 1., 1., 1., 1., 1., 1., 1., 1., 1., 1., 1., 1.], dtype=float32), alt_embeddings=[array([1., 1., 1., 1., 1., 1., 1., 1., 1., 1., 1., 1., 1., 1., 1., 1., 1.,\n       1., 1., 1., 1., 1., 1., 1., 1., 1., 1., 1., 1., 1., 1., 1., 1., 1.,\n       1., 1., 1., 1., 1., 1., 1., 1., 1., 1., 1., 1., 1., 1., 1., 1., 1.,\n       1., 1., 1., 1., 1., 1., 1., 1., 1., 1., 1., 1., 1.], dtype=float32)], delta_embeddings=[], concat_embeddings=[], delta_norms=[], cosine_similarities=[1.0], model_name='mock_dna_model', pooling_strategy='mean', compute_delta=False, compute_concat=False).delta_embeddings[0m
PRE-RELEASE DEPENDENCIES	Run test suite	2026-10-02T14:06:35.1842744Z 
PRE-RELEASE DEPENDENCIES	Run test suite	2026-10-02T14:06:35.1842956Z [1m[31mtests/embpy/test_snp_utils.py[0m:393: AssertionError
PRE-RELEASE DEPENDENCIES	Run test suite	2026-10-02T14:06:35.1843248Z [31m[1m______________________ TestMyGeneSource.test_fetch_mygene ______________________[0m
PRE-RELEASE DEPENDENCIES	Run test suite	2026-10-02T14:06:35.1843257Z 
PRE-RELEASE DEPENDENCIES	Run test suite	2026-10-02T14:06:35.1843489Z args = (<tests.embpy.test_text_resolver.TestMyGeneSource object at 0x7fa7ee998fe0>,)
PRE-RELEASE DEPENDENCIES	Run test suite	2026-10-02T14:06:35.1843767Z keywargs = {'resolver': <embpy.resources.text.resolver.TextResolver object at 0x7fa7b2e97410>}
PRE-RELEASE DEPENDENCIES	Run test suite	2026-10-02T14:06:35.1843773Z 
PRE-RELEASE DEPENDENCIES	Run test suite	2026-10-02T14:06:35.1843932Z     [0m[37m@wraps[39;49;00m(func)[90m[39;49;00m
PRE-RELEASE DEPENDENCIES	Run test suite	2026-10-02T14:06:35.1844224Z     [94mdef[39;49;00m[90m [39;49;00m[92mpatched[39;49;00m(*args, **keywargs):[90m[39;49;00m
PRE-RELEASE DEPENDENCIES	Run test suite	2026-10-02T14:06:35.1844503Z >       [94mwith[39;49;00m [96mself[39;49;00m.decoration_helper(patched,[90m[39;49;00m
PRE-RELEASE DEPENDENCIES	Run test suite	2026-10-02T14:06:35.1844659Z                                     args,[90m[39;49;00m
PRE-RELEASE DEPENDENCIES	Run test suite	2026-10-02T14:06:35.1844934Z                                     keywargs) [94mas[39;49;00m (newargs, newkeywargs):[90m[39;49;00m
PRE-RELEASE DEPENDENCIES	Run test suite	2026-10-02T14:06:35.1844944Z 
PRE-RELEASE DEPENDENCIES	Run test suite	2026-10-02T14:06:35.1845263Z [1m[31m/opt/hostedtoolcache/Python/3.12.14/x64/lib/python3.12/unittest/mock.py[0m:1393: 
PRE-RELEASE DEPENDENCIES	Run test suite	2026-10-02T14:06:35.1845400Z _ _ _ _ _ _ _ _ _ _ _ _ _ _ _ _ _ _ _ _ _ _ _ _ _ _ _ _ _ _ _ _ _ _ _ _ _ _ _ _ 
PRE-RELEASE DEPENDENCIES	Run test suite	2026-10-02T14:06:35.1845744Z [1m[31m/opt/hostedtoolcache/Python/3.12.14/x64/lib/python3.12/contextlib.py[0m:137: in __enter__
PRE-RELEASE DEPENDENCIES	Run test suite	2026-10-02T14:06:35.1846020Z     [0m[94mreturn[39;49;00m [96mnext[39;49;00m([96mself[39;49;00m.gen)[90m[39;49;00m
PRE-RELEASE DEPENDENCIES	Run test suite	2026-10-02T14:06:35.1846145Z            ^^^^^^^^^^^^^^[90m[39;49;00m
PRE-RELEASE DEPENDENCIES	Run test suite	2026-10-02T14:06:35.1846535Z [1m[31m/opt/hostedtoolcache/Python/3.12.14/x64/lib/python3.12/unittest/mock.py[0m:1375: in decoration_helper
PRE-RELEASE DEPENDENCIES	Run test suite	2026-10-02T14:06:35.1846735Z     [0marg = exit_stack.enter_context(patching)[90m[39;49;00m
PRE-RELEASE DEPENDENCIES	Run test suite	2026-10-02T14:06:35.1846893Z           ^^^^^^^^^^^^^^^^^^^^^^^^^^^^^^^^^^[90m[39;49;00m
PRE-RELEASE DEPENDENCIES	Run test suite	2026-10-02T14:06:35.1847247Z [1m[31m/opt/hostedtoolcache/Python/3.12.14/x64/lib/python3.12/contextlib.py[0m:526: in enter_context
PRE-RELEASE DEPENDENCIES	Run test suite	2026-10-02T14:06:35.1847385Z     [0mresult = _enter(cm)[90m[39;49;00m
PRE-RELEASE DEPENDENCIES	Run test suite	2026-10-02T14:06:35.1847511Z              ^^^^^^^^^^[90m[39;49;00m
PRE-RELEASE DEPENDENCIES	Run test suite	2026-10-02T14:06:35.1847977Z [1m[31m/opt/hostedtoolcache/Python/3.12.14/x64/lib/python3.12/unittest/mock.py[0m:1467: in __enter__
PRE-RELEASE DEPENDENCIES	Run test suite	2026-10-02T14:06:35.1848225Z     [0moriginal, local = [96mself[39;49;00m.get_original()[90m[39;49;00m
PRE-RELEASE DEPENDENCIES	Run test suite	2026-10-02T14:06:35.1848377Z                       ^^^^^^^^^^^^^^^^^^^[90m[39;49;00m
PRE-RELEASE DEPENDENCIES	Run test suite	2026-10-02T14:06:35.1848508Z _ _ _ _ _ _ _ _ _ _ _ _ _ _ _ _ _ _ _ _ _ _ _ _ _ _ _ _ _ _ _ _ _ _ _ _ _ _ _ _ 
PRE-RELEASE DEPENDENCIES	Run test suite	2026-10-02T14:06:35.1848513Z 
PRE-RELEASE DEPENDENCIES	Run test suite	2026-10-02T14:06:35.1848650Z self = <unittest.mock._patch object at 0x7fa7ee83cb60>
PRE-RELEASE DEPENDENCIES	Run test suite	2026-10-02T14:06:35.1848656Z 
PRE-RELEASE DEPENDENCIES	Run test suite	2026-10-02T14:06:35.1848984Z     [0m[94mdef[39;49;00m[90m [39;49;00m[92mget_original[39;49;00m([96mself[39;49;00m):[90m[39;49;00m
PRE-RELEASE DEPENDENCIES	Run test suite	2026-10-02T14:06:35.1849170Z         target = [96mself[39;49;00m.getter()[90m[39;49;00m
PRE-RELEASE DEPENDENCIES	Run test suite	2026-10-02T14:06:35.1849559Z         name = [96mself[39;49;00m.attribute[90m[39;49;00m
PRE-RELEASE DEPENDENCIES	Run test suite	2026-10-02T14:06:35.1849669Z     [90m[39;49;00m
PRE-RELEASE DEPENDENCIES	Run test suite	2026-10-02T14:06:35.1849811Z         original = DEFAULT[90m[39;49;00m
PRE-RELEASE DEPENDENCIES	Run test suite	2026-10-02T14:06:35.1849967Z         local = [94mFalse[39;49;00m[90m[39;49;00m
PRE-RELEASE DEPENDENCIES	Run test suite	2026-10-02T14:06:35.1850073Z     [90m[39;49;00m
PRE-RELEASE DEPENDENCIES	Run test suite	2026-10-02T14:06:35.1850204Z         [94mtry[39;49;00m:[90m[39;49;00m
PRE-RELEASE DEPENDENCIES	Run test suite	2026-10-02T14:06:35.1850429Z             original = target.[91m__dict__[39;49;00m[name][90m[39;49;00m
PRE-RELEASE DEPENDENCIES	Run test suite	2026-10-02T14:06:35.1850755Z         [94mexcept[39;49;00m ([96mAttributeError[39;49;00m, [96mKeyError[39;49;00m):[90m[39;49;00m
PRE-RELEASE DEPENDENCIES	Run test suite	2026-10-02T14:06:35.1850999Z             original = [96mgetattr[39;49;00m(target, name, DEFAULT)[90m[39;49;00m
PRE-RELEASE DEPENDENCIES	Run test suite	2026-10-02T14:06:35.1851141Z         [94melse[39;49;00m:[90m[39;49;00m
PRE-RELEASE DEPENDENCIES	Run test suite	2026-10-02T14:06:35.1851296Z             local = [94mTrue[39;49;00m[90m[39;49;00m
PRE-RELEASE DEPENDENCIES	Run test suite	2026-10-02T14:06:35.1851400Z     [90m[39;49;00m
PRE-RELEASE DEPENDENCIES	Run test suite	2026-10-02T14:06:35.1851849Z         [94mif[39;49;00m name [95min[39;49;00m _builtins [95mand[39;49;00m [96misinstance[39;49;00m(target, ModuleType):[90m[39;49;00m
PRE-RELEASE DEPENDENCIES	Run test suite	2026-10-02T14:06:35.1852069Z             [96mself[39;49;00m.create = [94mTrue[39;49;00m[90m[39;49;00m
PRE-RELEASE DEPENDENCIES	Run test suite	2026-10-02T14:06:35.1852177Z     [90m[39;49;00m
PRE-RELEASE DEPENDENCIES	Run test suite	2026-10-02T14:06:35.1852610Z         [94mif[39;49;00m [95mnot[39;49;00m [96mself[39;49;00m.create [95mand[39;49;00m original [95mis[39;49;00m DEFAULT:[90m[39;49;00m
PRE-RELEASE DEPENDENCIES	Run test suite	2026-10-02T14:06:35.1852840Z >           [94mraise[39;49;00m [96mAttributeError[39;49;00m([90m[39;49;00m
PRE-RELEASE DEPENDENCIES	Run test suite	2026-10-02T14:06:35.1853310Z                 [33m"[39;49;00m[33m%s[39;49;00m[33m does not have the attribute [39;49;00m[33m%r[39;49;00m[33m"[39;49;00m % (target, name)[90m[39;49;00m
PRE-RELEASE DEPENDENCIES	Run test suite	2026-10-02T14:06:35.1853428Z             )[90m[39;49;00m
PRE-RELEASE DEPENDENCIES	Run test suite	2026-10-02T14:06:35.1854273Z [1m[31mE           AttributeError: <module 'embpy.resources.text_resolver' from '/opt/hostedtoolcache/Python/3.12.14/x64/lib/python3.12/site-packages/embpy/resources/text_resolver.py'> does not have the attribute '_get_json'[0m
PRE-RELEASE DEPENDENCIES	Run test suite	2026-10-02T14:06:35.1854283Z 
PRE-RELEASE DEPENDENCIES	Run test suite	2026-10-02T14:06:35.1854642Z [1m[31m/opt/hostedtoolcache/Python/3.12.14/x64/lib/python3.12/unittest/mock.py[0m:1437: AttributeError
PRE-RELEASE DEPENDENCIES	Run test suite	2026-10-02T14:06:35.1854930Z [31m[1m_______________________ TestMyGeneSource.test_empty_hits _______________________[0m
PRE-RELEASE DEPENDENCIES	Run test suite	2026-10-02T14:06:35.1854936Z 
PRE-RELEASE DEPENDENCIES	Run test suite	2026-10-02T14:06:35.1855163Z args = (<tests.embpy.test_text_resolver.TestMyGeneSource object at 0x7fa7ee99acc0>,)
PRE-RELEASE DEPENDENCIES	Run test suite	2026-10-02T14:06:35.1855430Z keywargs = {'resolver': <embpy.resources.text.resolver.TextResolver object at 0x7fa7b2e8d730>}
PRE-RELEASE DEPENDENCIES	Run test suite	2026-10-02T14:06:35.1855435Z 
PRE-RELEASE DEPENDENCIES	Run test suite	2026-10-02T14:06:35.1855592Z     [0m[37m@wraps[39;49;00m(func)[90m[39;49;00m
PRE-RELEASE DEPENDENCIES	Run test suite	2026-10-02T14:06:35.1855877Z     [94mdef[39;49;00m[90m [39;49;00m[92mpatched[39;49;00m(*args, **keywargs):[90m[39;49;00m
PRE-RELEASE DEPENDENCIES	Run test suite	2026-10-02T14:06:35.1856147Z >       [94mwith[39;49;00m [96mself[39;49;00m.decoration_helper(patched,[90m[39;49;00m
PRE-RELEASE DEPENDENCIES	Run test suite	2026-10-02T14:06:35.1856302Z                                     args,[90m[39;49;00m
PRE-RELEASE DEPENDENCIES	Run test suite	2026-10-02T14:06:35.1856570Z                                     keywargs) [94mas[39;49;00m (newargs, newkeywargs):[90m[39;49;00m
PRE-RELEASE DEPENDENCIES	Run test suite	2026-10-02T14:06:35.1856576Z 
PRE-RELEASE DEPENDENCIES	Run test suite	2026-10-02T14:06:35.1857061Z [1m[31m/opt/hostedtoolcache/Python/3.12.14/x64/lib/python3.12/unittest/mock.py[0m:1393: 
PRE-RELEASE DEPENDENCIES	Run test suite	2026-10-02T14:06:35.1857194Z _ _ _ _ _ _ _ _ _ _ _ _ _ _ _ _ _ _ _ _ _ _ _ _ _ _ _ _ _ _ _ _ _ _ _ _ _ _ _ _ 
PRE-RELEASE DEPENDENCIES	Run test suite	2026-10-02T14:06:35.1857569Z [1m[31m/opt/hostedtoolcache/Python/3.12.14/x64/lib/python3.12/contextlib.py[0m:137: in __enter__
PRE-RELEASE DEPENDENCIES	Run test suite	2026-10-02T14:06:35.1857839Z     [0m[94mreturn[39;49;00m [96mnext[39;49;00m([96mself[39;49;00m.gen)[90m[39;49;00m
PRE-RELEASE DEPENDENCIES	Run test suite	2026-10-02T14:06:35.1857962Z            ^^^^^^^^^^^^^^[90m[39;49;00m
PRE-RELEASE DEPENDENCIES	Run test suite	2026-10-02T14:06:35.1858342Z [1m[31m/opt/hostedtoolcache/Python/3.12.14/x64/lib/python3.12/unittest/mock.py[0m:1375: in decoration_helper
PRE-RELEASE DEPENDENCIES	Run test suite	2026-10-02T14:06:35.1858540Z     [0marg = exit_stack.enter_context(patching)[90m[39;49;00m
PRE-RELEASE DEPENDENCIES	Run test suite	2026-10-02T14:06:35.1858819Z           ^^^^^^^^^^^^^^^^^^^^^^^^^^^^^^^^^^[90m[39;49;00m
PRE-RELEASE DEPENDENCIES	Run test suite	2026-10-02T14:06:35.1859157Z [1m[31m/opt/hostedtoolcache/Python/3.12.14/x64/lib/python3.12/contextlib.py[0m:526: in enter_context
PRE-RELEASE DEPENDENCIES	Run test suite	2026-10-02T14:06:35.1859299Z     [0mresult = _enter(cm)[90m[39;49;00m
PRE-RELEASE DEPENDENCIES	Run test suite	2026-10-02T14:06:35.1859542Z              ^^^^^^^^^^[90m[39;49;00m
PRE-RELEASE DEPENDENCIES	Run test suite	2026-10-02T14:06:35.1859882Z [1m[31m/opt/hostedtoolcache/Python/3.12.14/x64/lib/python3.12/unittest/mock.py[0m:1467: in __enter__
PRE-RELEASE DEPENDENCIES	Run test suite	2026-10-02T14:06:35.1860123Z     [0moriginal, local = [96mself[39;49;00m.get_original()[90m[39;49;00m
PRE-RELEASE DEPENDENCIES	Run test suite	2026-10-02T14:06:35.1860269Z                       ^^^^^^^^^^^^^^^^^^^[90m[39;49;00m
PRE-RELEASE DEPENDENCIES	Run test suite	2026-10-02T14:06:35.1860406Z _ _ _ _ _ _ _ _ _ _ _ _ _ _ _ _ _ _ _ _ _ _ _ _ _ _ _ _ _ _ _ _ _ _ _ _ _ _ _ _ 
PRE-RELEASE DEPENDENCIES	Run test suite	2026-10-02T14:06:35.1860411Z 
PRE-RELEASE DEPENDENCIES	Run test suite	2026-10-02T14:06:35.1860549Z self = <unittest.mock._patch object at 0x7fa7ee83dd30>
PRE-RELEASE DEPENDENCIES	Run test suite	2026-10-02T14:06:35.1860555Z 
PRE-RELEASE DEPENDENCIES	Run test suite	2026-10-02T14:06:35.1860877Z     [0m[94mdef[39;49;00m[90m [39;49;00m[92mget_original[39;49;00m([96mself[39;49;00m):[90m[39;49;00m
PRE-RELEASE DEPENDENCIES	Run test suite	2026-10-02T14:06:35.1861068Z         target = [96mself[39;49;00m.getter()[90m[39;49;00m
PRE-RELEASE DEPENDENCIES	Run test suite	2026-10-02T14:06:35.1861242Z         name = [96mself[39;49;00m.attribute[90m[39;49;00m
PRE-RELEASE DEPENDENCIES	Run test suite	2026-10-02T14:06:35.1861353Z     [90m[39;49;00m
PRE-RELEASE DEPENDENCIES	Run test suite	2026-10-02T14:06:35.1861491Z         original = DEFAULT[90m[39;49;00m
PRE-RELEASE DEPENDENCIES	Run test suite	2026-10-02T14:06:35.1861639Z         local = [94mFalse[39;49;00m[90m[39;49;00m
PRE-RELEASE DEPENDENCIES	Run test suite	2026-10-02T14:06:35.1861744Z     [90m[39;49;00m
PRE-RELEASE DEPENDENCIES	Run test suite	2026-10-02T14:06:35.1861874Z         [94mtry[39;49;00m:[90m[39;49;00m
PRE-RELEASE DEPENDENCIES	Run test suite	2026-10-02T14:06:35.1862097Z             original = target.[91m__dict__[39;49;00m[name][90m[39;49;00m
PRE-RELEASE DEPENDENCIES	Run test suite	2026-10-02T14:06:35.1862413Z         [94mexcept[39;49;00m ([96mAttributeError[39;49;00m, [96mKeyError[39;49;00m):[90m[39;49;00m
PRE-RELEASE DEPENDENCIES	Run test suite	2026-10-02T14:06:35.1956993Z             original = [96mgetattr[39;49;00m(target, name, DEFAULT)[90m[39;49;00m
PRE-RELEASE DEPENDENCIES	Run test suite	2026-10-02T14:06:35.1957327Z         [94melse[39;49;00m:[90m[39;49;00m
PRE-RELEASE DEPENDENCIES	Run test suite	2026-10-02T14:06:35.1957684Z             local = [94mTrue[39;49;00m[90m[39;49;00m
PRE-RELEASE DEPENDENCIES	Run test suite	2026-10-02T14:06:35.1957904Z     [90m[39;49;00m
PRE-RELEASE DEPENDENCIES	Run test suite	2026-10-02T14:06:35.1958572Z         [94mif[39;49;00m name [95min[39;49;00m _builtins [95mand[39;49;00m [96misinstance[39;49;00m(target, ModuleType):[90m[39;49;00m
PRE-RELEASE DEPENDENCIES	Run test suite	2026-10-02T14:06:35.1958852Z             [96mself[39;49;00m.create = [94mTrue[39;49;00m[90m[39;49;00m
PRE-RELEASE DEPENDENCIES	Run test suite	2026-10-02T14:06:35.1958981Z     [90m[39;49;00m
PRE-RELEASE DEPENDENCIES	Run test suite	2026-10-02T14:06:35.1959838Z         [94mif[39;49;00m [95mnot[39;49;00m [96mself[39;49;00m.create [95mand[39;49;00m original [95mis[39;49;00m DEFAULT:[90m[39;49;00m
PRE-RELEASE DEPENDENCIES	Run test suite	2026-10-02T14:06:35.1960148Z >           [94mraise[39;49;00m [96mAttributeError[39;49;00m([90m[39;49;00m
PRE-RELEASE DEPENDENCIES	Run test suite	2026-10-02T14:06:35.1960741Z                 [33m"[39;49;00m[33m%s[39;49;00m[33m does not have the attribute [39;49;00m[33m%r[39;49;00m[33m"[39;49;00m % (target, name)[90m[39;49;00m
PRE-RELEASE DEPENDENCIES	Run test suite	2026-10-02T14:06:35.1960882Z             )[90m[39;49;00m
PRE-RELEASE DEPENDENCIES	Run test suite	2026-10-02T14:06:35.1961947Z [1m[31mE           AttributeError: <module 'embpy.resources.text_resolver' from '/opt/hostedtoolcache/Python/3.12.14/x64/lib/python3.12/site-packages/embpy/resources/text_resolver.py'> does not have the attribute '_get_json'[0m
PRE-RELEASE DEPENDENCIES	Run test suite	2026-10-02T14:06:35.1962145Z 
PRE-RELEASE DEPENDENCIES	Run test suite	2026-10-02T14:06:35.1962602Z [1m[31m/opt/hostedtoolcache/Python/3.12.14/x64/lib/python3.12/unittest/mock.py[0m:1437: AttributeError
PRE-RELEASE DEPENDENCIES	Run test suite	2026-10-02T14:06:35.1962941Z [31m[1m________________________ TestNCBISource.test_fetch_ncbi ________________________[0m
PRE-RELEASE DEPENDENCIES	Run test suite	2026-10-02T14:06:35.1962948Z 
PRE-RELEASE DEPENDENCIES	Run test suite	2026-10-02T14:06:35.1963224Z args = (<tests.embpy.test_text_resolver.TestNCBISource object at 0x7fa7ee998fb0>,)
PRE-RELEASE DEPENDENCIES	Run test suite	2026-10-02T14:06:35.1963558Z keywargs = {'resolver': <embpy.resources.text.resolver.TextResolver object at 0x7fa7b2e8d7c0>}
PRE-RELEASE DEPENDENCIES	Run test suite	2026-10-02T14:06:35.1963565Z 
PRE-RELEASE DEPENDENCIES	Run test suite	2026-10-02T14:06:35.1963761Z     [0m[37m@wraps[39;49;00m(func)[90m[39;49;00m
PRE-RELEASE DEPENDENCIES	Run test suite	2026-10-02T14:06:35.1964125Z     [94mdef[39;49;00m[90m [39;49;00m[92mpatched[39;49;00m(*args, **keywargs):[90m[39;49;00m
PRE-RELEASE DEPENDENCIES	Run test suite	2026-10-02T14:06:35.1964592Z >       [94mwith[39;49;00m [96mself[39;49;00m.decoration_helper(patched,[90m[39;49;00m
PRE-RELEASE DEPENDENCIES	Run test suite	2026-10-02T14:06:35.1964789Z                                     args,[90m[39;49;00m
PRE-RELEASE DEPENDENCIES	Run test suite	2026-10-02T14:06:35.1965135Z                                     keywargs) [94mas[39;49;00m (newargs, newkeywargs):[90m[39;49;00m
PRE-RELEASE DEPENDENCIES	Run test suite	2026-10-02T14:06:35.1965147Z 
PRE-RELEASE DEPENDENCIES	Run test suite	2026-10-02T14:06:35.1965554Z [1m[31m/opt/hostedtoolcache/Python/3.12.14/x64/lib/python3.12/unittest/mock.py[0m:1393: 
PRE-RELEASE DEPENDENCIES	Run test suite	2026-10-02T14:06:35.1965727Z _ _ _ _ _ _ _ _ _ _ _ _ _ _ _ _ _ _ _ _ _ _ _ _ _ _ _ _ _ _ _ _ _ _ _ _ _ _ _ _ 
PRE-RELEASE DEPENDENCIES	Run test suite	2026-10-02T14:06:35.1966139Z [1m[31m/opt/hostedtoolcache/Python/3.12.14/x64/lib/python3.12/contextlib.py[0m:137: in __enter__
PRE-RELEASE DEPENDENCIES	Run test suite	2026-10-02T14:06:35.1966472Z     [0m[94mreturn[39;49;00m [96mnext[39;49;00m([96mself[39;49;00m.gen)[90m[39;49;00m
PRE-RELEASE DEPENDENCIES	Run test suite	2026-10-02T14:06:35.1966625Z            ^^^^^^^^^^^^^^[90m[39;49;00m
PRE-RELEASE DEPENDENCIES	Run test suite	2026-10-02T14:06:35.1967101Z [1m[31m/opt/hostedtoolcache/Python/3.12.14/x64/lib/python3.12/unittest/mock.py[0m:1375: in decoration_helper
PRE-RELEASE DEPENDENCIES	Run test suite	2026-10-02T14:06:35.1967370Z     [0marg = exit_stack.enter_context(patching)[90m[39;49;00m
PRE-RELEASE DEPENDENCIES	Run test suite	2026-10-02T14:06:35.1967569Z           ^^^^^^^^^^^^^^^^^^^^^^^^^^^^^^^^^^[90m[39;49;00m
PRE-RELEASE DEPENDENCIES	Run test suite	2026-10-02T14:06:35.1967942Z [1m[31m/opt/hostedtoolcache/Python/3.12.14/x64/lib/python3.12/contextlib.py[0m:526: in enter_context
PRE-RELEASE DEPENDENCIES	Run test suite	2026-10-02T14:06:35.1968079Z     [0mresult = _enter(cm)[90m[39;49;00m
PRE-RELEASE DEPENDENCIES	Run test suite	2026-10-02T14:06:35.1968209Z              ^^^^^^^^^^[90m[39;49;00m
PRE-RELEASE DEPENDENCIES	Run test suite	2026-10-02T14:06:35.1968570Z [1m[31m/opt/hostedtoolcache/Python/3.12.14/x64/lib/python3.12/unittest/mock.py[0m:1467: in __enter__
PRE-RELEASE DEPENDENCIES	Run test suite	2026-10-02T14:06:35.1968825Z     [0moriginal, local = [96mself[39;49;00m.get_original()[90m[39;49;00m
PRE-RELEASE DEPENDENCIES	Run test suite	2026-10-02T14:06:35.1968981Z                       ^^^^^^^^^^^^^^^^^^^[90m[39;49;00m
PRE-RELEASE DEPENDENCIES	Run test suite	2026-10-02T14:06:35.1969121Z _ _ _ _ _ _ _ _ _ _ _ _ _ _ _ _ _ _ _ _ _ _ _ _ _ _ _ _ _ _ _ _ _ _ _ _ _ _ _ _ 
PRE-RELEASE DEPENDENCIES	Run test suite	2026-10-02T14:06:35.1969126Z 
PRE-RELEASE DEPENDENCIES	Run test suite	2026-10-02T14:06:35.1969274Z self = <unittest.mock._patch object at 0x7fa7ee83d460>
PRE-RELEASE DEPENDENCIES	Run test suite	2026-10-02T14:06:35.1969282Z 
PRE-RELEASE DEPENDENCIES	Run test suite	2026-10-02T14:06:35.1969783Z     [0m[94mdef[39;49;00m[90m [39;49;00m[92mget_original[39;49;00m([96mself[39;49;00m):[90m[39;49;00m
PRE-RELEASE DEPENDENCIES	Run test suite	2026-10-02T14:06:35.1969980Z         target = [96mself[39;49;00m.getter()[90m[39;49;00m
PRE-RELEASE DEPENDENCIES	Run test suite	2026-10-02T14:06:35.1970173Z         name = [96mself[39;49;00m.attribute[90m[39;49;00m
PRE-RELEASE DEPENDENCIES	Run test suite	2026-10-02T14:06:35.1970279Z     [90m[39;49;00m
PRE-RELEASE DEPENDENCIES	Run test suite	2026-10-02T14:06:35.1970422Z         original = DEFAULT[90m[39;49;00m
PRE-RELEASE DEPENDENCIES	Run test suite	2026-10-02T14:06:35.1970581Z         local = [94mFalse[39;49;00m[90m[39;49;00m
PRE-RELEASE DEPENDENCIES	Run test suite	2026-10-02T14:06:35.1970692Z     [90m[39;49;00m
PRE-RELEASE DEPENDENCIES	Run test suite	2026-10-02T14:06:35.1970827Z         [94mtry[39;49;00m:[90m[39;49;00m
PRE-RELEASE DEPENDENCIES	Run test suite	2026-10-02T14:06:35.1971066Z             original = target.[91m__dict__[39;49;00m[name][90m[39;49;00m
PRE-RELEASE DEPENDENCIES	Run test suite	2026-10-02T14:06:35.1971418Z         [94mexcept[39;49;00m ([96mAttributeError[39;49;00m, [96mKeyError[39;49;00m):[90m[39;49;00m
PRE-RELEASE DEPENDENCIES	Run test suite	2026-10-02T14:06:35.1971682Z             original = [96mgetattr[39;49;00m(target, name, DEFAULT)[90m[39;49;00m
PRE-RELEASE DEPENDENCIES	Run test suite	2026-10-02T14:06:35.1971828Z         [94melse[39;49;00m:[90m[39;49;00m
PRE-RELEASE DEPENDENCIES	Run test suite	2026-10-02T14:06:35.1971988Z             local = [94mTrue[39;49;00m[90m[39;49;00m
PRE-RELEASE DEPENDENCIES	Run test suite	2026-10-02T14:06:35.1972098Z     [90m[39;49;00m
PRE-RELEASE DEPENDENCIES	Run test suite	2026-10-02T14:06:35.1972703Z         [94mif[39;49;00m name [95min[39;49;00m _builtins [95mand[39;49;00m [96misinstance[39;49;00m(target, ModuleType):[90m[39;49;00m
PRE-RELEASE DEPENDENCIES	Run test suite	2026-10-02T14:06:35.1972937Z             [96mself[39;49;00m.create = [94mTrue[39;49;00m[90m[39;49;00m
PRE-RELEASE DEPENDENCIES	Run test suite	2026-10-02T14:06:35.1973047Z     [90m[39;49;00m
PRE-RELEASE DEPENDENCIES	Run test suite	2026-10-02T14:06:35.1973513Z         [94mif[39;49;00m [95mnot[39;49;00m [96mself[39;49;00m.create [95mand[39;49;00m original [95mis[39;49;00m DEFAULT:[90m[39;49;00m
PRE-RELEASE DEPENDENCIES	Run test suite	2026-10-02T14:06:35.1973755Z >           [94mraise[39;49;00m [96mAttributeError[39;49;00m([90m[39;49;00m
PRE-RELEASE DEPENDENCIES	Run test suite	2026-10-02T14:06:35.1974258Z                 [33m"[39;49;00m[33m%s[39;49;00m[33m does not have the attribute [39;49;00m[33m%r[39;49;00m[33m"[39;49;00m % (target, name)[90m[39;49;00m
PRE-RELEASE DEPENDENCIES	Run test suite	2026-10-02T14:06:35.1974489Z             )[90m[39;49;00m
PRE-RELEASE DEPENDENCIES	Run test suite	2026-10-02T14:06:35.1975421Z [1m[31mE           AttributeError: <module 'embpy.resources.text_resolver' from '/opt/hostedtoolcache/Python/3.12.14/x64/lib/python3.12/site-packages/embpy/resources/text_resolver.py'> does not have the attribute '_get_json'[0m
PRE-RELEASE DEPENDENCIES	Run test suite	2026-10-02T14:06:35.1975431Z 
PRE-RELEASE DEPENDENCIES	Run test suite	2026-10-02T14:06:35.1975814Z [1m[31m/opt/hostedtoolcache/Python/3.12.14/x64/lib/python3.12/unittest/mock.py[0m:1437: AttributeError
PRE-RELEASE DEPENDENCIES	Run test suite	2026-10-02T14:06:35.1976122Z [31m[1m_____________________ TestNCBISource.test_ncbi_no_results ______________________[0m
PRE-RELEASE DEPENDENCIES	Run test suite	2026-10-02T14:06:35.1976127Z 
PRE-RELEASE DEPENDENCIES	Run test suite	2026-10-02T14:06:35.1976361Z args = (<tests.embpy.test_text_resolver.TestNCBISource object at 0x7fa7ee999730>,)
PRE-RELEASE DEPENDENCIES	Run test suite	2026-10-02T14:06:35.1976649Z keywargs = {'resolver': <embpy.resources.text.resolver.TextResolver object at 0x7fa7a2523aa0>}
PRE-RELEASE DEPENDENCIES	Run test suite	2026-10-02T14:06:35.1976654Z 
PRE-RELEASE DEPENDENCIES	Run test suite	2026-10-02T14:06:35.1976816Z     [0m[37m@wraps[39;49;00m(func)[90m[39;49;00m
PRE-RELEASE DEPENDENCIES	Run test suite	2026-10-02T14:06:35.1977123Z     [94mdef[39;49;00m[90m [39;49;00m[92mpatched[39;49;00m(*args, **keywargs):[90m[39;49;00m
PRE-RELEASE DEPENDENCIES	Run test suite	2026-10-02T14:06:35.1977413Z >       [94mwith[39;49;00m [96mself[39;49;00m.decoration_helper(patched,[90m[39;49;00m
PRE-RELEASE DEPENDENCIES	Run test suite	2026-10-02T14:06:35.1977582Z                                     args,[90m[39;49;00m
PRE-RELEASE DEPENDENCIES	Run test suite	2026-10-02T14:06:35.1977869Z                                     keywargs) [94mas[39;49;00m (newargs, newkeywargs):[90m[39;49;00m
PRE-RELEASE DEPENDENCIES	Run test suite	2026-10-02T14:06:35.1977875Z 
PRE-RELEASE DEPENDENCIES	Run test suite	2026-10-02T14:06:35.1978196Z [1m[31m/opt/hostedtoolcache/Python/3.12.14/x64/lib/python3.12/unittest/mock.py[0m:1393: 
PRE-RELEASE DEPENDENCIES	Run test suite	2026-10-02T14:06:35.1978335Z _ _ _ _ _ _ _ _ _ _ _ _ _ _ _ _ _ _ _ _ _ _ _ _ _ _ _ _ _ _ _ _ _ _ _ _ _ _ _ _ 
PRE-RELEASE DEPENDENCIES	Run test suite	2026-10-02T14:06:35.1978657Z [1m[31m/opt/hostedtoolcache/Python/3.12.14/x64/lib/python3.12/contextlib.py[0m:137: in __enter__
PRE-RELEASE DEPENDENCIES	Run test suite	2026-10-02T14:06:35.1978929Z     [0m[94mreturn[39;49;00m [96mnext[39;49;00m([96mself[39;49;00m.gen)[90m[39;49;00m
PRE-RELEASE DEPENDENCIES	Run test suite	2026-10-02T14:06:35.1979056Z            ^^^^^^^^^^^^^^[90m[39;49;00m
PRE-RELEASE DEPENDENCIES	Run test suite	2026-10-02T14:06:35.1979561Z [1m[31m/opt/hostedtoolcache/Python/3.12.14/x64/lib/python3.12/unittest/mock.py[0m:1375: in decoration_helper
PRE-RELEASE DEPENDENCIES	Run test suite	2026-10-02T14:06:35.1979771Z     [0marg = exit_stack.enter_context(patching)[90m[39;49;00m
PRE-RELEASE DEPENDENCIES	Run test suite	2026-10-02T14:06:35.1979926Z           ^^^^^^^^^^^^^^^^^^^^^^^^^^^^^^^^^^[90m[39;49;00m
PRE-RELEASE DEPENDENCIES	Run test suite	2026-10-02T14:06:35.1985269Z [1m[31m/opt/hostedtoolcache/Python/3.12.14/x64/lib/python3.12/contextlib.py[0m:526: in enter_context
PRE-RELEASE DEPENDENCIES	Run test suite	2026-10-02T14:06:35.1985496Z     [0mresult = _enter(cm)[90m[39;49;00m
PRE-RELEASE DEPENDENCIES	Run test suite	2026-10-02T14:06:35.1985631Z              ^^^^^^^^^^[90m[39;49;00m
PRE-RELEASE DEPENDENCIES	Run test suite	2026-10-02T14:06:35.1986012Z [1m[31m/opt/hostedtoolcache/Python/3.12.14/x64/lib/python3.12/unittest/mock.py[0m:1467: in __enter__
PRE-RELEASE DEPENDENCIES	Run test suite	2026-10-02T14:06:35.1986266Z     [0moriginal, local = [96mself[39;49;00m.get_original()[90m[39;49;00m
PRE-RELEASE DEPENDENCIES	Run test suite	2026-10-02T14:06:35.1986416Z                       ^^^^^^^^^^^^^^^^^^^[90m[39;49;00m
PRE-RELEASE DEPENDENCIES	Run test suite	2026-10-02T14:06:35.1986559Z _ _ _ _ _ _ _ _ _ _ _ _ _ _ _ _ _ _ _ _ _ _ _ _ _ _ _ _ _ _ _ _ _ _ _ _ _ _ _ _ 
PRE-RELEASE DEPENDENCIES	Run test suite	2026-10-02T14:06:35.1986574Z 
PRE-RELEASE DEPENDENCIES	Run test suite	2026-10-02T14:06:35.1986721Z self = <unittest.mock._patch object at 0x7fa7ee83c980>
PRE-RELEASE DEPENDENCIES	Run test suite	2026-10-02T14:06:35.1986727Z 
PRE-RELEASE DEPENDENCIES	Run test suite	2026-10-02T14:06:35.1987063Z     [0m[94mdef[39;49;00m[90m [39;49;00m[92mget_original[39;49;00m([96mself[39;49;00m):[90m[39;49;00m
PRE-RELEASE DEPENDENCIES	Run test suite	2026-10-02T14:06:35.1987426Z         target = [96mself[39;49;00m.getter()[90m[39;49;00m
PRE-RELEASE DEPENDENCIES	Run test suite	2026-10-02T14:06:35.1987611Z         name = [96mself[39;49;00m.attribute[90m[39;49;00m
PRE-RELEASE DEPENDENCIES	Run test suite	2026-10-02T14:06:35.1987715Z     [90m[39;49;00m
PRE-RELEASE DEPENDENCIES	Run test suite	2026-10-02T14:06:35.1987856Z         original = DEFAULT[90m[39;49;00m
PRE-RELEASE DEPENDENCIES	Run test suite	2026-10-02T14:06:35.1988010Z         local = [94mFalse[39;49;00m[90m[39;49;00m
PRE-RELEASE DEPENDENCIES	Run test suite	2026-10-02T14:06:35.1988112Z     [90m[39;49;00m
PRE-RELEASE DEPENDENCIES	Run test suite	2026-10-02T14:06:35.1988244Z         [94mtry[39;49;00m:[90m[39;49;00m
PRE-RELEASE DEPENDENCIES	Run test suite	2026-10-02T14:06:35.1988470Z             original = target.[91m__dict__[39;49;00m[name][90m[39;49;00m
PRE-RELEASE DEPENDENCIES	Run test suite	2026-10-02T14:06:35.1988801Z         [94mexcept[39;49;00m ([96mAttributeError[39;49;00m, [96mKeyError[39;49;00m):[90m[39;49;00m
PRE-RELEASE DEPENDENCIES	Run test suite	2026-10-02T14:06:35.1989167Z             original = [96mgetattr[39;49;00m(target, name, DEFAULT)[90m[39;49;00m
PRE-RELEASE DEPENDENCIES	Run test suite	2026-10-02T14:06:35.1989310Z         [94melse[39;49;00m:[90m[39;49;00m
PRE-RELEASE DEPENDENCIES	Run test suite	2026-10-02T14:06:35.1989733Z             local = [94mTrue[39;49;00m[90m[39;49;00m
PRE-RELEASE DEPENDENCIES	Run test suite	2026-10-02T14:06:35.1989851Z     [90m[39;49;00m
PRE-RELEASE DEPENDENCIES	Run test suite	2026-10-02T14:06:35.1990295Z         [94mif[39;49;00m name [95min[39;49;00m _builtins [95mand[39;49;00m [96misinstance[39;49;00m(target, ModuleType):[90m[39;49;00m
PRE-RELEASE DEPENDENCIES	Run test suite	2026-10-02T14:06:35.1990521Z             [96mself[39;49;00m.create = [94mTrue[39;49;00m[90m[39;49;00m
PRE-RELEASE DEPENDENCIES	Run test suite	2026-10-02T14:06:35.1990625Z     [90m[39;49;00m
PRE-RELEASE DEPENDENCIES	Run test suite	2026-10-02T14:06:35.1991059Z         [94mif[39;49;00m [95mnot[39;49;00m [96mself[39;49;00m.create [95mand[39;49;00m original [95mis[39;49;00m DEFAULT:[90m[39;49;00m
PRE-RELEASE DEPENDENCIES	Run test suite	2026-10-02T14:06:35.1991290Z >           [94mraise[39;49;00m [96mAttributeError[39;49;00m([90m[39;49;00m
PRE-RELEASE DEPENDENCIES	Run test suite	2026-10-02T14:06:35.2108838Z                 [33m"[39;49;00m[33m%s[39;49;00m[33m does not have the attribute [39;49;00m[33m%r[39;49;00m[33m"[39;49;00m % (target, name)[90m[39;49;00m
PRE-RELEASE DEPENDENCIES	Run test suite	2026-10-02T14:06:35.2109146Z             )[90m[39;49;00m
PRE-RELEASE DEPENDENCIES	Run test suite	2026-10-02T14:06:35.2110571Z [1m[31mE           AttributeError: <module 'embpy.resources.text_resolver' from '/opt/hostedtoolcache/Python/3.12.14/x64/lib/python3.12/site-packages/embpy/resources/text_resolver.py'> does not have the attribute '_get_json'[0m
PRE-RELEASE DEPENDENCIES	Run test suite	2026-10-02T14:06:35.2110585Z 
PRE-RELEASE DEPENDENCIES	Run test suite	2026-10-02T14:06:35.2111057Z [1m[31m/opt/hostedtoolcache/Python/3.12.14/x64/lib/python3.12/unittest/mock.py[0m:1437: AttributeError
PRE-RELEASE DEPENDENCIES	Run test suite	2026-10-02T14:06:35.2111427Z [31m[1m_____________________ TestEnsemblSource.test_fetch_ensembl _____________________[0m
PRE-RELEASE DEPENDENCIES	Run test suite	2026-10-02T14:06:35.2111435Z 
PRE-RELEASE DEPENDENCIES	Run test suite	2026-10-02T14:06:35.2111744Z args = (<tests.embpy.test_text_resolver.TestEnsemblSource object at 0x7fa7ee998da0>,)
PRE-RELEASE DEPENDENCIES	Run test suite	2026-10-02T14:06:35.2112095Z keywargs = {'resolver': <embpy.resources.text.resolver.TextResolver object at 0x7fa7b1a0ca40>}
PRE-RELEASE DEPENDENCIES	Run test suite	2026-10-02T14:06:35.2112113Z 
PRE-RELEASE DEPENDENCIES	Run test suite	2026-10-02T14:06:35.2112314Z     [0m[37m@wraps[39;49;00m(func)[90m[39;49;00m
PRE-RELEASE DEPENDENCIES	Run test suite	2026-10-02T14:06:35.2112688Z     [94mdef[39;49;00m[90m [39;49;00m[92mpatched[39;49;00m(*args, **keywargs):[90m[39;49;00m
PRE-RELEASE DEPENDENCIES	Run test suite	2026-10-02T14:06:35.2113036Z >       [94mwith[39;49;00m [96mself[39;49;00m.decoration_helper(patched,[90m[39;49;00m
PRE-RELEASE DEPENDENCIES	Run test suite	2026-10-02T14:06:35.2113230Z                                     args,[90m[39;49;00m
PRE-RELEASE DEPENDENCIES	Run test suite	2026-10-02T14:06:35.2113575Z                                     keywargs) [94mas[39;49;00m (newargs, newkeywargs):[90m[39;49;00m
PRE-RELEASE DEPENDENCIES	Run test suite	2026-10-02T14:06:35.2113590Z 
PRE-RELEASE DEPENDENCIES	Run test suite	2026-10-02T14:06:35.2113984Z [1m[31m/opt/hostedtoolcache/Python/3.12.14/x64/lib/python3.12/unittest/mock.py[0m:1393: 
PRE-RELEASE DEPENDENCIES	Run test suite	2026-10-02T14:06:35.2114168Z _ _ _ _ _ _ _ _ _ _ _ _ _ _ _ _ _ _ _ _ _ _ _ _ _ _ _ _ _ _ _ _ _ _ _ _ _ _ _ _ 
PRE-RELEASE DEPENDENCIES	Run test suite	2026-10-02T14:06:35.2114589Z [1m[31m/opt/hostedtoolcache/Python/3.12.14/x64/lib/python3.12/contextlib.py[0m:137: in __enter__
PRE-RELEASE DEPENDENCIES	Run test suite	2026-10-02T14:06:35.2114936Z     [0m[94mreturn[39;49;00m [96mnext[39;49;00m([96mself[39;49;00m.gen)[90m[39;49;00m
PRE-RELEASE DEPENDENCIES	Run test suite	2026-10-02T14:06:35.2115091Z            ^^^^^^^^^^^^^^[90m[39;49;00m
PRE-RELEASE DEPENDENCIES	Run test suite	2026-10-02T14:06:35.2115577Z [1m[31m/opt/hostedtoolcache/Python/3.12.14/x64/lib/python3.12/unittest/mock.py[0m:1375: in decoration_helper
PRE-RELEASE DEPENDENCIES	Run test suite	2026-10-02T14:06:35.2116038Z     [0marg = exit_stack.enter_context(patching)[90m[39;49;00m
PRE-RELEASE DEPENDENCIES	Run test suite	2026-10-02T14:06:35.2116230Z           ^^^^^^^^^^^^^^^^^^^^^^^^^^^^^^^^^^[90m[39;49;00m
PRE-RELEASE DEPENDENCIES	Run test suite	2026-10-02T14:06:35.2116676Z [1m[31m/opt/hostedtoolcache/Python/3.12.14/x64/lib/python3.12/contextlib.py[0m:526: in enter_context
PRE-RELEASE DEPENDENCIES	Run test suite	2026-10-02T14:06:35.2116843Z     [0mresult = _enter(cm)[90m[39;49;00m
PRE-RELEASE DEPENDENCIES	Run test suite	2026-10-02T14:06:35.2116998Z              ^^^^^^^^^^[90m[39;49;00m
PRE-RELEASE DEPENDENCIES	Run test suite	2026-10-02T14:06:35.2117454Z [1m[31m/opt/hostedtoolcache/Python/3.12.14/x64/lib/python3.12/unittest/mock.py[0m:1467: in __enter__
PRE-RELEASE DEPENDENCIES	Run test suite	2026-10-02T14:06:35.2117845Z     [0moriginal, local = [96mself[39;49;00m.get_original()[90m[39;49;00m
PRE-RELEASE DEPENDENCIES	Run test suite	2026-10-02T14:06:35.2118152Z                       ^^^^^^^^^^^^^^^^^^^[90m[39;49;00m
PRE-RELEASE DEPENDENCIES	Run test suite	2026-10-02T14:06:35.2118329Z _ _ _ _ _ _ _ _ _ _ _ _ _ _ _ _ _ _ _ _ _ _ _ _ _ _ _ _ _ _ _ _ _ _ _ _ _ _ _ _ 
PRE-RELEASE DEPENDENCIES	Run test suite	2026-10-02T14:06:35.2118335Z 
PRE-RELEASE DEPENDENCIES	Run test suite	2026-10-02T14:06:35.2118520Z self = <unittest.mock._patch object at 0x7fa7ee83c6b0>
PRE-RELEASE DEPENDENCIES	Run test suite	2026-10-02T14:06:35.2118526Z 
PRE-RELEASE DEPENDENCIES	Run test suite	2026-10-02T14:06:35.2118963Z     [0m[94mdef[39;49;00m[90m [39;49;00m[92mget_original[39;49;00m([96mself[39;49;00m):[90m[39;49;00m
PRE-RELEASE DEPENDENCIES	Run test suite	2026-10-02T14:06:35.2119195Z         target = [96mself[39;49;00m.getter()[90m[39;49;00m
PRE-RELEASE DEPENDENCIES	Run test suite	2026-10-02T14:06:35.2119699Z         name = [96mself[39;49;00m.attribute[90m[39;49;00m
PRE-RELEASE DEPENDENCIES	Run test suite	2026-10-02T14:06:35.2119859Z     [90m[39;49;00m
PRE-RELEASE DEPENDENCIES	Run test suite	2026-10-02T14:06:35.2120037Z         original = DEFAULT[90m[39;49;00m
PRE-RELEASE DEPENDENCIES	Run test suite	2026-10-02T14:06:35.2120232Z         local = [94mFalse[39;49;00m[90m[39;49;00m
PRE-RELEASE DEPENDENCIES	Run test suite	2026-10-02T14:06:35.2120365Z     [90m[39;49;00m
PRE-RELEASE DEPENDENCIES	Run test suite	2026-10-02T14:06:35.2120536Z         [94mtry[39;49;00m:[90m[39;49;00m
PRE-RELEASE DEPENDENCIES	Run test suite	2026-10-02T14:06:35.2120834Z             original = target.[91m__dict__[39;49;00m[name][90m[39;49;00m
PRE-RELEASE DEPENDENCIES	Run test suite	2026-10-02T14:06:35.2121274Z         [94mexcept[39;49;00m ([96mAttributeError[39;49;00m, [96mKeyError[39;49;00m):[90m[39;49;00m
PRE-RELEASE DEPENDENCIES	Run test suite	2026-10-02T14:06:35.2121603Z             original = [96mgetattr[39;49;00m(target, name, DEFAULT)[90m[39;49;00m
PRE-RELEASE DEPENDENCIES	Run test suite	2026-10-02T14:06:35.2121781Z         [94melse[39;49;00m:[90m[39;49;00m
PRE-RELEASE DEPENDENCIES	Run test suite	2026-10-02T14:06:35.2121981Z             local = [94mTrue[39;49;00m[90m[39;49;00m
PRE-RELEASE DEPENDENCIES	Run test suite	2026-10-02T14:06:35.2122114Z     [90m[39;49;00m
PRE-RELEASE DEPENDENCIES	Run test suite	2026-10-02T14:06:35.2122719Z         [94mif[39;49;00m name [95min[39;49;00m _builtins [95mand[39;49;00m [96misinstance[39;49;00m(target, ModuleType):[90m[39;49;00m
PRE-RELEASE DEPENDENCIES	Run test suite	2026-10-02T14:06:35.2123003Z             [96mself[39;49;00m.create = [94mTrue[39;49;00m[90m[39;49;00m
PRE-RELEASE DEPENDENCIES	Run test suite	2026-10-02T14:06:35.2123137Z     [90m[39;49;00m
PRE-RELEASE DEPENDENCIES	Run test suite	2026-10-02T14:06:35.2123726Z         [94mif[39;49;00m [95mnot[39;49;00m [96mself[39;49;00m.create [95mand[39;49;00m original [95mis[39;49;00m DEFAULT:[90m[39;49;00m
PRE-RELEASE DEPENDENCIES	Run test suite	2026-10-02T14:06:35.2124032Z >           [94mraise[39;49;00m [96mAttributeError[39;49;00m([90m[39;49;00m
PRE-RELEASE DEPENDENCIES	Run test suite	2026-10-02T14:06:35.2124672Z                 [33m"[39;49;00m[33m%s[39;49;00m[33m does not have the attribute [39;49;00m[33m%r[39;49;00m[33m"[39;49;00m % (target, name)[90m[39;49;00m
PRE-RELEASE DEPENDENCIES	Run test suite	2026-10-02T14:06:35.2124820Z             )[90m[39;49;00m
PRE-RELEASE DEPENDENCIES	Run test suite	2026-10-02T14:06:35.2125989Z [1m[31mE           AttributeError: <module 'embpy.resources.text_resolver' from '/opt/hostedtoolcache/Python/3.12.14/x64/lib/python3.12/site-packages/embpy/resources/text_resolver.py'> does not have the attribute '_get_json'[0m
PRE-RELEASE DEPENDENCIES	Run test suite	2026-10-02T14:06:35.2125996Z 
PRE-RELEASE DEPENDENCIES	Run test suite	2026-10-02T14:06:35.2126475Z [1m[31m/opt/hostedtoolcache/Python/3.12.14/x64/lib/python3.12/unittest/mock.py[0m:1437: AttributeError
PRE-RELEASE DEPENDENCIES	Run test suite	2026-10-02T14:06:35.2126867Z [31m[1m___________________ TestEnsemblSource.test_ensembl_not_found ___________________[0m
PRE-RELEASE DEPENDENCIES	Run test suite	2026-10-02T14:06:35.2126873Z 
PRE-RELEASE DEPENDENCIES	Run test suite	2026-10-02T14:06:35.2127183Z args = (<tests.embpy.test_text_resolver.TestEnsemblSource object at 0x7fa7ee998710>,)
PRE-RELEASE DEPENDENCIES	Run test suite	2026-10-02T14:06:35.2127549Z keywargs = {'resolver': <embpy.resources.text.resolver.TextResolver object at 0x7fa7b1a0d6a0>}
PRE-RELEASE DEPENDENCIES	Run test suite	2026-10-02T14:06:35.2127554Z 
PRE-RELEASE DEPENDENCIES	Run test suite	2026-10-02T14:06:35.2127756Z     [0m[37m@wraps[39;49;00m(func)[90m[39;49;00m
PRE-RELEASE DEPENDENCIES	Run test suite	2026-10-02T14:06:35.2128278Z     [94mdef[39;49;00m[90m [39;49;00m[92mpatched[39;49;00m(*args, **keywargs):[90m[39;49;00m
PRE-RELEASE DEPENDENCIES	Run test suite	2026-10-02T14:06:35.2128545Z >       [94mwith[39;49;00m [96mself[39;49;00m.decoration_helper(patched,[90m[39;49;00m
PRE-RELEASE DEPENDENCIES	Run test suite	2026-10-02T14:06:35.2128697Z                                     args,[90m[39;49;00m
PRE-RELEASE DEPENDENCIES	Run test suite	2026-10-02T14:06:35.2128963Z                                     keywargs) [94mas[39;49;00m (newargs, newkeywargs):[90m[39;49;00m
PRE-RELEASE DEPENDENCIES	Run test suite	2026-10-02T14:06:35.2128968Z 
PRE-RELEASE DEPENDENCIES	Run test suite	2026-10-02T14:06:35.2129273Z [1m[31m/opt/hostedtoolcache/Python/3.12.14/x64/lib/python3.12/unittest/mock.py[0m:1393: 
PRE-RELEASE DEPENDENCIES	Run test suite	2026-10-02T14:06:35.2129410Z _ _ _ _ _ _ _ _ _ _ _ _ _ _ _ _ _ _ _ _ _ _ _ _ _ _ _ _ _ _ _ _ _ _ _ _ _ _ _ _ 
PRE-RELEASE DEPENDENCIES	Run test suite	2026-10-02T14:06:35.2130042Z [1m[31m/opt/hostedtoolcache/Python/3.12.14/x64/lib/python3.12/contextlib.py[0m:137: in __enter__
PRE-RELEASE DEPENDENCIES	Run test suite	2026-10-02T14:06:35.2130313Z     [0m[94mreturn[39;49;00m [96mnext[39;49;00m([96mself[39;49;00m.gen)[90m[39;49;00m
PRE-RELEASE DEPENDENCIES	Run test suite	2026-10-02T14:06:35.2130441Z            ^^^^^^^^^^^^^^[90m[39;49;00m
PRE-RELEASE DEPENDENCIES	Run test suite	2026-10-02T14:06:35.2130818Z [1m[31m/opt/hostedtoolcache/Python/3.12.14/x64/lib/python3.12/unittest/mock.py[0m:1375: in decoration_helper
PRE-RELEASE DEPENDENCIES	Run test suite	2026-10-02T14:06:35.2131014Z     [0marg = exit_stack.enter_context(patching)[90m[39;49;00m
PRE-RELEASE DEPENDENCIES	Run test suite	2026-10-02T14:06:35.2131172Z           ^^^^^^^^^^^^^^^^^^^^^^^^^^^^^^^^^^[90m[39;49;00m
PRE-RELEASE DEPENDENCIES	Run test suite	2026-10-02T14:06:35.2131511Z [1m[31m/opt/hostedtoolcache/Python/3.12.14/x64/lib/python3.12/contextlib.py[0m:526: in enter_context
PRE-RELEASE DEPENDENCIES	Run test suite	2026-10-02T14:06:35.2131646Z     [0mresult = _enter(cm)[90m[39;49;00m
PRE-RELEASE DEPENDENCIES	Run test suite	2026-10-02T14:06:35.2131769Z              ^^^^^^^^^^[90m[39;49;00m
PRE-RELEASE DEPENDENCIES	Run test suite	2026-10-02T14:06:35.2132099Z [1m[31m/opt/hostedtoolcache/Python/3.12.14/x64/lib/python3.12/unittest/mock.py[0m:1467: in __enter__
PRE-RELEASE DEPENDENCIES	Run test suite	2026-10-02T14:06:35.2132347Z     [0moriginal, local = [96mself[39;49;00m.get_original()[90m[39;49;00m
PRE-RELEASE DEPENDENCIES	Run test suite	2026-10-02T14:06:35.2132496Z                       ^^^^^^^^^^^^^^^^^^^[90m[39;49;00m
PRE-RELEASE DEPENDENCIES	Run test suite	2026-10-02T14:06:35.2132628Z _ _ _ _ _ _ _ _ _ _ _ _ _ _ _ _ _ _ _ _ _ _ _ _ _ _ _ _ _ _ _ _ _ _ _ _ _ _ _ _ 
PRE-RELEASE DEPENDENCIES	Run test suite	2026-10-02T14:06:35.2132633Z 
PRE-RELEASE DEPENDENCIES	Run test suite	2026-10-02T14:06:35.2132772Z self = <unittest.mock._patch object at 0x7fa7ee83c830>
PRE-RELEASE DEPENDENCIES	Run test suite	2026-10-02T14:06:35.2132777Z 
PRE-RELEASE DEPENDENCIES	Run test suite	2026-10-02T14:06:35.2133098Z     [0m[94mdef[39;49;00m[90m [39;49;00m[92mget_original[39;49;00m([96mself[39;49;00m):[90m[39;49;00m
PRE-RELEASE DEPENDENCIES	Run test suite	2026-10-02T14:06:35.2133282Z         target = [96mself[39;49;00m.getter()[90m[39;49;00m
PRE-RELEASE DEPENDENCIES	Run test suite	2026-10-02T14:06:35.2133463Z         name = [96mself[39;49;00m.attribute[90m[39;49;00m
PRE-RELEASE DEPENDENCIES	Run test suite	2026-10-02T14:06:35.2133563Z     [90m[39;49;00m
PRE-RELEASE DEPENDENCIES	Run test suite	2026-10-02T14:06:35.2133698Z         original = DEFAULT[90m[39;49;00m
PRE-RELEASE DEPENDENCIES	Run test suite	2026-10-02T14:06:35.2133847Z         local = [94mFalse[39;49;00m[90m[39;49;00m
PRE-RELEASE DEPENDENCIES	Run test suite	2026-10-02T14:06:35.2133955Z     [90m[39;49;00m
PRE-RELEASE DEPENDENCIES	Run test suite	2026-10-02T14:06:35.2134084Z         [94mtry[39;49;00m:[90m[39;49;00m
PRE-RELEASE DEPENDENCIES	Run test suite	2026-10-02T14:06:35.2134306Z             original = target.[91m__dict__[39;49;00m[name][90m[39;49;00m
PRE-RELEASE DEPENDENCIES	Run test suite	2026-10-02T14:06:35.2134632Z         [94mexcept[39;49;00m ([96mAttributeError[39;49;00m, [96mKeyError[39;49;00m):[90m[39;49;00m
PRE-RELEASE DEPENDENCIES	Run test suite	2026-10-02T14:06:35.2134880Z             original = [96mgetattr[39;49;00m(target, name, DEFAULT)[90m[39;49;00m
PRE-RELEASE DEPENDENCIES	Run test suite	2026-10-02T14:06:35.2135018Z         [94melse[39;49;00m:[90m[39;49;00m
PRE-RELEASE DEPENDENCIES	Run test suite	2026-10-02T14:06:35.2135172Z             local = [94mTrue[39;49;00m[90m[39;49;00m
PRE-RELEASE DEPENDENCIES	Run test suite	2026-10-02T14:06:35.2135277Z     [90m[39;49;00m
PRE-RELEASE DEPENDENCIES	Run test suite	2026-10-02T14:06:35.2135715Z         [94mif[39;49;00m name [95min[39;49;00m _builtins [95mand[39;49;00m [96misinstance[39;49;00m(target, ModuleType):[90m[39;49;00m
PRE-RELEASE DEPENDENCIES	Run test suite	2026-10-02T14:06:35.2135936Z             [96mself[39;49;00m.create = [94mTrue[39;49;00m[90m[39;49;00m
PRE-RELEASE DEPENDENCIES	Run test suite	2026-10-02T14:06:35.2136040Z     [90m[39;49;00m
PRE-RELEASE DEPENDENCIES	Run test suite	2026-10-02T14:06:35.2136475Z         [94mif[39;49;00m [95mnot[39;49;00m [96mself[39;49;00m.create [95mand[39;49;00m original [95mis[39;49;00m DEFAULT:[90m[39;49;00m
PRE-RELEASE DEPENDENCIES	Run test suite	2026-10-02T14:06:35.2136703Z >           [94mraise[39;49;00m [96mAttributeError[39;49;00m([90m[39;49;00m
PRE-RELEASE DEPENDENCIES	Run test suite	2026-10-02T14:06:35.2137291Z                 [33m"[39;49;00m[33m%s[39;49;00m[33m does not have the attribute [39;49;00m[33m%r[39;49;00m[33m"[39;49;00m % (target, name)[90m[39;49;00m
PRE-RELEASE DEPENDENCIES	Run test suite	2026-10-02T14:06:35.2137409Z             )[90m[39;49;00m
PRE-RELEASE DEPENDENCIES	Run test suite	2026-10-02T14:06:35.2138258Z [1m[31mE           AttributeError: <module 'embpy.resources.text_resolver' from '/opt/hostedtoolcache/Python/3.12.14/x64/lib/python3.12/site-packages/embpy/resources/text_resolver.py'> does not have the attribute '_get_json'[0m
PRE-RELEASE DEPENDENCIES	Run test suite	2026-10-02T14:06:35.2138264Z 
PRE-RELEASE DEPENDENCIES	Run test suite	2026-10-02T14:06:35.2138613Z [1m[31m/opt/hostedtoolcache/Python/3.12.14/x64/lib/python3.12/unittest/mock.py[0m:1437: AttributeError
PRE-RELEASE DEPENDENCIES	Run test suite	2026-10-02T14:06:35.2138909Z [31m[1m______________ TestUniProtSource.test_fetch_uniprot_by_accession _______________[0m
PRE-RELEASE DEPENDENCIES	Run test suite	2026-10-02T14:06:35.2138993Z 
PRE-RELEASE DEPENDENCIES	Run test suite	2026-10-02T14:06:35.2139223Z args = (<tests.embpy.test_text_resolver.TestUniProtSource object at 0x7fa7ee9e23c0>,)
PRE-RELEASE DEPENDENCIES	Run test suite	2026-10-02T14:06:35.2139616Z keywargs = {'resolver': <embpy.resources.text.resolver.TextResolver object at 0x7fa7b1a0e930>}
PRE-RELEASE DEPENDENCIES	Run test suite	2026-10-02T14:06:35.2139626Z 
PRE-RELEASE DEPENDENCIES	Run test suite	2026-10-02T14:06:35.2139790Z     [0m[37m@wraps[39;49;00m(func)[90m[39;49;00m
PRE-RELEASE DEPENDENCIES	Run test suite	2026-10-02T14:06:35.2243042Z     [94mdef[39;49;00m[90m [39;49;00m[92mpatched[39;49;00m(*args, **keywargs):[90m[39;49;00m
PRE-RELEASE DEPENDENCIES	Run test suite	2026-10-02T14:06:35.2243689Z >       [94mwith[39;49;00m [96mself[39;49;00m.decoration_helper(patched,[90m[39;49;00m
PRE-RELEASE DEPENDENCIES	Run test suite	2026-10-02T14:06:35.2244035Z                                     args,[90m[39;49;00m
PRE-RELEASE DEPENDENCIES	Run test suite	2026-10-02T14:06:35.2244397Z                                     keywargs) [94mas[39;49;00m (newargs, newkeywargs):[90m[39;49;00m
PRE-RELEASE DEPENDENCIES	Run test suite	2026-10-02T14:06:35.2244410Z 
PRE-RELEASE DEPENDENCIES	Run test suite	2026-10-02T14:06:35.2244796Z [1m[31m/opt/hostedtoolcache/Python/3.12.14/x64/lib/python3.12/unittest/mock.py[0m:1393: 
PRE-RELEASE DEPENDENCIES	Run test suite	2026-10-02T14:06:35.2244986Z _ _ _ _ _ _ _ _ _ _ _ _ _ _ _ _ _ _ _ _ _ _ _ _ _ _ _ _ _ _ _ _ _ _ _ _ _ _ _ _ 
PRE-RELEASE DEPENDENCIES	Run test suite	2026-10-02T14:06:35.2245398Z [1m[31m/opt/hostedtoolcache/Python/3.12.14/x64/lib/python3.12/contextlib.py[0m:137: in __enter__
PRE-RELEASE DEPENDENCIES	Run test suite	2026-10-02T14:06:35.2245739Z     [0m[94mreturn[39;49;00m [96mnext[39;49;00m([96mself[39;49;00m.gen)[90m[39;49;00m
PRE-RELEASE DEPENDENCIES	Run test suite	2026-10-02T14:06:35.2245901Z            ^^^^^^^^^^^^^^[90m[39;49;00m
PRE-RELEASE DEPENDENCIES	Run test suite	2026-10-02T14:06:35.2246372Z [1m[31m/opt/hostedtoolcache/Python/3.12.14/x64/lib/python3.12/unittest/mock.py[0m:1375: in decoration_helper
PRE-RELEASE DEPENDENCIES	Run test suite	2026-10-02T14:06:35.2246623Z     [0marg = exit_stack.enter_context(patching)[90m[39;49;00m
PRE-RELEASE DEPENDENCIES	Run test suite	2026-10-02T14:06:35.2246809Z           ^^^^^^^^^^^^^^^^^^^^^^^^^^^^^^^^^^[90m[39;49;00m
PRE-RELEASE DEPENDENCIES	Run test suite	2026-10-02T14:06:35.2247232Z [1m[31m/opt/hostedtoolcache/Python/3.12.14/x64/lib/python3.12/contextlib.py[0m:526: in enter_context
PRE-RELEASE DEPENDENCIES	Run test suite	2026-10-02T14:06:35.2247396Z     [0mresult = _enter(cm)[90m[39;49;00m
PRE-RELEASE DEPENDENCIES	Run test suite	2026-10-02T14:06:35.2247552Z              ^^^^^^^^^^[90m[39;49;00m
PRE-RELEASE DEPENDENCIES	Run test suite	2026-10-02T14:06:35.2248045Z [1m[31m/opt/hostedtoolcache/Python/3.12.14/x64/lib/python3.12/unittest/mock.py[0m:1467: in __enter__
PRE-RELEASE DEPENDENCIES	Run test suite	2026-10-02T14:06:35.2248316Z     [0moriginal, local = [96mself[39;49;00m.get_original()[90m[39;49;00m
PRE-RELEASE DEPENDENCIES	Run test suite	2026-10-02T14:06:35.2248483Z                       ^^^^^^^^^^^^^^^^^^^[90m[39;49;00m
PRE-RELEASE DEPENDENCIES	Run test suite	2026-10-02T14:06:35.2248633Z _ _ _ _ _ _ _ _ _ _ _ _ _ _ _ _ _ _ _ _ _ _ _ _ _ _ _ _ _ _ _ _ _ _ _ _ _ _ _ _ 
PRE-RELEASE DEPENDENCIES	Run test suite	2026-10-02T14:06:35.2248639Z 
PRE-RELEASE DEPENDENCIES	Run test suite	2026-10-02T14:06:35.2248793Z self = <unittest.mock._patch object at 0x7fa7ee83e150>
PRE-RELEASE DEPENDENCIES	Run test suite	2026-10-02T14:06:35.2248799Z 
PRE-RELEASE DEPENDENCIES	Run test suite	2026-10-02T14:06:35.2249171Z     [0m[94mdef[39;49;00m[90m [39;49;00m[92mget_original[39;49;00m([96mself[39;49;00m):[90m[39;49;00m
PRE-RELEASE DEPENDENCIES	Run test suite	2026-10-02T14:06:35.2249367Z         target = [96mself[39;49;00m.getter()[90m[39;49;00m
PRE-RELEASE DEPENDENCIES	Run test suite	2026-10-02T14:06:35.2249859Z         name = [96mself[39;49;00m.attribute[90m[39;49;00m
PRE-RELEASE DEPENDENCIES	Run test suite	2026-10-02T14:06:35.2249976Z     [90m[39;49;00m
PRE-RELEASE DEPENDENCIES	Run test suite	2026-10-02T14:06:35.2250131Z         original = DEFAULT[90m[39;49;00m
PRE-RELEASE DEPENDENCIES	Run test suite	2026-10-02T14:06:35.2250302Z         local = [94mFalse[39;49;00m[90m[39;49;00m
PRE-RELEASE DEPENDENCIES	Run test suite	2026-10-02T14:06:35.2250418Z     [90m[39;49;00m
PRE-RELEASE DEPENDENCIES	Run test suite	2026-10-02T14:06:35.2250566Z         [94mtry[39;49;00m:[90m[39;49;00m
PRE-RELEASE DEPENDENCIES	Run test suite	2026-10-02T14:06:35.2250982Z             original = target.[91m__dict__[39;49;00m[name][90m[39;49;00m
PRE-RELEASE DEPENDENCIES	Run test suite	2026-10-02T14:06:35.2251360Z         [94mexcept[39;49;00m ([96mAttributeError[39;49;00m, [96mKeyError[39;49;00m):[90m[39;49;00m
PRE-RELEASE DEPENDENCIES	Run test suite	2026-10-02T14:06:35.2251640Z             original = [96mgetattr[39;49;00m(target, name, DEFAULT)[90m[39;49;00m
PRE-RELEASE DEPENDENCIES	Run test suite	2026-10-02T14:06:35.2251789Z         [94melse[39;49;00m:[90m[39;49;00m
PRE-RELEASE DEPENDENCIES	Run test suite	2026-10-02T14:06:35.2251964Z             local = [94mTrue[39;49;00m[90m[39;49;00m
PRE-RELEASE DEPENDENCIES	Run test suite	2026-10-02T14:06:35.2252073Z     [90m[39;49;00m
PRE-RELEASE DEPENDENCIES	Run test suite	2026-10-02T14:06:35.2252582Z         [94mif[39;49;00m name [95min[39;49;00m _builtins [95mand[39;49;00m [96misinstance[39;49;00m(target, ModuleType):[90m[39;49;00m
PRE-RELEASE DEPENDENCIES	Run test suite	2026-10-02T14:06:35.2252940Z             [96mself[39;49;00m.create = [94mTrue[39;49;00m[90m[39;49;00m
PRE-RELEASE DEPENDENCIES	Run test suite	2026-10-02T14:06:35.2253058Z     [90m[39;49;00m
PRE-RELEASE DEPENDENCIES	Run test suite	2026-10-02T14:06:35.2253554Z         [94mif[39;49;00m [95mnot[39;49;00m [96mself[39;49;00m.create [95mand[39;49;00m original [95mis[39;49;00m DEFAULT:[90m[39;49;00m
PRE-RELEASE DEPENDENCIES	Run test suite	2026-10-02T14:06:35.2253815Z >           [94mraise[39;49;00m [96mAttributeError[39;49;00m([90m[39;49;00m
PRE-RELEASE DEPENDENCIES	Run test suite	2026-10-02T14:06:35.2254356Z                 [33m"[39;49;00m[33m%s[39;49;00m[33m does not have the attribute [39;49;00m[33m%r[39;49;00m[33m"[39;49;00m % (target, name)[90m[39;49;00m
PRE-RELEASE DEPENDENCIES	Run test suite	2026-10-02T14:06:35.2254480Z             )[90m[39;49;00m
PRE-RELEASE DEPENDENCIES	Run test suite	2026-10-02T14:06:35.2255478Z [1m[31mE           AttributeError: <module 'embpy.resources.text_resolver' from '/opt/hostedtoolcache/Python/3.12.14/x64/lib/python3.12/site-packages/embpy/resources/text_resolver.py'> does not have the attribute '_get_json'[0m
PRE-RELEASE DEPENDENCIES	Run test suite	2026-10-02T14:06:35.2255484Z 
PRE-RELEASE DEPENDENCIES	Run test suite	2026-10-02T14:06:35.2255898Z [1m[31m/opt/hostedtoolcache/Python/3.12.14/x64/lib/python3.12/unittest/mock.py[0m:1437: AttributeError
PRE-RELEASE DEPENDENCIES	Run test suite	2026-10-02T14:06:35.2256237Z [31m[1m___________________ TestUniProtSource.test_uniprot_not_found ___________________[0m
PRE-RELEASE DEPENDENCIES	Run test suite	2026-10-02T14:06:35.2256242Z 
PRE-RELEASE DEPENDENCIES	Run test suite	2026-10-02T14:06:35.2256508Z args = (<tests.embpy.test_text_resolver.TestUniProtSource object at 0x7fa7ee9e3860>,)
PRE-RELEASE DEPENDENCIES	Run test suite	2026-10-02T14:06:35.2256822Z keywargs = {'resolver': <embpy.resources.text.resolver.TextResolver object at 0x7fa7b1a0cce0>}
PRE-RELEASE DEPENDENCIES	Run test suite	2026-10-02T14:06:35.2256828Z 
PRE-RELEASE DEPENDENCIES	Run test suite	2026-10-02T14:06:35.2257000Z     [0m[37m@wraps[39;49;00m(func)[90m[39;49;00m
PRE-RELEASE DEPENDENCIES	Run test suite	2026-10-02T14:06:35.2257329Z     [94mdef[39;49;00m[90m [39;49;00m[92mpatched[39;49;00m(*args, **keywargs):[90m[39;49;00m
PRE-RELEASE DEPENDENCIES	Run test suite	2026-10-02T14:06:35.2257632Z >       [94mwith[39;49;00m [96mself[39;49;00m.decoration_helper(patched,[90m[39;49;00m
PRE-RELEASE DEPENDENCIES	Run test suite	2026-10-02T14:06:35.2257798Z                                     args,[90m[39;49;00m
PRE-RELEASE DEPENDENCIES	Run test suite	2026-10-02T14:06:35.2258103Z                                     keywargs) [94mas[39;49;00m (newargs, newkeywargs):[90m[39;49;00m
PRE-RELEASE DEPENDENCIES	Run test suite	2026-10-02T14:06:35.2258113Z 
PRE-RELEASE DEPENDENCIES	Run test suite	2026-10-02T14:06:35.2258468Z [1m[31m/opt/hostedtoolcache/Python/3.12.14/x64/lib/python3.12/unittest/mock.py[0m:1393: 
PRE-RELEASE DEPENDENCIES	Run test suite	2026-10-02T14:06:35.2258624Z _ _ _ _ _ _ _ _ _ _ _ _ _ _ _ _ _ _ _ _ _ _ _ _ _ _ _ _ _ _ _ _ _ _ _ _ _ _ _ _ 
PRE-RELEASE DEPENDENCIES	Run test suite	2026-10-02T14:06:35.2258949Z [1m[31m/opt/hostedtoolcache/Python/3.12.14/x64/lib/python3.12/contextlib.py[0m:137: in __enter__
PRE-RELEASE DEPENDENCIES	Run test suite	2026-10-02T14:06:35.2259216Z     [0m[94mreturn[39;49;00m [96mnext[39;49;00m([96mself[39;49;00m.gen)[90m[39;49;00m
PRE-RELEASE DEPENDENCIES	Run test suite	2026-10-02T14:06:35.2259339Z            ^^^^^^^^^^^^^^[90m[39;49;00m
PRE-RELEASE DEPENDENCIES	Run test suite	2026-10-02T14:06:35.2259864Z [1m[31m/opt/hostedtoolcache/Python/3.12.14/x64/lib/python3.12/unittest/mock.py[0m:1375: in decoration_helper
PRE-RELEASE DEPENDENCIES	Run test suite	2026-10-02T14:06:35.2260070Z     [0marg = exit_stack.enter_context(patching)[90m[39;49;00m
PRE-RELEASE DEPENDENCIES	Run test suite	2026-10-02T14:06:35.2260218Z           ^^^^^^^^^^^^^^^^^^^^^^^^^^^^^^^^^^[90m[39;49;00m
PRE-RELEASE DEPENDENCIES	Run test suite	2026-10-02T14:06:35.2260561Z [1m[31m/opt/hostedtoolcache/Python/3.12.14/x64/lib/python3.12/contextlib.py[0m:526: in enter_context
PRE-RELEASE DEPENDENCIES	Run test suite	2026-10-02T14:06:35.2260697Z     [0mresult = _enter(cm)[90m[39;49;00m
PRE-RELEASE DEPENDENCIES	Run test suite	2026-10-02T14:06:35.2260824Z              ^^^^^^^^^^[90m[39;49;00m
PRE-RELEASE DEPENDENCIES	Run test suite	2026-10-02T14:06:35.2261156Z [1m[31m/opt/hostedtoolcache/Python/3.12.14/x64/lib/python3.12/unittest/mock.py[0m:1467: in __enter__
PRE-RELEASE DEPENDENCIES	Run test suite	2026-10-02T14:06:35.2261526Z     [0moriginal, local = [96mself[39;49;00m.get_original()[90m[39;49;00m
PRE-RELEASE DEPENDENCIES	Run test suite	2026-10-02T14:06:35.2261678Z                       ^^^^^^^^^^^^^^^^^^^[90m[39;49;00m
PRE-RELEASE DEPENDENCIES	Run test suite	2026-10-02T14:06:35.2261809Z _ _ _ _ _ _ _ _ _ _ _ _ _ _ _ _ _ _ _ _ _ _ _ _ _ _ _ _ _ _ _ _ _ _ _ _ _ _ _ _ 
PRE-RELEASE DEPENDENCIES	Run test suite	2026-10-02T14:06:35.2261814Z 
PRE-RELEASE DEPENDENCIES	Run test suite	2026-10-02T14:06:35.2261950Z self = <unittest.mock._patch object at 0x7fa7ee83c2c0>
PRE-RELEASE DEPENDENCIES	Run test suite	2026-10-02T14:06:35.2261955Z 
PRE-RELEASE DEPENDENCIES	Run test suite	2026-10-02T14:06:35.2262271Z     [0m[94mdef[39;49;00m[90m [39;49;00m[92mget_original[39;49;00m([96mself[39;49;00m):[90m[39;49;00m
PRE-RELEASE DEPENDENCIES	Run test suite	2026-10-02T14:06:35.2262453Z         target = [96mself[39;49;00m.getter()[90m[39;49;00m
PRE-RELEASE DEPENDENCIES	Run test suite	2026-10-02T14:06:35.2262741Z         name = [96mself[39;49;00m.attribute[90m[39;49;00m
PRE-RELEASE DEPENDENCIES	Run test suite	2026-10-02T14:06:35.2262844Z     [90m[39;49;00m
PRE-RELEASE DEPENDENCIES	Run test suite	2026-10-02T14:06:35.2262981Z         original = DEFAULT[90m[39;49;00m
PRE-RELEASE DEPENDENCIES	Run test suite	2026-10-02T14:06:35.2263131Z         local = [94mFalse[39;49;00m[90m[39;49;00m
PRE-RELEASE DEPENDENCIES	Run test suite	2026-10-02T14:06:35.2263238Z     [90m[39;49;00m
PRE-RELEASE DEPENDENCIES	Run test suite	2026-10-02T14:06:35.2263367Z         [94mtry[39;49;00m:[90m[39;49;00m
PRE-RELEASE DEPENDENCIES	Run test suite	2026-10-02T14:06:35.2263590Z             original = target.[91m__dict__[39;49;00m[name][90m[39;49;00m
PRE-RELEASE DEPENDENCIES	Run test suite	2026-10-02T14:06:35.2263914Z         [94mexcept[39;49;00m ([96mAttributeError[39;49;00m, [96mKeyError[39;49;00m):[90m[39;49;00m
PRE-RELEASE DEPENDENCIES	Run test suite	2026-10-02T14:06:35.2264157Z             original = [96mgetattr[39;49;00m(target, name, DEFAULT)[90m[39;49;00m
PRE-RELEASE DEPENDENCIES	Run test suite	2026-10-02T14:06:35.2264297Z         [94melse[39;49;00m:[90m[39;49;00m
PRE-RELEASE DEPENDENCIES	Run test suite	2026-10-02T14:06:35.2264453Z             local = [94mTrue[39;49;00m[90m[39;49;00m
PRE-RELEASE DEPENDENCIES	Run test suite	2026-10-02T14:06:35.2264558Z     [90m[39;49;00m
PRE-RELEASE DEPENDENCIES	Run test suite	2026-10-02T14:06:35.2264999Z         [94mif[39;49;00m name [95min[39;49;00m _builtins [95mand[39;49;00m [96misinstance[39;49;00m(target, ModuleType):[90m[39;49;00m
PRE-RELEASE DEPENDENCIES	Run test suite	2026-10-02T14:06:35.2265217Z             [96mself[39;49;00m.create = [94mTrue[39;49;00m[90m[39;49;00m
PRE-RELEASE DEPENDENCIES	Run test suite	2026-10-02T14:06:35.2265321Z     [90m[39;49;00m
PRE-RELEASE DEPENDENCIES	Run test suite	2026-10-02T14:06:35.2265754Z         [94mif[39;49;00m [95mnot[39;49;00m [96mself[39;49;00m.create [95mand[39;49;00m original [95mis[39;49;00m DEFAULT:[90m[39;49;00m
PRE-RELEASE DEPENDENCIES	Run test suite	2026-10-02T14:06:35.2266030Z >           [94mraise[39;49;00m [96mAttributeError[39;49;00m([90m[39;49;00m
PRE-RELEASE DEPENDENCIES	Run test suite	2026-10-02T14:06:35.2266511Z                 [33m"[39;49;00m[33m%s[39;49;00m[33m does not have the attribute [39;49;00m[33m%r[39;49;00m[33m"[39;49;00m % (target, name)[90m[39;49;00m
PRE-RELEASE DEPENDENCIES	Run test suite	2026-10-02T14:06:35.2266624Z             )[90m[39;49;00m
PRE-RELEASE DEPENDENCIES	Run test suite	2026-10-02T14:06:35.2267473Z [1m[31mE           AttributeError: <module 'embpy.resources.text_resolver' from '/opt/hostedtoolcache/Python/3.12.14/x64/lib/python3.12/site-packages/embpy/resources/text_resolver.py'> does not have the attribute '_get_json'[0m
PRE-RELEASE DEPENDENCIES	Run test suite	2026-10-02T14:06:35.2267482Z 
PRE-RELEASE DEPENDENCIES	Run test suite	2026-10-02T14:06:35.2267839Z [1m[31m/opt/hostedtoolcache/Python/3.12.14/x64/lib/python3.12/unittest/mock.py[0m:1437: AttributeError
PRE-RELEASE DEPENDENCIES	Run test suite	2026-10-02T14:06:35.2268138Z [31m[1m___________________ TestWikipediaSource.test_fetch_wikipedia ___________________[0m
PRE-RELEASE DEPENDENCIES	Run test suite	2026-10-02T14:06:35.2268147Z 
PRE-RELEASE DEPENDENCIES	Run test suite	2026-10-02T14:06:35.2268388Z args = (<tests.embpy.test_text_resolver.TestWikipediaSource object at 0x7fa7ee9e1580>,)
PRE-RELEASE DEPENDENCIES	Run test suite	2026-10-02T14:06:35.2268657Z keywargs = {'resolver': <embpy.resources.text.resolver.TextResolver object at 0x7fa7a2520830>}
PRE-RELEASE DEPENDENCIES	Run test suite	2026-10-02T14:06:35.2268662Z 
PRE-RELEASE DEPENDENCIES	Run test suite	2026-10-02T14:06:35.2268819Z     [0m[37m@wraps[39;49;00m(func)[90m[39;49;00m
PRE-RELEASE DEPENDENCIES	Run test suite	2026-10-02T14:06:35.2269105Z     [94mdef[39;49;00m[90m [39;49;00m[92mpatched[39;49;00m(*args, **keywargs):[90m[39;49;00m
PRE-RELEASE DEPENDENCIES	Run test suite	2026-10-02T14:06:35.2269373Z >       [94mwith[39;49;00m [96mself[39;49;00m.decoration_helper(patched,[90m[39;49;00m
PRE-RELEASE DEPENDENCIES	Run test suite	2026-10-02T14:06:35.2269655Z                                     args,[90m[39;49;00m
PRE-RELEASE DEPENDENCIES	Run test suite	2026-10-02T14:06:35.2269930Z                                     keywargs) [94mas[39;49;00m (newargs, newkeywargs):[90m[39;49;00m
PRE-RELEASE DEPENDENCIES	Run test suite	2026-10-02T14:06:35.2269935Z 
PRE-RELEASE DEPENDENCIES	Run test suite	2026-10-02T14:06:35.2270243Z [1m[31m/opt/hostedtoolcache/Python/3.12.14/x64/lib/python3.12/unittest/mock.py[0m:1393: 
PRE-RELEASE DEPENDENCIES	Run test suite	2026-10-02T14:06:35.2270504Z _ _ _ _ _ _ _ _ _ _ _ _ _ _ _ _ _ _ _ _ _ _ _ _ _ _ _ _ _ _ _ _ _ _ _ _ _ _ _ _ 
PRE-RELEASE DEPENDENCIES	Run test suite	2026-10-02T14:06:35.2270837Z [1m[31m/opt/hostedtoolcache/Python/3.12.14/x64/lib/python3.12/contextlib.py[0m:137: in __enter__
PRE-RELEASE DEPENDENCIES	Run test suite	2026-10-02T14:06:35.2271104Z     [0m[94mreturn[39;49;00m [96mnext[39;49;00m([96mself[39;49;00m.gen)[90m[39;49;00m
PRE-RELEASE DEPENDENCIES	Run test suite	2026-10-02T14:06:35.2271232Z            ^^^^^^^^^^^^^^[90m[39;49;00m
PRE-RELEASE DEPENDENCIES	Run test suite	2026-10-02T14:06:35.2415134Z [1m[31m/opt/hostedtoolcache/Python/3.12.14/x64/lib/python3.12/unittest/mock.py[0m:1375: in decoration_helper
PRE-RELEASE DEPENDENCIES	Run test suite	2026-10-02T14:06:35.2415624Z     [0marg = exit_stack.enter_context(patching)[90m[39;49;00m
PRE-RELEASE DEPENDENCIES	Run test suite	2026-10-02T14:06:35.2415944Z           ^^^^^^^^^^^^^^^^^^^^^^^^^^^^^^^^^^[90m[39;49;00m
PRE-RELEASE DEPENDENCIES	Run test suite	2026-10-02T14:06:35.2416649Z [1m[31m/opt/hostedtoolcache/Python/3.12.14/x64/lib/python3.12/contextlib.py[0m:526: in enter_context
PRE-RELEASE DEPENDENCIES	Run test suite	2026-10-02T14:06:35.2416828Z     [0mresult = _enter(cm)[90m[39;49;00m
PRE-RELEASE DEPENDENCIES	Run test suite	2026-10-02T14:06:35.2416987Z              ^^^^^^^^^^[90m[39;49;00m
PRE-RELEASE DEPENDENCIES	Run test suite	2026-10-02T14:06:35.2417430Z [1m[31m/opt/hostedtoolcache/Python/3.12.14/x64/lib/python3.12/unittest/mock.py[0m:1467: in __enter__
PRE-RELEASE DEPENDENCIES	Run test suite	2026-10-02T14:06:35.2417725Z     [0moriginal, local = [96mself[39;49;00m.get_original()[90m[39;49;00m
PRE-RELEASE DEPENDENCIES	Run test suite	2026-10-02T14:06:35.2417915Z                       ^^^^^^^^^^^^^^^^^^^[90m[39;49;00m
PRE-RELEASE DEPENDENCIES	Run test suite	2026-10-02T14:06:35.2418115Z _ _ _ _ _ _ _ _ _ _ _ _ _ _ _ _ _ _ _ _ _ _ _ _ _ _ _ _ _ _ _ _ _ _ _ _ _ _ _ _ 
PRE-RELEASE DEPENDENCIES	Run test suite	2026-10-02T14:06:35.2418122Z 
PRE-RELEASE DEPENDENCIES	Run test suite	2026-10-02T14:06:35.2418344Z self = <unittest.mock._patch object at 0x7fa7ee83c560>
PRE-RELEASE DEPENDENCIES	Run test suite	2026-10-02T14:06:35.2418351Z 
PRE-RELEASE DEPENDENCIES	Run test suite	2026-10-02T14:06:35.2418772Z     [0m[94mdef[39;49;00m[90m [39;49;00m[92mget_original[39;49;00m([96mself[39;49;00m):[90m[39;49;00m
PRE-RELEASE DEPENDENCIES	Run test suite	2026-10-02T14:06:35.2418989Z         target = [96mself[39;49;00m.getter()[90m[39;49;00m
PRE-RELEASE DEPENDENCIES	Run test suite	2026-10-02T14:06:35.2419204Z         name = [96mself[39;49;00m.attribute[90m[39;49;00m
PRE-RELEASE DEPENDENCIES	Run test suite	2026-10-02T14:06:35.2419323Z     [90m[39;49;00m
PRE-RELEASE DEPENDENCIES	Run test suite	2026-10-02T14:06:35.2419785Z         original = DEFAULT[90m[39;49;00m
PRE-RELEASE DEPENDENCIES	Run test suite	2026-10-02T14:06:35.2419986Z         local = [94mFalse[39;49;00m[90m[39;49;00m
PRE-RELEASE DEPENDENCIES	Run test suite	2026-10-02T14:06:35.2420107Z     [90m[39;49;00m
PRE-RELEASE DEPENDENCIES	Run test suite	2026-10-02T14:06:35.2420264Z         [94mtry[39;49;00m:[90m[39;49;00m
PRE-RELEASE DEPENDENCIES	Run test suite	2026-10-02T14:06:35.2420529Z             original = target.[91m__dict__[39;49;00m[name][90m[39;49;00m
PRE-RELEASE DEPENDENCIES	Run test suite	2026-10-02T14:06:35.2420930Z         [94mexcept[39;49;00m ([96mAttributeError[39;49;00m, [96mKeyError[39;49;00m):[90m[39;49;00m
PRE-RELEASE DEPENDENCIES	Run test suite	2026-10-02T14:06:35.2421231Z             original = [96mgetattr[39;49;00m(target, name, DEFAULT)[90m[39;49;00m
PRE-RELEASE DEPENDENCIES	Run test suite	2026-10-02T14:06:35.2421390Z         [94melse[39;49;00m:[90m[39;49;00m
PRE-RELEASE DEPENDENCIES	Run test suite	2026-10-02T14:06:35.2421577Z             local = [94mTrue[39;49;00m[90m[39;49;00m
PRE-RELEASE DEPENDENCIES	Run test suite	2026-10-02T14:06:35.2421700Z     [90m[39;49;00m
PRE-RELEASE DEPENDENCIES	Run test suite	2026-10-02T14:06:35.2422252Z         [94mif[39;49;00m name [95min[39;49;00m _builtins [95mand[39;49;00m [96misinstance[39;49;00m(target, ModuleType):[90m[39;49;00m
PRE-RELEASE DEPENDENCIES	Run test suite	2026-10-02T14:06:35.2422514Z             [96mself[39;49;00m.create = [94mTrue[39;49;00m[90m[39;49;00m
PRE-RELEASE DEPENDENCIES	Run test suite	2026-10-02T14:06:35.2422636Z     [90m[39;49;00m
PRE-RELEASE DEPENDENCIES	Run test suite	2026-10-02T14:06:35.2423171Z         [94mif[39;49;00m [95mnot[39;49;00m [96mself[39;49;00m.create [95mand[39;49;00m original [95mis[39;49;00m DEFAULT:[90m[39;49;00m
PRE-RELEASE DEPENDENCIES	Run test suite	2026-10-02T14:06:35.2423447Z >           [94mraise[39;49;00m [96mAttributeError[39;49;00m([90m[39;49;00m
PRE-RELEASE DEPENDENCIES	Run test suite	2026-10-02T14:06:35.2424036Z                 [33m"[39;49;00m[33m%s[39;49;00m[33m does not have the attribute [39;49;00m[33m%r[39;49;00m[33m"[39;49;00m % (target, name)[90m[39;49;00m
PRE-RELEASE DEPENDENCIES	Run test suite	2026-10-02T14:06:35.2424167Z             )[90m[39;49;00m
PRE-RELEASE DEPENDENCIES	Run test suite	2026-10-02T14:06:35.2425243Z [1m[31mE           AttributeError: <module 'embpy.resources.text_resolver' from '/opt/hostedtoolcache/Python/3.12.14/x64/lib/python3.12/site-packages/embpy/resources/text_resolver.py'> does not have the attribute '_get_json'[0m
PRE-RELEASE DEPENDENCIES	Run test suite	2026-10-02T14:06:35.2425253Z 
PRE-RELEASE DEPENDENCIES	Run test suite	2026-10-02T14:06:35.2425704Z [1m[31m/opt/hostedtoolcache/Python/3.12.14/x64/lib/python3.12/unittest/mock.py[0m:1437: AttributeError
PRE-RELEASE DEPENDENCIES	Run test suite	2026-10-02T14:06:35.2426221Z [31m[1m_________________ TestWikipediaSource.test_wikipedia_not_found _________________[0m
PRE-RELEASE DEPENDENCIES	Run test suite	2026-10-02T14:06:35.2426227Z 
PRE-RELEASE DEPENDENCIES	Run test suite	2026-10-02T14:06:35.2426530Z args = (<tests.embpy.test_text_resolver.TestWikipediaSource object at 0x7fa7ee9e2ed0>,)
PRE-RELEASE DEPENDENCIES	Run test suite	2026-10-02T14:06:35.2426864Z keywargs = {'resolver': <embpy.resources.text.resolver.TextResolver object at 0x7fa7b2e8d550>}
PRE-RELEASE DEPENDENCIES	Run test suite	2026-10-02T14:06:35.2426874Z 
PRE-RELEASE DEPENDENCIES	Run test suite	2026-10-02T14:06:35.2427056Z     [0m[37m@wraps[39;49;00m(func)[90m[39;49;00m
PRE-RELEASE DEPENDENCIES	Run test suite	2026-10-02T14:06:35.2427413Z     [94mdef[39;49;00m[90m [39;49;00m[92mpatched[39;49;00m(*args, **keywargs):[90m[39;49;00m
PRE-RELEASE DEPENDENCIES	Run test suite	2026-10-02T14:06:35.2427744Z >       [94mwith[39;49;00m [96mself[39;49;00m.decoration_helper(patched,[90m[39;49;00m
PRE-RELEASE DEPENDENCIES	Run test suite	2026-10-02T14:06:35.2428041Z                                     args,[90m[39;49;00m
PRE-RELEASE DEPENDENCIES	Run test suite	2026-10-02T14:06:35.2428375Z                                     keywargs) [94mas[39;49;00m (newargs, newkeywargs):[90m[39;49;00m
PRE-RELEASE DEPENDENCIES	Run test suite	2026-10-02T14:06:35.2428391Z 
PRE-RELEASE DEPENDENCIES	Run test suite	2026-10-02T14:06:35.2428775Z [1m[31m/opt/hostedtoolcache/Python/3.12.14/x64/lib/python3.12/unittest/mock.py[0m:1393: 
PRE-RELEASE DEPENDENCIES	Run test suite	2026-10-02T14:06:35.2428934Z _ _ _ _ _ _ _ _ _ _ _ _ _ _ _ _ _ _ _ _ _ _ _ _ _ _ _ _ _ _ _ _ _ _ _ _ _ _ _ _ 
PRE-RELEASE DEPENDENCIES	Run test suite	2026-10-02T14:06:35.2429262Z [1m[31m/opt/hostedtoolcache/Python/3.12.14/x64/lib/python3.12/contextlib.py[0m:137: in __enter__
PRE-RELEASE DEPENDENCIES	Run test suite	2026-10-02T14:06:35.2429665Z     [0m[94mreturn[39;49;00m [96mnext[39;49;00m([96mself[39;49;00m.gen)[90m[39;49;00m
PRE-RELEASE DEPENDENCIES	Run test suite	2026-10-02T14:06:35.2429798Z            ^^^^^^^^^^^^^^[90m[39;49;00m
PRE-RELEASE DEPENDENCIES	Run test suite	2026-10-02T14:06:35.2430182Z [1m[31m/opt/hostedtoolcache/Python/3.12.14/x64/lib/python3.12/unittest/mock.py[0m:1375: in decoration_helper
PRE-RELEASE DEPENDENCIES	Run test suite	2026-10-02T14:06:35.2430388Z     [0marg = exit_stack.enter_context(patching)[90m[39;49;00m
PRE-RELEASE DEPENDENCIES	Run test suite	2026-10-02T14:06:35.2430539Z           ^^^^^^^^^^^^^^^^^^^^^^^^^^^^^^^^^^[90m[39;49;00m
PRE-RELEASE DEPENDENCIES	Run test suite	2026-10-02T14:06:35.2430884Z [1m[31m/opt/hostedtoolcache/Python/3.12.14/x64/lib/python3.12/contextlib.py[0m:526: in enter_context
PRE-RELEASE DEPENDENCIES	Run test suite	2026-10-02T14:06:35.2431018Z     [0mresult = _enter(cm)[90m[39;49;00m
PRE-RELEASE DEPENDENCIES	Run test suite	2026-10-02T14:06:35.2431143Z              ^^^^^^^^^^[90m[39;49;00m
PRE-RELEASE DEPENDENCIES	Run test suite	2026-10-02T14:06:35.2431484Z [1m[31m/opt/hostedtoolcache/Python/3.12.14/x64/lib/python3.12/unittest/mock.py[0m:1467: in __enter__
PRE-RELEASE DEPENDENCIES	Run test suite	2026-10-02T14:06:35.2431722Z     [0moriginal, local = [96mself[39;49;00m.get_original()[90m[39;49;00m
PRE-RELEASE DEPENDENCIES	Run test suite	2026-10-02T14:06:35.2431874Z                       ^^^^^^^^^^^^^^^^^^^[90m[39;49;00m
PRE-RELEASE DEPENDENCIES	Run test suite	2026-10-02T14:06:35.2432009Z _ _ _ _ _ _ _ _ _ _ _ _ _ _ _ _ _ _ _ _ _ _ _ _ _ _ _ _ _ _ _ _ _ _ _ _ _ _ _ _ 
PRE-RELEASE DEPENDENCIES	Run test suite	2026-10-02T14:06:35.2432014Z 
PRE-RELEASE DEPENDENCIES	Run test suite	2026-10-02T14:06:35.2432145Z self = <unittest.mock._patch object at 0x7fa7ee83c3b0>
PRE-RELEASE DEPENDENCIES	Run test suite	2026-10-02T14:06:35.2432154Z 
PRE-RELEASE DEPENDENCIES	Run test suite	2026-10-02T14:06:35.2432484Z     [0m[94mdef[39;49;00m[90m [39;49;00m[92mget_original[39;49;00m([96mself[39;49;00m):[90m[39;49;00m
PRE-RELEASE DEPENDENCIES	Run test suite	2026-10-02T14:06:35.2432661Z         target = [96mself[39;49;00m.getter()[90m[39;49;00m
PRE-RELEASE DEPENDENCIES	Run test suite	2026-10-02T14:06:35.2432841Z         name = [96mself[39;49;00m.attribute[90m[39;49;00m
PRE-RELEASE DEPENDENCIES	Run test suite	2026-10-02T14:06:35.2432948Z     [90m[39;49;00m
PRE-RELEASE DEPENDENCIES	Run test suite	2026-10-02T14:06:35.2433078Z         original = DEFAULT[90m[39;49;00m
PRE-RELEASE DEPENDENCIES	Run test suite	2026-10-02T14:06:35.2433233Z         local = [94mFalse[39;49;00m[90m[39;49;00m
PRE-RELEASE DEPENDENCIES	Run test suite	2026-10-02T14:06:35.2433332Z     [90m[39;49;00m
PRE-RELEASE DEPENDENCIES	Run test suite	2026-10-02T14:06:35.2433466Z         [94mtry[39;49;00m:[90m[39;49;00m
PRE-RELEASE DEPENDENCIES	Run test suite	2026-10-02T14:06:35.2433685Z             original = target.[91m__dict__[39;49;00m[name][90m[39;49;00m
PRE-RELEASE DEPENDENCIES	Run test suite	2026-10-02T14:06:35.2434012Z         [94mexcept[39;49;00m ([96mAttributeError[39;49;00m, [96mKeyError[39;49;00m):[90m[39;49;00m
PRE-RELEASE DEPENDENCIES	Run test suite	2026-10-02T14:06:35.2434263Z             original = [96mgetattr[39;49;00m(target, name, DEFAULT)[90m[39;49;00m
PRE-RELEASE DEPENDENCIES	Run test suite	2026-10-02T14:06:35.2434396Z         [94melse[39;49;00m:[90m[39;49;00m
PRE-RELEASE DEPENDENCIES	Run test suite	2026-10-02T14:06:35.2434559Z             local = [94mTrue[39;49;00m[90m[39;49;00m
PRE-RELEASE DEPENDENCIES	Run test suite	2026-10-02T14:06:35.2434657Z     [90m[39;49;00m
PRE-RELEASE DEPENDENCIES	Run test suite	2026-10-02T14:06:35.2435098Z         [94mif[39;49;00m name [95min[39;49;00m _builtins [95mand[39;49;00m [96misinstance[39;49;00m(target, ModuleType):[90m[39;49;00m
PRE-RELEASE DEPENDENCIES	Run test suite	2026-10-02T14:06:35.2435445Z             [96mself[39;49;00m.create = [94mTrue[39;49;00m[90m[39;49;00m
PRE-RELEASE DEPENDENCIES	Run test suite	2026-10-02T14:06:35.2435549Z     [90m[39;49;00m
PRE-RELEASE DEPENDENCIES	Run test suite	2026-10-02T14:06:35.2435987Z         [94mif[39;49;00m [95mnot[39;49;00m [96mself[39;49;00m.create [95mand[39;49;00m original [95mis[39;49;00m DEFAULT:[90m[39;49;00m
PRE-RELEASE DEPENDENCIES	Run test suite	2026-10-02T14:06:35.2436207Z >           [94mraise[39;49;00m [96mAttributeError[39;49;00m([90m[39;49;00m
PRE-RELEASE DEPENDENCIES	Run test suite	2026-10-02T14:06:35.2436686Z                 [33m"[39;49;00m[33m%s[39;49;00m[33m does not have the attribute [39;49;00m[33m%r[39;49;00m[33m"[39;49;00m % (target, name)[90m[39;49;00m
PRE-RELEASE DEPENDENCIES	Run test suite	2026-10-02T14:06:35.2436916Z             )[90m[39;49;00m
PRE-RELEASE DEPENDENCIES	Run test suite	2026-10-02T14:06:35.2437758Z [1m[31mE           AttributeError: <module 'embpy.resources.text_resolver' from '/opt/hostedtoolcache/Python/3.12.14/x64/lib/python3.12/site-packages/embpy/resources/text_resolver.py'> does not have the attribute '_get_json'[0m
PRE-RELEASE DEPENDENCIES	Run test suite	2026-10-02T14:06:35.2437768Z 
PRE-RELEASE DEPENDENCIES	Run test suite	2026-10-02T14:06:35.2438125Z [1m[31m/opt/hostedtoolcache/Python/3.12.14/x64/lib/python3.12/unittest/mock.py[0m:1437: AttributeError
PRE-RELEASE DEPENDENCIES	Run test suite	2026-10-02T14:06:35.2438429Z [31m[1m__________ TestWikipediaSource.test_wikipedia_disambiguation_fallback __________[0m
PRE-RELEASE DEPENDENCIES	Run test suite	2026-10-02T14:06:35.2438435Z 
PRE-RELEASE DEPENDENCIES	Run test suite	2026-10-02T14:06:35.2438674Z args = (<tests.embpy.test_text_resolver.TestWikipediaSource object at 0x7fa7ee999fd0>,)
PRE-RELEASE DEPENDENCIES	Run test suite	2026-10-02T14:06:35.2438946Z keywargs = {'resolver': <embpy.resources.text.resolver.TextResolver object at 0x7fa7e4e8f080>}
PRE-RELEASE DEPENDENCIES	Run test suite	2026-10-02T14:06:35.2438952Z 
PRE-RELEASE DEPENDENCIES	Run test suite	2026-10-02T14:06:35.2439103Z     [0m[37m@wraps[39;49;00m(func)[90m[39;49;00m
PRE-RELEASE DEPENDENCIES	Run test suite	2026-10-02T14:06:35.2439519Z     [94mdef[39;49;00m[90m [39;49;00m[92mpatched[39;49;00m(*args, **keywargs):[90m[39;49;00m
PRE-RELEASE DEPENDENCIES	Run test suite	2026-10-02T14:06:35.2439789Z >       [94mwith[39;49;00m [96mself[39;49;00m.decoration_helper(patched,[90m[39;49;00m
PRE-RELEASE DEPENDENCIES	Run test suite	2026-10-02T14:06:35.2439947Z                                     args,[90m[39;49;00m
PRE-RELEASE DEPENDENCIES	Run test suite	2026-10-02T14:06:35.2440223Z                                     keywargs) [94mas[39;49;00m (newargs, newkeywargs):[90m[39;49;00m
PRE-RELEASE DEPENDENCIES	Run test suite	2026-10-02T14:06:35.2440229Z 
PRE-RELEASE DEPENDENCIES	Run test suite	2026-10-02T14:06:35.2440528Z [1m[31m/opt/hostedtoolcache/Python/3.12.14/x64/lib/python3.12/unittest/mock.py[0m:1393: 
PRE-RELEASE DEPENDENCIES	Run test suite	2026-10-02T14:06:35.2440667Z _ _ _ _ _ _ _ _ _ _ _ _ _ _ _ _ _ _ _ _ _ _ _ _ _ _ _ _ _ _ _ _ _ _ _ _ _ _ _ _ 
PRE-RELEASE DEPENDENCIES	Run test suite	2026-10-02T14:06:35.2440988Z [1m[31m/opt/hostedtoolcache/Python/3.12.14/x64/lib/python3.12/contextlib.py[0m:137: in __enter__
PRE-RELEASE DEPENDENCIES	Run test suite	2026-10-02T14:06:35.2441254Z     [0m[94mreturn[39;49;00m [96mnext[39;49;00m([96mself[39;49;00m.gen)[90m[39;49;00m
PRE-RELEASE DEPENDENCIES	Run test suite	2026-10-02T14:06:35.2441382Z            ^^^^^^^^^^^^^^[90m[39;49;00m
PRE-RELEASE DEPENDENCIES	Run test suite	2026-10-02T14:06:35.2441758Z [1m[31m/opt/hostedtoolcache/Python/3.12.14/x64/lib/python3.12/unittest/mock.py[0m:1375: in decoration_helper
PRE-RELEASE DEPENDENCIES	Run test suite	2026-10-02T14:06:35.2441961Z     [0marg = exit_stack.enter_context(patching)[90m[39;49;00m
PRE-RELEASE DEPENDENCIES	Run test suite	2026-10-02T14:06:35.2442114Z           ^^^^^^^^^^^^^^^^^^^^^^^^^^^^^^^^^^[90m[39;49;00m
PRE-RELEASE DEPENDENCIES	Run test suite	2026-10-02T14:06:35.2442454Z [1m[31m/opt/hostedtoolcache/Python/3.12.14/x64/lib/python3.12/contextlib.py[0m:526: in enter_context
PRE-RELEASE DEPENDENCIES	Run test suite	2026-10-02T14:06:35.2442588Z     [0mresult = _enter(cm)[90m[39;49;00m
PRE-RELEASE DEPENDENCIES	Run test suite	2026-10-02T14:06:35.2442711Z              ^^^^^^^^^^[90m[39;49;00m
PRE-RELEASE DEPENDENCIES	Run test suite	2026-10-02T14:06:35.2443045Z [1m[31m/opt/hostedtoolcache/Python/3.12.14/x64/lib/python3.12/unittest/mock.py[0m:1467: in __enter__
PRE-RELEASE DEPENDENCIES	Run test suite	2026-10-02T14:06:35.2443279Z     [0moriginal, local = [96mself[39;49;00m.get_original()[90m[39;49;00m
PRE-RELEASE DEPENDENCIES	Run test suite	2026-10-02T14:06:35.2443428Z                       ^^^^^^^^^^^^^^^^^^^[90m[39;49;00m
PRE-RELEASE DEPENDENCIES	Run test suite	2026-10-02T14:06:35.2443558Z _ _ _ _ _ _ _ _ _ _ _ _ _ _ _ _ _ _ _ _ _ _ _ _ _ _ _ _ _ _ _ _ _ _ _ _ _ _ _ _ 
PRE-RELEASE DEPENDENCIES	Run test suite	2026-10-02T14:06:35.2443566Z 
PRE-RELEASE DEPENDENCIES	Run test suite	2026-10-02T14:06:35.2443703Z self = <unittest.mock._patch object at 0x7fa7ee83fdd0>
PRE-RELEASE DEPENDENCIES	Run test suite	2026-10-02T14:06:35.2443709Z 
PRE-RELEASE DEPENDENCIES	Run test suite	2026-10-02T14:06:35.2547028Z     [0m[94mdef[39;49;00m[90m [39;49;00m[92mget_original[39;49;00m([96mself[39;49;00m):[90m[39;49;00m
PRE-RELEASE DEPENDENCIES	Run test suite	2026-10-02T14:06:35.2547703Z         target = [96mself[39;49;00m.getter()[90m[39;49;00m
PRE-RELEASE DEPENDENCIES	Run test suite	2026-10-02T14:06:35.2548045Z         name = [96mself[39;49;00m.attribute[90m[39;49;00m
PRE-RELEASE DEPENDENCIES	Run test suite	2026-10-02T14:06:35.2548195Z     [90m[39;49;00m
PRE-RELEASE DEPENDENCIES	Run test suite	2026-10-02T14:06:35.2548365Z         original = DEFAULT[90m[39;49;00m
PRE-RELEASE DEPENDENCIES	Run test suite	2026-10-02T14:06:35.2548562Z         local = [94mFalse[39;49;00m[90m[39;49;00m
PRE-RELEASE DEPENDENCIES	Run test suite	2026-10-02T14:06:35.2548714Z     [90m[39;49;00m
PRE-RELEASE DEPENDENCIES	Run test suite	2026-10-02T14:06:35.2548896Z         [94mtry[39;49;00m:[90m[39;49;00m
PRE-RELEASE DEPENDENCIES	Run test suite	2026-10-02T14:06:35.2549196Z             original = target.[91m__dict__[39;49;00m[name][90m[39;49;00m
PRE-RELEASE DEPENDENCIES	Run test suite	2026-10-02T14:06:35.2549960Z         [94mexcept[39;49;00m ([96mAttributeError[39;49;00m, [96mKeyError[39;49;00m):[90m[39;49;00m
PRE-RELEASE DEPENDENCIES	Run test suite	2026-10-02T14:06:35.2550485Z             original = [96mgetattr[39;49;00m(target, name, DEFAULT)[90m[39;49;00m
PRE-RELEASE DEPENDENCIES	Run test suite	2026-10-02T14:06:35.2550655Z         [94melse[39;49;00m:[90m[39;49;00m
PRE-RELEASE DEPENDENCIES	Run test suite	2026-10-02T14:06:35.2550864Z             local = [94mTrue[39;49;00m[90m[39;49;00m
PRE-RELEASE DEPENDENCIES	Run test suite	2026-10-02T14:06:35.2550996Z     [90m[39;49;00m
PRE-RELEASE DEPENDENCIES	Run test suite	2026-10-02T14:06:35.2551550Z         [94mif[39;49;00m name [95min[39;49;00m _builtins [95mand[39;49;00m [96misinstance[39;49;00m(target, ModuleType):[90m[39;49;00m
PRE-RELEASE DEPENDENCIES	Run test suite	2026-10-02T14:06:35.2551831Z             [96mself[39;49;00m.create = [94mTrue[39;49;00m[90m[39;49;00m
PRE-RELEASE DEPENDENCIES	Run test suite	2026-10-02T14:06:35.2551956Z     [90m[39;49;00m
PRE-RELEASE DEPENDENCIES	Run test suite	2026-10-02T14:06:35.2552507Z         [94mif[39;49;00m [95mnot[39;49;00m [96mself[39;49;00m.create [95mand[39;49;00m original [95mis[39;49;00m DEFAULT:[90m[39;49;00m
PRE-RELEASE DEPENDENCIES	Run test suite	2026-10-02T14:06:35.2552791Z >           [94mraise[39;49;00m [96mAttributeError[39;49;00m([90m[39;49;00m
PRE-RELEASE DEPENDENCIES	Run test suite	2026-10-02T14:06:35.2553387Z                 [33m"[39;49;00m[33m%s[39;49;00m[33m does not have the attribute [39;49;00m[33m%r[39;49;00m[33m"[39;49;00m % (target, name)[90m[39;49;00m
PRE-RELEASE DEPENDENCIES	Run test suite	2026-10-02T14:06:35.2553540Z             )[90m[39;49;00m
PRE-RELEASE DEPENDENCIES	Run test suite	2026-10-02T14:06:35.2554586Z [1m[31mE           AttributeError: <module 'embpy.resources.text_resolver' from '/opt/hostedtoolcache/Python/3.12.14/x64/lib/python3.12/site-packages/embpy/resources/text_resolver.py'> does not have the attribute '_get_json'[0m
PRE-RELEASE DEPENDENCIES	Run test suite	2026-10-02T14:06:35.2554599Z 
PRE-RELEASE DEPENDENCIES	Run test suite	2026-10-02T14:06:35.2555053Z [1m[31m/opt/hostedtoolcache/Python/3.12.14/x64/lib/python3.12/unittest/mock.py[0m:1437: AttributeError
PRE-RELEASE DEPENDENCIES	Run test suite	2026-10-02T14:06:35.2555415Z [31m[1m_____________________ TestPubChemSource.test_fetch_pubchem _____________________[0m
PRE-RELEASE DEPENDENCIES	Run test suite	2026-10-02T14:06:35.2555422Z 
PRE-RELEASE DEPENDENCIES	Run test suite	2026-10-02T14:06:35.2555727Z args = (<tests.embpy.test_text_resolver.TestPubChemSource object at 0x7fa7ee998410>,)
PRE-RELEASE DEPENDENCIES	Run test suite	2026-10-02T14:06:35.2556083Z keywargs = {'resolver': <embpy.resources.text.resolver.TextResolver object at 0x7fa7b2e95880>}
PRE-RELEASE DEPENDENCIES	Run test suite	2026-10-02T14:06:35.2556095Z 
PRE-RELEASE DEPENDENCIES	Run test suite	2026-10-02T14:06:35.2556287Z     [0m[37m@wraps[39;49;00m(func)[90m[39;49;00m
PRE-RELEASE DEPENDENCIES	Run test suite	2026-10-02T14:06:35.2556659Z     [94mdef[39;49;00m[90m [39;49;00m[92mpatched[39;49;00m(*args, **keywargs):[90m[39;49;00m
PRE-RELEASE DEPENDENCIES	Run test suite	2026-10-02T14:06:35.2557008Z >       [94mwith[39;49;00m [96mself[39;49;00m.decoration_helper(patched,[90m[39;49;00m
PRE-RELEASE DEPENDENCIES	Run test suite	2026-10-02T14:06:35.2557205Z                                     args,[90m[39;49;00m
PRE-RELEASE DEPENDENCIES	Run test suite	2026-10-02T14:06:35.2557548Z                                     keywargs) [94mas[39;49;00m (newargs, newkeywargs):[90m[39;49;00m
PRE-RELEASE DEPENDENCIES	Run test suite	2026-10-02T14:06:35.2557555Z 
PRE-RELEASE DEPENDENCIES	Run test suite	2026-10-02T14:06:35.2557939Z [1m[31m/opt/hostedtoolcache/Python/3.12.14/x64/lib/python3.12/unittest/mock.py[0m:1393: 
PRE-RELEASE DEPENDENCIES	Run test suite	2026-10-02T14:06:35.2558114Z _ _ _ _ _ _ _ _ _ _ _ _ _ _ _ _ _ _ _ _ _ _ _ _ _ _ _ _ _ _ _ _ _ _ _ _ _ _ _ _ 
PRE-RELEASE DEPENDENCIES	Run test suite	2026-10-02T14:06:35.2558534Z [1m[31m/opt/hostedtoolcache/Python/3.12.14/x64/lib/python3.12/contextlib.py[0m:137: in __enter__
PRE-RELEASE DEPENDENCIES	Run test suite	2026-10-02T14:06:35.2558841Z     [0m[94mreturn[39;49;00m [96mnext[39;49;00m([96mself[39;49;00m.gen)[90m[39;49;00m
PRE-RELEASE DEPENDENCIES	Run test suite	2026-10-02T14:06:35.2558974Z            ^^^^^^^^^^^^^^[90m[39;49;00m
PRE-RELEASE DEPENDENCIES	Run test suite	2026-10-02T14:06:35.2559367Z [1m[31m/opt/hostedtoolcache/Python/3.12.14/x64/lib/python3.12/unittest/mock.py[0m:1375: in decoration_helper
PRE-RELEASE DEPENDENCIES	Run test suite	2026-10-02T14:06:35.2559880Z     [0marg = exit_stack.enter_context(patching)[90m[39;49;00m
PRE-RELEASE DEPENDENCIES	Run test suite	2026-10-02T14:06:35.2560038Z           ^^^^^^^^^^^^^^^^^^^^^^^^^^^^^^^^^^[90m[39;49;00m
PRE-RELEASE DEPENDENCIES	Run test suite	2026-10-02T14:06:35.2560390Z [1m[31m/opt/hostedtoolcache/Python/3.12.14/x64/lib/python3.12/contextlib.py[0m:526: in enter_context
PRE-RELEASE DEPENDENCIES	Run test suite	2026-10-02T14:06:35.2560530Z     [0mresult = _enter(cm)[90m[39;49;00m
PRE-RELEASE DEPENDENCIES	Run test suite	2026-10-02T14:06:35.2560651Z              ^^^^^^^^^^[90m[39;49;00m
PRE-RELEASE DEPENDENCIES	Run test suite	2026-10-02T14:06:35.2561001Z [1m[31m/opt/hostedtoolcache/Python/3.12.14/x64/lib/python3.12/unittest/mock.py[0m:1467: in __enter__
PRE-RELEASE DEPENDENCIES	Run test suite	2026-10-02T14:06:35.2561241Z     [0moriginal, local = [96mself[39;49;00m.get_original()[90m[39;49;00m
PRE-RELEASE DEPENDENCIES	Run test suite	2026-10-02T14:06:35.2561394Z                       ^^^^^^^^^^^^^^^^^^^[90m[39;49;00m
PRE-RELEASE DEPENDENCIES	Run test suite	2026-10-02T14:06:35.2561696Z _ _ _ _ _ _ _ _ _ _ _ _ _ _ _ _ _ _ _ _ _ _ _ _ _ _ _ _ _ _ _ _ _ _ _ _ _ _ _ _ 
PRE-RELEASE DEPENDENCIES	Run test suite	2026-10-02T14:06:35.2561702Z 
PRE-RELEASE DEPENDENCIES	Run test suite	2026-10-02T14:06:35.2561841Z self = <unittest.mock._patch object at 0x7fa7ee83e870>
PRE-RELEASE DEPENDENCIES	Run test suite	2026-10-02T14:06:35.2561850Z 
PRE-RELEASE DEPENDENCIES	Run test suite	2026-10-02T14:06:35.2562187Z     [0m[94mdef[39;49;00m[90m [39;49;00m[92mget_original[39;49;00m([96mself[39;49;00m):[90m[39;49;00m
PRE-RELEASE DEPENDENCIES	Run test suite	2026-10-02T14:06:35.2562368Z         target = [96mself[39;49;00m.getter()[90m[39;49;00m
PRE-RELEASE DEPENDENCIES	Run test suite	2026-10-02T14:06:35.2562549Z         name = [96mself[39;49;00m.attribute[90m[39;49;00m
PRE-RELEASE DEPENDENCIES	Run test suite	2026-10-02T14:06:35.2562655Z     [90m[39;49;00m
PRE-RELEASE DEPENDENCIES	Run test suite	2026-10-02T14:06:35.2562790Z         original = DEFAULT[90m[39;49;00m
PRE-RELEASE DEPENDENCIES	Run test suite	2026-10-02T14:06:35.2562948Z         local = [94mFalse[39;49;00m[90m[39;49;00m
PRE-RELEASE DEPENDENCIES	Run test suite	2026-10-02T14:06:35.2563047Z     [90m[39;49;00m
PRE-RELEASE DEPENDENCIES	Run test suite	2026-10-02T14:06:35.2563184Z         [94mtry[39;49;00m:[90m[39;49;00m
PRE-RELEASE DEPENDENCIES	Run test suite	2026-10-02T14:06:35.2563406Z             original = target.[91m__dict__[39;49;00m[name][90m[39;49;00m
PRE-RELEASE DEPENDENCIES	Run test suite	2026-10-02T14:06:35.2563741Z         [94mexcept[39;49;00m ([96mAttributeError[39;49;00m, [96mKeyError[39;49;00m):[90m[39;49;00m
PRE-RELEASE DEPENDENCIES	Run test suite	2026-10-02T14:06:35.2563995Z             original = [96mgetattr[39;49;00m(target, name, DEFAULT)[90m[39;49;00m
PRE-RELEASE DEPENDENCIES	Run test suite	2026-10-02T14:06:35.2564129Z         [94melse[39;49;00m:[90m[39;49;00m
PRE-RELEASE DEPENDENCIES	Run test suite	2026-10-02T14:06:35.2564289Z             local = [94mTrue[39;49;00m[90m[39;49;00m
PRE-RELEASE DEPENDENCIES	Run test suite	2026-10-02T14:06:35.2564389Z     [90m[39;49;00m
PRE-RELEASE DEPENDENCIES	Run test suite	2026-10-02T14:06:35.2564850Z         [94mif[39;49;00m name [95min[39;49;00m _builtins [95mand[39;49;00m [96misinstance[39;49;00m(target, ModuleType):[90m[39;49;00m
PRE-RELEASE DEPENDENCIES	Run test suite	2026-10-02T14:06:35.2565073Z             [96mself[39;49;00m.create = [94mTrue[39;49;00m[90m[39;49;00m
PRE-RELEASE DEPENDENCIES	Run test suite	2026-10-02T14:06:35.2565172Z     [90m[39;49;00m
PRE-RELEASE DEPENDENCIES	Run test suite	2026-10-02T14:06:35.2565620Z         [94mif[39;49;00m [95mnot[39;49;00m [96mself[39;49;00m.create [95mand[39;49;00m original [95mis[39;49;00m DEFAULT:[90m[39;49;00m
PRE-RELEASE DEPENDENCIES	Run test suite	2026-10-02T14:06:35.2565850Z >           [94mraise[39;49;00m [96mAttributeError[39;49;00m([90m[39;49;00m
PRE-RELEASE DEPENDENCIES	Run test suite	2026-10-02T14:06:35.2566334Z                 [33m"[39;49;00m[33m%s[39;49;00m[33m does not have the attribute [39;49;00m[33m%r[39;49;00m[33m"[39;49;00m % (target, name)[90m[39;49;00m
PRE-RELEASE DEPENDENCIES	Run test suite	2026-10-02T14:06:35.2566455Z             )[90m[39;49;00m
PRE-RELEASE DEPENDENCIES	Run test suite	2026-10-02T14:06:35.2567327Z [1m[31mE           AttributeError: <module 'embpy.resources.text_resolver' from '/opt/hostedtoolcache/Python/3.12.14/x64/lib/python3.12/site-packages/embpy/resources/text_resolver.py'> does not have the attribute '_get_json'[0m
PRE-RELEASE DEPENDENCIES	Run test suite	2026-10-02T14:06:35.2567333Z 
PRE-RELEASE DEPENDENCIES	Run test suite	2026-10-02T14:06:35.2567699Z [1m[31m/opt/hostedtoolcache/Python/3.12.14/x64/lib/python3.12/unittest/mock.py[0m:1437: AttributeError
PRE-RELEASE DEPENDENCIES	Run test suite	2026-10-02T14:06:35.2568001Z [31m[1m___________________ TestPubChemSource.test_pubchem_not_found ___________________[0m
PRE-RELEASE DEPENDENCIES	Run test suite	2026-10-02T14:06:35.2568007Z 
PRE-RELEASE DEPENDENCIES	Run test suite	2026-10-02T14:06:35.2568243Z args = (<tests.embpy.test_text_resolver.TestPubChemSource object at 0x7fa7ee998530>,)
PRE-RELEASE DEPENDENCIES	Run test suite	2026-10-02T14:06:35.2568571Z keywargs = {'resolver': <embpy.resources.text.resolver.TextResolver object at 0x7fa7a78ff140>}
PRE-RELEASE DEPENDENCIES	Run test suite	2026-10-02T14:06:35.2568577Z 
PRE-RELEASE DEPENDENCIES	Run test suite	2026-10-02T14:06:35.2568732Z     [0m[37m@wraps[39;49;00m(func)[90m[39;49;00m
PRE-RELEASE DEPENDENCIES	Run test suite	2026-10-02T14:06:35.2569138Z     [94mdef[39;49;00m[90m [39;49;00m[92mpatched[39;49;00m(*args, **keywargs):[90m[39;49;00m
PRE-RELEASE DEPENDENCIES	Run test suite	2026-10-02T14:06:35.2569540Z >       [94mwith[39;49;00m [96mself[39;49;00m.decoration_helper(patched,[90m[39;49;00m
PRE-RELEASE DEPENDENCIES	Run test suite	2026-10-02T14:06:35.2569700Z                                     args,[90m[39;49;00m
PRE-RELEASE DEPENDENCIES	Run test suite	2026-10-02T14:06:35.2569975Z                                     keywargs) [94mas[39;49;00m (newargs, newkeywargs):[90m[39;49;00m
PRE-RELEASE DEPENDENCIES	Run test suite	2026-10-02T14:06:35.2569981Z 
PRE-RELEASE DEPENDENCIES	Run test suite	2026-10-02T14:06:35.2570280Z [1m[31m/opt/hostedtoolcache/Python/3.12.14/x64/lib/python3.12/unittest/mock.py[0m:1393: 
PRE-RELEASE DEPENDENCIES	Run test suite	2026-10-02T14:06:35.2570416Z _ _ _ _ _ _ _ _ _ _ _ _ _ _ _ _ _ _ _ _ _ _ _ _ _ _ _ _ _ _ _ _ _ _ _ _ _ _ _ _ 
PRE-RELEASE DEPENDENCIES	Run test suite	2026-10-02T14:06:35.2570737Z [1m[31m/opt/hostedtoolcache/Python/3.12.14/x64/lib/python3.12/contextlib.py[0m:137: in __enter__
PRE-RELEASE DEPENDENCIES	Run test suite	2026-10-02T14:06:35.2571127Z     [0m[94mreturn[39;49;00m [96mnext[39;49;00m([96mself[39;49;00m.gen)[90m[39;49;00m
PRE-RELEASE DEPENDENCIES	Run test suite	2026-10-02T14:06:35.2571256Z            ^^^^^^^^^^^^^^[90m[39;49;00m
PRE-RELEASE DEPENDENCIES	Run test suite	2026-10-02T14:06:35.2571631Z [1m[31m/opt/hostedtoolcache/Python/3.12.14/x64/lib/python3.12/unittest/mock.py[0m:1375: in decoration_helper
PRE-RELEASE DEPENDENCIES	Run test suite	2026-10-02T14:06:35.2571830Z     [0marg = exit_stack.enter_context(patching)[90m[39;49;00m
PRE-RELEASE DEPENDENCIES	Run test suite	2026-10-02T14:06:35.2571979Z           ^^^^^^^^^^^^^^^^^^^^^^^^^^^^^^^^^^[90m[39;49;00m
PRE-RELEASE DEPENDENCIES	Run test suite	2026-10-02T14:06:35.2572322Z [1m[31m/opt/hostedtoolcache/Python/3.12.14/x64/lib/python3.12/contextlib.py[0m:526: in enter_context
PRE-RELEASE DEPENDENCIES	Run test suite	2026-10-02T14:06:35.2572459Z     [0mresult = _enter(cm)[90m[39;49;00m
PRE-RELEASE DEPENDENCIES	Run test suite	2026-10-02T14:06:35.2572579Z              ^^^^^^^^^^[90m[39;49;00m
PRE-RELEASE DEPENDENCIES	Run test suite	2026-10-02T14:06:35.2572921Z [1m[31m/opt/hostedtoolcache/Python/3.12.14/x64/lib/python3.12/unittest/mock.py[0m:1467: in __enter__
PRE-RELEASE DEPENDENCIES	Run test suite	2026-10-02T14:06:35.2573158Z     [0moriginal, local = [96mself[39;49;00m.get_original()[90m[39;49;00m
PRE-RELEASE DEPENDENCIES	Run test suite	2026-10-02T14:06:35.2573315Z                       ^^^^^^^^^^^^^^^^^^^[90m[39;49;00m
PRE-RELEASE DEPENDENCIES	Run test suite	2026-10-02T14:06:35.2573445Z _ _ _ _ _ _ _ _ _ _ _ _ _ _ _ _ _ _ _ _ _ _ _ _ _ _ _ _ _ _ _ _ _ _ _ _ _ _ _ _ 
PRE-RELEASE DEPENDENCIES	Run test suite	2026-10-02T14:06:35.2573458Z 
PRE-RELEASE DEPENDENCIES	Run test suite	2026-10-02T14:06:35.2573588Z self = <unittest.mock._patch object at 0x7fa7ee945af0>
PRE-RELEASE DEPENDENCIES	Run test suite	2026-10-02T14:06:35.2573594Z 
PRE-RELEASE DEPENDENCIES	Run test suite	2026-10-02T14:06:35.2573918Z     [0m[94mdef[39;49;00m[90m [39;49;00m[92mget_original[39;49;00m([96mself[39;49;00m):[90m[39;49;00m
PRE-RELEASE DEPENDENCIES	Run test suite	2026-10-02T14:06:35.2574093Z         target = [96mself[39;49;00m.getter()[90m[39;49;00m
PRE-RELEASE DEPENDENCIES	Run test suite	2026-10-02T14:06:35.2574272Z         name = [96mself[39;49;00m.attribute[90m[39;49;00m
PRE-RELEASE DEPENDENCIES	Run test suite	2026-10-02T14:06:35.2574373Z     [90m[39;49;00m
PRE-RELEASE DEPENDENCIES	Run test suite	2026-10-02T14:06:35.2574512Z         original = DEFAULT[90m[39;49;00m
PRE-RELEASE DEPENDENCIES	Run test suite	2026-10-02T14:06:35.2574671Z         local = [94mFalse[39;49;00m[90m[39;49;00m
PRE-RELEASE DEPENDENCIES	Run test suite	2026-10-02T14:06:35.2574771Z     [90m[39;49;00m
PRE-RELEASE DEPENDENCIES	Run test suite	2026-10-02T14:06:35.2574912Z         [94mtry[39;49;00m:[90m[39;49;00m
PRE-RELEASE DEPENDENCIES	Run test suite	2026-10-02T14:06:35.2575130Z             original = target.[91m__dict__[39;49;00m[name][90m[39;49;00m
PRE-RELEASE DEPENDENCIES	Run test suite	2026-10-02T14:06:35.2575451Z         [94mexcept[39;49;00m ([96mAttributeError[39;49;00m, [96mKeyError[39;49;00m):[90m[39;49;00m
PRE-RELEASE DEPENDENCIES	Run test suite	2026-10-02T14:06:35.2575699Z             original = [96mgetattr[39;49;00m(target, name, DEFAULT)[90m[39;49;00m
PRE-RELEASE DEPENDENCIES	Run test suite	2026-10-02T14:06:35.2575836Z         [94melse[39;49;00m:[90m[39;49;00m
PRE-RELEASE DEPENDENCIES	Run test suite	2026-10-02T14:06:35.2575996Z             local = [94mTrue[39;49;00m[90m[39;49;00m
PRE-RELEASE DEPENDENCIES	Run test suite	2026-10-02T14:06:35.2576098Z     [90m[39;49;00m
PRE-RELEASE DEPENDENCIES	Run test suite	2026-10-02T14:06:35.2677008Z         [94mif[39;49;00m name [95min[39;49;00m _builtins [95mand[39;49;00m [96misinstance[39;49;00m(target, ModuleType):[90m[39;49;00m
PRE-RELEASE DEPENDENCIES	Run test suite	2026-10-02T14:06:35.2677512Z             [96mself[39;49;00m.create = [94mTrue[39;49;00m[90m[39;49;00m
PRE-RELEASE DEPENDENCIES	Run test suite	2026-10-02T14:06:35.2677710Z     [90m[39;49;00m
PRE-RELEASE DEPENDENCIES	Run test suite	2026-10-02T14:06:35.2678282Z         [94mif[39;49;00m [95mnot[39;49;00m [96mself[39;49;00m.create [95mand[39;49;00m original [95mis[39;49;00m DEFAULT:[90m[39;49;00m
PRE-RELEASE DEPENDENCIES	Run test suite	2026-10-02T14:06:35.2678655Z >           [94mraise[39;49;00m [96mAttributeError[39;49;00m([90m[39;49;00m
PRE-RELEASE DEPENDENCIES	Run test suite	2026-10-02T14:06:35.2680307Z                 [33m"[39;49;00m[33m%s[39;49;00m[33m does not have the attribute [39;49;00m[33m%r[39;49;00m[33m"[39;49;00m % (target, name)[90m[39;49;00m
PRE-RELEASE DEPENDENCIES	Run test suite	2026-10-02T14:06:35.2680478Z             )[90m[39;49;00m
PRE-RELEASE DEPENDENCIES	Run test suite	2026-10-02T14:06:35.2682090Z [1m[31mE           AttributeError: <module 'embpy.resources.text_resolver' from '/opt/hostedtoolcache/Python/3.12.14/x64/lib/python3.12/site-packages/embpy/resources/text_resolver.py'> does not have the attribute '_get_json'[0m
PRE-RELEASE DEPENDENCIES	Run test suite	2026-10-02T14:06:35.2682166Z 
PRE-RELEASE DEPENDENCIES	Run test suite	2026-10-02T14:06:35.2682762Z [1m[31m/opt/hostedtoolcache/Python/3.12.14/x64/lib/python3.12/unittest/mock.py[0m:1437: AttributeError
PRE-RELEASE DEPENDENCIES	Run test suite	2026-10-02T14:06:35.2683282Z [31m[1m___________________ TestGetDescription.test_gene_auto_detect ___________________[0m
PRE-RELEASE DEPENDENCIES	Run test suite	2026-10-02T14:06:35.2683520Z 
PRE-RELEASE DEPENDENCIES	Run test suite	2026-10-02T14:06:35.2684048Z args = (<tests.embpy.test_text_resolver.TestGetDescription object at 0x7fa7ee999cd0>,)
PRE-RELEASE DEPENDENCIES	Run test suite	2026-10-02T14:06:35.2684649Z keywargs = {'resolver': <embpy.resources.text.resolver.TextResolver object at 0x7fa7e4e8ce00>}
PRE-RELEASE DEPENDENCIES	Run test suite	2026-10-02T14:06:35.2684667Z 
PRE-RELEASE DEPENDENCIES	Run test suite	2026-10-02T14:06:35.2685019Z     [0m[37m@wraps[39;49;00m(func)[90m[39;49;00m
PRE-RELEASE DEPENDENCIES	Run test suite	2026-10-02T14:06:35.2685645Z     [94mdef[39;49;00m[90m [39;49;00m[92mpatched[39;49;00m(*args, **keywargs):[90m[39;49;00m
PRE-RELEASE DEPENDENCIES	Run test suite	2026-10-02T14:06:35.2685997Z >       [94mwith[39;49;00m [96mself[39;49;00m.decoration_helper(patched,[90m[39;49;00m
PRE-RELEASE DEPENDENCIES	Run test suite	2026-10-02T14:06:35.2686190Z                                     args,[90m[39;49;00m
PRE-RELEASE DEPENDENCIES	Run test suite	2026-10-02T14:06:35.2686527Z                                     keywargs) [94mas[39;49;00m (newargs, newkeywargs):[90m[39;49;00m
PRE-RELEASE DEPENDENCIES	Run test suite	2026-10-02T14:06:35.2686535Z 
PRE-RELEASE DEPENDENCIES	Run test suite	2026-10-02T14:06:35.2686917Z [1m[31m/opt/hostedtoolcache/Python/3.12.14/x64/lib/python3.12/unittest/mock.py[0m:1393: 
PRE-RELEASE DEPENDENCIES	Run test suite	2026-10-02T14:06:35.2687093Z _ _ _ _ _ _ _ _ _ _ _ _ _ _ _ _ _ _ _ _ _ _ _ _ _ _ _ _ _ _ _ _ _ _ _ _ _ _ _ _ 
PRE-RELEASE DEPENDENCIES	Run test suite	2026-10-02T14:06:35.2687509Z [1m[31m/opt/hostedtoolcache/Python/3.12.14/x64/lib/python3.12/contextlib.py[0m:137: in __enter__
PRE-RELEASE DEPENDENCIES	Run test suite	2026-10-02T14:06:35.2687848Z     [0m[94mreturn[39;49;00m [96mnext[39;49;00m([96mself[39;49;00m.gen)[90m[39;49;00m
PRE-RELEASE DEPENDENCIES	Run test suite	2026-10-02T14:06:35.2688002Z            ^^^^^^^^^^^^^^[90m[39;49;00m
PRE-RELEASE DEPENDENCIES	Run test suite	2026-10-02T14:06:35.2688483Z [1m[31m/opt/hostedtoolcache/Python/3.12.14/x64/lib/python3.12/unittest/mock.py[0m:1375: in decoration_helper
PRE-RELEASE DEPENDENCIES	Run test suite	2026-10-02T14:06:35.2688739Z     [0marg = exit_stack.enter_context(patching)[90m[39;49;00m
PRE-RELEASE DEPENDENCIES	Run test suite	2026-10-02T14:06:35.2688939Z           ^^^^^^^^^^^^^^^^^^^^^^^^^^^^^^^^^^[90m[39;49;00m
PRE-RELEASE DEPENDENCIES	Run test suite	2026-10-02T14:06:35.2689320Z [1m[31m/opt/hostedtoolcache/Python/3.12.14/x64/lib/python3.12/contextlib.py[0m:526: in enter_context
PRE-RELEASE DEPENDENCIES	Run test suite	2026-10-02T14:06:35.2689708Z     [0mresult = _enter(cm)[90m[39;49;00m
PRE-RELEASE DEPENDENCIES	Run test suite	2026-10-02T14:06:35.2689849Z              ^^^^^^^^^^[90m[39;49;00m
PRE-RELEASE DEPENDENCIES	Run test suite	2026-10-02T14:06:35.2690221Z [1m[31m/opt/hostedtoolcache/Python/3.12.14/x64/lib/python3.12/unittest/mock.py[0m:1467: in __enter__
PRE-RELEASE DEPENDENCIES	Run test suite	2026-10-02T14:06:35.2690476Z     [0moriginal, local = [96mself[39;49;00m.get_original()[90m[39;49;00m
PRE-RELEASE DEPENDENCIES	Run test suite	2026-10-02T14:06:35.2690632Z                       ^^^^^^^^^^^^^^^^^^^[90m[39;49;00m
PRE-RELEASE DEPENDENCIES	Run test suite	2026-10-02T14:06:35.2690778Z _ _ _ _ _ _ _ _ _ _ _ _ _ _ _ _ _ _ _ _ _ _ _ _ _ _ _ _ _ _ _ _ _ _ _ _ _ _ _ _ 
PRE-RELEASE DEPENDENCIES	Run test suite	2026-10-02T14:06:35.2690783Z 
PRE-RELEASE DEPENDENCIES	Run test suite	2026-10-02T14:06:35.2690932Z self = <unittest.mock._patch object at 0x7fa7ee9450a0>
PRE-RELEASE DEPENDENCIES	Run test suite	2026-10-02T14:06:35.2690938Z 
PRE-RELEASE DEPENDENCIES	Run test suite	2026-10-02T14:06:35.2691282Z     [0m[94mdef[39;49;00m[90m [39;49;00m[92mget_original[39;49;00m([96mself[39;49;00m):[90m[39;49;00m
PRE-RELEASE DEPENDENCIES	Run test suite	2026-10-02T14:06:35.2691481Z         target = [96mself[39;49;00m.getter()[90m[39;49;00m
PRE-RELEASE DEPENDENCIES	Run test suite	2026-10-02T14:06:35.2691663Z         name = [96mself[39;49;00m.attribute[90m[39;49;00m
PRE-RELEASE DEPENDENCIES	Run test suite	2026-10-02T14:06:35.2691786Z     [90m[39;49;00m
PRE-RELEASE DEPENDENCIES	Run test suite	2026-10-02T14:06:35.2691937Z         original = DEFAULT[90m[39;49;00m
PRE-RELEASE DEPENDENCIES	Run test suite	2026-10-02T14:06:35.2692097Z         local = [94mFalse[39;49;00m[90m[39;49;00m
PRE-RELEASE DEPENDENCIES	Run test suite	2026-10-02T14:06:35.2692207Z     [90m[39;49;00m
PRE-RELEASE DEPENDENCIES	Run test suite	2026-10-02T14:06:35.2692365Z         [94mtry[39;49;00m:[90m[39;49;00m
PRE-RELEASE DEPENDENCIES	Run test suite	2026-10-02T14:06:35.2692604Z             original = target.[91m__dict__[39;49;00m[name][90m[39;49;00m
PRE-RELEASE DEPENDENCIES	Run test suite	2026-10-02T14:06:35.2693100Z         [94mexcept[39;49;00m ([96mAttributeError[39;49;00m, [96mKeyError[39;49;00m):[90m[39;49;00m
PRE-RELEASE DEPENDENCIES	Run test suite	2026-10-02T14:06:35.2693377Z             original = [96mgetattr[39;49;00m(target, name, DEFAULT)[90m[39;49;00m
PRE-RELEASE DEPENDENCIES	Run test suite	2026-10-02T14:06:35.2693530Z         [94melse[39;49;00m:[90m[39;49;00m
PRE-RELEASE DEPENDENCIES	Run test suite	2026-10-02T14:06:35.2693695Z             local = [94mTrue[39;49;00m[90m[39;49;00m
PRE-RELEASE DEPENDENCIES	Run test suite	2026-10-02T14:06:35.2693806Z     [90m[39;49;00m
PRE-RELEASE DEPENDENCIES	Run test suite	2026-10-02T14:06:35.2694284Z         [94mif[39;49;00m name [95min[39;49;00m _builtins [95mand[39;49;00m [96misinstance[39;49;00m(target, ModuleType):[90m[39;49;00m
PRE-RELEASE DEPENDENCIES	Run test suite	2026-10-02T14:06:35.2694516Z             [96mself[39;49;00m.create = [94mTrue[39;49;00m[90m[39;49;00m
PRE-RELEASE DEPENDENCIES	Run test suite	2026-10-02T14:06:35.2694816Z     [90m[39;49;00m
PRE-RELEASE DEPENDENCIES	Run test suite	2026-10-02T14:06:35.2695291Z         [94mif[39;49;00m [95mnot[39;49;00m [96mself[39;49;00m.create [95mand[39;49;00m original [95mis[39;49;00m DEFAULT:[90m[39;49;00m
PRE-RELEASE DEPENDENCIES	Run test suite	2026-10-02T14:06:35.2695540Z >           [94mraise[39;49;00m [96mAttributeError[39;49;00m([90m[39;49;00m
PRE-RELEASE DEPENDENCIES	Run test suite	2026-10-02T14:06:35.2696051Z                 [33m"[39;49;00m[33m%s[39;49;00m[33m does not have the attribute [39;49;00m[33m%r[39;49;00m[33m"[39;49;00m % (target, name)[90m[39;49;00m
PRE-RELEASE DEPENDENCIES	Run test suite	2026-10-02T14:06:35.2696179Z             )[90m[39;49;00m
PRE-RELEASE DEPENDENCIES	Run test suite	2026-10-02T14:06:35.2697099Z [1m[31mE           AttributeError: <module 'embpy.resources.text_resolver' from '/opt/hostedtoolcache/Python/3.12.14/x64/lib/python3.12/site-packages/embpy/resources/text_resolver.py'> does not have the attribute '_get_json'[0m
PRE-RELEASE DEPENDENCIES	Run test suite	2026-10-02T14:06:35.2697111Z 
PRE-RELEASE DEPENDENCIES	Run test suite	2026-10-02T14:06:35.2697492Z [1m[31m/opt/hostedtoolcache/Python/3.12.14/x64/lib/python3.12/unittest/mock.py[0m:1437: AttributeError
PRE-RELEASE DEPENDENCIES	Run test suite	2026-10-02T14:06:35.2697737Z [33m=============================== warnings summary ===============================[0m
PRE-RELEASE DEPENDENCIES	Run test suite	2026-10-02T14:06:35.2697921Z tests/embpy/io/test_bioembedder_embed_standardized.py: 6 warnings
PRE-RELEASE DEPENDENCIES	Run test suite	2026-10-02T14:06:35.2698100Z tests/embpy/io/test_bioembedder_output_contract.py: 2 warnings
PRE-RELEASE DEPENDENCIES	Run test suite	2026-10-02T14:06:35.2698229Z tests/embpy/io/test_multi_output.py: 2 warnings
PRE-RELEASE DEPENDENCIES	Run test suite	2026-10-02T14:06:35.2698379Z tests/embpy/io/test_to_anndata_standalone.py: 8 warnings
PRE-RELEASE DEPENDENCIES	Run test suite	2026-10-02T14:06:35.2698529Z tests/embpy/models/test_singlecell_models.py: 8 warnings
PRE-RELEASE DEPENDENCIES	Run test suite	2026-10-02T14:06:35.2698636Z tests/embpy/test_embedder.py: 6 warnings
PRE-RELEASE DEPENDENCIES	Run test suite	2026-10-02T14:06:35.2698762Z tests/embpy/test_gene_annotator.py: 1 warning
PRE-RELEASE DEPENDENCIES	Run test suite	2026-10-02T14:06:35.2698882Z tests/embpy/test_gene_resolver.py: 6 warnings
PRE-RELEASE DEPENDENCIES	Run test suite	2026-10-02T14:06:35.2698997Z tests/embpy/test_hf_handler.py: 19 warnings
PRE-RELEASE DEPENDENCIES	Run test suite	2026-10-02T14:06:35.2699119Z tests/embpy/test_metadata.py: 40 warnings
PRE-RELEASE DEPENDENCIES	Run test suite	2026-10-02T14:06:35.2699258Z tests/embpy/test_molecule_annotator.py: 1 warning
PRE-RELEASE DEPENDENCIES	Run test suite	2026-10-02T14:06:35.2699372Z tests/embpy/test_pp_basic.py: 3 warnings
PRE-RELEASE DEPENDENCIES	Run test suite	2026-10-02T14:06:35.2699729Z tests/embpy/tl/test_activity.py: 1 warning
PRE-RELEASE DEPENDENCIES	Run test suite	2026-10-02T14:06:35.2699890Z tests/embpy/tl/test_dimred_clustering.py: 14 warnings
PRE-RELEASE DEPENDENCIES	Run test suite	2026-10-02T14:06:35.2700916Z   /opt/hostedtoolcache/Python/3.12.14/x64/lib/python3.12/site-packages/anndata/compat/__init__.py:249: Pandas4Warning: The 'future.infer_string' option is deprecated and will be removed in pandas 4.0. Inferring str dtype for string data has been the default since pandas 3.0, and it will no longer be possible to disable it.
PRE-RELEASE DEPENDENCIES	Run test suite	2026-10-02T14:06:35.2701103Z     return a if pd.options.future.infer_string else a.astype(object)
PRE-RELEASE DEPENDENCIES	Run test suite	2026-10-02T14:06:35.2701109Z 
PRE-RELEASE DEPENDENCIES	Run test suite	2026-10-02T14:06:35.2701262Z tests/embpy/models/test_singlecell_models.py: 10 warnings
PRE-RELEASE DEPENDENCIES	Run test suite	2026-10-02T14:06:35.2701376Z tests/embpy/test_gene_resolver.py: 11 warnings
PRE-RELEASE DEPENDENCIES	Run test suite	2026-10-02T14:06:35.2701499Z tests/embpy/test_hf_handler.py: 40 warnings
PRE-RELEASE DEPENDENCIES	Run test suite	2026-10-02T14:06:35.2702519Z   /opt/hostedtoolcache/Python/3.12.14/x64/lib/python3.12/site-packages/anndata/_io/specs/methods.py:1269: Pandas4Warning: The 'future.infer_string' option is deprecated and will be removed in pandas 4.0. Inferring str dtype for string data has been the default since pandas 3.0, and it will no longer be possible to disable it.
PRE-RELEASE DEPENDENCIES	Run test suite	2026-10-02T14:06:35.2702783Z     and not pd.options.future.infer_string
PRE-RELEASE DEPENDENCIES	Run test suite	2026-10-02T14:06:35.2702789Z 
PRE-RELEASE DEPENDENCIES	Run test suite	2026-10-02T14:06:35.2702908Z tests/embpy/pl/test_diagnostics.py: 4 warnings
PRE-RELEASE DEPENDENCIES	Run test suite	2026-10-02T14:06:35.2703008Z tests/embpy/test_plotting.py: 6 warnings
PRE-RELEASE DEPENDENCIES	Run test suite	2026-10-02T14:06:35.2703771Z   /opt/hostedtoolcache/Python/3.12.14/x64/lib/python3.12/site-packages/seaborn/matrix.py:243: PendingDeprecationWarning: The set_bad function will be deprecated in a future version. Use cmap.with_extremes(bad=...) or Colormap(bad=...) instead.
PRE-RELEASE DEPENDENCIES	Run test suite	2026-10-02T14:06:35.2703866Z     self.cmap.set_bad(bad)
PRE-RELEASE DEPENDENCIES	Run test suite	2026-10-02T14:06:35.2703871Z 
PRE-RELEASE DEPENDENCIES	Run test suite	2026-10-02T14:06:35.2703968Z tests/embpy/test_embedder.py: 6 warnings
PRE-RELEASE DEPENDENCIES	Run test suite	2026-10-02T14:06:35.2704082Z tests/embpy/test_gene_annotator.py: 1 warning
PRE-RELEASE DEPENDENCIES	Run test suite	2026-10-02T14:06:35.2704294Z tests/embpy/test_hf_handler.py: 9 warnings
PRE-RELEASE DEPENDENCIES	Run test suite	2026-10-02T14:06:35.2704399Z tests/embpy/test_metadata.py: 20 warnings
PRE-RELEASE DEPENDENCIES	Run test suite	2026-10-02T14:06:35.2704515Z tests/embpy/test_molecule_annotator.py: 1 warning
PRE-RELEASE DEPENDENCIES	Run test suite	2026-10-02T14:06:35.2704622Z tests/embpy/test_pp_basic.py: 1 warning
PRE-RELEASE DEPENDENCIES	Run test suite	2026-10-02T14:06:35.2705008Z   /opt/hostedtoolcache/Python/3.12.14/x64/lib/python3.12/functools.py:912: ImplicitModificationWarning: Transforming to str index.
PRE-RELEASE DEPENDENCIES	Run test suite	2026-10-02T14:06:35.2705125Z     return dispatch(args[0].__class__)(*args, **kw)
PRE-RELEASE DEPENDENCIES	Run test suite	2026-10-02T14:06:35.2705131Z 
PRE-RELEASE DEPENDENCIES	Run test suite	2026-10-02T14:06:35.2705378Z tests/embpy/test_pp_basic.py::TestCombinePerturbationSpaces::test_basic_combine
PRE-RELEASE DEPENDENCIES	Run test suite	2026-10-02T14:06:35.2705600Z tests/embpy/test_pp_basic.py::TestCombinePerturbationSpaces::test_default_labels
PRE-RELEASE DEPENDENCIES	Run test suite	2026-10-02T14:06:35.2706179Z   /opt/hostedtoolcache/Python/3.12.14/x64/lib/python3.12/site-packages/embpy/pp/basic.py:454: UserWarning: Observation names are not unique. To make them unique, call `.obs_names_make_unique`.
PRE-RELEASE DEPENDENCIES	Run test suite	2026-10-02T14:06:35.2706308Z     combined = ad.concat(list(adatas), join="outer")
PRE-RELEASE DEPENDENCIES	Run test suite	2026-10-02T14:06:35.2706314Z 
PRE-RELEASE DEPENDENCIES	Run test suite	2026-10-02T14:06:35.2706575Z tests/embpy/tl/test_activity.py::TestPhenotypicActivity::test_single_replicate_perturbation
PRE-RELEASE DEPENDENCIES	Run test suite	2026-10-02T14:06:35.2707109Z   /home/runner/work/embpy/embpy/tests/embpy/tl/test_activity.py:218: UserWarning: Observation names are not unique. To make them unique, call `.obs_names_make_unique`.
PRE-RELEASE DEPENDENCIES	Run test suite	2026-10-02T14:06:35.2707229Z     adata = ad.concat([adata, extra], join="outer")
PRE-RELEASE DEPENDENCIES	Run test suite	2026-10-02T14:06:35.2707241Z 
PRE-RELEASE DEPENDENCIES	Run test suite	2026-10-02T14:06:35.2707439Z -- Docs: https://docs.pytest.org/en/stable/how-to/capture-warnings.html
PRE-RELEASE DEPENDENCIES	Run test suite	2026-10-02T14:06:35.2707701Z [36m[1m=========================== short test summary info ============================[0m
PRE-RELEASE DEPENDENCIES	Run test suite	2026-10-02T14:06:35.2709366Z [31mFAILED[0m tests/embpy/io/test_to_anndata_attach.py::[1mtest_obs_aligned_goes_to_obsm[0m - ValueError: 2 target .var_names have no embedding (missing='error'). First missing: ['g1', 'g2']. Pass missing='nan' to NaN-fill, or fix the ids.
PRE-RELEASE DEPENDENCIES	Run test suite	2026-10-02T14:06:35.2710134Z [31mFAILED[0m tests/embpy/io/test_to_anndata_attach.py::[1mtest_no_overlap_raises_with_counts[0m - AssertionError: Regex pattern did not match.
PRE-RELEASE DEPENDENCIES	Run test suite	2026-10-02T14:06:35.2710285Z   Expected regex: '0/3 entities match target.obs_names'
PRE-RELEASE DEPENDENCIES	Run test suite	2026-10-02T14:06:35.2710704Z   Actual message: "2 target .var_names have no embedding (missing='error'). First missing: ['g1', 'g2']. Pass missing='nan' to NaN-fill, or fix the ids."
PRE-RELEASE DEPENDENCIES	Run test suite	2026-10-02T14:06:35.2711255Z [31mFAILED[0m tests/embpy/io/test_to_anndata_attach.py::[1mtest_both_axes_match_is_ambiguous_then_override[0m - Failed: DID NOT RAISE ValueError
PRE-RELEASE DEPENDENCIES	Run test suite	2026-10-02T14:06:35.2711685Z [31mFAILED[0m tests/embpy/io/test_to_anndata_attach.py::[1mtest_missing_error_vs_nan[0m - KeyError: 'X_emb__gene__m'
PRE-RELEASE DEPENDENCIES	Run test suite	2026-10-02T14:06:35.2712486Z [31mFAILED[0m tests/embpy/io/test_to_anndata_attach.py::[1mtest_custom_key[0m - ValueError: 1 target .var_names have no embedding (missing='error'). First missing: ['g1']. Pass missing='nan' to NaN-fill, or fix the ids.
PRE-RELEASE DEPENDENCIES	Run test suite	2026-10-02T14:06:35.2713235Z [31mFAILED[0m tests/embpy/models/test_dna_models.py::[1mTestBorzoiWrapper::test_get_track_metadata_returns_dataframe[0m - ImportError: borzoi_pytorch not installed; cannot load track metadata.
PRE-RELEASE DEPENDENCIES	Run test suite	2026-10-02T14:06:35.2714185Z [31mFAILED[0m tests/embpy/models/test_dna_models.py::[1mTestBorzoiWrapper::test_get_track_categories_defaults_to_bundled_metadata[0m - ImportError: borzoi_pytorch not installed; cannot load track metadata.
PRE-RELEASE DEPENDENCIES	Run test suite	2026-10-02T14:06:35.2714920Z [31mFAILED[0m tests/embpy/models/test_dna_models.py::[1mTestEvoWrapper::test_pooling_strategies[0m - AssertionError: assert ['mean', 'max', 'cls', 'none'] == ['mean', 'max', 'cls']
PRE-RELEASE DEPENDENCIES	Run test suite	2026-10-02T14:06:35.2715002Z   
PRE-RELEASE DEPENDENCIES	Run test suite	2026-10-02T14:06:35.2715330Z   Left contains one more item: [0m[33m'[39;49;00m[33mnone[39;49;00m[33m'[39;49;00m[90m[39;49;00m
PRE-RELEASE DEPENDENCIES	Run test suite	2026-10-02T14:06:35.2715408Z   
PRE-RELEASE DEPENDENCIES	Run test suite	2026-10-02T14:06:35.2715484Z   Full diff:
PRE-RELEASE DEPENDENCIES	Run test suite	2026-10-02T14:06:35.2715620Z   [0m[90m [39;49;00m [[90m[39;49;00m
PRE-RELEASE DEPENDENCIES	Run test suite	2026-10-02T14:06:35.2715893Z   [90m [39;49;00m     'mean',[90m[39;49;00m
PRE-RELEASE DEPENDENCIES	Run test suite	2026-10-02T14:06:35.2716034Z   [90m [39;49;00m     'max',[90m[39;49;00m
PRE-RELEASE DEPENDENCIES	Run test suite	2026-10-02T14:06:35.2716171Z   [90m [39;49;00m     'cls',[90m[39;49;00m
PRE-RELEASE DEPENDENCIES	Run test suite	2026-10-02T14:06:35.2716306Z   [92m+     'none',[39;49;00m[90m[39;49;00m
PRE-RELEASE DEPENDENCIES	Run test suite	2026-10-02T14:06:35.2716436Z   [90m [39;49;00m ][90m[39;49;00m
PRE-RELEASE DEPENDENCIES	Run test suite	2026-10-02T14:06:35.2717090Z [31mFAILED[0m tests/embpy/models/test_dna_models.py::[1mTestGENALMWrapper::test_embed_batch_empty_returns_empty[0m - RuntimeError: GENA-LM not loaded. Call load() first.
PRE-RELEASE DEPENDENCIES	Run test suite	2026-10-02T14:06:35.2717829Z [31mFAILED[0m tests/embpy/models/test_dna_models.py::[1mTestGENALMWrapper::test_embed_mean_returns_correct_shape[0m - RuntimeError: Boolean value of Tensor with more than one value is ambiguous
PRE-RELEASE DEPENDENCIES	Run test suite	2026-10-02T14:06:35.2718551Z [31mFAILED[0m tests/embpy/models/test_dna_models.py::[1mTestGENALMWrapper::test_embed_cls_returns_correct_shape[0m - RuntimeError: Boolean value of Tensor with more than one value is ambiguous
PRE-RELEASE DEPENDENCIES	Run test suite	2026-10-02T14:06:35.2719271Z [31mFAILED[0m tests/embpy/models/test_dna_models.py::[1mTestGENALMWrapper::test_embed_max_returns_correct_shape[0m - RuntimeError: Boolean value of Tensor with more than one value is ambiguous
PRE-RELEASE DEPENDENCIES	Run test suite	2026-10-02T14:06:35.2720408Z [31mFAILED[0m tests/embpy/models/test_dna_models.py::[1mTestGENALMWrapper::test_embed_uses_hidden_states_when_no_last_hidden_state[0m - RuntimeError: Boolean value of Tensor with more than one value is ambiguous
PRE-RELEASE DEPENDENCIES	Run test suite	2026-10-02T14:06:35.2721112Z [31mFAILED[0m tests/embpy/models/test_dna_models.py::[1mTestGENALMWrapper::test_embed_target_layer[0m - RuntimeError: Boolean value of Tensor with more than one value is ambiguous
PRE-RELEASE DEPENDENCIES	Run test suite	2026-10-02T14:06:35.2721828Z [31mFAILED[0m tests/embpy/models/test_dna_models.py::[1mTestGENALMWrapper::test_embed_batch_multiple[0m - RuntimeError: Boolean value of Tensor with more than one value is ambiguous
PRE-RELEASE DEPENDENCIES	Run test suite	2026-10-02T14:06:35.2722522Z [31mFAILED[0m tests/embpy/models/test_dna_models.py::[1mTestGENALMWrapper::test_embed_output_is_float32[0m - RuntimeError: Boolean value of Tensor with more than one value is ambiguous
PRE-RELEASE DEPENDENCIES	Run test suite	2026-10-02T14:06:35.2723234Z [31mFAILED[0m tests/embpy/models/test_dna_models.py::[1mTestNucleotideTransformerWrapper::test_embed_batch_empty_returns_empty[0m - RuntimeError: NT model not loaded. Call load() first.
PRE-RELEASE DEPENDENCIES	Run test suite	2026-10-02T14:06:35.2724005Z [31mFAILED[0m tests/embpy/models/test_dna_models.py::[1mTestNucleotideTransformerWrapper::test_embed_batch_multiple[0m - RuntimeError: Boolean value of Tensor with more than one value is ambiguous
PRE-RELEASE DEPENDENCIES	Run test suite	2026-10-02T14:06:35.2724668Z [31mFAILED[0m tests/embpy/models/test_dna_models.py::[1mTestHyenaDNAWrapper::test_embed_batch_empty_returns_empty[0m - RuntimeError: HyenaDNA not loaded. Call load() first.
PRE-RELEASE DEPENDENCIES	Run test suite	2026-10-02T14:06:35.2725378Z [31mFAILED[0m tests/embpy/models/test_dna_models.py::[1mTestHyenaDNAWrapper::test_embed_batch_multiple[0m - RuntimeError: Boolean value of Tensor with more than one value is ambiguous
PRE-RELEASE DEPENDENCIES	Run test suite	2026-10-02T14:06:35.2726032Z [31mFAILED[0m tests/embpy/models/test_dna_models.py::[1mTestCaduceusWrapper::test_embed_batch_empty_returns_empty[0m - RuntimeError: Caduceus not loaded. Call load() first.
PRE-RELEASE DEPENDENCIES	Run test suite	2026-10-02T14:06:35.2726731Z [31mFAILED[0m tests/embpy/models/test_dna_models.py::[1mTestCaduceusWrapper::test_embed_batch_multiple[0m - RuntimeError: Boolean value of Tensor with more than one value is ambiguous
PRE-RELEASE DEPENDENCIES	Run test suite	2026-10-02T14:06:35.2727407Z [31mFAILED[0m tests/embpy/models/test_molecule_models.py::[1mTestChembertaWrapper::test_embed_batch[0m - RuntimeError: Call load() first.
PRE-RELEASE DEPENDENCIES	Run test suite	2026-10-02T14:06:35.2728099Z [31mFAILED[0m tests/embpy/models/test_morphology_models.py::[1mTestSubCellWrapperInit::test_default_params[0m - AttributeError: 'SubCellWrapper' object has no attribute 'variant'
PRE-RELEASE DEPENDENCIES	Run test suite	2026-10-02T14:06:35.2728782Z [31mFAILED[0m tests/embpy/models/test_morphology_models.py::[1mTestSubCellWrapperInit::test_custom_variant[0m - AttributeError: 'SubCellWrapper' object has no attribute 'variant'
PRE-RELEASE DEPENDENCIES	Run test suite	2026-10-02T14:06:35.2729380Z [31mFAILED[0m tests/embpy/models/test_morphology_models.py::[1mTestSubCellPreprocessing::test_wrong_channels_raises[0m - Failed: DID NOT RAISE ValueError
PRE-RELEASE DEPENDENCIES	Run test suite	2026-10-02T14:06:35.2730282Z [31mFAILED[0m tests/embpy/models/test_morphology_models.py::[1mTestSubCellEmbed::test_attention_pool_fallback[0m - TypeError: 'NoneType' object is not callable
PRE-RELEASE DEPENDENCIES	Run test suite	2026-10-02T14:06:35.2730975Z [31mFAILED[0m tests/embpy/models/test_protein_models.py::[1mTestESM2Wrapper::test_embed_batch_empty_returns_empty[0m - RuntimeError: ESM2 model not loaded. Please call load() first.
PRE-RELEASE DEPENDENCIES	Run test suite	2026-10-02T14:06:35.2731690Z [31mFAILED[0m tests/embpy/models/test_protein_models.py::[1mTestESM2Wrapper::test_embed_batch_returns_list[0m - RuntimeError: Boolean value of Tensor with more than one value is ambiguous
PRE-RELEASE DEPENDENCIES	Run test suite	2026-10-02T14:06:35.2732367Z [31mFAILED[0m tests/embpy/models/test_protein_models.py::[1mTestProtT5Wrapper::test_embed_batch_empty_returns_empty[0m - RuntimeError: ProtT5 model not loaded. Call load() first.
PRE-RELEASE DEPENDENCIES	Run test suite	2026-10-02T14:06:35.2732876Z [31mFAILED[0m tests/embpy/models/test_protein_models.py::[1mTestProtT5Wrapper::test_embed_batch_returns_list[0m - assert 1 == 2
PRE-RELEASE DEPENDENCIES	Run test suite	2026-10-02T14:06:35.2733235Z  +  where 1 = len([array([-0.3297085 , -0.18166345,  0.04127124, ...,  0.4458356 ,\n       -0.36110055, -0.06942654], shape=(1024,), dtype=float32)])
PRE-RELEASE DEPENDENCIES	Run test suite	2026-10-02T14:06:35.2733794Z [31mFAILED[0m tests/embpy/models/test_protein_models.py::[1mTestESM3Wrapper::test_embed_with_mock[0m - NameError: name 'ESMProtein' is not defined
PRE-RELEASE DEPENDENCIES	Run test suite	2026-10-02T14:06:35.2734330Z [31mFAILED[0m tests/embpy/models/test_protein_models.py::[1mTestESM3Wrapper::test_embed_batch[0m - NameError: name 'ESMProtein' is not defined
PRE-RELEASE DEPENDENCIES	Run test suite	2026-10-02T14:06:35.2735140Z [31mFAILED[0m tests/embpy/test_benchmark.py::[1mTestBenchmarkScalarTarget::test_all_models[0m - ImportError: xgboost is required for the 'xgboost' model but is not installed. Install it with:  pip install xgboost
PRE-RELEASE DEPENDENCIES	Run test suite	2026-10-02T14:06:35.2735947Z [31mFAILED[0m tests/embpy/test_benchmark.py::[1mTestBenchmarkScalarTarget::test_stored_in_uns[0m - ImportError: xgboost is required for the 'xgboost' model but is not installed. Install it with:  pip install xgboost
PRE-RELEASE DEPENDENCIES	Run test suite	2026-10-02T14:06:35.2736790Z [31mFAILED[0m tests/embpy/test_benchmark.py::[1mTestBenchmarkScalarTarget::test_no_delta_l2_for_scalar[0m - ImportError: xgboost is required for the 'xgboost' model but is not installed. Install it with:  pip install xgboost
PRE-RELEASE DEPENDENCIES	Run test suite	2026-10-02T14:06:35.2737647Z [31mFAILED[0m tests/embpy/test_benchmark.py::[1mTestBenchmarkExpressionTarget::test_expression_metrics[0m - ImportError: xgboost is required for the 'xgboost' model but is not installed. Install it with:  pip install xgboost
PRE-RELEASE DEPENDENCIES	Run test suite	2026-10-02T14:06:35.2738477Z [31mFAILED[0m tests/embpy/test_benchmark.py::[1mTestBenchmarkWithControls::test_delta_l2_computed[0m - ImportError: xgboost is required for the 'xgboost' model but is not installed. Install it with:  pip install xgboost
PRE-RELEASE DEPENDENCIES	Run test suite	2026-10-02T14:06:35.2739307Z [31mFAILED[0m tests/embpy/test_benchmark.py::[1mTestBenchmarkNoControlsNoDelta::test_no_controls[0m - ImportError: xgboost is required for the 'xgboost' model but is not installed. Install it with:  pip install xgboost
PRE-RELEASE DEPENDENCIES	Run test suite	2026-10-02T14:06:35.2740394Z [31mFAILED[0m tests/embpy/test_benchmark.py::[1mTestBenchmarkWithDimReduction::test_pca_applied[0m - ImportError: xgboost is required for the 'xgboost' model but is not installed. Install it with:  pip install xgboost
PRE-RELEASE DEPENDENCIES	Run test suite	2026-10-02T14:06:35.2741333Z [31mFAILED[0m tests/embpy/test_benchmark.py::[1mTestBenchmarkInvalidModel::test_bad_model[0m - ImportError: xgboost is required for the 'xgboost' model but is not installed. Install it with:  pip install xgboost
PRE-RELEASE DEPENDENCIES	Run test suite	2026-10-02T14:06:35.2742667Z [31mFAILED[0m tests/embpy/test_cellline_annotator.py::[1mTestCellosaurusSource::test_get_cellosaurus_info[0m - AttributeError: <module 'embpy.resources.cellline_annotator' from '/opt/hostedtoolcache/Python/3.12.14/x64/lib/python3.12/site-packages/embpy/resources/cellline_annotator.py'> does not have the attribute '_get_json'
PRE-RELEASE DEPENDENCIES	Run test suite	2026-10-02T14:06:35.2743942Z [31mFAILED[0m tests/embpy/test_cellline_annotator.py::[1mTestCellosaurusSource::test_cellosaurus_not_found[0m - AttributeError: <module 'embpy.resources.cellline_annotator' from '/opt/hostedtoolcache/Python/3.12.14/x64/lib/python3.12/site-packages/embpy/resources/cellline_annotator.py'> does not have the attribute '_get_json'
PRE-RELEASE DEPENDENCIES	Run test suite	2026-10-02T14:06:35.2745342Z [31mFAILED[0m tests/embpy/test_cellline_annotator.py::[1mTestDepMapSource::test_get_depmap_info[0m - AttributeError: <module 'embpy.resources.cellline_annotator' from '/opt/hostedtoolcache/Python/3.12.14/x64/lib/python3.12/site-packages/embpy/resources/cellline_annotator.py'> does not have the attribute '_get_json'
PRE-RELEASE DEPENDENCIES	Run test suite	2026-10-02T14:06:35.2746592Z [31mFAILED[0m tests/embpy/test_cellline_annotator.py::[1mTestDepMapSource::test_depmap_not_found[0m - AttributeError: <module 'embpy.resources.cellline_annotator' from '/opt/hostedtoolcache/Python/3.12.14/x64/lib/python3.12/site-packages/embpy/resources/cellline_annotator.py'> does not have the attribute '_get_json'
PRE-RELEASE DEPENDENCIES	Run test suite	2026-10-02T14:06:35.2747839Z [31mFAILED[0m tests/embpy/test_cellline_annotator.py::[1mTestPassportsSource::test_get_passports_info[0m - AttributeError: <module 'embpy.resources.cellline_annotator' from '/opt/hostedtoolcache/Python/3.12.14/x64/lib/python3.12/site-packages/embpy/resources/cellline_annotator.py'> does not have the attribute '_get_json'
PRE-RELEASE DEPENDENCIES	Run test suite	2026-10-02T14:06:35.2749103Z [31mFAILED[0m tests/embpy/test_cellline_annotator.py::[1mTestPassportsSource::test_passports_not_found[0m - AttributeError: <module 'embpy.resources.cellline_annotator' from '/opt/hostedtoolcache/Python/3.12.14/x64/lib/python3.12/site-packages/embpy/resources/cellline_annotator.py'> does not have the attribute '_get_json'
PRE-RELEASE DEPENDENCIES	Run test suite	2026-10-02T14:06:35.2750526Z [31mFAILED[0m tests/embpy/test_cellline_annotator.py::[1mTestAnnotateCombined::test_annotate_all_sources[0m - AttributeError: <module 'embpy.resources.cellline_annotator' from '/opt/hostedtoolcache/Python/3.12.14/x64/lib/python3.12/site-packages/embpy/resources/cellline_annotator.py'> does not have the attribute '_get_json'
PRE-RELEASE DEPENDENCIES	Run test suite	2026-10-02T14:06:35.2751814Z [31mFAILED[0m tests/embpy/test_cellline_annotator.py::[1mTestAnnotateCombined::test_annotate_single_source[0m - AttributeError: <module 'embpy.resources.cellline_annotator' from '/opt/hostedtoolcache/Python/3.12.14/x64/lib/python3.12/site-packages/embpy/resources/cellline_annotator.py'> does not have the attribute '_get_json'
PRE-RELEASE DEPENDENCIES	Run test suite	2026-10-02T14:06:35.2753037Z [31mFAILED[0m tests/embpy/test_cellline_annotator.py::[1mTestAnnotateAdata::test_annotate_adata[0m - AttributeError: <module 'embpy.resources.cellline_annotator' from '/opt/hostedtoolcache/Python/3.12.14/x64/lib/python3.12/site-packages/embpy/resources/cellline_annotator.py'> does not have the attribute '_get_json'
PRE-RELEASE DEPENDENCIES	Run test suite	2026-10-02T14:06:35.2754283Z [31mFAILED[0m tests/embpy/test_cellline_annotator.py::[1mTestWikipediaSource::test_get_wikipedia_info[0m - AttributeError: <module 'embpy.resources.cellline_annotator' from '/opt/hostedtoolcache/Python/3.12.14/x64/lib/python3.12/site-packages/embpy/resources/cellline_annotator.py'> does not have the attribute '_get_json'
PRE-RELEASE DEPENDENCIES	Run test suite	2026-10-02T14:06:35.2755626Z [31mFAILED[0m tests/embpy/test_cellline_annotator.py::[1mTestWikipediaSource::test_wikipedia_fallback_cell_line_suffix[0m - AttributeError: <module 'embpy.resources.cellline_annotator' from '/opt/hostedtoolcache/Python/3.12.14/x64/lib/python3.12/site-packages/embpy/resources/cellline_annotator.py'> does not have the attribute '_get_json'
PRE-RELEASE DEPENDENCIES	Run test suite	2026-10-02T14:06:35.2757048Z [31mFAILED[0m tests/embpy/test_cellline_annotator.py::[1mTestWikipediaSource::test_wikipedia_not_found[0m - AttributeError: <module 'embpy.resources.cellline_annotator' from '/opt/hostedtoolcache/Python/3.12.14/x64/lib/python3.12/site-packages/embpy/resources/cellline_annotator.py'> does not have the attribute '_get_json'
PRE-RELEASE DEPENDENCIES	Run test suite	2026-10-02T14:06:35.2758340Z [31mFAILED[0m tests/embpy/test_cellline_annotator.py::[1mTestTextDescription::test_get_text_description[0m - AttributeError: <module 'embpy.resources.cellline_annotator' from '/opt/hostedtoolcache/Python/3.12.14/x64/lib/python3.12/site-packages/embpy/resources/cellline_annotator.py'> does not have the attribute '_get_json'
PRE-RELEASE DEPENDENCIES	Run test suite	2026-10-02T14:06:35.2759220Z [31mFAILED[0m tests/embpy/test_control_policy.py::[1mtest_default_patterns_do_not_match_real_genes[CONTROL_GENE_X][0m - AssertionError: 'CONTROL_GENE_X' should NOT match any control pattern but did
PRE-RELEASE DEPENDENCIES	Run test suite	2026-10-02T14:06:35.2759306Z assert not True
PRE-RELEASE DEPENDENCIES	Run test suite	2026-10-02T14:06:35.2759606Z  +  where True = is_control('CONTROL_GENE_X')
PRE-RELEASE DEPENDENCIES	Run test suite	2026-10-02T14:06:35.2760366Z  +    where is_control = ControlPolicy(patterns=('^non[-_]?targeting(_.+)?$', '^NTC([-_].*)?$', '^NT[0-9]+$', '^control([-_].*)?$', '^ctrl([-_].*)?$', '^safe[-_]?harbor([-_].*)?$', '^AAVS1([-_].*)?$', '^scramble[d]?([-_].*)?$', '^empty[-_]?vector([-_].*)?$'), extra_labels=(), strict=False).is_control
PRE-RELEASE DEPENDENCIES	Run test suite	2026-10-02T14:06:35.2760832Z [31mFAILED[0m tests/embpy/test_drug_resolver.py::[1mTestNameToSmiles::test_fallback_to_cid[0m - Exception: Not found
PRE-RELEASE DEPENDENCIES	Run test suite	2026-10-02T14:06:35.2761312Z [31mFAILED[0m tests/embpy/test_drug_resolver.py::[1mTestNameToSmiles::test_returns_none_on_failure[0m - Exception: API error
PRE-RELEASE DEPENDENCIES	Run test suite	2026-10-02T14:06:35.2761854Z [31mFAILED[0m tests/embpy/test_drug_resolver.py::[1mTestNameToSmilesSaltFallback::test_falls_back_to_cleaned_name[0m - Exception: Not found
PRE-RELEASE DEPENDENCIES	Run test suite	2026-10-02T14:06:35.2763091Z [31mFAILED[0m tests/embpy/test_drug_resolver.py::[1mTestCirpyFallback::test_cirpy_resolves_when_others_fail[0m - AttributeError: <module 'embpy.resources.drug_resolver' from '/opt/hostedtoolcache/Python/3.12.14/x64/lib/python3.12/site-packages/embpy/resources/drug_resolver.py'> does not have the attribute 'cirpy'
PRE-RELEASE DEPENDENCIES	Run test suite	2026-10-02T14:06:35.2763575Z [31mFAILED[0m tests/embpy/test_drug_resolver.py::[1mTestCirpyFallback::test_skipped_when_unavailable[0m - Exception: Not found
PRE-RELEASE DEPENDENCIES	Run test suite	2026-10-02T14:06:35.2764276Z [31mFAILED[0m tests/embpy/test_embedder.py::[1mTestEmbedCells::test_embed_cells_pca[0m - ImportError: scanpy is required for single-cell preprocessing. Install with: pip install scanpy
PRE-RELEASE DEPENDENCIES	Run test suite	2026-10-02T14:06:35.2764999Z [31mFAILED[0m tests/embpy/test_embedder.py::[1mTestEmbedCells::test_embed_cells_metadata[0m - ImportError: scanpy is required for single-cell preprocessing. Install with: pip install scanpy
PRE-RELEASE DEPENDENCIES	Run test suite	2026-10-02T14:06:35.2765697Z [31mFAILED[0m tests/embpy/test_embedder.py::[1mTestEmbedCells::test_embed_cells_copy[0m - ImportError: scanpy is required for single-cell preprocessing. Install with: pip install scanpy
PRE-RELEASE DEPENDENCIES	Run test suite	2026-10-02T14:06:35.2766395Z [31mFAILED[0m tests/embpy/test_embedder.py::[1mTestEmbedAdata::test_cell_models_only[0m - ImportError: scanpy is required for single-cell preprocessing. Install with: pip install scanpy
PRE-RELEASE DEPENDENCIES	Run test suite	2026-10-02T14:06:35.2767159Z [31mFAILED[0m tests/embpy/test_embedder.py::[1mTestEmbedAdata::test_combined_cell_and_perturbation[0m - ImportError: scanpy is required for single-cell preprocessing. Install with: pip install scanpy
PRE-RELEASE DEPENDENCIES	Run test suite	2026-10-02T14:06:35.2767727Z [31mFAILED[0m tests/embpy/test_errors.py::[1mTestConfigError::test_custom_message[0m - AttributeError: 'ConfigError' object has no attribute 'message'
PRE-RELEASE DEPENDENCIES	Run test suite	2026-10-02T14:06:35.2768374Z [31mFAILED[0m tests/embpy/test_errors.py::[1mTestIdentifierError::test_default_message[0m - AssertionError: assert 'Invalid or u...le identifier' == 'Invalid identifier'
PRE-RELEASE DEPENDENCIES	Run test suite	2026-10-02T14:06:35.2768452Z   
PRE-RELEASE DEPENDENCIES	Run test suite	2026-10-02T14:06:35.2768771Z   [0m[91m- Invalid identifier[39;49;00m[90m[39;49;00m
PRE-RELEASE DEPENDENCIES	Run test suite	2026-10-02T14:06:35.2768995Z   [92m+ Invalid or unresolvable identifier[39;49;00m[90m[39;49;00m
PRE-RELEASE DEPENDENCIES	Run test suite	2026-10-02T14:06:35.2769743Z [31mFAILED[0m tests/embpy/test_gene_resolver.py::[1mTestGetDnaSequence::test_by_symbol[0m - AttributeError: 'GeneResolver' object has no attribute '_genome_fasta'
PRE-RELEASE DEPENDENCIES	Run test suite	2026-10-02T14:06:35.2770379Z [31mFAILED[0m tests/embpy/test_gene_resolver.py::[1mTestGetDnaSequence::test_by_ensembl_id[0m - AttributeError: 'GeneResolver' object has no attribute '_genome_fasta'
PRE-RELEASE DEPENDENCIES	Run test suite	2026-10-02T14:06:35.2771030Z [31mFAILED[0m tests/embpy/test_gene_resolver.py::[1mTestGetDnaSequence::test_unsupported_id_type[0m - AttributeError: 'GeneResolver' object has no attribute '_genome_fasta'
PRE-RELEASE DEPENDENCIES	Run test suite	2026-10-02T14:06:35.2771811Z [31mFAILED[0m tests/embpy/test_gene_resolver.py::[1mTestGetDnaSequence::test_api_error_returns_none[0m - AttributeError: 'GeneResolver' object has no attribute '_genome_fasta'
PRE-RELEASE DEPENDENCIES	Run test suite	2026-10-02T14:06:35.2772470Z [31mFAILED[0m tests/embpy/test_gene_resolver.py::[1mTestGetDnaSequence::test_no_ensembl_id_resolved[0m - AttributeError: 'GeneResolver' object has no attribute '_genome_fasta'
PRE-RELEASE DEPENDENCIES	Run test suite	2026-10-02T14:06:35.2773818Z [31mFAILED[0m tests/embpy/test_local_genome.py::[1mTestGeneResolverLocalFirstFallback::test_falls_back_to_api_when_no_genome[0m - AttributeError: <module 'embpy.resources.gene_resolver' from '/opt/hostedtoolcache/Python/3.12.14/x64/lib/python3.12/site-packages/embpy/resources/gene_resolver.py'> does not have the attribute '_ensembl_get'
PRE-RELEASE DEPENDENCIES	Run test suite	2026-10-02T14:06:35.2775062Z [31mFAILED[0m tests/embpy/test_molecule_annotator.py::[1mTestBioactivities::test_get_bioactivities[0m - AttributeError: <module 'embpy.resources.molecule_annotator' from '/opt/hostedtoolcache/Python/3.12.14/x64/lib/python3.12/site-packages/embpy/resources/molecule_annotator.py'> does not have the attribute '_get_json'
PRE-RELEASE DEPENDENCIES	Run test suite	2026-10-02T14:06:35.2776283Z [31mFAILED[0m tests/embpy/test_molecule_annotator.py::[1mTestBioactivities::test_no_chembl_id[0m - AttributeError: <module 'embpy.resources.molecule_annotator' from '/opt/hostedtoolcache/Python/3.12.14/x64/lib/python3.12/site-packages/embpy/resources/molecule_annotator.py'> does not have the attribute '_get_json'
PRE-RELEASE DEPENDENCIES	Run test suite	2026-10-02T14:06:35.2777520Z [31mFAILED[0m tests/embpy/test_molecule_annotator.py::[1mTestTargetProteins::test_get_targets[0m - AttributeError: <module 'embpy.resources.molecule_annotator' from '/opt/hostedtoolcache/Python/3.12.14/x64/lib/python3.12/site-packages/embpy/resources/molecule_annotator.py'> does not have the attribute '_get_json'
PRE-RELEASE DEPENDENCIES	Run test suite	2026-10-02T14:06:35.2778783Z [31mFAILED[0m tests/embpy/test_molecule_annotator.py::[1mTestCrossReferences::test_get_cross_references[0m - AttributeError: <module 'embpy.resources.molecule_annotator' from '/opt/hostedtoolcache/Python/3.12.14/x64/lib/python3.12/site-packages/embpy/resources/molecule_annotator.py'> does not have the attribute '_get_json'
PRE-RELEASE DEPENDENCIES	Run test suite	2026-10-02T14:06:35.2780132Z [31mFAILED[0m tests/embpy/test_multi_species.py::[1mTestIsEnsemblId::test_human_gene[0m - ImportError: cannot import name '_is_ensembl_id' from 'embpy.resources.gene_resolver' (/opt/hostedtoolcache/Python/3.12.14/x64/lib/python3.12/site-packages/embpy/resources/gene_resolver.py)
PRE-RELEASE DEPENDENCIES	Run test suite	2026-10-02T14:06:35.2781220Z [31mFAILED[0m tests/embpy/test_multi_species.py::[1mTestIsEnsemblId::test_mouse_gene[0m - ImportError: cannot import name '_is_ensembl_id' from 'embpy.resources.gene_resolver' (/opt/hostedtoolcache/Python/3.12.14/x64/lib/python3.12/site-packages/embpy/resources/gene_resolver.py)
PRE-RELEASE DEPENDENCIES	Run test suite	2026-10-02T14:06:35.2782300Z [31mFAILED[0m tests/embpy/test_multi_species.py::[1mTestIsEnsemblId::test_zebrafish_gene[0m - ImportError: cannot import name '_is_ensembl_id' from 'embpy.resources.gene_resolver' (/opt/hostedtoolcache/Python/3.12.14/x64/lib/python3.12/site-packages/embpy/resources/gene_resolver.py)
PRE-RELEASE DEPENDENCIES	Run test suite	2026-10-02T14:06:35.2783361Z [31mFAILED[0m tests/embpy/test_multi_species.py::[1mTestIsEnsemblId::test_transcript[0m - ImportError: cannot import name '_is_ensembl_id' from 'embpy.resources.gene_resolver' (/opt/hostedtoolcache/Python/3.12.14/x64/lib/python3.12/site-packages/embpy/resources/gene_resolver.py)
PRE-RELEASE DEPENDENCIES	Run test suite	2026-10-02T14:06:35.2784552Z [31mFAILED[0m tests/embpy/test_multi_species.py::[1mTestIsEnsemblId::test_protein[0m - ImportError: cannot import name '_is_ensembl_id' from 'embpy.resources.gene_resolver' (/opt/hostedtoolcache/Python/3.12.14/x64/lib/python3.12/site-packages/embpy/resources/gene_resolver.py)
PRE-RELEASE DEPENDENCIES	Run test suite	2026-10-02T14:06:35.2785611Z [31mFAILED[0m tests/embpy/test_multi_species.py::[1mTestIsEnsemblId::test_not_ensembl[0m - ImportError: cannot import name '_is_ensembl_id' from 'embpy.resources.gene_resolver' (/opt/hostedtoolcache/Python/3.12.14/x64/lib/python3.12/site-packages/embpy/resources/gene_resolver.py)
PRE-RELEASE DEPENDENCIES	Run test suite	2026-10-02T14:06:35.2786782Z [31mFAILED[0m tests/embpy/test_multi_species.py::[1mTestIsEnsemblId::test_with_version[0m - ImportError: cannot import name '_is_ensembl_id' from 'embpy.resources.gene_resolver' (/opt/hostedtoolcache/Python/3.12.14/x64/lib/python3.12/site-packages/embpy/resources/gene_resolver.py)
PRE-RELEASE DEPENDENCIES	Run test suite	2026-10-02T14:06:35.2788036Z [31mFAILED[0m tests/embpy/test_multi_species.py::[1mTestGeneResolverSpecies::test_fetch_region_uses_species[0m - AttributeError: <module 'embpy.resources.gene_resolver' from '/opt/hostedtoolcache/Python/3.12.14/x64/lib/python3.12/site-packages/embpy/resources/gene_resolver.py'> does not have the attribute '_ensembl_get'
PRE-RELEASE DEPENDENCIES	Run test suite	2026-10-02T14:06:35.2789296Z [31mFAILED[0m tests/embpy/test_multi_species.py::[1mTestGeneResolverSpecies::test_fetch_region_default_species[0m - AttributeError: <module 'embpy.resources.gene_resolver' from '/opt/hostedtoolcache/Python/3.12.14/x64/lib/python3.12/site-packages/embpy/resources/gene_resolver.py'> does not have the attribute '_ensembl_get'
PRE-RELEASE DEPENDENCIES	Run test suite	2026-10-02T14:06:35.2790636Z [31mFAILED[0m tests/embpy/test_multi_species.py::[1mTestGeneAnnotatorSpecies::test_ensembl_id_detection_mouse[0m - ImportError: cannot import name '_is_ensembl_gene_id' from 'embpy.resources.gene_annotator' (/opt/hostedtoolcache/Python/3.12.14/x64/lib/python3.12/site-packages/embpy/resources/gene_annotator.py)
PRE-RELEASE DEPENDENCIES	Run test suite	2026-10-02T14:06:35.2791833Z [31mFAILED[0m tests/embpy/test_protein_annotator.py::[1mTestAnnotate::test_annotate_all[0m - AttributeError: <module 'embpy.resources.protein_annotator' from '/opt/hostedtoolcache/Python/3.12.14/x64/lib/python3.12/site-packages/embpy/resources/protein_annotator.py'> does not have the attribute '_get_json'
PRE-RELEASE DEPENDENCIES	Run test suite	2026-10-02T14:06:35.2793035Z [31mFAILED[0m tests/embpy/test_protein_annotator.py::[1mTestAnnotate::test_annotate_subset[0m - AttributeError: <module 'embpy.resources.protein_annotator' from '/opt/hostedtoolcache/Python/3.12.14/x64/lib/python3.12/site-packages/embpy/resources/protein_annotator.py'> does not have the attribute '_get_json'
PRE-RELEASE DEPENDENCIES	Run test suite	2026-10-02T14:06:35.2794258Z [31mFAILED[0m tests/embpy/test_protein_annotator.py::[1mTestAnnotateAdata::test_annotate_adata[0m - AttributeError: <module 'embpy.resources.protein_annotator' from '/opt/hostedtoolcache/Python/3.12.14/x64/lib/python3.12/site-packages/embpy/resources/protein_annotator.py'> does not have the attribute '_get_json'
PRE-RELEASE DEPENDENCIES	Run test suite	2026-10-02T14:06:35.2794880Z [31mFAILED[0m tests/embpy/test_region_utils.py::[1mTestPredictHaplotypeEffect::test_reference_mismatch_raises[0m - AssertionError: Regex pattern did not match.
PRE-RELEASE DEPENDENCIES	Run test suite	2026-10-02T14:06:35.2794989Z   Expected regex: 'expected reference'
PRE-RELEASE DEPENDENCIES	Run test suite	2026-10-02T14:06:35.2795463Z   Actual message: 'chr1:2000-2100 (100 bp): 1 of 1 substitutions (100.0%) do not match the reference base at their offset -- set strict=False only if this is expected.'
PRE-RELEASE DEPENDENCIES	Run test suite	2026-10-02T14:06:35.2796136Z [31mFAILED[0m tests/embpy/test_registry_split.py::[1mtest_embedder_re_export_is_same_object[0m - AttributeError: module 'embpy.embedder' has no attribute 'MULTI_SPECIES_DNA'
PRE-RELEASE DEPENDENCIES	Run test suite	2026-10-02T14:06:35.2796906Z [31mFAILED[0m tests/embpy/test_sc_preprocessing.py::[1mTestPreprocessRaw::test_raw_preserves_x[0m - ImportError: scanpy is required for single-cell preprocessing. Install with: pip install scanpy
PRE-RELEASE DEPENDENCIES	Run test suite	2026-10-02T14:06:35.2797692Z [31mFAILED[0m tests/embpy/test_sc_preprocessing.py::[1mTestPreprocessRaw::test_raw_creates_counts_layer[0m - ImportError: scanpy is required for single-cell preprocessing. Install with: pip install scanpy
PRE-RELEASE DEPENDENCIES	Run test suite	2026-10-02T14:06:35.2798622Z [31mFAILED[0m tests/embpy/test_sc_preprocessing.py::[1mTestPreprocessRaw::test_raw_no_log_normalized_layer[0m - ImportError: scanpy is required for single-cell preprocessing. Install with: pip install scanpy
PRE-RELEASE DEPENDENCIES	Run test suite	2026-10-02T14:06:35.2799376Z [31mFAILED[0m tests/embpy/test_sc_preprocessing.py::[1mTestPreprocessRaw::test_raw_qc_filtering[0m - ImportError: scanpy is required for single-cell preprocessing. Install with: pip install scanpy
PRE-RELEASE DEPENDENCIES	Run test suite	2026-10-02T14:06:35.2800446Z [31mFAILED[0m tests/embpy/test_sc_preprocessing.py::[1mTestPreprocessStandard::test_standard_creates_both_layers[0m - ImportError: scanpy is required for single-cell preprocessing. Install with: pip install scanpy
PRE-RELEASE DEPENDENCIES	Run test suite	2026-10-02T14:06:35.2801396Z [31mFAILED[0m tests/embpy/test_sc_preprocessing.py::[1mTestPreprocessStandard::test_standard_x_is_raw_counts[0m - ImportError: scanpy is required for single-cell preprocessing. Install with: pip install scanpy
PRE-RELEASE DEPENDENCIES	Run test suite	2026-10-02T14:06:35.2802183Z [31mFAILED[0m tests/embpy/test_sc_preprocessing.py::[1mTestPreprocessStandard::test_standard_marks_hvg[0m - ImportError: scanpy is required for single-cell preprocessing. Install with: pip install scanpy
PRE-RELEASE DEPENDENCIES	Run test suite	2026-10-02T14:06:35.2802969Z [31mFAILED[0m tests/embpy/test_sc_preprocessing.py::[1mTestPreprocessStandard::test_standard_can_skip_hvg[0m - ImportError: scanpy is required for single-cell preprocessing. Install with: pip install scanpy
PRE-RELEASE DEPENDENCIES	Run test suite	2026-10-02T14:06:35.2803840Z [31mFAILED[0m tests/embpy/test_sc_preprocessing.py::[1mTestPreprocessStandard::test_standard_log_normalized_differs_from_raw[0m - ImportError: scanpy is required for single-cell preprocessing. Install with: pip install scanpy
PRE-RELEASE DEPENDENCIES	Run test suite	2026-10-02T14:06:35.2804626Z [31mFAILED[0m tests/embpy/test_sc_preprocessing.py::[1mTestPreprocessStandard::test_standard_with_scale[0m - ImportError: scanpy is required for single-cell preprocessing. Install with: pip install scanpy
PRE-RELEASE DEPENDENCIES	Run test suite	2026-10-02T14:06:35.2805353Z [31mFAILED[0m tests/embpy/test_sc_preprocessing.py::[1mTestQCFiltering::test_mito_filter[0m - ImportError: scanpy is required for single-cell preprocessing. Install with: pip install scanpy
PRE-RELEASE DEPENDENCIES	Run test suite	2026-10-02T14:06:35.2806095Z [31mFAILED[0m tests/embpy/test_sc_preprocessing.py::[1mTestQCFiltering::test_min_genes_filter[0m - ImportError: scanpy is required for single-cell preprocessing. Install with: pip install scanpy
PRE-RELEASE DEPENDENCIES	Run test suite	2026-10-02T14:06:35.2806871Z [31mFAILED[0m tests/embpy/test_sc_preprocessing.py::[1mTestQCFiltering::test_min_cells_filter[0m - ImportError: scanpy is required for single-cell preprocessing. Install with: pip install scanpy
PRE-RELEASE DEPENDENCIES	Run test suite	2026-10-02T14:06:35.2807691Z [31mFAILED[0m tests/embpy/test_sc_preprocessing.py::[1mTestCopyBehavior::test_copy_true_does_not_modify_original[0m - ImportError: scanpy is required for single-cell preprocessing. Install with: pip install scanpy
PRE-RELEASE DEPENDENCIES	Run test suite	2026-10-02T14:06:35.2808487Z [31mFAILED[0m tests/embpy/test_sc_preprocessing.py::[1mTestCopyBehavior::test_copy_false_modifies_in_place[0m - ImportError: scanpy is required for single-cell preprocessing. Install with: pip install scanpy
PRE-RELEASE DEPENDENCIES	Run test suite	2026-10-02T14:06:35.2809232Z [31mFAILED[0m tests/embpy/test_sc_preprocessing.py::[1mTestDenseMatrix::test_standard_with_dense[0m - ImportError: scanpy is required for single-cell preprocessing. Install with: pip install scanpy
PRE-RELEASE DEPENDENCIES	Run test suite	2026-10-02T14:06:35.2809913Z [31mFAILED[0m tests/embpy/test_snp_utils.py::[1mTestSNPEmbeddingResult::test_delta_computed_automatically[0m - AssertionError: assert 0 == 1
PRE-RELEASE DEPENDENCIES	Run test suite	2026-10-02T14:06:35.2810003Z  +  where 0 = len([])
PRE-RELEASE DEPENDENCIES	Run test suite	2026-10-02T14:06:35.2812872Z  +    where [] = SNPEmbeddingResult(snp=SNPContext(position=200, ref_allele='T', alt_alleles=['G'], context_window=64, chrom='chr17', strand='+', variant_id='rs_test'), ref_sequence='ACGTACGTACGTACGTACGTACGTACGTACGTACGTACGTACGTACGTACGTACGTACGTACGT', alt_sequences=['TCGTACGTACGTACGTACGTACGTACGTACGTACGTACGTACGTACGTACGTACGTACGTACGT'], ref_embedding=array([1., 1., 1., 1., 1., 1., 1., 1., 1., 1., 1., 1., 1., 1., 1., 1., 1.,\n       1., 1., 1., 1., 1., 1., 1., 1., 1., 1., 1., 1., 1., 1., 1., 1., 1.,\n       1., 1., 1., 1., 1., 1., 1., 1., 1., 1., 1., 1., 1., 1., 1., 1., 1.,\n       1., 1., 1., 1., 1., 1., 1., 1., 1., 1., 1., 1., 1.], dtype=float32), alt_embeddings=[array([2., 2., 2., 2., 2., 2., 2., 2., 2., 2., 2., 2., 2., 2., 2., 2., 2.,\n       2., 2., 2., 2., 2., 2., 2., 2., 2., 2., 2., 2., 2., 2., 2., 2., 2.,\n       2., 2., 2., 2., 2., 2., 2., 2., 2., 2., 2., 2., 2., 2., 2., 2., 2.,\n       2., 2., 2., 2., 2., 2., 2., 2., 2., 2., 2., 2., 2.], dtype=float32)], delta_embeddings=[], concat_embeddings=[], delta_norms=[], cosine_similarities=[1.0], model_name='', pooling_strategy='mean', compute_delta=False, compute_concat=False).delta_embeddings
PRE-RELEASE DEPENDENCIES	Run test suite	2026-10-02T14:06:35.2813712Z [31mFAILED[0m tests/embpy/test_snp_utils.py::[1mTestSNPEmbeddingResult::test_delta_norm_computed_automatically[0m - IndexError: list index out of range
PRE-RELEASE DEPENDENCIES	Run test suite	2026-10-02T14:06:35.2814280Z [31mFAILED[0m tests/embpy/test_snp_utils.py::[1mTestSNPEmbeddingResult::test_zero_delta_when_ref_equals_alt[0m - IndexError: list index out of range
PRE-RELEASE DEPENDENCIES	Run test suite	2026-10-02T14:06:35.2814764Z [31mFAILED[0m tests/embpy/test_snp_utils.py::[1mTestSNPEmbeddingResult::test_multiple_alts[0m - AssertionError: assert 0 == 2
PRE-RELEASE DEPENDENCIES	Run test suite	2026-10-02T14:06:35.2814845Z  +  where 0 = len([])
PRE-RELEASE DEPENDENCIES	Run test suite	2026-10-02T14:06:35.2817158Z  +    where [] = SNPEmbeddingResult(snp=SNPContext(position=200, ref_allele='T', alt_alleles=['T', 'G'], context_window=64, chrom='chr17', strand='+', variant_id='rs_test'), ref_sequence='X', alt_sequences=['Y', 'Z'], ref_embedding=array([1., 1., 1., 1., 1., 1., 1., 1., 1., 1., 1., 1., 1., 1., 1., 1., 1.,\n       1., 1., 1., 1., 1., 1., 1., 1., 1., 1., 1., 1., 1., 1., 1.],\n      dtype=float32), alt_embeddings=[array([2., 2., 2., 2., 2., 2., 2., 2., 2., 2., 2., 2., 2., 2., 2., 2., 2.,\n       2., 2., 2., 2., 2., 2., 2., 2., 2., 2., 2., 2., 2., 2., 2.],\n      dtype=float32), array([3., 3., 3., 3., 3., 3., 3., 3., 3., 3., 3., 3., 3., 3., 3., 3., 3.,\n       3., 3., 3., 3., 3., 3., 3., 3., 3., 3., 3., 3., 3., 3., 3.],\n      dtype=float32)], delta_embeddings=[], concat_embeddings=[], delta_norms=[], cosine_similarities=[1.0000001192092896, 1.0000001192092896], model_name='', pooling_strategy='mean', compute_delta=False, compute_concat=False).delta_embeddings
PRE-RELEASE DEPENDENCIES	Run test suite	2026-10-02T14:06:35.2817724Z [31mFAILED[0m tests/embpy/test_snp_utils.py::[1mTestSNPEmbeddingResult::test_to_dict_returns_list_of_rows[0m - IndexError: list index out of range
PRE-RELEASE DEPENDENCIES	Run test suite	2026-10-02T14:06:35.2818233Z [31mFAILED[0m tests/embpy/test_snp_utils.py::[1mTestSNPEmbeddingResult::test_to_dict_multi_alt[0m - IndexError: list index out of range
PRE-RELEASE DEPENDENCIES	Run test suite	2026-10-02T14:06:35.2818773Z [31mFAILED[0m tests/embpy/test_snp_utils.py::[1mTestSNPEmbedderEmbedSNP::test_delta_norm_non_negative[0m - IndexError: list index out of range
PRE-RELEASE DEPENDENCIES	Run test suite	2026-10-02T14:06:35.2819370Z [31mFAILED[0m tests/embpy/test_snp_utils.py::[1mTestSNPEmbedderEmbedSNP::test_identical_embeddings_give_zero_delta[0m - IndexError: list index out of range
PRE-RELEASE DEPENDENCIES	Run test suite	2026-10-02T14:06:35.2820237Z [31mFAILED[0m tests/embpy/test_snp_utils.py::[1mTestSNPEmbedderEmbedSNP::test_different_embeddings_give_nonzero_delta[0m - IndexError: list index out of range
PRE-RELEASE DEPENDENCIES	Run test suite	2026-10-02T14:06:35.2820825Z [31mFAILED[0m tests/embpy/test_snp_utils.py::[1mTestSNPEmbedderEmbedSNP::test_multiple_alts_returns_multiple_results[0m - AssertionError: assert 0 == 2
PRE-RELEASE DEPENDENCIES	Run test suite	2026-10-02T14:06:35.2820909Z  +  where 0 = len([])
PRE-RELEASE DEPENDENCIES	Run test suite	2026-10-02T14:06:35.2827621Z  +    where [] = SNPEmbeddingResult(snp=SNPContext(position=200, ref_allele='T', alt_alleles=['T', 'G'], context_window=64, chrom='chr17', strand='+', variant_id='rs_test'), ref_sequence='TACGTACGTACGTACGTACGTACGTACGTACGTACGTACGTACGTACGTACGTACGTACGTACG', alt_sequences=['TACGTACGTACGTACGTACGTACGTACGTACGTACGTACGTACGTACGTACGTACGTACGTACG', 'TACGTACGTACGTACGTACGTACGTACGTACGGACGTACGTACGTACGTACGTACGTACGTACG'], ref_embedding=array([ 0.34558418,  0.82161814,  0.33043706, -1.3031572 ,  0.9053559 ,\n        0.44637457, -0.5369532 ,  0.5811181 ,  0.3645724 ,  0.2941325 ,\n        0.02842224,  0.546713  , -0.73645407, -0.16290995, -0.48211932,\n        0.5988462 ,  0.03972211, -0.29245675, -0.78190845, -0.25719225,\n        0.00814218, -0.2756029 ,  1.2940638 ,  1.0067244 , -2.7111626 ,\n       -1.8890133 , -0.1747721 , -0.4221904 ,  0.213643  ,  0.21732193,\n        2.1178389 , -1.1120207 , -0.37760502,  2.0427716 ,  0.646703  ,\n        0.66306335, -0.5140064 , -1.6480752 ,  0.16746475,  0.10901409,\n       -1.227352  , -0.68322664, -0.07204368, -0.9447516 , -0.09826997,\n        0.09548303,  0.03558624, -0.5062917 ,  0.5937481 ,  0.8911669 ,\n        0.32084832, -0.8182302 ,  0.73165226, -0.50144005,  0.87916064,\n  ...874637, -0.10525978], dtype=float32), array([ 2.040919  , -2.555665  ,  0.41809884, -0.5677696 , -0.4526493 ,\n       -0.21559717, -2.0199862 , -0.23193237, -0.8652131 ,  3.3229995 ,\n        0.22578661, -0.3526308 , -0.28128743, -0.66804636, -1.0551505 ,\n       -0.39080098,  0.4819454 , -0.23855361,  0.9577587 , -0.19980213,\n        0.02425957,  1.5458208 ,  0.5451055 , -0.50522876, -0.18283898,\n        0.54052514,  1.935088  , -0.26962033, -0.24355868,  1.0023136 ,\n       -0.88645995, -0.29172024,  0.882539  ,  0.58035004,  0.0915167 ,\n        0.6701044 , -2.8281622 ,  1.0213069 , -0.95964473, -1.6686199 ,\n        0.27644575,  0.7005449 , -0.44476745, -1.0764059 ,  0.02612483,\n       -0.05274731,  1.4055982 ,  0.747408  ,  0.19381565,  1.1116332 ,\n       -0.20552304, -0.92589957,  0.5840583 ,  0.5825384 , -0.21482891,\n       -0.7828086 ,  0.2291539 , -2.4938943 ,  0.69012475,  0.49136826,\n       -1.6388571 ,  0.06135351, -0.96409965,  0.75722104], dtype=float32)], delta_embeddings=[], concat_embeddings=[], delta_norms=[], cosine_similarities=[0.20130057632923126, 0.009552448987960815], model_name='mock_dna_model', pooling_strategy='mean', compute_delta=False, compute_concat=False).delta_norms
PRE-RELEASE DEPENDENCIES	Run test suite	2026-10-02T14:06:35.2828447Z [31mFAILED[0m tests/embpy/test_snp_utils.py::[1mTestSNPEmbedderEmbedSNP::test_compute_delta_true_is_default[0m - AssertionError: assert 0 == 1
PRE-RELEASE DEPENDENCIES	Run test suite	2026-10-02T14:06:35.2828537Z  +  where 0 = len([])
PRE-RELEASE DEPENDENCIES	Run test suite	2026-10-02T14:06:35.7384417Z  +    where [] = SNPEmbeddingResult(snp=SNPContext(position=200, ref_allele='T', alt_alleles=['G'], context_window=64, chrom='chr17', strand='+', variant_id='rs_test'), ref_sequence='TACGTACGTACGTACGTACGTACGTACGTACGTACGTACGTACGTACGTACGTACGTACGTACG', alt_sequences=['TACGTACGTACGTACGTACGTACGTACGTACGGACGTACGTACGTACGTACGTACGTACGTACG'], ref_embedding=array([1., 1., 1., 1., 1., 1., 1., 1., 1., 1., 1., 1., 1., 1., 1., 1., 1.,\n       1., 1., 1., 1., 1., 1., 1., 1., 1., 1., 1., 1., 1., 1., 1., 1., 1.,\n       1., 1., 1., 1., 1., 1., 1., 1., 1., 1., 1., 1., 1., 1., 1., 1., 1.,\n       1., 1., 1., 1., 1., 1., 1., 1., 1., 1., 1., 1., 1.], dtype=float32), alt_embeddings=[array([1., 1., 1., 1., 1., 1., 1., 1., 1., 1., 1., 1., 1., 1., 1., 1., 1.,\n       1., 1., 1., 1., 1., 1., 1., 1., 1., 1., 1., 1., 1., 1., 1., 1., 1.,\n       1., 1., 1., 1., 1., 1., 1., 1., 1., 1., 1., 1., 1., 1., 1., 1., 1.,\n       1., 1., 1., 1., 1., 1., 1., 1., 1., 1., 1., 1., 1.], dtype=float32)], delta_embeddings=[], concat_embeddings=[], delta_norms=[], cosine_similarities=[1.0], model_name='mock_dna_model', pooling_strategy='mean', compute_delta=False, compute_concat=False).delta_embeddings
PRE-RELEASE DEPENDENCIES	Run test suite	2026-10-02T14:06:35.7391323Z [31mFAILED[0m tests/embpy/test_text_resolver.py::[1mTestMyGeneSource::test_fetch_mygene[0m - AttributeError: <module 'embpy.resources.text_resolver' from '/opt/hostedtoolcache/Python/3.12.14/x64/lib/python3.12/site-packages/embpy/resources/text_resolver.py'> does not have the attribute '_get_json'
PRE-RELEASE DEPENDENCIES	Run test suite	2026-10-02T14:06:35.7394207Z [31mFAILED[0m tests/embpy/test_text_resolver.py::[1mTestMyGeneSource::test_empty_hits[0m - AttributeError: <module 'embpy.resources.text_resolver' from '/opt/hostedtoolcache/Python/3.12.14/x64/lib/python3.12/site-packages/embpy/resources/text_resolver.py'> does not have the attribute '_get_json'
PRE-RELEASE DEPENDENCIES	Run test suite	2026-10-02T14:06:35.7397026Z [31mFAILED[0m tests/embpy/test_text_resolver.py::[1mTestNCBISource::test_fetch_ncbi[0m - AttributeError: <module 'embpy.resources.text_resolver' from '/opt/hostedtoolcache/Python/3.12.14/x64/lib/python3.12/site-packages/embpy/resources/text_resolver.py'> does not have the attribute '_get_json'
PRE-RELEASE DEPENDENCIES	Run test suite	2026-10-02T14:06:35.7399937Z [31mFAILED[0m tests/embpy/test_text_resolver.py::[1mTestNCBISource::test_ncbi_no_results[0m - AttributeError: <module 'embpy.resources.text_resolver' from '/opt/hostedtoolcache/Python/3.12.14/x64/lib/python3.12/site-packages/embpy/resources/text_resolver.py'> does not have the attribute '_get_json'
PRE-RELEASE DEPENDENCIES	Run test suite	2026-10-02T14:06:35.7402119Z [31mFAILED[0m tests/embpy/test_text_resolver.py::[1mTestEnsemblSource::test_fetch_ensembl[0m - AttributeError: <module 'embpy.resources.text_resolver' from '/opt/hostedtoolcache/Python/3.12.14/x64/lib/python3.12/site-packages/embpy/resources/text_resolver.py'> does not have the attribute '_get_json'
PRE-RELEASE DEPENDENCIES	Run test suite	2026-10-02T14:06:35.7404472Z [31mFAILED[0m tests/embpy/test_text_resolver.py::[1mTestEnsemblSource::test_ensembl_not_found[0m - AttributeError: <module 'embpy.resources.text_resolver' from '/opt/hostedtoolcache/Python/3.12.14/x64/lib/python3.12/site-packages/embpy/resources/text_resolver.py'> does not have the attribute '_get_json'
PRE-RELEASE DEPENDENCIES	Run test suite	2026-10-02T14:06:35.7406716Z [31mFAILED[0m tests/embpy/test_text_resolver.py::[1mTestUniProtSource::test_fetch_uniprot_by_accession[0m - AttributeError: <module 'embpy.resources.text_resolver' from '/opt/hostedtoolcache/Python/3.12.14/x64/lib/python3.12/site-packages/embpy/resources/text_resolver.py'> does not have the attribute '_get_json'
PRE-RELEASE DEPENDENCIES	Run test suite	2026-10-02T14:06:35.7408966Z [31mFAILED[0m tests/embpy/test_text_resolver.py::[1mTestUniProtSource::test_uniprot_not_found[0m - AttributeError: <module 'embpy.resources.text_resolver' from '/opt/hostedtoolcache/Python/3.12.14/x64/lib/python3.12/site-packages/embpy/resources/text_resolver.py'> does not have the attribute '_get_json'
PRE-RELEASE DEPENDENCIES	Run test suite	2026-10-02T14:06:35.7411404Z [31mFAILED[0m tests/embpy/test_text_resolver.py::[1mTestWikipediaSource::test_fetch_wikipedia[0m - AttributeError: <module 'embpy.resources.text_resolver' from '/opt/hostedtoolcache/Python/3.12.14/x64/lib/python3.12/site-packages/embpy/resources/text_resolver.py'> does not have the attribute '_get_json'
PRE-RELEASE DEPENDENCIES	Run test suite	2026-10-02T14:06:35.7413714Z [31mFAILED[0m tests/embpy/test_text_resolver.py::[1mTestWikipediaSource::test_wikipedia_not_found[0m - AttributeError: <module 'embpy.resources.text_resolver' from '/opt/hostedtoolcache/Python/3.12.14/x64/lib/python3.12/site-packages/embpy/resources/text_resolver.py'> does not have the attribute '_get_json'
PRE-RELEASE DEPENDENCIES	Run test suite	2026-10-02T14:06:35.7416035Z [31mFAILED[0m tests/embpy/test_text_resolver.py::[1mTestWikipediaSource::test_wikipedia_disambiguation_fallback[0m - AttributeError: <module 'embpy.resources.text_resolver' from '/opt/hostedtoolcache/Python/3.12.14/x64/lib/python3.12/site-packages/embpy/resources/text_resolver.py'> does not have the attribute '_get_json'
PRE-RELEASE DEPENDENCIES	Run test suite	2026-10-02T14:06:35.7418319Z [31mFAILED[0m tests/embpy/test_text_resolver.py::[1mTestPubChemSource::test_fetch_pubchem[0m - AttributeError: <module 'embpy.resources.text_resolver' from '/opt/hostedtoolcache/Python/3.12.14/x64/lib/python3.12/site-packages/embpy/resources/text_resolver.py'> does not have the attribute '_get_json'
PRE-RELEASE DEPENDENCIES	Run test suite	2026-10-02T14:06:35.7420851Z [31mFAILED[0m tests/embpy/test_text_resolver.py::[1mTestPubChemSource::test_pubchem_not_found[0m - AttributeError: <module 'embpy.resources.text_resolver' from '/opt/hostedtoolcache/Python/3.12.14/x64/lib/python3.12/site-packages/embpy/resources/text_resolver.py'> does not have the attribute '_get_json'
PRE-RELEASE DEPENDENCIES	Run test suite	2026-10-02T14:06:35.7423095Z [31mFAILED[0m tests/embpy/test_text_resolver.py::[1mTestGetDescription::test_gene_auto_detect[0m - AttributeError: <module 'embpy.resources.text_resolver' from '/opt/hostedtoolcache/Python/3.12.14/x64/lib/python3.12/site-packages/embpy/resources/text_resolver.py'> does not have the attribute '_get_json'
PRE-RELEASE DEPENDENCIES	Run test suite	2026-10-02T14:06:35.7425317Z [31mERROR[0m tests/embpy/test_local_genome.py::[1mTestGeneResolverLocalIndexedSequence::test_full_sequence[0m - pysam.utils.SamtoolsError: 'samtools returned with error 1: stdout=, stderr=[faidx] Could not build fai index /tmp/pytest-of-runner/pytest-0/test_full_sequence0/test_genome.fa.fai\n'
PRE-RELEASE DEPENDENCIES	Run test suite	2026-10-02T14:06:35.7427654Z [31mERROR[0m tests/embpy/test_local_genome.py::[1mTestGeneResolverLocalIndexedSequence::test_exon_sequences[0m - pysam.utils.SamtoolsError: 'samtools returned with error 1: stdout=, stderr=[faidx] Could not build fai index /tmp/pytest-of-runner/pytest-0/test_exon_sequences0/test_genome.fa.fai\n'
PRE-RELEASE DEPENDENCIES	Run test suite	2026-10-02T14:06:35.7429987Z [31mERROR[0m tests/embpy/test_local_genome.py::[1mTestGeneResolverLocalIndexedSequence::test_intron_sequences[0m - pysam.utils.SamtoolsError: 'samtools returned with error 1: stdout=, stderr=[faidx] Could not build fai index /tmp/pytest-of-runner/pytest-0/test_intron_sequences0/test_genome.fa.fai\n'
PRE-RELEASE DEPENDENCIES	Run test suite	2026-10-02T14:06:35.7432442Z [31mERROR[0m tests/embpy/test_local_genome.py::[1mTestGeneResolverLocalIndexedSequence::test_unknown_gene_returns_none[0m - pysam.utils.SamtoolsError: 'samtools returned with error 1: stdout=, stderr=[faidx] Could not build fai index /tmp/pytest-of-runner/pytest-0/test_unknown_gene_returns_none0/test_genome.fa.fai\n'
PRE-RELEASE DEPENDENCIES	Run test suite	2026-10-02T14:06:35.7434835Z [31mERROR[0m tests/embpy/test_local_genome.py::[1mTestGeneResolverLocalIndexedSequence::test_unknown_chrom_returns_none[0m - pysam.utils.SamtoolsError: 'samtools returned with error 1: stdout=, stderr=[faidx] Could not build fai index /tmp/pytest-of-runner/pytest-0/test_unknown_chrom_returns_non0/test_genome.fa.fai\n'
PRE-RELEASE DEPENDENCIES	Run test suite	2026-10-02T14:06:35.7436468Z [31m= [31m[1m133 failed[0m, [32m1341 passed[0m, [33m16 skipped[0m, [33m229 warnings[0m, [31m[1m5 errors[0m[31m in 92.49s (0:01:32)[0m[31m =[0m
PRE-RELEASE DEPENDENCIES	Run test suite	2026-10-02T14:06:37.5628462Z ##[error]Process completed with exit code 1.
